Apache Maven 3.9.11 (3e54c93a704957b63ee3494413a2b544fd3d825b)
Maven home: /opt/homebrew/Cellar/maven/3.9.11/libexec
Java version: 24.0.2, vendor: Homebrew, runtime: /opt/homebrew/Cellar/openjdk/24.0.2/libexec/openjdk.jdk/Contents/Home
Default locale: es_ES, platform encoding: UTF-8
OS name: "mac os x", version: "26.1", arch: "aarch64", family: "mac"
WARNING: A terminally deprecated method in sun.misc.Unsafe has been called
WARNING: sun.misc.Unsafe::staticFieldBase has been called by com.google.inject.internal.aop.HiddenClassDefiner (file:/opt/homebrew/Cellar/maven/3.9.11/libexec/lib/guice-5.1.0-classes.jar)
WARNING: Please consider reporting this to the maintainers of class com.google.inject.internal.aop.HiddenClassDefiner
WARNING: sun.misc.Unsafe::staticFieldBase will be removed in a future release
[DEBUG] Created new class realm maven.api
[DEBUG] Importing foreign packages into class realm maven.api
[DEBUG]   Imported: javax.annotation.* < plexus.core
[DEBUG]   Imported: javax.annotation.security.* < plexus.core
[DEBUG]   Imported: javax.inject.* < plexus.core
[DEBUG]   Imported: org.apache.maven.* < plexus.core
[DEBUG]   Imported: org.apache.maven.artifact < plexus.core
[DEBUG]   Imported: org.apache.maven.classrealm < plexus.core
[DEBUG]   Imported: org.apache.maven.cli < plexus.core
[DEBUG]   Imported: org.apache.maven.configuration < plexus.core
[DEBUG]   Imported: org.apache.maven.exception < plexus.core
[DEBUG]   Imported: org.apache.maven.execution < plexus.core
[DEBUG]   Imported: org.apache.maven.execution.scope < plexus.core
[DEBUG]   Imported: org.apache.maven.graph < plexus.core
[DEBUG]   Imported: org.apache.maven.lifecycle < plexus.core
[DEBUG]   Imported: org.apache.maven.model < plexus.core
[DEBUG]   Imported: org.apache.maven.monitor < plexus.core
[DEBUG]   Imported: org.apache.maven.plugin < plexus.core
[DEBUG]   Imported: org.apache.maven.profiles < plexus.core
[DEBUG]   Imported: org.apache.maven.project < plexus.core
[DEBUG]   Imported: org.apache.maven.reporting < plexus.core
[DEBUG]   Imported: org.apache.maven.repository < plexus.core
[DEBUG]   Imported: org.apache.maven.rtinfo < plexus.core
[DEBUG]   Imported: org.apache.maven.settings < plexus.core
[DEBUG]   Imported: org.apache.maven.toolchain < plexus.core
[DEBUG]   Imported: org.apache.maven.usability < plexus.core
[DEBUG]   Imported: org.apache.maven.wagon.* < plexus.core
[DEBUG]   Imported: org.apache.maven.wagon.authentication < plexus.core
[DEBUG]   Imported: org.apache.maven.wagon.authorization < plexus.core
[DEBUG]   Imported: org.apache.maven.wagon.events < plexus.core
[DEBUG]   Imported: org.apache.maven.wagon.observers < plexus.core
[DEBUG]   Imported: org.apache.maven.wagon.proxy < plexus.core
[DEBUG]   Imported: org.apache.maven.wagon.repository < plexus.core
[DEBUG]   Imported: org.apache.maven.wagon.resource < plexus.core
[DEBUG]   Imported: org.codehaus.classworlds < plexus.core
[DEBUG]   Imported: org.codehaus.plexus.* < plexus.core
[DEBUG]   Imported: org.codehaus.plexus.classworlds < plexus.core
[DEBUG]   Imported: org.codehaus.plexus.component < plexus.core
[DEBUG]   Imported: org.codehaus.plexus.configuration < plexus.core
[DEBUG]   Imported: org.codehaus.plexus.container < plexus.core
[DEBUG]   Imported: org.codehaus.plexus.context < plexus.core
[DEBUG]   Imported: org.codehaus.plexus.lifecycle < plexus.core
[DEBUG]   Imported: org.codehaus.plexus.logging < plexus.core
[DEBUG]   Imported: org.codehaus.plexus.personality < plexus.core
[DEBUG]   Imported: org.codehaus.plexus.util.xml.Xpp3Dom < plexus.core
[DEBUG]   Imported: org.codehaus.plexus.util.xml.pull.XmlPullParser < plexus.core
[DEBUG]   Imported: org.codehaus.plexus.util.xml.pull.XmlPullParserException < plexus.core
[DEBUG]   Imported: org.codehaus.plexus.util.xml.pull.XmlSerializer < plexus.core
[DEBUG]   Imported: org.eclipse.aether.* < plexus.core
[DEBUG]   Imported: org.eclipse.aether.artifact < plexus.core
[DEBUG]   Imported: org.eclipse.aether.collection < plexus.core
[DEBUG]   Imported: org.eclipse.aether.deployment < plexus.core
[DEBUG]   Imported: org.eclipse.aether.graph < plexus.core
[DEBUG]   Imported: org.eclipse.aether.impl < plexus.core
[DEBUG]   Imported: org.eclipse.aether.installation < plexus.core
[DEBUG]   Imported: org.eclipse.aether.internal.impl < plexus.core
[DEBUG]   Imported: org.eclipse.aether.metadata < plexus.core
[DEBUG]   Imported: org.eclipse.aether.repository < plexus.core
[DEBUG]   Imported: org.eclipse.aether.resolution < plexus.core
[DEBUG]   Imported: org.eclipse.aether.spi < plexus.core
[DEBUG]   Imported: org.eclipse.aether.transfer < plexus.core
[DEBUG]   Imported: org.eclipse.aether.util < plexus.core
[DEBUG]   Imported: org.eclipse.aether.version < plexus.core
[DEBUG]   Imported: org.fusesource.jansi.* < plexus.core
[DEBUG]   Imported: org.slf4j.* < plexus.core
[DEBUG]   Imported: org.slf4j.event.* < plexus.core
[DEBUG]   Imported: org.slf4j.helpers.* < plexus.core
[DEBUG]   Imported: org.slf4j.spi.* < plexus.core
[DEBUG] Populating class realm maven.api
[DEBUG] Created adapter factory; available factories [file-lock, rwlock-local, semaphore-local, noop]; available name mappers [discriminating, file-gav, file-hgav, file-static, gav, static]
[INFO] Error stacktraces are turned on.
[DEBUG] Message scheme: color
[DEBUG] Message styles: debug info warning error success failure strong mojo project
[DEBUG] Reading global settings from /opt/homebrew/Cellar/maven/3.9.11/libexec/conf/settings.xml
[DEBUG] Reading user settings from /Users/adol/.m2/settings.xml
[DEBUG] Reading global toolchains from /opt/homebrew/Cellar/maven/3.9.11/libexec/conf/toolchains.xml
[DEBUG] Reading user toolchains from /Users/adol/.m2/toolchains.xml
[DEBUG] Using local repository at /Users/adol/.m2/repository
[DEBUG] Using manager EnhancedLocalRepositoryManager with priority 10.0 for /Users/adol/.m2/repository
[INFO] Scanning for projects...
[DEBUG] Creating adapter using nameMapper 'gav' and factory 'rwlock-local'
[DEBUG] Extension realms for project com.pdgigs:pdgigs:jar:0.0.1-SNAPSHOT: (none)
[DEBUG] Looking up lifecycle mappings for packaging jar from ClassRealm[plexus.core, parent: null]
[DEBUG] Extension realms for project org.springframework.boot:spring-boot-starter-parent:pom:3.5.7: (none)
[DEBUG] Looking up lifecycle mappings for packaging pom from ClassRealm[plexus.core, parent: null]
[DEBUG] Extension realms for project org.springframework.boot:spring-boot-dependencies:pom:3.5.7: (none)
[DEBUG] Looking up lifecycle mappings for packaging pom from ClassRealm[plexus.core, parent: null]
[DEBUG] === REACTOR BUILD PLAN ================================================
[DEBUG] Project: com.pdgigs:pdgigs:jar:0.0.1-SNAPSHOT
[DEBUG] Tasks:   [clean, test]
[DEBUG] Style:   Regular
[DEBUG] =======================================================================
[INFO] 
[INFO] -------------------------< com.pdgigs:pdgigs >--------------------------
[INFO] Building pdgigs 0.0.1-SNAPSHOT
[INFO]   from pom.xml
[INFO] --------------------------------[ jar ]---------------------------------
[DEBUG] Lifecycle clean -> [pre-clean, clean, post-clean]
[DEBUG] Lifecycle default -> [validate, initialize, generate-sources, process-sources, generate-resources, process-resources, compile, process-classes, generate-test-sources, process-test-sources, generate-test-resources, process-test-resources, test-compile, process-test-classes, test, prepare-package, package, pre-integration-test, integration-test, post-integration-test, verify, install, deploy]
[DEBUG] Lifecycle site -> [pre-site, site, post-site, site-deploy]
[DEBUG] Lifecycle clean -> [pre-clean, clean, post-clean]
[DEBUG] Lifecycle default -> [validate, initialize, generate-sources, process-sources, generate-resources, process-resources, compile, process-classes, generate-test-sources, process-test-sources, generate-test-resources, process-test-resources, test-compile, process-test-classes, test, prepare-package, package, pre-integration-test, integration-test, post-integration-test, verify, install, deploy]
[DEBUG] Lifecycle site -> [pre-site, site, post-site, site-deploy]
[DEBUG] Lifecycle clean -> [pre-clean, clean, post-clean]
[DEBUG] Lifecycle default -> [validate, initialize, generate-sources, process-sources, generate-resources, process-resources, compile, process-classes, generate-test-sources, process-test-sources, generate-test-resources, process-test-resources, test-compile, process-test-classes, test, prepare-package, package, pre-integration-test, integration-test, post-integration-test, verify, install, deploy]
[DEBUG] Lifecycle site -> [pre-site, site, post-site, site-deploy]
[DEBUG] Lifecycle clean -> [pre-clean, clean, post-clean]
[DEBUG] Lifecycle default -> [validate, initialize, generate-sources, process-sources, generate-resources, process-resources, compile, process-classes, generate-test-sources, process-test-sources, generate-test-resources, process-test-resources, test-compile, process-test-classes, test, prepare-package, package, pre-integration-test, integration-test, post-integration-test, verify, install, deploy]
[DEBUG] Lifecycle site -> [pre-site, site, post-site, site-deploy]
[DEBUG] Lifecycle clean -> [pre-clean, clean, post-clean]
[DEBUG] Lifecycle default -> [validate, initialize, generate-sources, process-sources, generate-resources, process-resources, compile, process-classes, generate-test-sources, process-test-sources, generate-test-resources, process-test-resources, test-compile, process-test-classes, test, prepare-package, package, pre-integration-test, integration-test, post-integration-test, verify, install, deploy]
[DEBUG] Lifecycle site -> [pre-site, site, post-site, site-deploy]
[DEBUG] Lifecycle clean -> [pre-clean, clean, post-clean]
[DEBUG] Lifecycle default -> [validate, initialize, generate-sources, process-sources, generate-resources, process-resources, compile, process-classes, generate-test-sources, process-test-sources, generate-test-resources, process-test-resources, test-compile, process-test-classes, test, prepare-package, package, pre-integration-test, integration-test, post-integration-test, verify, install, deploy]
[DEBUG] Lifecycle site -> [pre-site, site, post-site, site-deploy]
[DEBUG] Lifecycle clean -> [pre-clean, clean, post-clean]
[DEBUG] Lifecycle default -> [validate, initialize, generate-sources, process-sources, generate-resources, process-resources, compile, process-classes, generate-test-sources, process-test-sources, generate-test-resources, process-test-resources, test-compile, process-test-classes, test, prepare-package, package, pre-integration-test, integration-test, post-integration-test, verify, install, deploy]
[DEBUG] Lifecycle site -> [pre-site, site, post-site, site-deploy]
[DEBUG] Lifecycle clean -> [pre-clean, clean, post-clean]
[DEBUG] Lifecycle default -> [validate, initialize, generate-sources, process-sources, generate-resources, process-resources, compile, process-classes, generate-test-sources, process-test-sources, generate-test-resources, process-test-resources, test-compile, process-test-classes, test, prepare-package, package, pre-integration-test, integration-test, post-integration-test, verify, install, deploy]
[DEBUG] Lifecycle site -> [pre-site, site, post-site, site-deploy]
[DEBUG] === PROJECT BUILD PLAN ================================================
[DEBUG] Project:       com.pdgigs:pdgigs:0.0.1-SNAPSHOT
[DEBUG] Dependencies (collect): []
[DEBUG] Dependencies (resolve): [compile, test]
[DEBUG] Repositories (dependencies): [central (https://repo.maven.apache.org/maven2, default, releases)]
[DEBUG] Repositories (plugins)     : [central (https://repo.maven.apache.org/maven2, default, releases)]
[DEBUG] -----------------------------------------------------------------------
[DEBUG] Goal:          org.apache.maven.plugins:maven-clean-plugin:3.4.1:clean (default-clean)
[DEBUG] Style:         Regular
[DEBUG] Configuration: <?xml version="1.0" encoding="UTF-8"?>
<configuration>
  <directory default-value="${project.build.directory}"/>
  <excludeDefaultDirectories default-value="false">${maven.clean.excludeDefaultDirectories}</excludeDefaultDirectories>
  <failOnError default-value="true">${maven.clean.failOnError}</failOnError>
  <fast default-value="false">${maven.clean.fast}</fast>
  <fastDir>${maven.clean.fastDir}</fastDir>
  <fastMode default-value="background">${maven.clean.fastMode}</fastMode>
  <followSymLinks default-value="false">${maven.clean.followSymLinks}</followSymLinks>
  <outputDirectory default-value="${project.build.outputDirectory}"/>
  <reportDirectory default-value="${project.build.outputDirectory}"/>
  <retryOnError default-value="true">${maven.clean.retryOnError}</retryOnError>
  <session default-value="${session}"/>
  <skip default-value="false">${maven.clean.skip}</skip>
  <testOutputDirectory default-value="${project.build.testOutputDirectory}"/>
  <verbose>${maven.clean.verbose}</verbose>
</configuration>
[DEBUG] -----------------------------------------------------------------------
[DEBUG] Goal:          org.apache.maven.plugins:maven-resources-plugin:3.3.1:resources (default-resources)
[DEBUG] Style:         Regular
[DEBUG] Configuration: <?xml version="1.0" encoding="UTF-8"?>
<configuration>
  <addDefaultExcludes default-value="true"/>
  <buildFilters default-value="${project.build.filters}"/>
  <delimiters>
    <delimiter>@</delimiter>
  </delimiters>
  <encoding default-value="${project.build.sourceEncoding}"/>
  <escapeWindowsPaths default-value="true"/>
  <fileNameFiltering default-value="false"/>
  <includeEmptyDirs default-value="false"/>
  <outputDirectory default-value="${project.build.outputDirectory}"/>
  <overwrite default-value="false"/>
  <project default-value="${project}"/>
  <propertiesEncoding>UTF-8</propertiesEncoding>
  <resources default-value="${project.resources}"/>
  <session default-value="${session}"/>
  <skip default-value="false">${maven.resources.skip}</skip>
  <supportMultiLineFiltering default-value="false"/>
  <useBuildFilters default-value="true"/>
  <useDefaultDelimiters default-value="true">false</useDefaultDelimiters>
</configuration>
[DEBUG] -----------------------------------------------------------------------
[DEBUG] Goal:          org.apache.maven.plugins:maven-compiler-plugin:3.14.1:compile (default-compile)
[DEBUG] Style:         Regular
[DEBUG] Configuration: <?xml version="1.0" encoding="UTF-8"?>
<configuration>
  <annotationProcessorPaths>
    <path>
      <groupId>org.projectlombok</groupId>
      <artifactId>lombok</artifactId>
    </path>
  </annotationProcessorPaths>
  <annotationProcessorPathsUseDepMgmt default-value="false"/>
  <basedir default-value="${basedir}"/>
  <buildDirectory default-value="${project.build.directory}"/>
  <compilePath default-value="${project.compileClasspathElements}"/>
  <compileSourceRoots default-value="${project.compileSourceRoots}"/>
  <compilerId default-value="javac">${maven.compiler.compilerId}</compilerId>
  <compilerReuseStrategy default-value="${reuseCreated}">${maven.compiler.compilerReuseStrategy}</compilerReuseStrategy>
  <compilerVersion>${maven.compiler.compilerVersion}</compilerVersion>
  <createMissingPackageInfoClass default-value="true">${maven.compiler.createMissingPackageInfoClass}</createMissingPackageInfoClass>
  <debug default-value="true">${maven.compiler.debug}</debug>
  <debugFileName default-value="javac"/>
  <debuglevel>${maven.compiler.debuglevel}</debuglevel>
  <enablePreview default-value="false">${maven.compiler.enablePreview}</enablePreview>
  <encoding default-value="${project.build.sourceEncoding}">${encoding}</encoding>
  <executable>${maven.compiler.executable}</executable>
  <failOnError default-value="true">${maven.compiler.failOnError}</failOnError>
  <failOnWarning default-value="false">${maven.compiler.failOnWarning}</failOnWarning>
  <fileExtensions default-value="class,jar"/>
  <forceJavacCompilerUse default-value="false">${maven.compiler.forceJavacCompilerUse}</forceJavacCompilerUse>
  <forceLegacyJavacApi default-value="false">${maven.compiler.forceLegacyJavacApi}</forceLegacyJavacApi>
  <fork default-value="false">${maven.compiler.fork}</fork>
  <generatedSourcesDirectory default-value="${project.build.directory}/generated-sources/annotations"/>
  <implicit>${maven.compiler.implicit}</implicit>
  <maxmem>${maven.compiler.maxmem}</maxmem>
  <meminitial>${maven.compiler.meminitial}</meminitial>
  <moduleVersion default-value="${project.version}">${maven.compiler.moduleVersion}</moduleVersion>
  <mojoExecution default-value="${mojoExecution}"/>
  <optimize default-value="false">${maven.compiler.optimize}</optimize>
  <outputDirectory default-value="${project.build.outputDirectory}">${maven.compiler.outputDirectory}</outputDirectory>
  <outputTimestamp default-value="${project.build.outputTimestamp}"/>
  <parameters default-value="false">true</parameters>
  <proc>${maven.compiler.proc}</proc>
  <project default-value="${project}"/>
  <projectArtifact default-value="${project.artifact}"/>
  <release>${maven.compiler.release}</release>
  <session default-value="${session}"/>
  <showCompilationChanges default-value="false">${maven.compiler.showCompilationChanges}</showCompilationChanges>
  <showDeprecation default-value="false">${maven.compiler.showDeprecation}</showDeprecation>
  <showWarnings default-value="true">${maven.compiler.showWarnings}</showWarnings>
  <skipMain>${maven.main.skip}</skipMain>
  <skipMultiThreadWarning default-value="false">${maven.compiler.skipMultiThreadWarning}</skipMultiThreadWarning>
  <source default-value="1.8">${maven.compiler.source}</source>
  <staleMillis default-value="0">${lastModGranularityMs}</staleMillis>
  <target default-value="1.8">${maven.compiler.target}</target>
  <useIncrementalCompilation default-value="true">${maven.compiler.useIncrementalCompilation}</useIncrementalCompilation>
  <useModuleVersion default-value="true">${maven.compiler.useModuleVersion}</useModuleVersion>
  <verbose default-value="false">${maven.compiler.verbose}</verbose>
</configuration>
[DEBUG] -----------------------------------------------------------------------
[DEBUG] Goal:          org.apache.maven.plugins:maven-resources-plugin:3.3.1:testResources (default-testResources)
[DEBUG] Style:         Regular
[DEBUG] Configuration: <?xml version="1.0" encoding="UTF-8"?>
<configuration>
  <addDefaultExcludes default-value="true"/>
  <buildFilters default-value="${project.build.filters}"/>
  <delimiters>
    <delimiter>@</delimiter>
  </delimiters>
  <encoding default-value="${project.build.sourceEncoding}"/>
  <escapeWindowsPaths default-value="true"/>
  <fileNameFiltering default-value="false"/>
  <includeEmptyDirs default-value="false"/>
  <outputDirectory default-value="${project.build.testOutputDirectory}"/>
  <overwrite default-value="false"/>
  <project default-value="${project}"/>
  <propertiesEncoding>UTF-8</propertiesEncoding>
  <resources default-value="${project.testResources}"/>
  <session default-value="${session}"/>
  <skip default-value="false">${maven.test.skip}</skip>
  <supportMultiLineFiltering default-value="false"/>
  <useBuildFilters default-value="true"/>
  <useDefaultDelimiters default-value="true">false</useDefaultDelimiters>
</configuration>
[DEBUG] -----------------------------------------------------------------------
[DEBUG] Goal:          org.apache.maven.plugins:maven-compiler-plugin:3.14.1:testCompile (default-testCompile)
[DEBUG] Style:         Regular
[DEBUG] Configuration: <?xml version="1.0" encoding="UTF-8"?>
<configuration>
  <annotationProcessorPaths>
    <path>
      <groupId>org.projectlombok</groupId>
      <artifactId>lombok</artifactId>
    </path>
  </annotationProcessorPaths>
  <annotationProcessorPathsUseDepMgmt default-value="false"/>
  <basedir default-value="${basedir}"/>
  <buildDirectory default-value="${project.build.directory}"/>
  <compileSourceRoots default-value="${project.testCompileSourceRoots}"/>
  <compilerId default-value="javac">${maven.compiler.compilerId}</compilerId>
  <compilerReuseStrategy default-value="${reuseCreated}">${maven.compiler.compilerReuseStrategy}</compilerReuseStrategy>
  <compilerVersion>${maven.compiler.compilerVersion}</compilerVersion>
  <createMissingPackageInfoClass default-value="true">${maven.compiler.createMissingPackageInfoClass}</createMissingPackageInfoClass>
  <debug default-value="true">${maven.compiler.debug}</debug>
  <debugFileName default-value="javac-test"/>
  <debuglevel>${maven.compiler.debuglevel}</debuglevel>
  <enablePreview default-value="false">${maven.compiler.enablePreview}</enablePreview>
  <encoding default-value="${project.build.sourceEncoding}">${encoding}</encoding>
  <executable>${maven.compiler.executable}</executable>
  <failOnError default-value="true">${maven.compiler.failOnError}</failOnError>
  <failOnWarning default-value="false">${maven.compiler.failOnWarning}</failOnWarning>
  <fileExtensions default-value="class,jar"/>
  <forceJavacCompilerUse default-value="false">${maven.compiler.forceJavacCompilerUse}</forceJavacCompilerUse>
  <forceLegacyJavacApi default-value="false">${maven.compiler.forceLegacyJavacApi}</forceLegacyJavacApi>
  <fork default-value="false">${maven.compiler.fork}</fork>
  <generatedTestSourcesDirectory default-value="${project.build.directory}/generated-test-sources/test-annotations"/>
  <implicit>${maven.compiler.implicit}</implicit>
  <maxmem>${maven.compiler.maxmem}</maxmem>
  <meminitial>${maven.compiler.meminitial}</meminitial>
  <mojoExecution default-value="${mojoExecution}"/>
  <optimize default-value="false">${maven.compiler.optimize}</optimize>
  <outputDirectory default-value="${project.build.testOutputDirectory}"/>
  <outputTimestamp default-value="${project.build.outputTimestamp}"/>
  <parameters default-value="false">true</parameters>
  <proc>${maven.compiler.proc}</proc>
  <project default-value="${project}"/>
  <release>${maven.compiler.release}</release>
  <session default-value="${session}"/>
  <showCompilationChanges default-value="false">${maven.compiler.showCompilationChanges}</showCompilationChanges>
  <showDeprecation default-value="false">${maven.compiler.showDeprecation}</showDeprecation>
  <showWarnings default-value="true">${maven.compiler.showWarnings}</showWarnings>
  <skip>${maven.test.skip}</skip>
  <skipMultiThreadWarning default-value="false">${maven.compiler.skipMultiThreadWarning}</skipMultiThreadWarning>
  <source default-value="1.8">${maven.compiler.source}</source>
  <staleMillis default-value="0">${lastModGranularityMs}</staleMillis>
  <target default-value="1.8">${maven.compiler.target}</target>
  <testPath default-value="${project.testClasspathElements}"/>
  <testRelease>${maven.compiler.testRelease}</testRelease>
  <testSource>${maven.compiler.testSource}</testSource>
  <testTarget>${maven.compiler.testTarget}</testTarget>
  <useIncrementalCompilation default-value="true">${maven.compiler.useIncrementalCompilation}</useIncrementalCompilation>
  <useModulePath default-value="true"/>
  <verbose default-value="false">${maven.compiler.verbose}</verbose>
</configuration>
[DEBUG] -----------------------------------------------------------------------
[DEBUG] Goal:          org.apache.maven.plugins:maven-surefire-plugin:3.5.4:test (default-test)
[DEBUG] Style:         Regular
[DEBUG] Configuration: <?xml version="1.0" encoding="UTF-8"?>
<configuration>
  <additionalClasspathDependencies>${maven.test.additionalClasspathDependencies}</additionalClasspathDependencies>
  <additionalClasspathElements>${maven.test.additionalClasspath}</additionalClasspathElements>
  <argLine>${argLine}</argLine>
  <basedir default-value="${basedir}"/>
  <childDelegation default-value="false">${childDelegation}</childDelegation>
  <classesDirectory default-value="${project.build.outputDirectory}"/>
  <classpathDependencyExcludes>${maven.test.dependency.excludes}</classpathDependencyExcludes>
  <debugForkedProcess>${maven.surefire.debug}</debugForkedProcess>
  <dependenciesToScan>${dependenciesToScan}</dependenciesToScan>
  <disableXmlReport>${disableXmlReport}</disableXmlReport>
  <enableAssertions default-value="true">${enableAssertions}</enableAssertions>
  <enableOutErrElements default-value="true">${enableOutErrElements}</enableOutErrElements>
  <enableProcessChecker>${surefire.enableProcessChecker}</enableProcessChecker>
  <enablePropertiesElement default-value="true">${enablePropertiesElement}</enablePropertiesElement>
  <encoding default-value="${project.reporting.outputEncoding}">${surefire.encoding}</encoding>
  <excludeJUnit5Engines>${surefire.excludeJUnit5Engines}</excludeJUnit5Engines>
  <excludedEnvironmentVariables>${surefire.excludedEnvironmentVariables}</excludedEnvironmentVariables>
  <excludedGroups>${excludedGroups}</excludedGroups>
  <excludes>${surefire.excludes}</excludes>
  <excludesFile>${surefire.excludesFile}</excludesFile>
  <failIfNoSpecifiedTests default-value="true">${surefire.failIfNoSpecifiedTests}</failIfNoSpecifiedTests>
  <failIfNoTests default-value="false">${failIfNoTests}</failIfNoTests>
  <failOnFlakeCount default-value="0">${surefire.failOnFlakeCount}</failOnFlakeCount>
  <forkCount default-value="1">${forkCount}</forkCount>
  <forkNode>${surefire.forkNode}</forkNode>
  <forkedProcessExitTimeoutInSeconds default-value="30">${surefire.exitTimeout}</forkedProcessExitTimeoutInSeconds>
  <forkedProcessTimeoutInSeconds>${surefire.timeout}</forkedProcessTimeoutInSeconds>
  <groups>${groups}</groups>
  <includeJUnit5Engines>${surefire.includeJUnit5Engines}</includeJUnit5Engines>
  <includes>${surefire.includes}</includes>
  <includesFile>${surefire.includesFile}</includesFile>
  <junitArtifactName default-value="junit:junit">${junitArtifactName}</junitArtifactName>
  <jvm>${jvm}</jvm>
  <objectFactory>${objectFactory}</objectFactory>
  <parallel>${parallel}</parallel>
  <parallelMavenExecution default-value="${session.parallel}"/>
  <parallelOptimized default-value="true">${parallelOptimized}</parallelOptimized>
  <parallelTestsTimeoutForcedInSeconds>${surefire.parallel.forcedTimeout}</parallelTestsTimeoutForcedInSeconds>
  <parallelTestsTimeoutInSeconds>${surefire.parallel.timeout}</parallelTestsTimeoutInSeconds>
  <perCoreThreadCount default-value="true">${perCoreThreadCount}</perCoreThreadCount>
  <pluginArtifactMap>${plugin.artifactMap}</pluginArtifactMap>
  <pluginDescriptor default-value="${plugin}"/>
  <printSummary default-value="true">${surefire.printSummary}</printSummary>
  <project default-value="${project}"/>
  <projectArtifactMap>${project.artifactMap}</projectArtifactMap>
  <projectBuildDirectory default-value="${project.build.directory}"/>
  <promoteUserPropertiesToSystemProperties default-value="true"/>
  <redirectTestOutputToFile default-value="false">${maven.test.redirectTestOutputToFile}</redirectTestOutputToFile>
  <reportFormat default-value="brief">${surefire.reportFormat}</reportFormat>
  <reportNameSuffix default-value="">${surefire.reportNameSuffix}</reportNameSuffix>
  <reportsDirectory default-value="${project.build.directory}/surefire-reports"/>
  <rerunFailingTestsCount default-value="0">${surefire.rerunFailingTestsCount}</rerunFailingTestsCount>
  <reuseForks default-value="true">${reuseForks}</reuseForks>
  <runOrder default-value="filesystem">${surefire.runOrder}</runOrder>
  <runOrderRandomSeed>${surefire.runOrder.random.seed}</runOrderRandomSeed>
  <session default-value="${session}"/>
  <shutdown default-value="exit">${surefire.shutdown}</shutdown>
  <skip default-value="false">${maven.test.skip}</skip>
  <skipAfterFailureCount default-value="0">${surefire.skipAfterFailureCount}</skipAfterFailureCount>
  <skipExec>${maven.test.skip.exec}</skipExec>
  <skipTests default-value="false">${skipTests}</skipTests>
  <suiteXmlFiles>${surefire.suiteXmlFiles}</suiteXmlFiles>
  <systemPropertiesFile>${surefire.systemPropertiesFile}</systemPropertiesFile>
  <tempDir default-value="surefire">${tempDir}</tempDir>
  <test>${test}</test>
  <testClassesDirectory default-value="${project.build.testOutputDirectory}"/>
  <testFailureIgnore default-value="false">${maven.test.failure.ignore}</testFailureIgnore>
  <testNGArtifactName default-value="org.testng:testng">${testNGArtifactName}</testNGArtifactName>
  <testSourceDirectory default-value="${project.build.testSourceDirectory}"/>
  <threadCount>${threadCount}</threadCount>
  <threadCountClasses default-value="0">${threadCountClasses}</threadCountClasses>
  <threadCountMethods default-value="0">${threadCountMethods}</threadCountMethods>
  <threadCountSuites default-value="0">${threadCountSuites}</threadCountSuites>
  <trimStackTrace default-value="false">${trimStackTrace}</trimStackTrace>
  <useFile default-value="true">${surefire.useFile}</useFile>
  <useManifestOnlyJar default-value="true">${surefire.useManifestOnlyJar}</useManifestOnlyJar>
  <useModulePath default-value="true">${surefire.useModulePath}</useModulePath>
  <useSystemClassLoader default-value="true">${surefire.useSystemClassLoader}</useSystemClassLoader>
  <useUnlimitedThreads default-value="false">${useUnlimitedThreads}</useUnlimitedThreads>
  <workingDirectory>${basedir}</workingDirectory>
</configuration>
[DEBUG] =======================================================================
[DEBUG] Using mirror maven-default-http-blocker (http://0.0.0.0/) for vaadin-snapshots (http://oss.sonatype.org/content/repositories/vaadin-snapshots/).
[DEBUG] Using mirror maven-default-http-blocker (http://0.0.0.0/) for vaadin-releases (http://oss.sonatype.org/content/repositories/vaadin-releases/).
[DEBUG] Dependency collection stats {ConflictMarker.analyzeTime=718041, ConflictMarker.markTime=265084, ConflictMarker.nodeCount=360, ConflictIdSorter.graphTime=529542, ConflictIdSorter.topsortTime=309750, ConflictIdSorter.conflictIdCount=127, ConflictIdSorter.conflictIdCycleCount=0, ConflictResolver.totalTime=7498958, ConflictResolver.conflictItemCount=296, DfDependencyCollector.collectTime=209578459, DfDependencyCollector.transformTime=10242791}
[DEBUG] com.pdgigs:pdgigs:jar:0.0.1-SNAPSHOT
[DEBUG]    org.springframework.boot:spring-boot-starter-data-mongodb-reactive:jar:3.5.7:compile
[DEBUG]       org.springframework.boot:spring-boot-starter:jar:3.5.7:compile (version managed from 3.5.7)
[DEBUG]          org.springframework.boot:spring-boot-starter-logging:jar:3.5.7:compile (version managed from 3.5.7)
[DEBUG]             ch.qos.logback:logback-classic:jar:1.5.20:compile (version managed from 1.5.20)
[DEBUG]                ch.qos.logback:logback-core:jar:1.5.20:compile (version managed from 1.5.20)
[DEBUG]             org.apache.logging.log4j:log4j-to-slf4j:jar:2.24.3:compile (version managed from 2.24.3)
[DEBUG]                org.apache.logging.log4j:log4j-api:jar:2.24.3:compile (version managed from 2.24.3)
[DEBUG]             org.slf4j:jul-to-slf4j:jar:2.0.17:compile (version managed from 2.0.17)
[DEBUG]          jakarta.annotation:jakarta.annotation-api:jar:2.1.1:compile (version managed from 2.1.1)
[DEBUG]          org.yaml:snakeyaml:jar:2.4:compile (version managed from 2.4)
[DEBUG]       io.projectreactor:reactor-core:jar:3.7.12:compile (version managed from 3.7.12)
[DEBUG]          org.reactivestreams:reactive-streams:jar:1.0.4:compile (version managed from 1.0.4)
[DEBUG]       org.mongodb:mongodb-driver-reactivestreams:jar:5.5.2:compile (version managed from 5.5.2)
[DEBUG]          org.mongodb:bson:jar:5.5.2:compile (version managed from 5.5.2)
[DEBUG]          org.mongodb:mongodb-driver-core:jar:5.5.2:compile (version managed from 5.5.2)
[DEBUG]             org.mongodb:bson-record-codec:jar:5.5.2:runtime (version managed from 5.5.2)
[DEBUG]       org.springframework.data:spring-data-mongodb:jar:4.5.5:compile (version managed from 4.5.5)
[DEBUG]          org.springframework:spring-tx:jar:6.2.12:compile (version managed from 6.2.12)
[DEBUG]          org.springframework:spring-context:jar:6.2.12:compile (version managed from 6.2.12)
[DEBUG]          org.springframework:spring-beans:jar:6.2.12:compile (version managed from 6.2.12)
[DEBUG]          org.springframework:spring-expression:jar:6.2.12:compile (version managed from 6.2.12)
[DEBUG]          org.springframework.data:spring-data-commons:jar:3.5.5:compile (version managed from 3.5.5)
[DEBUG]    org.springframework.boot:spring-boot-starter-security:jar:3.5.7:compile
[DEBUG]       org.springframework:spring-aop:jar:6.2.12:compile (version managed from 6.2.12)
[DEBUG]       org.springframework.security:spring-security-config:jar:6.5.6:compile (version managed from 6.5.6)
[DEBUG]       org.springframework.security:spring-security-web:jar:6.5.6:compile (version managed from 6.5.6)
[DEBUG]    org.springframework.boot:spring-boot-starter-validation:jar:3.5.7:compile
[DEBUG]       org.apache.tomcat.embed:tomcat-embed-el:jar:10.1.48:compile (version managed from 10.1.48)
[DEBUG]       org.hibernate.validator:hibernate-validator:jar:8.0.3.Final:compile (version managed from 8.0.3.Final)
[DEBUG]          jakarta.validation:jakarta.validation-api:jar:3.0.2:compile (version managed from 3.0.2)
[DEBUG]          org.jboss.logging:jboss-logging:jar:3.6.1.Final:compile (version managed from 3.4.3.Final)
[DEBUG]          com.fasterxml:classmate:jar:1.7.1:compile (version managed from 1.5.1)
[DEBUG]    org.springframework.boot:spring-boot-starter-webflux:jar:3.5.7:compile
[DEBUG]       org.springframework.boot:spring-boot-starter-json:jar:3.5.7:compile (version managed from 3.5.7)
[DEBUG]          com.fasterxml.jackson.core:jackson-databind:jar:2.19.2:compile (version managed from 2.19.2)
[DEBUG]             com.fasterxml.jackson.core:jackson-core:jar:2.19.2:compile (version managed from 2.19.2)
[DEBUG]          com.fasterxml.jackson.datatype:jackson-datatype-jdk8:jar:2.19.2:compile (version managed from 2.19.2)
[DEBUG]          com.fasterxml.jackson.datatype:jackson-datatype-jsr310:jar:2.19.2:compile (version managed from 2.19.2)
[DEBUG]          com.fasterxml.jackson.module:jackson-module-parameter-names:jar:2.19.2:compile (version managed from 2.19.2)
[DEBUG]       org.springframework.boot:spring-boot-starter-reactor-netty:jar:3.5.7:compile (version managed from 3.5.7)
[DEBUG]          io.projectreactor.netty:reactor-netty-http:jar:1.2.11:compile (version managed from 1.2.11)
[DEBUG]             io.netty:netty-codec-http:jar:4.1.128.Final:compile (version managed from 4.1.127.Final)
[DEBUG]                io.netty:netty-common:jar:4.1.128.Final:compile (version managed from 4.1.128.Final)
[DEBUG]                io.netty:netty-buffer:jar:4.1.128.Final:compile (version managed from 4.1.128.Final)
[DEBUG]                io.netty:netty-transport:jar:4.1.128.Final:compile (version managed from 4.1.128.Final)
[DEBUG]                io.netty:netty-codec:jar:4.1.128.Final:compile (version managed from 4.1.128.Final)
[DEBUG]                io.netty:netty-handler:jar:4.1.128.Final:compile (version managed from 4.1.128.Final)
[DEBUG]             io.netty:netty-codec-http2:jar:4.1.128.Final:compile (version managed from 4.1.127.Final)
[DEBUG]             io.netty:netty-resolver-dns:jar:4.1.128.Final:compile (version managed from 4.1.127.Final)
[DEBUG]                io.netty:netty-resolver:jar:4.1.128.Final:compile (version managed from 4.1.128.Final)
[DEBUG]                io.netty:netty-codec-dns:jar:4.1.128.Final:compile (version managed from 4.1.128.Final)
[DEBUG]             io.netty:netty-resolver-dns-native-macos:jar:osx-x86_64:4.1.128.Final:compile (version managed from 4.1.127.Final)
[DEBUG]                io.netty:netty-resolver-dns-classes-macos:jar:4.1.128.Final:compile (version managed from 4.1.128.Final)
[DEBUG]             io.netty:netty-transport-native-epoll:jar:linux-x86_64:4.1.128.Final:compile (version managed from 4.1.127.Final)
[DEBUG]                io.netty:netty-transport-native-unix-common:jar:4.1.128.Final:compile (version managed from 4.1.128.Final)
[DEBUG]                io.netty:netty-transport-classes-epoll:jar:4.1.128.Final:compile (version managed from 4.1.128.Final)
[DEBUG]             io.projectreactor.netty:reactor-netty-core:jar:1.2.11:compile (version managed from 1.2.11)
[DEBUG]                io.netty:netty-handler-proxy:jar:4.1.128.Final:compile (version managed from 4.1.127.Final)
[DEBUG]                   io.netty:netty-codec-socks:jar:4.1.128.Final:compile (version managed from 4.1.128.Final)
[DEBUG]       org.springframework:spring-web:jar:6.2.12:compile (version managed from 6.2.12)
[DEBUG]          io.micrometer:micrometer-observation:jar:1.15.5:compile (version managed from 1.14.12)
[DEBUG]             io.micrometer:micrometer-commons:jar:1.15.5:compile (version managed from 1.15.5)
[DEBUG]       org.springframework:spring-webflux:jar:6.2.12:compile (version managed from 6.2.12)
[DEBUG]    org.springframework.boot:spring-boot-devtools:jar:3.5.7:runtime (optional)
[DEBUG]       org.springframework.boot:spring-boot:jar:3.5.7:compile (version managed from 3.5.7)
[DEBUG]       org.springframework.boot:spring-boot-autoconfigure:jar:3.5.7:compile (version managed from 3.5.7)
[DEBUG]    org.projectlombok:lombok:jar:1.18.42:compile (optional)
[DEBUG]    org.springdoc:springdoc-openapi-starter-webflux-ui:jar:2.8.13:compile
[DEBUG]       org.springdoc:springdoc-openapi-starter-webflux-api:jar:2.8.13:compile
[DEBUG]          org.springdoc:springdoc-openapi-starter-common:jar:2.8.13:compile
[DEBUG]             io.swagger.core.v3:swagger-core-jakarta:jar:2.2.36:compile
[DEBUG]                org.apache.commons:commons-lang3:jar:3.17.0:compile (version managed from 3.18.0)
[DEBUG]                io.swagger.core.v3:swagger-annotations-jakarta:jar:2.2.36:compile
[DEBUG]                io.swagger.core.v3:swagger-models-jakarta:jar:2.2.36:compile
[DEBUG]                com.fasterxml.jackson.dataformat:jackson-dataformat-yaml:jar:2.19.2:compile (version managed from 2.19.2)
[DEBUG]       org.webjars:swagger-ui:jar:5.28.1:compile
[DEBUG]       org.webjars:webjars-locator-lite:jar:1.1.2:compile (version managed from 1.1.0)
[DEBUG]          org.jspecify:jspecify:jar:1.0.0:compile (version managed from 1.0.0)
[DEBUG]    org.springframework.boot:spring-boot-starter-test:jar:3.5.7:test
[DEBUG]       org.springframework.boot:spring-boot-test:jar:3.5.7:test (version managed from 3.5.7)
[DEBUG]       org.springframework.boot:spring-boot-test-autoconfigure:jar:3.5.7:test (version managed from 3.5.7)
[DEBUG]       com.jayway.jsonpath:json-path:jar:2.9.0:test (version managed from 2.9.0)
[DEBUG]       jakarta.xml.bind:jakarta.xml.bind-api:jar:4.0.4:compile (version managed from 4.0.4)
[DEBUG]          jakarta.activation:jakarta.activation-api:jar:2.1.4:compile (version managed from 2.1.4)
[DEBUG]       net.minidev:json-smart:jar:2.5.2:test (version managed from 2.5.2)
[DEBUG]          net.minidev:accessors-smart:jar:2.5.2:test
[DEBUG]             org.ow2.asm:asm:jar:9.7.1:test
[DEBUG]       org.assertj:assertj-core:jar:3.27.6:test (version managed from 3.27.6)
[DEBUG]          net.bytebuddy:byte-buddy:jar:1.17.8:test (version managed from 1.17.7)
[DEBUG]       org.awaitility:awaitility:jar:4.2.2:test (version managed from 4.2.2)
[DEBUG]       org.hamcrest:hamcrest:jar:3.0:test (version managed from 3.0)
[DEBUG]       org.junit.jupiter:junit-jupiter:jar:5.12.2:test (version managed from 5.12.2)
[DEBUG]          org.junit.jupiter:junit-jupiter-api:jar:5.12.2:test (version managed from 5.12.2)
[DEBUG]             org.opentest4j:opentest4j:jar:1.3.0:test
[DEBUG]             org.junit.platform:junit-platform-commons:jar:1.12.2:test (version managed from 1.12.2)
[DEBUG]             org.apiguardian:apiguardian-api:jar:1.1.2:test
[DEBUG]          org.junit.jupiter:junit-jupiter-params:jar:5.12.2:test (version managed from 5.12.2)
[DEBUG]          org.junit.jupiter:junit-jupiter-engine:jar:5.12.2:test (version managed from 5.12.2)
[DEBUG]             org.junit.platform:junit-platform-engine:jar:1.12.2:test (version managed from 1.12.2)
[DEBUG]       org.mockito:mockito-core:jar:5.17.0:test (version managed from 5.17.0)
[DEBUG]          net.bytebuddy:byte-buddy-agent:jar:1.17.8:test (version managed from 1.15.11)
[DEBUG]          org.objenesis:objenesis:jar:3.3:test
[DEBUG]       org.mockito:mockito-junit-jupiter:jar:5.17.0:test (version managed from 5.17.0)
[DEBUG]       org.skyscreamer:jsonassert:jar:1.5.3:test (version managed from 1.5.3)
[DEBUG]          com.vaadin.external.google:android-json:jar:0.0.20131108.vaadin1:test
[DEBUG]       org.springframework:spring-core:jar:6.2.12:compile (version managed from 6.2.12)
[DEBUG]          org.springframework:spring-jcl:jar:6.2.12:compile (version managed from 6.2.12)
[DEBUG]       org.springframework:spring-test:jar:6.2.12:test (version managed from 6.2.12)
[DEBUG]       org.xmlunit:xmlunit-core:jar:2.10.4:test (version managed from 2.10.4)
[DEBUG]    io.projectreactor:reactor-test:jar:3.7.12:test
[DEBUG]    org.springframework.security:spring-security-test:jar:6.5.6:test
[DEBUG]       org.springframework.security:spring-security-core:jar:6.5.6:compile (version managed from 6.5.6)
[DEBUG]          org.springframework.security:spring-security-crypto:jar:6.5.6:compile (version managed from 6.5.6)
[DEBUG]    org.testcontainers:testcontainers:jar:1.19.3:test
[DEBUG]       junit:junit:jar:4.13.2:test (version managed from 4.13.2)
[DEBUG]          org.hamcrest:hamcrest-core:jar:3.0:test (version managed from 1.3)
[DEBUG]       org.slf4j:slf4j-api:jar:2.0.17:compile (version managed from 1.7.36)
[DEBUG]       org.apache.commons:commons-compress:jar:1.24.0:test
[DEBUG]       org.rnorth.duct-tape:duct-tape:jar:1.0.8:test
[DEBUG]          org.jetbrains:annotations:jar:17.0.0:test
[DEBUG]       com.github.docker-java:docker-java-api:jar:3.3.4:test
[DEBUG]          com.fasterxml.jackson.core:jackson-annotations:jar:2.19.2:compile (version managed from 2.10.3)
[DEBUG]       com.github.docker-java:docker-java-transport-zerodep:jar:3.3.4:test
[DEBUG]          com.github.docker-java:docker-java-transport:jar:3.3.4:test
[DEBUG]          net.java.dev.jna:jna:jar:5.13.0:test
[DEBUG]    org.testcontainers:mongodb:jar:1.19.3:test
[DEBUG]    org.testcontainers:junit-jupiter:jar:1.19.3:test
[INFO] 
[INFO] --- clean:3.4.1:clean (default-clean) @ pdgigs ---
[DEBUG] Dependency collection stats {ConflictMarker.analyzeTime=58375, ConflictMarker.markTime=35334, ConflictMarker.nodeCount=2, ConflictIdSorter.graphTime=32625, ConflictIdSorter.topsortTime=5125, ConflictIdSorter.conflictIdCount=2, ConflictIdSorter.conflictIdCycleCount=0, ConflictResolver.totalTime=44875, ConflictResolver.conflictItemCount=2, DfDependencyCollector.collectTime=5636250, DfDependencyCollector.transformTime=184167}
[DEBUG] org.apache.maven.plugins:maven-clean-plugin:jar:3.4.1
[DEBUG]    org.codehaus.plexus:plexus-utils:jar:4.0.1:compile
[DEBUG] Created new class realm plugin>org.apache.maven.plugins:maven-clean-plugin:3.4.1
[DEBUG] Importing foreign packages into class realm plugin>org.apache.maven.plugins:maven-clean-plugin:3.4.1
[DEBUG]   Imported:  < maven.api
[DEBUG] Populating class realm plugin>org.apache.maven.plugins:maven-clean-plugin:3.4.1
[DEBUG]   Included: org.apache.maven.plugins:maven-clean-plugin:jar:3.4.1
[DEBUG]   Included: org.codehaus.plexus:plexus-utils:jar:4.0.1
[DEBUG] Loading mojo org.apache.maven.plugins:maven-clean-plugin:3.4.1:clean from plugin realm ClassRealm[plugin>org.apache.maven.plugins:maven-clean-plugin:3.4.1, parent: jdk.internal.loader.ClassLoaders$AppClassLoader@5bc2b487]
[DEBUG] Configuring mojo execution 'org.apache.maven.plugins:maven-clean-plugin:3.4.1:clean:default-clean' with basic configurator -->
[DEBUG]   (f) directory = /Users/adol/IdeaProjects/pdgigs/target
[DEBUG]   (f) excludeDefaultDirectories = false
[DEBUG]   (f) failOnError = true
[DEBUG]   (f) fast = false
[DEBUG]   (f) fastMode = background
[DEBUG]   (f) followSymLinks = false
[DEBUG]   (f) outputDirectory = /Users/adol/IdeaProjects/pdgigs/target/classes
[DEBUG]   (f) reportDirectory = /Users/adol/IdeaProjects/pdgigs/target/classes
[DEBUG]   (f) retryOnError = true
[DEBUG]   (f) session = org.apache.maven.execution.MavenSession@58472096
[DEBUG]   (f) skip = false
[DEBUG]   (f) testOutputDirectory = /Users/adol/IdeaProjects/pdgigs/target/test-classes
[DEBUG] -- end configuration --
[INFO] Deleting /Users/adol/IdeaProjects/pdgigs/target
[INFO] Deleting file /Users/adol/IdeaProjects/pdgigs/target/test-classes/com/pdgigs/PdgigsApplicationTests.class
[INFO] Deleting file /Users/adol/IdeaProjects/pdgigs/target/test-classes/com/pdgigs/application/service/GetScorePdfTest.class
[INFO] Deleting file /Users/adol/IdeaProjects/pdgigs/target/test-classes/com/pdgigs/application/service/CreateScoreValidationTest.class
[INFO] Deleting file /Users/adol/IdeaProjects/pdgigs/target/test-classes/com/pdgigs/application/service/DeleteScoreServiceTest.class
[INFO] Deleting file /Users/adol/IdeaProjects/pdgigs/target/test-classes/com/pdgigs/application/service/CreateScoreWithEmptyMetadataTest.class
[INFO] Deleting file /Users/adol/IdeaProjects/pdgigs/target/test-classes/com/pdgigs/application/service/GetScoreMetadataTest.class
[INFO] Deleting file /Users/adol/IdeaProjects/pdgigs/target/test-classes/com/pdgigs/application/service/CreateScoreWithPartialMetadataTest.class
[INFO] Deleting file /Users/adol/IdeaProjects/pdgigs/target/test-classes/com/pdgigs/application/service/CreateScoreWithCompleteMetadataTest.class
[INFO] Deleting file /Users/adol/IdeaProjects/pdgigs/target/test-classes/com/pdgigs/application/service/UpdateScoreServiceTest.class
[INFO] Deleting directory /Users/adol/IdeaProjects/pdgigs/target/test-classes/com/pdgigs/application/service
[INFO] Deleting directory /Users/adol/IdeaProjects/pdgigs/target/test-classes/com/pdgigs/application
[INFO] Deleting file /Users/adol/IdeaProjects/pdgigs/target/test-classes/com/pdgigs/infrastructure/adapter/input/rest/ScoreControllerValidationTest.class
[INFO] Deleting file /Users/adol/IdeaProjects/pdgigs/target/test-classes/com/pdgigs/infrastructure/adapter/input/rest/ScoreControllerQueryTest.class
[INFO] Deleting file /Users/adol/IdeaProjects/pdgigs/target/test-classes/com/pdgigs/infrastructure/adapter/input/rest/ScoreControllerDeleteTest.class
[INFO] Deleting file /Users/adol/IdeaProjects/pdgigs/target/test-classes/com/pdgigs/infrastructure/adapter/input/rest/ScoreControllerDownloadTest.class
[INFO] Deleting file /Users/adol/IdeaProjects/pdgigs/target/test-classes/com/pdgigs/infrastructure/adapter/input/rest/ScoreControllerUpdateTest.class
[INFO] Deleting file /Users/adol/IdeaProjects/pdgigs/target/test-classes/com/pdgigs/infrastructure/adapter/input/rest/helper/MultipartRequestFactory$MultiValueMapBuilder.class
[INFO] Deleting file /Users/adol/IdeaProjects/pdgigs/target/test-classes/com/pdgigs/infrastructure/adapter/input/rest/helper/ScoreMockFactory.class
[INFO] Deleting file /Users/adol/IdeaProjects/pdgigs/target/test-classes/com/pdgigs/infrastructure/adapter/input/rest/helper/PdfContentFactory.class
[INFO] Deleting file /Users/adol/IdeaProjects/pdgigs/target/test-classes/com/pdgigs/infrastructure/adapter/input/rest/helper/MultipartRequestFactory.class
[INFO] Deleting directory /Users/adol/IdeaProjects/pdgigs/target/test-classes/com/pdgigs/infrastructure/adapter/input/rest/helper
[INFO] Deleting directory /Users/adol/IdeaProjects/pdgigs/target/test-classes/com/pdgigs/infrastructure/adapter/input/rest
[INFO] Deleting directory /Users/adol/IdeaProjects/pdgigs/target/test-classes/com/pdgigs/infrastructure/adapter/input
[INFO] Deleting file /Users/adol/IdeaProjects/pdgigs/target/test-classes/com/pdgigs/infrastructure/adapter/output/persistence/ScoreRepositoryAdapterTest.class
[INFO] Deleting directory /Users/adol/IdeaProjects/pdgigs/target/test-classes/com/pdgigs/infrastructure/adapter/output/persistence
[INFO] Deleting directory /Users/adol/IdeaProjects/pdgigs/target/test-classes/com/pdgigs/infrastructure/adapter/output
[INFO] Deleting directory /Users/adol/IdeaProjects/pdgigs/target/test-classes/com/pdgigs/infrastructure/adapter
[INFO] Deleting directory /Users/adol/IdeaProjects/pdgigs/target/test-classes/com/pdgigs/infrastructure
[INFO] Deleting directory /Users/adol/IdeaProjects/pdgigs/target/test-classes/com/pdgigs
[INFO] Deleting directory /Users/adol/IdeaProjects/pdgigs/target/test-classes/com
[INFO] Deleting directory /Users/adol/IdeaProjects/pdgigs/target/test-classes
[INFO] Deleting file /Users/adol/IdeaProjects/pdgigs/target/surefire/surefirebooter-20251116142313653_3.jar
[INFO] Deleting file /Users/adol/IdeaProjects/pdgigs/target/surefire/surefire_0-20251116142313653_2tmp
[INFO] Deleting file /Users/adol/IdeaProjects/pdgigs/target/surefire/surefire-20251116142313653_1tmp
[INFO] Deleting directory /Users/adol/IdeaProjects/pdgigs/target/surefire
[INFO] Deleting directory /Users/adol/IdeaProjects/pdgigs/target/generated-sources/annotations
[INFO] Deleting directory /Users/adol/IdeaProjects/pdgigs/target/generated-sources
[INFO] Deleting file /Users/adol/IdeaProjects/pdgigs/target/classes/application.yml
[INFO] Deleting file /Users/adol/IdeaProjects/pdgigs/target/classes/com/pdgigs/PdgigsApplication.class
[INFO] Deleting file /Users/adol/IdeaProjects/pdgigs/target/classes/com/pdgigs/application/service/UpdateScoreService.class
[INFO] Deleting file /Users/adol/IdeaProjects/pdgigs/target/classes/com/pdgigs/application/service/DeleteScoreService.class
[INFO] Deleting file /Users/adol/IdeaProjects/pdgigs/target/classes/com/pdgigs/application/service/GetScorePdfService.class
[INFO] Deleting file /Users/adol/IdeaProjects/pdgigs/target/classes/com/pdgigs/application/service/CreateScoreService.class
[INFO] Deleting file /Users/adol/IdeaProjects/pdgigs/target/classes/com/pdgigs/application/service/GetScoreMetadataService.class
[INFO] Deleting directory /Users/adol/IdeaProjects/pdgigs/target/classes/com/pdgigs/application/service
[INFO] Deleting directory /Users/adol/IdeaProjects/pdgigs/target/classes/com/pdgigs/application
[INFO] Deleting file /Users/adol/IdeaProjects/pdgigs/target/classes/com/pdgigs/infrastructure/config/SecurityConfig.class
[INFO] Deleting file /Users/adol/IdeaProjects/pdgigs/target/classes/com/pdgigs/infrastructure/config/OpenApiConfig.class
[INFO] Deleting directory /Users/adol/IdeaProjects/pdgigs/target/classes/com/pdgigs/infrastructure/config
[INFO] Deleting file /Users/adol/IdeaProjects/pdgigs/target/classes/com/pdgigs/infrastructure/adapter/input/rest/dto/response/ScoreResponse.class
[INFO] Deleting file /Users/adol/IdeaProjects/pdgigs/target/classes/com/pdgigs/infrastructure/adapter/input/rest/dto/response/ErrorResponse.class
[INFO] Deleting directory /Users/adol/IdeaProjects/pdgigs/target/classes/com/pdgigs/infrastructure/adapter/input/rest/dto/response
[INFO] Deleting file /Users/adol/IdeaProjects/pdgigs/target/classes/com/pdgigs/infrastructure/adapter/input/rest/dto/request/UpdateScoreRequest.class
[INFO] Deleting file /Users/adol/IdeaProjects/pdgigs/target/classes/com/pdgigs/infrastructure/adapter/input/rest/dto/request/UploadScoreRequest.class
[INFO] Deleting directory /Users/adol/IdeaProjects/pdgigs/target/classes/com/pdgigs/infrastructure/adapter/input/rest/dto/request
[INFO] Deleting directory /Users/adol/IdeaProjects/pdgigs/target/classes/com/pdgigs/infrastructure/adapter/input/rest/dto
[INFO] Deleting file /Users/adol/IdeaProjects/pdgigs/target/classes/com/pdgigs/infrastructure/adapter/input/rest/ScoreControllerDelete.class
[INFO] Deleting file /Users/adol/IdeaProjects/pdgigs/target/classes/com/pdgigs/infrastructure/adapter/input/rest/ScoreControllerDownload.class
[INFO] Deleting file /Users/adol/IdeaProjects/pdgigs/target/classes/com/pdgigs/infrastructure/adapter/input/rest/mapper/ScoreRestMapper.class
[INFO] Deleting directory /Users/adol/IdeaProjects/pdgigs/target/classes/com/pdgigs/infrastructure/adapter/input/rest/mapper
[INFO] Deleting file /Users/adol/IdeaProjects/pdgigs/target/classes/com/pdgigs/infrastructure/adapter/input/rest/ScoreControllerUpdate.class
[INFO] Deleting file /Users/adol/IdeaProjects/pdgigs/target/classes/com/pdgigs/infrastructure/adapter/input/rest/ScoreControllerUpload.class
[INFO] Deleting file /Users/adol/IdeaProjects/pdgigs/target/classes/com/pdgigs/infrastructure/adapter/input/rest/ScoreControllerQuery.class
[INFO] Deleting file /Users/adol/IdeaProjects/pdgigs/target/classes/com/pdgigs/infrastructure/adapter/input/rest/exception/handler/DomainExceptionHandler.class
[INFO] Deleting file /Users/adol/IdeaProjects/pdgigs/target/classes/com/pdgigs/infrastructure/adapter/input/rest/exception/handler/ValidationExceptionHandler.class
[INFO] Deleting file /Users/adol/IdeaProjects/pdgigs/target/classes/com/pdgigs/infrastructure/adapter/input/rest/exception/handler/GlobalFallbackHandler.class
[INFO] Deleting directory /Users/adol/IdeaProjects/pdgigs/target/classes/com/pdgigs/infrastructure/adapter/input/rest/exception/handler
[INFO] Deleting file /Users/adol/IdeaProjects/pdgigs/target/classes/com/pdgigs/infrastructure/adapter/input/rest/exception/mapper/HttpStatusMapper.class
[INFO] Deleting file /Users/adol/IdeaProjects/pdgigs/target/classes/com/pdgigs/infrastructure/adapter/input/rest/exception/mapper/ErrorResponseMapper.class
[INFO] Deleting directory /Users/adol/IdeaProjects/pdgigs/target/classes/com/pdgigs/infrastructure/adapter/input/rest/exception/mapper
[INFO] Deleting directory /Users/adol/IdeaProjects/pdgigs/target/classes/com/pdgigs/infrastructure/adapter/input/rest/exception
[INFO] Deleting directory /Users/adol/IdeaProjects/pdgigs/target/classes/com/pdgigs/infrastructure/adapter/input/rest
[INFO] Deleting directory /Users/adol/IdeaProjects/pdgigs/target/classes/com/pdgigs/infrastructure/adapter/input
[INFO] Deleting file /Users/adol/IdeaProjects/pdgigs/target/classes/com/pdgigs/infrastructure/adapter/output/persistence/entity/ScoreEntity.class
[INFO] Deleting file /Users/adol/IdeaProjects/pdgigs/target/classes/com/pdgigs/infrastructure/adapter/output/persistence/entity/ScoreEntity$ScoreEntityBuilder.class
[INFO] Deleting directory /Users/adol/IdeaProjects/pdgigs/target/classes/com/pdgigs/infrastructure/adapter/output/persistence/entity
[INFO] Deleting file /Users/adol/IdeaProjects/pdgigs/target/classes/com/pdgigs/infrastructure/adapter/output/persistence/MongoScoreRepository.class
[INFO] Deleting file /Users/adol/IdeaProjects/pdgigs/target/classes/com/pdgigs/infrastructure/adapter/output/persistence/ScoreRepositoryAdapter.class
[INFO] Deleting directory /Users/adol/IdeaProjects/pdgigs/target/classes/com/pdgigs/infrastructure/adapter/output/persistence
[INFO] Deleting directory /Users/adol/IdeaProjects/pdgigs/target/classes/com/pdgigs/infrastructure/adapter/output
[INFO] Deleting directory /Users/adol/IdeaProjects/pdgigs/target/classes/com/pdgigs/infrastructure/adapter
[INFO] Deleting directory /Users/adol/IdeaProjects/pdgigs/target/classes/com/pdgigs/infrastructure
[INFO] Deleting file /Users/adol/IdeaProjects/pdgigs/target/classes/com/pdgigs/domain/validator/UserValidator.class
[INFO] Deleting file /Users/adol/IdeaProjects/pdgigs/target/classes/com/pdgigs/domain/validator/ScoreValidator.class
[INFO] Deleting file /Users/adol/IdeaProjects/pdgigs/target/classes/com/pdgigs/domain/validator/FileValidator.class
[INFO] Deleting directory /Users/adol/IdeaProjects/pdgigs/target/classes/com/pdgigs/domain/validator
[INFO] Deleting file /Users/adol/IdeaProjects/pdgigs/target/classes/com/pdgigs/domain/model/Score.class
[INFO] Deleting directory /Users/adol/IdeaProjects/pdgigs/target/classes/com/pdgigs/domain/model
[INFO] Deleting file /Users/adol/IdeaProjects/pdgigs/target/classes/com/pdgigs/domain/port/input/CreateScoreUseCase.class
[INFO] Deleting file /Users/adol/IdeaProjects/pdgigs/target/classes/com/pdgigs/domain/port/input/GetScoreMetadataUseCase.class
[INFO] Deleting file /Users/adol/IdeaProjects/pdgigs/target/classes/com/pdgigs/domain/port/input/UpdateScoreUseCase.class
[INFO] Deleting file /Users/adol/IdeaProjects/pdgigs/target/classes/com/pdgigs/domain/port/input/DeleteScoreUseCase.class
[INFO] Deleting file /Users/adol/IdeaProjects/pdgigs/target/classes/com/pdgigs/domain/port/input/GetScorePdfUseCase.class
[INFO] Deleting directory /Users/adol/IdeaProjects/pdgigs/target/classes/com/pdgigs/domain/port/input
[INFO] Deleting file /Users/adol/IdeaProjects/pdgigs/target/classes/com/pdgigs/domain/port/output/ScoreRepository.class
[INFO] Deleting directory /Users/adol/IdeaProjects/pdgigs/target/classes/com/pdgigs/domain/port/output
[INFO] Deleting directory /Users/adol/IdeaProjects/pdgigs/target/classes/com/pdgigs/domain/port
[INFO] Deleting file /Users/adol/IdeaProjects/pdgigs/target/classes/com/pdgigs/domain/exception/DomainException.class
[INFO] Deleting file /Users/adol/IdeaProjects/pdgigs/target/classes/com/pdgigs/domain/exception/ResourceNotFoundException.class
[INFO] Deleting file /Users/adol/IdeaProjects/pdgigs/target/classes/com/pdgigs/domain/exception/ConflictException.class
[INFO] Deleting file /Users/adol/IdeaProjects/pdgigs/target/classes/com/pdgigs/domain/exception/validation/TokenValidationError$Invalid.class
[INFO] Deleting file /Users/adol/IdeaProjects/pdgigs/target/classes/com/pdgigs/domain/exception/validation/ValidationException.class
[INFO] Deleting file /Users/adol/IdeaProjects/pdgigs/target/classes/com/pdgigs/domain/exception/validation/ScoreValidationError$TitleTooLong.class
[INFO] Deleting file /Users/adol/IdeaProjects/pdgigs/target/classes/com/pdgigs/domain/exception/validation/TokenValidationError$SignatureInvalid.class
[INFO] Deleting file /Users/adol/IdeaProjects/pdgigs/target/classes/com/pdgigs/domain/exception/validation/UserValidationError.class
[INFO] Deleting file /Users/adol/IdeaProjects/pdgigs/target/classes/com/pdgigs/domain/exception/validation/TokenValidationError$Missing.class
[INFO] Deleting file /Users/adol/IdeaProjects/pdgigs/target/classes/com/pdgigs/domain/exception/validation/ScoreValidationError$InvalidScoreId.class
[INFO] Deleting file /Users/adol/IdeaProjects/pdgigs/target/classes/com/pdgigs/domain/exception/validation/UserValidationError$PasswordRequired.class
[INFO] Deleting file /Users/adol/IdeaProjects/pdgigs/target/classes/com/pdgigs/domain/exception/validation/UserValidationError$EmailRequired.class
[INFO] Deleting file /Users/adol/IdeaProjects/pdgigs/target/classes/com/pdgigs/domain/exception/validation/FileValidationError$InvalidFormat.class
[INFO] Deleting file /Users/adol/IdeaProjects/pdgigs/target/classes/com/pdgigs/domain/exception/validation/FileValidationError.class
[INFO] Deleting file /Users/adol/IdeaProjects/pdgigs/target/classes/com/pdgigs/domain/exception/validation/ScoreValidationError$MusicalStyleTooLong.class
[INFO] Deleting file /Users/adol/IdeaProjects/pdgigs/target/classes/com/pdgigs/domain/exception/validation/UserValidationError$PasswordTooShort.class
[INFO] Deleting file /Users/adol/IdeaProjects/pdgigs/target/classes/com/pdgigs/domain/exception/validation/ScoreValidationError$AuthorCannotBeBlank.class
[INFO] Deleting file /Users/adol/IdeaProjects/pdgigs/target/classes/com/pdgigs/domain/exception/validation/ScoreValidationError.class
[INFO] Deleting file /Users/adol/IdeaProjects/pdgigs/target/classes/com/pdgigs/domain/exception/validation/ScoreValidationError$TitleCannotBeBlank.class
[INFO] Deleting file /Users/adol/IdeaProjects/pdgigs/target/classes/com/pdgigs/domain/exception/validation/UserValidationError$InvalidEmail.class
[INFO] Deleting file /Users/adol/IdeaProjects/pdgigs/target/classes/com/pdgigs/domain/exception/validation/TokenValidationError.class
[INFO] Deleting file /Users/adol/IdeaProjects/pdgigs/target/classes/com/pdgigs/domain/exception/validation/FileValidationError$Empty.class
[INFO] Deleting file /Users/adol/IdeaProjects/pdgigs/target/classes/com/pdgigs/domain/exception/validation/UserValidationError$InvalidCredentials.class
[INFO] Deleting file /Users/adol/IdeaProjects/pdgigs/target/classes/com/pdgigs/domain/exception/validation/FileValidationError$SizeExceeded.class
[INFO] Deleting file /Users/adol/IdeaProjects/pdgigs/target/classes/com/pdgigs/domain/exception/validation/ScoreValidationError$AuthorTooLong.class
[INFO] Deleting file /Users/adol/IdeaProjects/pdgigs/target/classes/com/pdgigs/domain/exception/validation/ScoreValidationError$MusicalStyleCannotBeBlank.class
[INFO] Deleting file /Users/adol/IdeaProjects/pdgigs/target/classes/com/pdgigs/domain/exception/validation/TokenValidationError$Expired.class
[INFO] Deleting directory /Users/adol/IdeaProjects/pdgigs/target/classes/com/pdgigs/domain/exception/validation
[INFO] Deleting directory /Users/adol/IdeaProjects/pdgigs/target/classes/com/pdgigs/domain/exception
[INFO] Deleting directory /Users/adol/IdeaProjects/pdgigs/target/classes/com/pdgigs/domain
[INFO] Deleting directory /Users/adol/IdeaProjects/pdgigs/target/classes/com/pdgigs
[INFO] Deleting directory /Users/adol/IdeaProjects/pdgigs/target/classes/com
[INFO] Deleting file /Users/adol/IdeaProjects/pdgigs/target/classes/application.properties
[INFO] Deleting directory /Users/adol/IdeaProjects/pdgigs/target/classes
[INFO] Deleting file /Users/adol/IdeaProjects/pdgigs/target/maven-status/maven-compiler-plugin/testCompile/default-testCompile/inputFiles.lst
[INFO] Deleting file /Users/adol/IdeaProjects/pdgigs/target/maven-status/maven-compiler-plugin/testCompile/default-testCompile/createdFiles.lst
[INFO] Deleting directory /Users/adol/IdeaProjects/pdgigs/target/maven-status/maven-compiler-plugin/testCompile/default-testCompile
[INFO] Deleting directory /Users/adol/IdeaProjects/pdgigs/target/maven-status/maven-compiler-plugin/testCompile
[INFO] Deleting file /Users/adol/IdeaProjects/pdgigs/target/maven-status/maven-compiler-plugin/compile/default-compile/inputFiles.lst
[INFO] Deleting file /Users/adol/IdeaProjects/pdgigs/target/maven-status/maven-compiler-plugin/compile/default-compile/createdFiles.lst
[INFO] Deleting directory /Users/adol/IdeaProjects/pdgigs/target/maven-status/maven-compiler-plugin/compile/default-compile
[INFO] Deleting directory /Users/adol/IdeaProjects/pdgigs/target/maven-status/maven-compiler-plugin/compile
[INFO] Deleting directory /Users/adol/IdeaProjects/pdgigs/target/maven-status/maven-compiler-plugin
[INFO] Deleting directory /Users/adol/IdeaProjects/pdgigs/target/maven-status
[INFO] Deleting directory /Users/adol/IdeaProjects/pdgigs/target/generated-test-sources/test-annotations
[INFO] Deleting directory /Users/adol/IdeaProjects/pdgigs/target/generated-test-sources
[INFO] Deleting file /Users/adol/IdeaProjects/pdgigs/target/surefire-reports/com.pdgigs.infrastructure.adapter.input.rest.ScoreControllerDeleteTest.txt
[INFO] Deleting file /Users/adol/IdeaProjects/pdgigs/target/surefire-reports/com.pdgigs.application.service.UpdateScoreServiceTest.txt
[INFO] Deleting file /Users/adol/IdeaProjects/pdgigs/target/surefire-reports/com.pdgigs.application.service.GetScoreMetadataTest.txt
[INFO] Deleting file /Users/adol/IdeaProjects/pdgigs/target/surefire-reports/TEST-com.pdgigs.application.service.DeleteScoreServiceTest.xml
[INFO] Deleting file /Users/adol/IdeaProjects/pdgigs/target/surefire-reports/com.pdgigs.PdgigsApplicationTests.txt
[INFO] Deleting file /Users/adol/IdeaProjects/pdgigs/target/surefire-reports/com.pdgigs.application.service.GetScorePdfTest.txt
[INFO] Deleting file /Users/adol/IdeaProjects/pdgigs/target/surefire-reports/com.pdgigs.infrastructure.adapter.input.rest.ScoreControllerUpdateTest.txt
[INFO] Deleting file /Users/adol/IdeaProjects/pdgigs/target/surefire-reports/2025-11-16T14-23-13_614-jvmRun1-commands.bin
[INFO] Deleting file /Users/adol/IdeaProjects/pdgigs/target/surefire-reports/com.pdgigs.infrastructure.adapter.output.persistence.ScoreRepositoryAdapterTest.txt
[INFO] Deleting file /Users/adol/IdeaProjects/pdgigs/target/surefire-reports/TEST-com.pdgigs.infrastructure.adapter.input.rest.ScoreControllerDownloadTest.xml
[INFO] Deleting file /Users/adol/IdeaProjects/pdgigs/target/surefire-reports/TEST-com.pdgigs.infrastructure.adapter.input.rest.ScoreControllerValidationTest.xml
[INFO] Deleting file /Users/adol/IdeaProjects/pdgigs/target/surefire-reports/TEST-com.pdgigs.infrastructure.adapter.output.persistence.ScoreRepositoryAdapterTest.xml
[INFO] Deleting file /Users/adol/IdeaProjects/pdgigs/target/surefire-reports/2025-11-16T14-23-13_614-jvmRun1-events.bin
[INFO] Deleting file /Users/adol/IdeaProjects/pdgigs/target/surefire-reports/TEST-com.pdgigs.application.service.CreateScoreValidationTest.xml
[INFO] Deleting file /Users/adol/IdeaProjects/pdgigs/target/surefire-reports/TEST-com.pdgigs.application.service.UpdateScoreServiceTest.xml
[INFO] Deleting file /Users/adol/IdeaProjects/pdgigs/target/surefire-reports/com.pdgigs.application.service.CreateScoreWithPartialMetadataTest.txt
[INFO] Deleting file /Users/adol/IdeaProjects/pdgigs/target/surefire-reports/com.pdgigs.application.service.DeleteScoreServiceTest.txt
[INFO] Deleting file /Users/adol/IdeaProjects/pdgigs/target/surefire-reports/TEST-com.pdgigs.application.service.CreateScoreWithPartialMetadataTest.xml
[INFO] Deleting file /Users/adol/IdeaProjects/pdgigs/target/surefire-reports/com.pdgigs.application.service.CreateScoreWithEmptyMetadataTest.txt
[INFO] Deleting file /Users/adol/IdeaProjects/pdgigs/target/surefire-reports/TEST-com.pdgigs.infrastructure.adapter.input.rest.ScoreControllerUpdateTest.xml
[INFO] Deleting file /Users/adol/IdeaProjects/pdgigs/target/surefire-reports/TEST-com.pdgigs.application.service.CreateScoreWithCompleteMetadataTest.xml
[INFO] Deleting file /Users/adol/IdeaProjects/pdgigs/target/surefire-reports/com.pdgigs.infrastructure.adapter.input.rest.ScoreControllerValidationTest.txt
[INFO] Deleting file /Users/adol/IdeaProjects/pdgigs/target/surefire-reports/com.pdgigs.application.service.CreateScoreWithCompleteMetadataTest.txt
[INFO] Deleting file /Users/adol/IdeaProjects/pdgigs/target/surefire-reports/TEST-com.pdgigs.PdgigsApplicationTests.xml
[INFO] Deleting file /Users/adol/IdeaProjects/pdgigs/target/surefire-reports/TEST-com.pdgigs.application.service.GetScoreMetadataTest.xml
[INFO] Deleting file /Users/adol/IdeaProjects/pdgigs/target/surefire-reports/TEST-com.pdgigs.application.service.GetScorePdfTest.xml
[INFO] Deleting file /Users/adol/IdeaProjects/pdgigs/target/surefire-reports/TEST-com.pdgigs.application.service.CreateScoreWithEmptyMetadataTest.xml
[INFO] Deleting file /Users/adol/IdeaProjects/pdgigs/target/surefire-reports/TEST-com.pdgigs.infrastructure.adapter.input.rest.ScoreControllerDeleteTest.xml
[INFO] Deleting file /Users/adol/IdeaProjects/pdgigs/target/surefire-reports/com.pdgigs.infrastructure.adapter.input.rest.ScoreControllerDownloadTest.txt
[INFO] Deleting file /Users/adol/IdeaProjects/pdgigs/target/surefire-reports/com.pdgigs.application.service.CreateScoreValidationTest.txt
[INFO] Deleting directory /Users/adol/IdeaProjects/pdgigs/target/surefire-reports
[INFO] Deleting directory /Users/adol/IdeaProjects/pdgigs/target
[DEBUG] Skipping non-existing directory /Users/adol/IdeaProjects/pdgigs/target/classes
[DEBUG] Skipping non-existing directory /Users/adol/IdeaProjects/pdgigs/target/test-classes
[DEBUG] Skipping non-existing directory /Users/adol/IdeaProjects/pdgigs/target/classes
[INFO] 
[INFO] --- resources:3.3.1:resources (default-resources) @ pdgigs ---
[DEBUG] Dependency collection stats {ConflictMarker.analyzeTime=41375, ConflictMarker.markTime=11916, ConflictMarker.nodeCount=13, ConflictIdSorter.graphTime=25083, ConflictIdSorter.topsortTime=6542, ConflictIdSorter.conflictIdCount=9, ConflictIdSorter.conflictIdCycleCount=0, ConflictResolver.totalTime=100708, ConflictResolver.conflictItemCount=13, DfDependencyCollector.collectTime=16211375, DfDependencyCollector.transformTime=194417}
[DEBUG] org.apache.maven.plugins:maven-resources-plugin:jar:3.3.1
[DEBUG]    org.codehaus.plexus:plexus-interpolation:jar:1.26:runtime
[DEBUG]    org.codehaus.plexus:plexus-utils:jar:3.5.1:compile
[DEBUG]    org.apache.maven.shared:maven-filtering:jar:3.3.1:compile
[DEBUG]       javax.inject:javax.inject:jar:1:compile
[DEBUG]       org.slf4j:slf4j-api:jar:1.7.36:compile
[DEBUG]       org.sonatype.plexus:plexus-build-api:jar:0.0.7:compile
[DEBUG]    commons-io:commons-io:jar:2.11.0:compile
[DEBUG]    org.apache.commons:commons-lang3:jar:3.12.0:compile
[DEBUG] Created new class realm plugin>org.apache.maven.plugins:maven-resources-plugin:3.3.1
[DEBUG] Importing foreign packages into class realm plugin>org.apache.maven.plugins:maven-resources-plugin:3.3.1
[DEBUG]   Imported:  < maven.api
[DEBUG] Populating class realm plugin>org.apache.maven.plugins:maven-resources-plugin:3.3.1
[DEBUG]   Included: org.apache.maven.plugins:maven-resources-plugin:jar:3.3.1
[DEBUG]   Included: org.codehaus.plexus:plexus-interpolation:jar:1.26
[DEBUG]   Included: org.codehaus.plexus:plexus-utils:jar:3.5.1
[DEBUG]   Included: org.apache.maven.shared:maven-filtering:jar:3.3.1
[DEBUG]   Included: org.sonatype.plexus:plexus-build-api:jar:0.0.7
[DEBUG]   Included: commons-io:commons-io:jar:2.11.0
[DEBUG]   Included: org.apache.commons:commons-lang3:jar:3.12.0
[DEBUG] Loading mojo org.apache.maven.plugins:maven-resources-plugin:3.3.1:resources from plugin realm ClassRealm[plugin>org.apache.maven.plugins:maven-resources-plugin:3.3.1, parent: jdk.internal.loader.ClassLoaders$AppClassLoader@5bc2b487]
[DEBUG] Configuring mojo execution 'org.apache.maven.plugins:maven-resources-plugin:3.3.1:resources:default-resources' with basic configurator -->
[DEBUG]   (f) addDefaultExcludes = true
[DEBUG]   (f) buildFilters = []
[DEBUG]   (s) delimiters = [@]
[DEBUG]   (f) encoding = UTF-8
[DEBUG]   (f) escapeWindowsPaths = true
[DEBUG]   (f) fileNameFiltering = false
[DEBUG]   (s) includeEmptyDirs = false
[DEBUG]   (s) outputDirectory = /Users/adol/IdeaProjects/pdgigs/target/classes
[DEBUG]   (s) overwrite = false
[DEBUG]   (f) project = MavenProject: com.pdgigs:pdgigs:0.0.1-SNAPSHOT @ /Users/adol/IdeaProjects/pdgigs/pom.xml
[DEBUG]   (f) propertiesEncoding = UTF-8
[DEBUG]   (s) resources = [Resource {targetPath: null, filtering: true, FileSet {directory: /Users/adol/IdeaProjects/pdgigs/src/main/resources, PatternSet [includes: {**/application*.yml, **/application*.yaml, **/application*.properties}, excludes: {}]}}, Resource {targetPath: null, filtering: false, FileSet {directory: /Users/adol/IdeaProjects/pdgigs/src/main/resources, PatternSet [includes: {}, excludes: {**/application*.yml, **/application*.yaml, **/application*.properties}]}}]
[DEBUG]   (f) session = org.apache.maven.execution.MavenSession@58472096
[DEBUG]   (f) skip = false
[DEBUG]   (f) supportMultiLineFiltering = false
[DEBUG]   (f) useBuildFilters = true
[DEBUG]   (s) useDefaultDelimiters = false
[DEBUG] -- end configuration --
[DEBUG] properties used:
[DEBUG] activemq.version: 6.1.8
[DEBUG] angus-mail.version: 2.0.5
[DEBUG] apple.awt.application.name: Launcher
[DEBUG] artemis.version: 2.40.0
[DEBUG] aspectj.version: 1.9.24
[DEBUG] assertj.version: 3.27.6
[DEBUG] awaitility.version: 4.2.2
[DEBUG] brave.version: 6.1.0
[DEBUG] build-helper-maven-plugin.version: 3.6.1
[DEBUG] byte-buddy.version: 1.17.8
[DEBUG] cache2k.version: 2.6.1.Final
[DEBUG] caffeine.version: 3.2.2
[DEBUG] cassandra-driver.version: 4.19.1
[DEBUG] classmate.version: 1.7.1
[DEBUG] classworlds.conf: /opt/homebrew/Cellar/maven/3.9.11/libexec/bin/m2.conf
[DEBUG] commons-codec.version: 1.18.0
[DEBUG] commons-dbcp2.version: 2.13.0
[DEBUG] commons-lang3.version: 3.17.0
[DEBUG] commons-pool.version: 1.6
[DEBUG] commons-pool2.version: 2.12.1
[DEBUG] couchbase-client.version: 3.8.3
[DEBUG] crac.version: 1.5.0
[DEBUG] cyclonedx-maven-plugin.version: 2.9.1
[DEBUG] db2-jdbc.version: 12.1.2.0
[DEBUG] dependency-management-plugin.version: 1.1.7
[DEBUG] derby.version: 10.16.1.1
[DEBUG] ehcache3.version: 3.10.9
[DEBUG] elasticsearch-client.version: 8.18.8
[DEBUG] env.COMMAND_MODE: unix2003
[DEBUG] env.FIG_TERM: 1
[DEBUG] env.HOME: /Users/adol
[DEBUG] env.INTELLIJ_TERMINAL_COMMAND_BLOCKS_REWORKED: 1
[DEBUG] env.JAVA_HOME: /opt/homebrew/opt/openjdk/libexec/openjdk.jdk/Contents/Home
[DEBUG] env.LC_CTYPE: UTF-8
[DEBUG] env.LOGNAME: adol
[DEBUG] env.MAVEN_CMD_LINE_ARGS:  clean test -X
[DEBUG] env.MAVEN_PROJECTBASEDIR: /Users/adol/IdeaProjects/pdgigs
[DEBUG] env.OLDPWD: /Users/adol/IdeaProjects/pdgigs
[DEBUG] env.OSLogRateLimit: 64
[DEBUG] env.PATH: /usr/local/bin:/System/Cryptexes/App/usr/bin:/usr/bin:/bin:/usr/sbin:/sbin:/var/run/com.apple.security.cryptexd/codex.system/bootstrap/usr/local/bin:/var/run/com.apple.security.cryptexd/codex.system/bootstrap/usr/bin:/var/run/com.apple.security.cryptexd/codex.system/bootstrap/usr/appleinternal/bin:/opt/pmk/env/global/bin:/opt/homebrew/bin
[DEBUG] env.PROCESS_LAUNCHED_BY_CW: 1
[DEBUG] env.PROCESS_LAUNCHED_BY_Q: 1
[DEBUG] env.PWD: /Users/adol/IdeaProjects/pdgigs
[DEBUG] env.SHELL: /bin/zsh
[DEBUG] env.SHLVL: 1
[DEBUG] env.SSH_AUTH_SOCK: /private/tmp/com.apple.launchd.0lAnFoxc8G/Listeners
[DEBUG] env.TERM: xterm-256color
[DEBUG] env.TERMINAL_EMULATOR: JetBrains-JediTerm
[DEBUG] env.TERM_SESSION_ID: 1a6127e4-7be3-48e9-921c-d2e35724f58a
[DEBUG] env.TMPDIR: /var/folders/6p/66m9nj857bs93d21jbk9j6qw0000gn/T/
[DEBUG] env.USER: adol
[DEBUG] env.XPC_FLAGS: 0x0
[DEBUG] env.XPC_SERVICE_NAME: 0
[DEBUG] env.__CFBundleIdentifier: com.jetbrains.intellij.ce
[DEBUG] env.__CF_USER_TEXT_ENCODING: 0x1F5:0x0:0x8
[DEBUG] file.encoding: UTF-8
[DEBUG] file.separator: /
[DEBUG] flyway.version: 11.7.2
[DEBUG] freemarker.version: 2.3.34
[DEBUG] ftp.nonProxyHosts: local|*.local|169.254/16|*.169.254/16
[DEBUG] git-commit-id-maven-plugin.version: 9.0.2
[DEBUG] glassfish-jaxb.version: 4.0.6
[DEBUG] glassfish-jstl.version: 3.0.1
[DEBUG] graphql-java.version: 24.3
[DEBUG] groovy.version: 4.0.29
[DEBUG] gson.version: 2.13.2
[DEBUG] h2.version: 2.3.232
[DEBUG] hamcrest.version: 3.0
[DEBUG] hazelcast.version: 5.5.0
[DEBUG] hibernate-validator.version: 8.0.3.Final
[DEBUG] hibernate.version: 6.6.33.Final
[DEBUG] hikaricp.version: 6.3.3
[DEBUG] hsqldb.version: 2.7.3
[DEBUG] htmlunit.version: 4.11.1
[DEBUG] http.nonProxyHosts: local|*.local|169.254/16|*.169.254/16
[DEBUG] httpasyncclient.version: 4.1.5
[DEBUG] httpclient5.version: 5.5.1
[DEBUG] httpcore.version: 4.4.16
[DEBUG] httpcore5.version: 5.3.6
[DEBUG] infinispan.version: 15.2.6.Final
[DEBUG] influxdb-java.version: 2.25
[DEBUG] jackson-bom.version: 2.19.2
[DEBUG] jakarta-activation.version: 2.1.4
[DEBUG] jakarta-annotation.version: 2.1.1
[DEBUG] jakarta-inject.version: 2.0.1
[DEBUG] jakarta-jms.version: 3.1.0
[DEBUG] jakarta-json-bind.version: 3.0.1
[DEBUG] jakarta-json.version: 2.1.3
[DEBUG] jakarta-mail.version: 2.1.5
[DEBUG] jakarta-management.version: 1.1.4
[DEBUG] jakarta-persistence.version: 3.1.0
[DEBUG] jakarta-servlet-jsp-jstl.version: 3.0.2
[DEBUG] jakarta-servlet.version: 6.0.0
[DEBUG] jakarta-transaction.version: 2.0.1
[DEBUG] jakarta-validation.version: 3.0.2
[DEBUG] jakarta-websocket.version: 2.1.1
[DEBUG] jakarta-ws-rs.version: 3.1.0
[DEBUG] jakarta-xml-bind.version: 4.0.4
[DEBUG] jakarta-xml-soap.version: 3.0.2
[DEBUG] jakarta-xml-ws.version: 4.0.2
[DEBUG] janino.version: 3.1.12
[DEBUG] java.class.path: /opt/homebrew/Cellar/maven/3.9.11/libexec/boot/plexus-classworlds-2.9.0.jar
[DEBUG] java.class.version: 68.0
[DEBUG] java.home: /opt/homebrew/Cellar/openjdk/24.0.2/libexec/openjdk.jdk/Contents/Home
[DEBUG] java.io.tmpdir: /var/folders/6p/66m9nj857bs93d21jbk9j6qw0000gn/T/
[DEBUG] java.library.path: /Users/adol/Library/Java/Extensions:/Library/Java/Extensions:/Network/Library/Java/Extensions:/System/Library/Java/Extensions:/usr/lib/java:.
[DEBUG] java.runtime.name: OpenJDK Runtime Environment
[DEBUG] java.runtime.version: 24.0.2
[DEBUG] java.specification.name: Java Platform API Specification
[DEBUG] java.specification.vendor: Oracle Corporation
[DEBUG] java.specification.version: 24
[DEBUG] java.vendor: Homebrew
[DEBUG] java.vendor.url: https://github.com/Homebrew/homebrew-core/issues
[DEBUG] java.vendor.url.bug: https://github.com/Homebrew/homebrew-core/issues
[DEBUG] java.vendor.version: Homebrew
[DEBUG] java.version: 24.0.2
[DEBUG] java.version.date: 2025-07-15
[DEBUG] java.vm.compressedOopsMode: Zero based
[DEBUG] java.vm.info: mixed mode, sharing
[DEBUG] java.vm.name: OpenJDK 64-Bit Server VM
[DEBUG] java.vm.specification.name: Java Virtual Machine Specification
[DEBUG] java.vm.specification.vendor: Oracle Corporation
[DEBUG] java.vm.specification.version: 24
[DEBUG] java.vm.vendor: Homebrew
[DEBUG] java.vm.version: 24.0.2
[DEBUG] javax-cache.version: 1.1.1
[DEBUG] javax-money.version: 1.1
[DEBUG] jaxen.version: 2.0.0
[DEBUG] jaybird.version: 6.0.3
[DEBUG] jboss-logging.version: 3.6.1.Final
[DEBUG] jdk.debug: release
[DEBUG] jdom2.version: 2.0.6.1
[DEBUG] jedis.version: 6.0.0
[DEBUG] jersey.version: 3.1.11
[DEBUG] jetty-reactive-httpclient.version: 4.0.12
[DEBUG] jetty.version: 12.0.29
[DEBUG] jmustache.version: 1.16
[DEBUG] jooq.version: 3.19.27
[DEBUG] json-path.version: 2.9.0
[DEBUG] json-smart.version: 2.5.2
[DEBUG] jsonassert.version: 1.5.3
[DEBUG] jtds.version: 1.3.1
[DEBUG] junit-jupiter.version: 5.12.2
[DEBUG] junit.version: 4.13.2
[DEBUG] kafka.version: 3.9.1
[DEBUG] kotlin-coroutines.version: 1.8.1
[DEBUG] kotlin-serialization.version: 1.6.3
[DEBUG] kotlin.version: 1.9.25
[DEBUG] lettuce.version: 6.6.0.RELEASE
[DEBUG] library.jansi.path: /opt/homebrew/Cellar/maven/3.9.11/libexec/lib/jansi-native
[DEBUG] line.separator: 

[DEBUG] liquibase.version: 4.31.1
[DEBUG] log4j2.version: 2.24.3
[DEBUG] logback.version: 1.5.20
[DEBUG] lombok.version: 1.18.42
[DEBUG] mariadb.version: 3.5.6
[DEBUG] maven-antrun-plugin.version: 3.1.0
[DEBUG] maven-assembly-plugin.version: 3.7.1
[DEBUG] maven-clean-plugin.version: 3.4.1
[DEBUG] maven-compiler-plugin.version: 3.14.1
[DEBUG] maven-dependency-plugin.version: 3.8.1
[DEBUG] maven-deploy-plugin.version: 3.1.4
[DEBUG] maven-enforcer-plugin.version: 3.5.0
[DEBUG] maven-failsafe-plugin.version: 3.5.4
[DEBUG] maven-help-plugin.version: 3.5.1
[DEBUG] maven-install-plugin.version: 3.1.4
[DEBUG] maven-invoker-plugin.version: 3.9.1
[DEBUG] maven-jar-plugin.version: 3.4.2
[DEBUG] maven-javadoc-plugin.version: 3.11.3
[DEBUG] maven-resources-plugin.version: 3.3.1
[DEBUG] maven-shade-plugin.version: 3.6.1
[DEBUG] maven-source-plugin.version: 3.3.1
[DEBUG] maven-surefire-plugin.version: 3.5.4
[DEBUG] maven-war-plugin.version: 3.4.0
[DEBUG] maven.build.timestamp: 2025-11-16T13:23:29Z
[DEBUG] maven.build.version: Apache Maven 3.9.11 (3e54c93a704957b63ee3494413a2b544fd3d825b)
[DEBUG] maven.compiler.release: 21
[DEBUG] maven.conf: /opt/homebrew/Cellar/maven/3.9.11/libexec/conf
[DEBUG] maven.home: /opt/homebrew/Cellar/maven/3.9.11/libexec
[DEBUG] maven.multiModuleProjectDirectory: /Users/adol/IdeaProjects/pdgigs
[DEBUG] maven.version: 3.9.11
[DEBUG] micrometer-tracing.version: 1.5.5
[DEBUG] micrometer.version: 1.15.5
[DEBUG] mockito.version: 5.17.0
[DEBUG] mongodb.version: 5.5.2
[DEBUG] mssql-jdbc.version: 12.10.2.jre11
[DEBUG] mysql.version: 9.4.0
[DEBUG] native-build-tools-plugin.version: 0.10.6
[DEBUG] native.encoding: UTF-8
[DEBUG] nekohtml.version: 1.9.22
[DEBUG] neo4j-java-driver.version: 5.28.9
[DEBUG] netty.version: 4.1.128.Final
[DEBUG] opentelemetry.version: 1.49.0
[DEBUG] oracle-database.version: 23.7.0.25.01
[DEBUG] oracle-r2dbc.version: 1.3.0
[DEBUG] os.arch: aarch64
[DEBUG] os.name: Mac OS X
[DEBUG] os.version: 26.1
[DEBUG] path.separator: :
[DEBUG] pooled-jms.version: 3.1.7
[DEBUG] postgresql.version: 42.7.8
[DEBUG] project.baseUri: file:/Users/adol/IdeaProjects/pdgigs/
[DEBUG] project.build.sourceEncoding: UTF-8
[DEBUG] project.reporting.outputEncoding: UTF-8
[DEBUG] prometheus-client.version: 1.3.10
[DEBUG] prometheus-simpleclient.version: 0.16.0
[DEBUG] pulsar-reactive.version: 0.6.0
[DEBUG] pulsar.version: 4.0.7
[DEBUG] quartz.version: 2.5.0
[DEBUG] querydsl.version: 5.1.0
[DEBUG] r2dbc-h2.version: 1.0.1.RELEASE
[DEBUG] r2dbc-mariadb.version: 1.3.0
[DEBUG] r2dbc-mssql.version: 1.0.3.RELEASE
[DEBUG] r2dbc-mysql.version: 1.4.1
[DEBUG] r2dbc-pool.version: 1.0.2.RELEASE
[DEBUG] r2dbc-postgresql.version: 1.0.8.RELEASE
[DEBUG] r2dbc-proxy.version: 1.1.6.RELEASE
[DEBUG] r2dbc-spi.version: 1.0.0.RELEASE
[DEBUG] rabbit-amqp-client.version: 5.25.0
[DEBUG] rabbit-stream-client.version: 0.23.0
[DEBUG] reactive-streams.version: 1.0.4
[DEBUG] reactor-bom.version: 2024.0.11
[DEBUG] resource.delimiter: @
[DEBUG] rest-assured.version: 5.5.6
[DEBUG] rsocket.version: 1.1.5
[DEBUG] rxjava3.version: 3.1.12
[DEBUG] saaj-impl.version: 3.0.4
[DEBUG] selenium-htmlunit.version: 4.30.0
[DEBUG] selenium.version: 4.31.0
[DEBUG] sendgrid.version: 4.10.3
[DEBUG] slf4j.version: 2.0.17
[DEBUG] snakeyaml.version: 2.4
[DEBUG] socksNonProxyHosts: local|*.local|169.254/16|*.169.254/16
[DEBUG] spring-amqp.version: 3.2.8
[DEBUG] spring-authorization-server.version: 1.5.3
[DEBUG] spring-batch.version: 5.2.4
[DEBUG] spring-boot.run.main-class: ${start-class}
[DEBUG] spring-data-bom.version: 2025.0.5
[DEBUG] spring-framework.version: 6.2.12
[DEBUG] spring-graphql.version: 1.4.3
[DEBUG] spring-hateoas.version: 2.5.1
[DEBUG] spring-integration.version: 6.5.3
[DEBUG] spring-kafka.version: 3.3.10
[DEBUG] spring-ldap.version: 3.3.4
[DEBUG] spring-pulsar.version: 1.2.11
[DEBUG] spring-restdocs.version: 3.0.5
[DEBUG] spring-retry.version: 2.0.12
[DEBUG] spring-security.version: 6.5.6
[DEBUG] spring-session.version: 3.5.3
[DEBUG] spring-ws.version: 4.1.2
[DEBUG] sqlite-jdbc.version: 3.49.1.0
[DEBUG] stderr.encoding: UTF-8
[DEBUG] stdout.encoding: UTF-8
[DEBUG] sun.arch.data.model: 64
[DEBUG] sun.boot.library.path: /opt/homebrew/Cellar/openjdk/24.0.2/libexec/openjdk.jdk/Contents/Home/lib
[DEBUG] sun.cpu.endian: little
[DEBUG] sun.io.unicode.encoding: UnicodeBig
[DEBUG] sun.java.command: org.codehaus.plexus.classworlds.launcher.Launcher clean test -X
[DEBUG] sun.java.launcher: SUN_STANDARD
[DEBUG] sun.jnu.encoding: UTF-8
[DEBUG] sun.management.compiler: HotSpot 64-Bit Tiered Compilers
[DEBUG] testcontainers-redis-module.version: 2.2.4
[DEBUG] testcontainers.version: 1.21.3
[DEBUG] thymeleaf-extras-data-attribute.version: 2.0.1
[DEBUG] thymeleaf-extras-springsecurity.version: 3.1.3.RELEASE
[DEBUG] thymeleaf-layout-dialect.version: 3.4.0
[DEBUG] thymeleaf.version: 3.1.3.RELEASE
[DEBUG] tomcat.version: 10.1.48
[DEBUG] unboundid-ldapsdk.version: 7.0.3
[DEBUG] undertow.version: 2.3.20.Final
[DEBUG] user.country: ES
[DEBUG] user.dir: /Users/adol/IdeaProjects/pdgigs
[DEBUG] user.home: /Users/adol
[DEBUG] user.language: es
[DEBUG] user.name: adol
[DEBUG] versions-maven-plugin.version: 2.18.0
[DEBUG] vibur.version: 26.0
[DEBUG] webjars-locator-core.version: 0.59
[DEBUG] webjars-locator-lite.version: 1.1.2
[DEBUG] wsdl4j.version: 1.6.3
[DEBUG] xml-maven-plugin.version: 1.1.0
[DEBUG] xmlunit2.version: 2.10.4
[DEBUG] yasson.version: 3.0.4
[DEBUG] zipkin-reporter.version: 3.5.1
[DEBUG] Using 'UTF-8' encoding to copy filtered resources.
[DEBUG] Using 'UTF-8' encoding to copy filtered properties files.
[DEBUG] resource with targetPath null
directory /Users/adol/IdeaProjects/pdgigs/src/main/resources
excludes []
includes [**/application*.yml, **/application*.yaml, **/application*.properties]
[DEBUG] ignoreDelta true
[INFO] Copying 2 resources from src/main/resources to target/classes
[DEBUG] Copying file application.yml
[DEBUG] file application.yml has a filtered file extension
[DEBUG] Using 'UTF-8' encoding to copy filtered resource 'application.yml'.
[DEBUG] filtering /Users/adol/IdeaProjects/pdgigs/src/main/resources/application.yml to /Users/adol/IdeaProjects/pdgigs/target/classes/application.yml
[DEBUG] Copying file application.properties
[DEBUG] file application.properties has a filtered file extension
[DEBUG] Using 'UTF-8' encoding to copy filtered resource 'application.properties'.
[DEBUG] filtering /Users/adol/IdeaProjects/pdgigs/src/main/resources/application.properties to /Users/adol/IdeaProjects/pdgigs/target/classes/application.properties
[DEBUG] resource with targetPath null
directory /Users/adol/IdeaProjects/pdgigs/src/main/resources
excludes [**/application*.yml, **/application*.yaml, **/application*.properties]
includes []
[DEBUG] ignoreDelta true
[INFO] Copying 0 resource from src/main/resources to target/classes
[DEBUG] no user filter components
[INFO] 
[INFO] --- compiler:3.14.1:compile (default-compile) @ pdgigs ---
[DEBUG] Using mirror maven-default-http-blocker (http://0.0.0.0/) for apache.snapshots (http://repository.apache.org/snapshots).
[DEBUG] Dependency collection stats {ConflictMarker.analyzeTime=31000, ConflictMarker.markTime=15375, ConflictMarker.nodeCount=23, ConflictIdSorter.graphTime=6250, ConflictIdSorter.topsortTime=9209, ConflictIdSorter.conflictIdCount=14, ConflictIdSorter.conflictIdCycleCount=0, ConflictResolver.totalTime=85584, ConflictResolver.conflictItemCount=23, DfDependencyCollector.collectTime=16187167, DfDependencyCollector.transformTime=158083}
[DEBUG] org.apache.maven.plugins:maven-compiler-plugin:jar:3.14.1
[DEBUG]    org.ow2.asm:asm:jar:9.8:compile
[DEBUG]    org.apache.maven.shared:maven-shared-utils:jar:3.4.2:compile
[DEBUG]       org.slf4j:slf4j-api:jar:1.7.36:compile
[DEBUG]       commons-io:commons-io:jar:2.11.0:compile
[DEBUG]    org.apache.maven.shared:maven-shared-incremental:jar:1.1:compile
[DEBUG]    org.codehaus.plexus:plexus-java:jar:1.5.0:compile
[DEBUG]       com.thoughtworks.qdox:qdox:jar:2.2.0:compile
[DEBUG]    org.codehaus.plexus:plexus-compiler-api:jar:2.15.0:compile
[DEBUG]    org.codehaus.plexus:plexus-compiler-manager:jar:2.15.0:compile
[DEBUG]       javax.inject:javax.inject:jar:1:compile
[DEBUG]       org.codehaus.plexus:plexus-xml:jar:3.0.1:compile (version managed from default)
[DEBUG]    org.codehaus.plexus:plexus-compiler-javac:jar:2.15.0:runtime
[DEBUG]    org.codehaus.plexus:plexus-utils:jar:4.0.2:compile
[DEBUG] Created new class realm plugin>org.apache.maven.plugins:maven-compiler-plugin:3.14.1
[DEBUG] Importing foreign packages into class realm plugin>org.apache.maven.plugins:maven-compiler-plugin:3.14.1
[DEBUG]   Imported:  < maven.api
[DEBUG] Populating class realm plugin>org.apache.maven.plugins:maven-compiler-plugin:3.14.1
[DEBUG]   Included: org.apache.maven.plugins:maven-compiler-plugin:jar:3.14.1
[DEBUG]   Included: org.ow2.asm:asm:jar:9.8
[DEBUG]   Included: org.apache.maven.shared:maven-shared-utils:jar:3.4.2
[DEBUG]   Included: commons-io:commons-io:jar:2.11.0
[DEBUG]   Included: org.apache.maven.shared:maven-shared-incremental:jar:1.1
[DEBUG]   Included: org.codehaus.plexus:plexus-java:jar:1.5.0
[DEBUG]   Included: com.thoughtworks.qdox:qdox:jar:2.2.0
[DEBUG]   Included: org.codehaus.plexus:plexus-compiler-api:jar:2.15.0
[DEBUG]   Included: org.codehaus.plexus:plexus-compiler-manager:jar:2.15.0
[DEBUG]   Included: org.codehaus.plexus:plexus-xml:jar:3.0.1
[DEBUG]   Included: org.codehaus.plexus:plexus-compiler-javac:jar:2.15.0
[DEBUG]   Included: org.codehaus.plexus:plexus-utils:jar:4.0.2
[DEBUG] Loading mojo org.apache.maven.plugins:maven-compiler-plugin:3.14.1:compile from plugin realm ClassRealm[plugin>org.apache.maven.plugins:maven-compiler-plugin:3.14.1, parent: jdk.internal.loader.ClassLoaders$AppClassLoader@5bc2b487]
[DEBUG] Configuring mojo execution 'org.apache.maven.plugins:maven-compiler-plugin:3.14.1:compile:default-compile' with basic configurator -->
[DEBUG]   (s) groupId = org.projectlombok
[DEBUG]   (s) artifactId = lombok
[DEBUG]   (f) annotationProcessorPaths = [org.projectlombok:lombok.jar]
[DEBUG]   (f) annotationProcessorPathsUseDepMgmt = false
[DEBUG]   (f) basedir = /Users/adol/IdeaProjects/pdgigs
[DEBUG]   (f) buildDirectory = /Users/adol/IdeaProjects/pdgigs/target
[DEBUG]   (f) compilePath = [/Users/adol/IdeaProjects/pdgigs/target/classes, /Users/adol/.m2/repository/org/springframework/boot/spring-boot-starter-data-mongodb-reactive/3.5.7/spring-boot-starter-data-mongodb-reactive-3.5.7.jar, /Users/adol/.m2/repository/org/springframework/boot/spring-boot-starter/3.5.7/spring-boot-starter-3.5.7.jar, /Users/adol/.m2/repository/org/springframework/boot/spring-boot-starter-logging/3.5.7/spring-boot-starter-logging-3.5.7.jar, /Users/adol/.m2/repository/ch/qos/logback/logback-classic/1.5.20/logback-classic-1.5.20.jar, /Users/adol/.m2/repository/ch/qos/logback/logback-core/1.5.20/logback-core-1.5.20.jar, /Users/adol/.m2/repository/org/apache/logging/log4j/log4j-to-slf4j/2.24.3/log4j-to-slf4j-2.24.3.jar, /Users/adol/.m2/repository/org/apache/logging/log4j/log4j-api/2.24.3/log4j-api-2.24.3.jar, /Users/adol/.m2/repository/org/slf4j/jul-to-slf4j/2.0.17/jul-to-slf4j-2.0.17.jar, /Users/adol/.m2/repository/jakarta/annotation/jakarta.annotation-api/2.1.1/jakarta.annotation-api-2.1.1.jar, /Users/adol/.m2/repository/org/yaml/snakeyaml/2.4/snakeyaml-2.4.jar, /Users/adol/.m2/repository/io/projectreactor/reactor-core/3.7.12/reactor-core-3.7.12.jar, /Users/adol/.m2/repository/org/reactivestreams/reactive-streams/1.0.4/reactive-streams-1.0.4.jar, /Users/adol/.m2/repository/org/mongodb/mongodb-driver-reactivestreams/5.5.2/mongodb-driver-reactivestreams-5.5.2.jar, /Users/adol/.m2/repository/org/mongodb/bson/5.5.2/bson-5.5.2.jar, /Users/adol/.m2/repository/org/mongodb/mongodb-driver-core/5.5.2/mongodb-driver-core-5.5.2.jar, /Users/adol/.m2/repository/org/springframework/data/spring-data-mongodb/4.5.5/spring-data-mongodb-4.5.5.jar, /Users/adol/.m2/repository/org/springframework/spring-tx/6.2.12/spring-tx-6.2.12.jar, /Users/adol/.m2/repository/org/springframework/spring-context/6.2.12/spring-context-6.2.12.jar, /Users/adol/.m2/repository/org/springframework/spring-beans/6.2.12/spring-beans-6.2.12.jar, /Users/adol/.m2/repository/org/springframework/spring-expression/6.2.12/spring-expression-6.2.12.jar, /Users/adol/.m2/repository/org/springframework/data/spring-data-commons/3.5.5/spring-data-commons-3.5.5.jar, /Users/adol/.m2/repository/org/springframework/boot/spring-boot-starter-security/3.5.7/spring-boot-starter-security-3.5.7.jar, /Users/adol/.m2/repository/org/springframework/spring-aop/6.2.12/spring-aop-6.2.12.jar, /Users/adol/.m2/repository/org/springframework/security/spring-security-config/6.5.6/spring-security-config-6.5.6.jar, /Users/adol/.m2/repository/org/springframework/security/spring-security-web/6.5.6/spring-security-web-6.5.6.jar, /Users/adol/.m2/repository/org/springframework/boot/spring-boot-starter-validation/3.5.7/spring-boot-starter-validation-3.5.7.jar, /Users/adol/.m2/repository/org/apache/tomcat/embed/tomcat-embed-el/10.1.48/tomcat-embed-el-10.1.48.jar, /Users/adol/.m2/repository/org/hibernate/validator/hibernate-validator/8.0.3.Final/hibernate-validator-8.0.3.Final.jar, /Users/adol/.m2/repository/jakarta/validation/jakarta.validation-api/3.0.2/jakarta.validation-api-3.0.2.jar, /Users/adol/.m2/repository/org/jboss/logging/jboss-logging/3.6.1.Final/jboss-logging-3.6.1.Final.jar, /Users/adol/.m2/repository/com/fasterxml/classmate/1.7.1/classmate-1.7.1.jar, /Users/adol/.m2/repository/org/springframework/boot/spring-boot-starter-webflux/3.5.7/spring-boot-starter-webflux-3.5.7.jar, /Users/adol/.m2/repository/org/springframework/boot/spring-boot-starter-json/3.5.7/spring-boot-starter-json-3.5.7.jar, /Users/adol/.m2/repository/com/fasterxml/jackson/core/jackson-databind/2.19.2/jackson-databind-2.19.2.jar, /Users/adol/.m2/repository/com/fasterxml/jackson/core/jackson-core/2.19.2/jackson-core-2.19.2.jar, /Users/adol/.m2/repository/com/fasterxml/jackson/datatype/jackson-datatype-jdk8/2.19.2/jackson-datatype-jdk8-2.19.2.jar, /Users/adol/.m2/repository/com/fasterxml/jackson/datatype/jackson-datatype-jsr310/2.19.2/jackson-datatype-jsr310-2.19.2.jar, /Users/adol/.m2/repository/com/fasterxml/jackson/module/jackson-module-parameter-names/2.19.2/jackson-module-parameter-names-2.19.2.jar, /Users/adol/.m2/repository/org/springframework/boot/spring-boot-starter-reactor-netty/3.5.7/spring-boot-starter-reactor-netty-3.5.7.jar, /Users/adol/.m2/repository/io/projectreactor/netty/reactor-netty-http/1.2.11/reactor-netty-http-1.2.11.jar, /Users/adol/.m2/repository/io/netty/netty-codec-http/4.1.128.Final/netty-codec-http-4.1.128.Final.jar, /Users/adol/.m2/repository/io/netty/netty-common/4.1.128.Final/netty-common-4.1.128.Final.jar, /Users/adol/.m2/repository/io/netty/netty-buffer/4.1.128.Final/netty-buffer-4.1.128.Final.jar, /Users/adol/.m2/repository/io/netty/netty-transport/4.1.128.Final/netty-transport-4.1.128.Final.jar, /Users/adol/.m2/repository/io/netty/netty-codec/4.1.128.Final/netty-codec-4.1.128.Final.jar, /Users/adol/.m2/repository/io/netty/netty-handler/4.1.128.Final/netty-handler-4.1.128.Final.jar, /Users/adol/.m2/repository/io/netty/netty-codec-http2/4.1.128.Final/netty-codec-http2-4.1.128.Final.jar, /Users/adol/.m2/repository/io/netty/netty-resolver-dns/4.1.128.Final/netty-resolver-dns-4.1.128.Final.jar, /Users/adol/.m2/repository/io/netty/netty-resolver/4.1.128.Final/netty-resolver-4.1.128.Final.jar, /Users/adol/.m2/repository/io/netty/netty-codec-dns/4.1.128.Final/netty-codec-dns-4.1.128.Final.jar, /Users/adol/.m2/repository/io/netty/netty-resolver-dns-native-macos/4.1.128.Final/netty-resolver-dns-native-macos-4.1.128.Final-osx-x86_64.jar, /Users/adol/.m2/repository/io/netty/netty-resolver-dns-classes-macos/4.1.128.Final/netty-resolver-dns-classes-macos-4.1.128.Final.jar, /Users/adol/.m2/repository/io/netty/netty-transport-native-epoll/4.1.128.Final/netty-transport-native-epoll-4.1.128.Final-linux-x86_64.jar, /Users/adol/.m2/repository/io/netty/netty-transport-native-unix-common/4.1.128.Final/netty-transport-native-unix-common-4.1.128.Final.jar, /Users/adol/.m2/repository/io/netty/netty-transport-classes-epoll/4.1.128.Final/netty-transport-classes-epoll-4.1.128.Final.jar, /Users/adol/.m2/repository/io/projectreactor/netty/reactor-netty-core/1.2.11/reactor-netty-core-1.2.11.jar, /Users/adol/.m2/repository/io/netty/netty-handler-proxy/4.1.128.Final/netty-handler-proxy-4.1.128.Final.jar, /Users/adol/.m2/repository/io/netty/netty-codec-socks/4.1.128.Final/netty-codec-socks-4.1.128.Final.jar, /Users/adol/.m2/repository/org/springframework/spring-web/6.2.12/spring-web-6.2.12.jar, /Users/adol/.m2/repository/io/micrometer/micrometer-observation/1.15.5/micrometer-observation-1.15.5.jar, /Users/adol/.m2/repository/io/micrometer/micrometer-commons/1.15.5/micrometer-commons-1.15.5.jar, /Users/adol/.m2/repository/org/springframework/spring-webflux/6.2.12/spring-webflux-6.2.12.jar, /Users/adol/.m2/repository/org/springframework/boot/spring-boot/3.5.7/spring-boot-3.5.7.jar, /Users/adol/.m2/repository/org/springframework/boot/spring-boot-autoconfigure/3.5.7/spring-boot-autoconfigure-3.5.7.jar, /Users/adol/.m2/repository/org/projectlombok/lombok/1.18.42/lombok-1.18.42.jar, /Users/adol/.m2/repository/org/springdoc/springdoc-openapi-starter-webflux-ui/2.8.13/springdoc-openapi-starter-webflux-ui-2.8.13.jar, /Users/adol/.m2/repository/org/springdoc/springdoc-openapi-starter-webflux-api/2.8.13/springdoc-openapi-starter-webflux-api-2.8.13.jar, /Users/adol/.m2/repository/org/springdoc/springdoc-openapi-starter-common/2.8.13/springdoc-openapi-starter-common-2.8.13.jar, /Users/adol/.m2/repository/io/swagger/core/v3/swagger-core-jakarta/2.2.36/swagger-core-jakarta-2.2.36.jar, /Users/adol/.m2/repository/org/apache/commons/commons-lang3/3.17.0/commons-lang3-3.17.0.jar, /Users/adol/.m2/repository/io/swagger/core/v3/swagger-annotations-jakarta/2.2.36/swagger-annotations-jakarta-2.2.36.jar, /Users/adol/.m2/repository/io/swagger/core/v3/swagger-models-jakarta/2.2.36/swagger-models-jakarta-2.2.36.jar, /Users/adol/.m2/repository/com/fasterxml/jackson/dataformat/jackson-dataformat-yaml/2.19.2/jackson-dataformat-yaml-2.19.2.jar, /Users/adol/.m2/repository/org/webjars/swagger-ui/5.28.1/swagger-ui-5.28.1.jar, /Users/adol/.m2/repository/org/webjars/webjars-locator-lite/1.1.2/webjars-locator-lite-1.1.2.jar, /Users/adol/.m2/repository/org/jspecify/jspecify/1.0.0/jspecify-1.0.0.jar, /Users/adol/.m2/repository/jakarta/xml/bind/jakarta.xml.bind-api/4.0.4/jakarta.xml.bind-api-4.0.4.jar, /Users/adol/.m2/repository/jakarta/activation/jakarta.activation-api/2.1.4/jakarta.activation-api-2.1.4.jar, /Users/adol/.m2/repository/org/springframework/spring-core/6.2.12/spring-core-6.2.12.jar, /Users/adol/.m2/repository/org/springframework/spring-jcl/6.2.12/spring-jcl-6.2.12.jar, /Users/adol/.m2/repository/org/springframework/security/spring-security-core/6.5.6/spring-security-core-6.5.6.jar, /Users/adol/.m2/repository/org/springframework/security/spring-security-crypto/6.5.6/spring-security-crypto-6.5.6.jar, /Users/adol/.m2/repository/org/slf4j/slf4j-api/2.0.17/slf4j-api-2.0.17.jar, /Users/adol/.m2/repository/com/fasterxml/jackson/core/jackson-annotations/2.19.2/jackson-annotations-2.19.2.jar]
[DEBUG]   (f) compileSourceRoots = [/Users/adol/IdeaProjects/pdgigs/src/main/java]
[DEBUG]   (f) compilerId = javac
[DEBUG]   (f) createMissingPackageInfoClass = true
[DEBUG]   (f) debug = true
[DEBUG]   (f) debugFileName = javac
[DEBUG]   (f) enablePreview = false
[DEBUG]   (f) encoding = UTF-8
[DEBUG]   (f) failOnError = true
[DEBUG]   (f) failOnWarning = false
[DEBUG]   (f) fileExtensions = [jar, class]
[DEBUG]   (f) forceJavacCompilerUse = false
[DEBUG]   (f) forceLegacyJavacApi = false
[DEBUG]   (f) fork = false
[DEBUG]   (f) generatedSourcesDirectory = /Users/adol/IdeaProjects/pdgigs/target/generated-sources/annotations
[DEBUG]   (f) moduleVersion = 0.0.1-SNAPSHOT
[DEBUG]   (f) mojoExecution = org.apache.maven.plugins:maven-compiler-plugin:3.14.1:compile {execution: default-compile}
[DEBUG]   (f) optimize = false
[DEBUG]   (f) outputDirectory = /Users/adol/IdeaProjects/pdgigs/target/classes
[DEBUG]   (f) parameters = true
[DEBUG]   (f) project = MavenProject: com.pdgigs:pdgigs:0.0.1-SNAPSHOT @ /Users/adol/IdeaProjects/pdgigs/pom.xml
[DEBUG]   (f) projectArtifact = com.pdgigs:pdgigs:jar:0.0.1-SNAPSHOT
[DEBUG]   (s) release = 21
[DEBUG]   (f) session = org.apache.maven.execution.MavenSession@58472096
[DEBUG]   (f) showCompilationChanges = false
[DEBUG]   (f) showDeprecation = false
[DEBUG]   (f) showWarnings = true
[DEBUG]   (f) skipMultiThreadWarning = false
[DEBUG]   (f) source = 1.8
[DEBUG]   (f) staleMillis = 0
[DEBUG]   (s) target = 1.8
[DEBUG]   (f) useIncrementalCompilation = true
[DEBUG]   (f) useModuleVersion = true
[DEBUG]   (f) verbose = false
[DEBUG] -- end configuration --
[DEBUG] Using compiler 'javac'.
[DEBUG] Dependency collection stats {ConflictMarker.analyzeTime=9042, ConflictMarker.markTime=12250, ConflictMarker.nodeCount=2, ConflictIdSorter.graphTime=1625, ConflictIdSorter.topsortTime=3291, ConflictIdSorter.conflictIdCount=1, ConflictIdSorter.conflictIdCycleCount=0, ConflictResolver.totalTime=30666, ConflictResolver.conflictItemCount=1, DfDependencyCollector.collectTime=877958, DfDependencyCollector.transformTime=65000}
[DEBUG] CompilerReuseStrategy: reuseCreated
[DEBUG] useIncrementalCompilation enabled
[INFO] 	Stale source detected: /Users/adol/IdeaProjects/pdgigs/src/main/java/com/pdgigs/infrastructure/adapter/input/rest/ScoreControllerUpload.java
[INFO] 	Stale source detected: /Users/adol/IdeaProjects/pdgigs/src/main/java/com/pdgigs/domain/exception/DomainException.java
[INFO] 	Stale source detected: /Users/adol/IdeaProjects/pdgigs/src/main/java/com/pdgigs/domain/exception/validation/FileValidationError.java
[INFO] 	Stale source detected: /Users/adol/IdeaProjects/pdgigs/src/main/java/com/pdgigs/infrastructure/config/SecurityConfig.java
[INFO] 	Stale source detected: /Users/adol/IdeaProjects/pdgigs/src/main/java/com/pdgigs/infrastructure/adapter/input/rest/exception/mapper/HttpStatusMapper.java
[INFO] 	Stale source detected: /Users/adol/IdeaProjects/pdgigs/src/main/java/com/pdgigs/PdgigsApplication.java
[INFO] 	Stale source detected: /Users/adol/IdeaProjects/pdgigs/src/main/java/com/pdgigs/infrastructure/adapter/output/persistence/MongoScoreRepository.java
[INFO] 	Stale source detected: /Users/adol/IdeaProjects/pdgigs/src/main/java/com/pdgigs/domain/exception/validation/TokenValidationError.java
[INFO] 	Stale source detected: /Users/adol/IdeaProjects/pdgigs/src/main/java/com/pdgigs/domain/exception/validation/ValidationException.java
[INFO] 	Stale source detected: /Users/adol/IdeaProjects/pdgigs/src/main/java/com/pdgigs/infrastructure/adapter/input/rest/dto/request/UploadScoreRequest.java
[INFO] 	Stale source detected: /Users/adol/IdeaProjects/pdgigs/src/main/java/com/pdgigs/domain/port/input/DeleteScoreUseCase.java
[INFO] 	Stale source detected: /Users/adol/IdeaProjects/pdgigs/src/main/java/com/pdgigs/domain/exception/validation/ScoreValidationError.java
[INFO] 	Stale source detected: /Users/adol/IdeaProjects/pdgigs/src/main/java/com/pdgigs/domain/exception/validation/UserValidationError.java
[INFO] 	Stale source detected: /Users/adol/IdeaProjects/pdgigs/src/main/java/com/pdgigs/domain/port/input/GetScoreMetadataUseCase.java
[INFO] 	Stale source detected: /Users/adol/IdeaProjects/pdgigs/src/main/java/com/pdgigs/infrastructure/adapter/output/persistence/entity/ScoreEntity.java
[INFO] 	Stale source detected: /Users/adol/IdeaProjects/pdgigs/src/main/java/com/pdgigs/domain/validator/FileValidator.java
[INFO] 	Stale source detected: /Users/adol/IdeaProjects/pdgigs/src/main/java/com/pdgigs/infrastructure/config/OpenApiConfig.java
[INFO] 	Stale source detected: /Users/adol/IdeaProjects/pdgigs/src/main/java/com/pdgigs/infrastructure/adapter/input/rest/dto/request/UpdateScoreRequest.java
[INFO] 	Stale source detected: /Users/adol/IdeaProjects/pdgigs/src/main/java/com/pdgigs/domain/validator/ScoreValidator.java
[INFO] 	Stale source detected: /Users/adol/IdeaProjects/pdgigs/src/main/java/com/pdgigs/application/service/UpdateScoreService.java
[INFO] 	Stale source detected: /Users/adol/IdeaProjects/pdgigs/src/main/java/com/pdgigs/application/service/GetScoreMetadataService.java
[INFO] 	Stale source detected: /Users/adol/IdeaProjects/pdgigs/src/main/java/com/pdgigs/domain/port/input/GetScorePdfUseCase.java
[INFO] 	Stale source detected: /Users/adol/IdeaProjects/pdgigs/src/main/java/com/pdgigs/domain/port/input/CreateScoreUseCase.java
[INFO] 	Stale source detected: /Users/adol/IdeaProjects/pdgigs/src/main/java/com/pdgigs/infrastructure/adapter/input/rest/ScoreControllerUpdate.java
[INFO] 	Stale source detected: /Users/adol/IdeaProjects/pdgigs/src/main/java/com/pdgigs/domain/port/output/ScoreRepository.java
[INFO] 	Stale source detected: /Users/adol/IdeaProjects/pdgigs/src/main/java/com/pdgigs/domain/model/Score.java
[INFO] 	Stale source detected: /Users/adol/IdeaProjects/pdgigs/src/main/java/com/pdgigs/domain/exception/ResourceNotFoundException.java
[INFO] 	Stale source detected: /Users/adol/IdeaProjects/pdgigs/src/main/java/com/pdgigs/infrastructure/adapter/input/rest/ScoreControllerQuery.java
[INFO] 	Stale source detected: /Users/adol/IdeaProjects/pdgigs/src/main/java/com/pdgigs/application/service/DeleteScoreService.java
[INFO] 	Stale source detected: /Users/adol/IdeaProjects/pdgigs/src/main/java/com/pdgigs/infrastructure/adapter/input/rest/exception/mapper/ErrorResponseMapper.java
[INFO] 	Stale source detected: /Users/adol/IdeaProjects/pdgigs/src/main/java/com/pdgigs/infrastructure/adapter/input/rest/dto/response/ScoreResponse.java
[INFO] 	Stale source detected: /Users/adol/IdeaProjects/pdgigs/src/main/java/com/pdgigs/domain/validator/UserValidator.java
[INFO] 	Stale source detected: /Users/adol/IdeaProjects/pdgigs/src/main/java/com/pdgigs/domain/port/input/UpdateScoreUseCase.java
[INFO] 	Stale source detected: /Users/adol/IdeaProjects/pdgigs/src/main/java/com/pdgigs/infrastructure/adapter/input/rest/dto/response/ErrorResponse.java
[INFO] 	Stale source detected: /Users/adol/IdeaProjects/pdgigs/src/main/java/com/pdgigs/infrastructure/adapter/input/rest/exception/handler/ValidationExceptionHandler.java
[INFO] 	Stale source detected: /Users/adol/IdeaProjects/pdgigs/src/main/java/com/pdgigs/infrastructure/adapter/input/rest/exception/handler/DomainExceptionHandler.java
[INFO] 	Stale source detected: /Users/adol/IdeaProjects/pdgigs/src/main/java/com/pdgigs/application/service/CreateScoreService.java
[INFO] 	Stale source detected: /Users/adol/IdeaProjects/pdgigs/src/main/java/com/pdgigs/application/service/GetScorePdfService.java
[INFO] 	Stale source detected: /Users/adol/IdeaProjects/pdgigs/src/main/java/com/pdgigs/domain/exception/ConflictException.java
[INFO] 	Stale source detected: /Users/adol/IdeaProjects/pdgigs/src/main/java/com/pdgigs/infrastructure/adapter/input/rest/mapper/ScoreRestMapper.java
[INFO] 	Stale source detected: /Users/adol/IdeaProjects/pdgigs/src/main/java/com/pdgigs/infrastructure/adapter/input/rest/ScoreControllerDownload.java
[INFO] 	Stale source detected: /Users/adol/IdeaProjects/pdgigs/src/main/java/com/pdgigs/infrastructure/adapter/input/rest/exception/handler/GlobalFallbackHandler.java
[INFO] 	Stale source detected: /Users/adol/IdeaProjects/pdgigs/src/main/java/com/pdgigs/infrastructure/adapter/input/rest/ScoreControllerDelete.java
[INFO] 	Stale source detected: /Users/adol/IdeaProjects/pdgigs/src/main/java/com/pdgigs/infrastructure/adapter/output/persistence/ScoreRepositoryAdapter.java
[INFO] 	Input tree files (+): /Users/adol/IdeaProjects/pdgigs/src/main/java/com/pdgigs/PdgigsApplication.java
[INFO] 	Input tree files (+): /Users/adol/IdeaProjects/pdgigs/src/main/java/com/pdgigs/application/service/CreateScoreService.java
[INFO] 	Input tree files (+): /Users/adol/IdeaProjects/pdgigs/src/main/java/com/pdgigs/application/service/DeleteScoreService.java
[INFO] 	Input tree files (+): /Users/adol/IdeaProjects/pdgigs/src/main/java/com/pdgigs/application/service/GetScoreMetadataService.java
[INFO] 	Input tree files (+): /Users/adol/IdeaProjects/pdgigs/src/main/java/com/pdgigs/application/service/GetScorePdfService.java
[INFO] 	Input tree files (+): /Users/adol/IdeaProjects/pdgigs/src/main/java/com/pdgigs/application/service/UpdateScoreService.java
[INFO] 	Input tree files (+): /Users/adol/IdeaProjects/pdgigs/src/main/java/com/pdgigs/domain/exception/ConflictException.java
[INFO] 	Input tree files (+): /Users/adol/IdeaProjects/pdgigs/src/main/java/com/pdgigs/domain/exception/DomainException.java
[INFO] 	Input tree files (+): /Users/adol/IdeaProjects/pdgigs/src/main/java/com/pdgigs/domain/exception/ResourceNotFoundException.java
[INFO] 	Input tree files (+): /Users/adol/IdeaProjects/pdgigs/src/main/java/com/pdgigs/domain/exception/validation/FileValidationError.java
[INFO] 	Input tree files (+): /Users/adol/IdeaProjects/pdgigs/src/main/java/com/pdgigs/domain/exception/validation/ScoreValidationError.java
[INFO] 	Input tree files (+): /Users/adol/IdeaProjects/pdgigs/src/main/java/com/pdgigs/domain/exception/validation/TokenValidationError.java
[INFO] 	Input tree files (+): /Users/adol/IdeaProjects/pdgigs/src/main/java/com/pdgigs/domain/exception/validation/UserValidationError.java
[INFO] 	Input tree files (+): /Users/adol/IdeaProjects/pdgigs/src/main/java/com/pdgigs/domain/exception/validation/ValidationException.java
[INFO] 	Input tree files (+): /Users/adol/IdeaProjects/pdgigs/src/main/java/com/pdgigs/domain/model/Score.java
[INFO] 	Input tree files (+): /Users/adol/IdeaProjects/pdgigs/src/main/java/com/pdgigs/domain/port/input/CreateScoreUseCase.java
[INFO] 	Input tree files (+): /Users/adol/IdeaProjects/pdgigs/src/main/java/com/pdgigs/domain/port/input/DeleteScoreUseCase.java
[INFO] 	Input tree files (+): /Users/adol/IdeaProjects/pdgigs/src/main/java/com/pdgigs/domain/port/input/GetScoreMetadataUseCase.java
[INFO] 	Input tree files (+): /Users/adol/IdeaProjects/pdgigs/src/main/java/com/pdgigs/domain/port/input/GetScorePdfUseCase.java
[INFO] 	Input tree files (+): /Users/adol/IdeaProjects/pdgigs/src/main/java/com/pdgigs/domain/port/input/UpdateScoreUseCase.java
[INFO] 	Input tree files (+): /Users/adol/IdeaProjects/pdgigs/src/main/java/com/pdgigs/domain/port/output/ScoreRepository.java
[INFO] 	Input tree files (+): /Users/adol/IdeaProjects/pdgigs/src/main/java/com/pdgigs/domain/validator/FileValidator.java
[INFO] 	Input tree files (+): /Users/adol/IdeaProjects/pdgigs/src/main/java/com/pdgigs/domain/validator/ScoreValidator.java
[INFO] 	Input tree files (+): /Users/adol/IdeaProjects/pdgigs/src/main/java/com/pdgigs/domain/validator/UserValidator.java
[INFO] 	Input tree files (+): /Users/adol/IdeaProjects/pdgigs/src/main/java/com/pdgigs/infrastructure/adapter/input/rest/ScoreControllerDelete.java
[INFO] 	Input tree files (+): /Users/adol/IdeaProjects/pdgigs/src/main/java/com/pdgigs/infrastructure/adapter/input/rest/ScoreControllerDownload.java
[INFO] 	Input tree files (+): /Users/adol/IdeaProjects/pdgigs/src/main/java/com/pdgigs/infrastructure/adapter/input/rest/ScoreControllerQuery.java
[INFO] 	Input tree files (+): /Users/adol/IdeaProjects/pdgigs/src/main/java/com/pdgigs/infrastructure/adapter/input/rest/ScoreControllerUpdate.java
[INFO] 	Input tree files (+): /Users/adol/IdeaProjects/pdgigs/src/main/java/com/pdgigs/infrastructure/adapter/input/rest/ScoreControllerUpload.java
[INFO] 	Input tree files (+): /Users/adol/IdeaProjects/pdgigs/src/main/java/com/pdgigs/infrastructure/adapter/input/rest/dto/request/UpdateScoreRequest.java
[INFO] 	Input tree files (+): /Users/adol/IdeaProjects/pdgigs/src/main/java/com/pdgigs/infrastructure/adapter/input/rest/dto/request/UploadScoreRequest.java
[INFO] 	Input tree files (+): /Users/adol/IdeaProjects/pdgigs/src/main/java/com/pdgigs/infrastructure/adapter/input/rest/dto/response/ErrorResponse.java
[INFO] 	Input tree files (+): /Users/adol/IdeaProjects/pdgigs/src/main/java/com/pdgigs/infrastructure/adapter/input/rest/dto/response/ScoreResponse.java
[INFO] 	Input tree files (+): /Users/adol/IdeaProjects/pdgigs/src/main/java/com/pdgigs/infrastructure/adapter/input/rest/exception/handler/DomainExceptionHandler.java
[INFO] 	Input tree files (+): /Users/adol/IdeaProjects/pdgigs/src/main/java/com/pdgigs/infrastructure/adapter/input/rest/exception/handler/GlobalFallbackHandler.java
[INFO] 	Input tree files (+): /Users/adol/IdeaProjects/pdgigs/src/main/java/com/pdgigs/infrastructure/adapter/input/rest/exception/handler/ValidationExceptionHandler.java
[INFO] 	Input tree files (+): /Users/adol/IdeaProjects/pdgigs/src/main/java/com/pdgigs/infrastructure/adapter/input/rest/exception/mapper/ErrorResponseMapper.java
[INFO] 	Input tree files (+): /Users/adol/IdeaProjects/pdgigs/src/main/java/com/pdgigs/infrastructure/adapter/input/rest/exception/mapper/HttpStatusMapper.java
[INFO] 	Input tree files (+): /Users/adol/IdeaProjects/pdgigs/src/main/java/com/pdgigs/infrastructure/adapter/input/rest/mapper/ScoreRestMapper.java
[INFO] 	Input tree files (+): /Users/adol/IdeaProjects/pdgigs/src/main/java/com/pdgigs/infrastructure/adapter/output/persistence/MongoScoreRepository.java
[INFO] 	Input tree files (+): /Users/adol/IdeaProjects/pdgigs/src/main/java/com/pdgigs/infrastructure/adapter/output/persistence/ScoreRepositoryAdapter.java
[INFO] 	Input tree files (+): /Users/adol/IdeaProjects/pdgigs/src/main/java/com/pdgigs/infrastructure/adapter/output/persistence/entity/ScoreEntity.java
[INFO] 	Input tree files (+): /Users/adol/IdeaProjects/pdgigs/src/main/java/com/pdgigs/infrastructure/config/OpenApiConfig.java
[INFO] 	Input tree files (+): /Users/adol/IdeaProjects/pdgigs/src/main/java/com/pdgigs/infrastructure/config/SecurityConfig.java
[INFO] Recompiling the module because of changed source code.
[DEBUG] Classpath:
[DEBUG]  /Users/adol/IdeaProjects/pdgigs/target/classes
[DEBUG]  /Users/adol/.m2/repository/org/springframework/boot/spring-boot-starter-data-mongodb-reactive/3.5.7/spring-boot-starter-data-mongodb-reactive-3.5.7.jar
[DEBUG]  /Users/adol/.m2/repository/org/springframework/boot/spring-boot-starter/3.5.7/spring-boot-starter-3.5.7.jar
[DEBUG]  /Users/adol/.m2/repository/org/springframework/boot/spring-boot-starter-logging/3.5.7/spring-boot-starter-logging-3.5.7.jar
[DEBUG]  /Users/adol/.m2/repository/ch/qos/logback/logback-classic/1.5.20/logback-classic-1.5.20.jar
[DEBUG]  /Users/adol/.m2/repository/ch/qos/logback/logback-core/1.5.20/logback-core-1.5.20.jar
[DEBUG]  /Users/adol/.m2/repository/org/apache/logging/log4j/log4j-to-slf4j/2.24.3/log4j-to-slf4j-2.24.3.jar
[DEBUG]  /Users/adol/.m2/repository/org/apache/logging/log4j/log4j-api/2.24.3/log4j-api-2.24.3.jar
[DEBUG]  /Users/adol/.m2/repository/org/slf4j/jul-to-slf4j/2.0.17/jul-to-slf4j-2.0.17.jar
[DEBUG]  /Users/adol/.m2/repository/jakarta/annotation/jakarta.annotation-api/2.1.1/jakarta.annotation-api-2.1.1.jar
[DEBUG]  /Users/adol/.m2/repository/org/yaml/snakeyaml/2.4/snakeyaml-2.4.jar
[DEBUG]  /Users/adol/.m2/repository/io/projectreactor/reactor-core/3.7.12/reactor-core-3.7.12.jar
[DEBUG]  /Users/adol/.m2/repository/org/reactivestreams/reactive-streams/1.0.4/reactive-streams-1.0.4.jar
[DEBUG]  /Users/adol/.m2/repository/org/mongodb/mongodb-driver-reactivestreams/5.5.2/mongodb-driver-reactivestreams-5.5.2.jar
[DEBUG]  /Users/adol/.m2/repository/org/mongodb/bson/5.5.2/bson-5.5.2.jar
[DEBUG]  /Users/adol/.m2/repository/org/mongodb/mongodb-driver-core/5.5.2/mongodb-driver-core-5.5.2.jar
[DEBUG]  /Users/adol/.m2/repository/org/springframework/data/spring-data-mongodb/4.5.5/spring-data-mongodb-4.5.5.jar
[DEBUG]  /Users/adol/.m2/repository/org/springframework/spring-tx/6.2.12/spring-tx-6.2.12.jar
[DEBUG]  /Users/adol/.m2/repository/org/springframework/spring-context/6.2.12/spring-context-6.2.12.jar
[DEBUG]  /Users/adol/.m2/repository/org/springframework/spring-beans/6.2.12/spring-beans-6.2.12.jar
[DEBUG]  /Users/adol/.m2/repository/org/springframework/spring-expression/6.2.12/spring-expression-6.2.12.jar
[DEBUG]  /Users/adol/.m2/repository/org/springframework/data/spring-data-commons/3.5.5/spring-data-commons-3.5.5.jar
[DEBUG]  /Users/adol/.m2/repository/org/springframework/boot/spring-boot-starter-security/3.5.7/spring-boot-starter-security-3.5.7.jar
[DEBUG]  /Users/adol/.m2/repository/org/springframework/spring-aop/6.2.12/spring-aop-6.2.12.jar
[DEBUG]  /Users/adol/.m2/repository/org/springframework/security/spring-security-config/6.5.6/spring-security-config-6.5.6.jar
[DEBUG]  /Users/adol/.m2/repository/org/springframework/security/spring-security-web/6.5.6/spring-security-web-6.5.6.jar
[DEBUG]  /Users/adol/.m2/repository/org/springframework/boot/spring-boot-starter-validation/3.5.7/spring-boot-starter-validation-3.5.7.jar
[DEBUG]  /Users/adol/.m2/repository/org/apache/tomcat/embed/tomcat-embed-el/10.1.48/tomcat-embed-el-10.1.48.jar
[DEBUG]  /Users/adol/.m2/repository/org/hibernate/validator/hibernate-validator/8.0.3.Final/hibernate-validator-8.0.3.Final.jar
[DEBUG]  /Users/adol/.m2/repository/jakarta/validation/jakarta.validation-api/3.0.2/jakarta.validation-api-3.0.2.jar
[DEBUG]  /Users/adol/.m2/repository/org/jboss/logging/jboss-logging/3.6.1.Final/jboss-logging-3.6.1.Final.jar
[DEBUG]  /Users/adol/.m2/repository/com/fasterxml/classmate/1.7.1/classmate-1.7.1.jar
[DEBUG]  /Users/adol/.m2/repository/org/springframework/boot/spring-boot-starter-webflux/3.5.7/spring-boot-starter-webflux-3.5.7.jar
[DEBUG]  /Users/adol/.m2/repository/org/springframework/boot/spring-boot-starter-json/3.5.7/spring-boot-starter-json-3.5.7.jar
[DEBUG]  /Users/adol/.m2/repository/com/fasterxml/jackson/core/jackson-databind/2.19.2/jackson-databind-2.19.2.jar
[DEBUG]  /Users/adol/.m2/repository/com/fasterxml/jackson/core/jackson-core/2.19.2/jackson-core-2.19.2.jar
[DEBUG]  /Users/adol/.m2/repository/com/fasterxml/jackson/datatype/jackson-datatype-jdk8/2.19.2/jackson-datatype-jdk8-2.19.2.jar
[DEBUG]  /Users/adol/.m2/repository/com/fasterxml/jackson/datatype/jackson-datatype-jsr310/2.19.2/jackson-datatype-jsr310-2.19.2.jar
[DEBUG]  /Users/adol/.m2/repository/com/fasterxml/jackson/module/jackson-module-parameter-names/2.19.2/jackson-module-parameter-names-2.19.2.jar
[DEBUG]  /Users/adol/.m2/repository/org/springframework/boot/spring-boot-starter-reactor-netty/3.5.7/spring-boot-starter-reactor-netty-3.5.7.jar
[DEBUG]  /Users/adol/.m2/repository/io/projectreactor/netty/reactor-netty-http/1.2.11/reactor-netty-http-1.2.11.jar
[DEBUG]  /Users/adol/.m2/repository/io/netty/netty-codec-http/4.1.128.Final/netty-codec-http-4.1.128.Final.jar
[DEBUG]  /Users/adol/.m2/repository/io/netty/netty-common/4.1.128.Final/netty-common-4.1.128.Final.jar
[DEBUG]  /Users/adol/.m2/repository/io/netty/netty-buffer/4.1.128.Final/netty-buffer-4.1.128.Final.jar
[DEBUG]  /Users/adol/.m2/repository/io/netty/netty-transport/4.1.128.Final/netty-transport-4.1.128.Final.jar
[DEBUG]  /Users/adol/.m2/repository/io/netty/netty-codec/4.1.128.Final/netty-codec-4.1.128.Final.jar
[DEBUG]  /Users/adol/.m2/repository/io/netty/netty-handler/4.1.128.Final/netty-handler-4.1.128.Final.jar
[DEBUG]  /Users/adol/.m2/repository/io/netty/netty-codec-http2/4.1.128.Final/netty-codec-http2-4.1.128.Final.jar
[DEBUG]  /Users/adol/.m2/repository/io/netty/netty-resolver-dns/4.1.128.Final/netty-resolver-dns-4.1.128.Final.jar
[DEBUG]  /Users/adol/.m2/repository/io/netty/netty-resolver/4.1.128.Final/netty-resolver-4.1.128.Final.jar
[DEBUG]  /Users/adol/.m2/repository/io/netty/netty-codec-dns/4.1.128.Final/netty-codec-dns-4.1.128.Final.jar
[DEBUG]  /Users/adol/.m2/repository/io/netty/netty-resolver-dns-native-macos/4.1.128.Final/netty-resolver-dns-native-macos-4.1.128.Final-osx-x86_64.jar
[DEBUG]  /Users/adol/.m2/repository/io/netty/netty-resolver-dns-classes-macos/4.1.128.Final/netty-resolver-dns-classes-macos-4.1.128.Final.jar
[DEBUG]  /Users/adol/.m2/repository/io/netty/netty-transport-native-epoll/4.1.128.Final/netty-transport-native-epoll-4.1.128.Final-linux-x86_64.jar
[DEBUG]  /Users/adol/.m2/repository/io/netty/netty-transport-native-unix-common/4.1.128.Final/netty-transport-native-unix-common-4.1.128.Final.jar
[DEBUG]  /Users/adol/.m2/repository/io/netty/netty-transport-classes-epoll/4.1.128.Final/netty-transport-classes-epoll-4.1.128.Final.jar
[DEBUG]  /Users/adol/.m2/repository/io/projectreactor/netty/reactor-netty-core/1.2.11/reactor-netty-core-1.2.11.jar
[DEBUG]  /Users/adol/.m2/repository/io/netty/netty-handler-proxy/4.1.128.Final/netty-handler-proxy-4.1.128.Final.jar
[DEBUG]  /Users/adol/.m2/repository/io/netty/netty-codec-socks/4.1.128.Final/netty-codec-socks-4.1.128.Final.jar
[DEBUG]  /Users/adol/.m2/repository/org/springframework/spring-web/6.2.12/spring-web-6.2.12.jar
[DEBUG]  /Users/adol/.m2/repository/io/micrometer/micrometer-observation/1.15.5/micrometer-observation-1.15.5.jar
[DEBUG]  /Users/adol/.m2/repository/io/micrometer/micrometer-commons/1.15.5/micrometer-commons-1.15.5.jar
[DEBUG]  /Users/adol/.m2/repository/org/springframework/spring-webflux/6.2.12/spring-webflux-6.2.12.jar
[DEBUG]  /Users/adol/.m2/repository/org/springframework/boot/spring-boot/3.5.7/spring-boot-3.5.7.jar
[DEBUG]  /Users/adol/.m2/repository/org/springframework/boot/spring-boot-autoconfigure/3.5.7/spring-boot-autoconfigure-3.5.7.jar
[DEBUG]  /Users/adol/.m2/repository/org/projectlombok/lombok/1.18.42/lombok-1.18.42.jar
[DEBUG]  /Users/adol/.m2/repository/org/springdoc/springdoc-openapi-starter-webflux-ui/2.8.13/springdoc-openapi-starter-webflux-ui-2.8.13.jar
[DEBUG]  /Users/adol/.m2/repository/org/springdoc/springdoc-openapi-starter-webflux-api/2.8.13/springdoc-openapi-starter-webflux-api-2.8.13.jar
[DEBUG]  /Users/adol/.m2/repository/org/springdoc/springdoc-openapi-starter-common/2.8.13/springdoc-openapi-starter-common-2.8.13.jar
[DEBUG]  /Users/adol/.m2/repository/io/swagger/core/v3/swagger-core-jakarta/2.2.36/swagger-core-jakarta-2.2.36.jar
[DEBUG]  /Users/adol/.m2/repository/org/apache/commons/commons-lang3/3.17.0/commons-lang3-3.17.0.jar
[DEBUG]  /Users/adol/.m2/repository/io/swagger/core/v3/swagger-annotations-jakarta/2.2.36/swagger-annotations-jakarta-2.2.36.jar
[DEBUG]  /Users/adol/.m2/repository/io/swagger/core/v3/swagger-models-jakarta/2.2.36/swagger-models-jakarta-2.2.36.jar
[DEBUG]  /Users/adol/.m2/repository/com/fasterxml/jackson/dataformat/jackson-dataformat-yaml/2.19.2/jackson-dataformat-yaml-2.19.2.jar
[DEBUG]  /Users/adol/.m2/repository/org/webjars/swagger-ui/5.28.1/swagger-ui-5.28.1.jar
[DEBUG]  /Users/adol/.m2/repository/org/webjars/webjars-locator-lite/1.1.2/webjars-locator-lite-1.1.2.jar
[DEBUG]  /Users/adol/.m2/repository/org/jspecify/jspecify/1.0.0/jspecify-1.0.0.jar
[DEBUG]  /Users/adol/.m2/repository/jakarta/xml/bind/jakarta.xml.bind-api/4.0.4/jakarta.xml.bind-api-4.0.4.jar
[DEBUG]  /Users/adol/.m2/repository/jakarta/activation/jakarta.activation-api/2.1.4/jakarta.activation-api-2.1.4.jar
[DEBUG]  /Users/adol/.m2/repository/org/springframework/spring-core/6.2.12/spring-core-6.2.12.jar
[DEBUG]  /Users/adol/.m2/repository/org/springframework/spring-jcl/6.2.12/spring-jcl-6.2.12.jar
[DEBUG]  /Users/adol/.m2/repository/org/springframework/security/spring-security-core/6.5.6/spring-security-core-6.5.6.jar
[DEBUG]  /Users/adol/.m2/repository/org/springframework/security/spring-security-crypto/6.5.6/spring-security-crypto-6.5.6.jar
[DEBUG]  /Users/adol/.m2/repository/org/slf4j/slf4j-api/2.0.17/slf4j-api-2.0.17.jar
[DEBUG]  /Users/adol/.m2/repository/com/fasterxml/jackson/core/jackson-annotations/2.19.2/jackson-annotations-2.19.2.jar
[DEBUG] Source roots:
[DEBUG]  /Users/adol/IdeaProjects/pdgigs/src/main/java
[DEBUG] Command line options:
[DEBUG] -d /Users/adol/IdeaProjects/pdgigs/target/classes -classpath /Users/adol/IdeaProjects/pdgigs/target/classes:/Users/adol/.m2/repository/org/springframework/boot/spring-boot-starter-data-mongodb-reactive/3.5.7/spring-boot-starter-data-mongodb-reactive-3.5.7.jar:/Users/adol/.m2/repository/org/springframework/boot/spring-boot-starter/3.5.7/spring-boot-starter-3.5.7.jar:/Users/adol/.m2/repository/org/springframework/boot/spring-boot-starter-logging/3.5.7/spring-boot-starter-logging-3.5.7.jar:/Users/adol/.m2/repository/ch/qos/logback/logback-classic/1.5.20/logback-classic-1.5.20.jar:/Users/adol/.m2/repository/ch/qos/logback/logback-core/1.5.20/logback-core-1.5.20.jar:/Users/adol/.m2/repository/org/apache/logging/log4j/log4j-to-slf4j/2.24.3/log4j-to-slf4j-2.24.3.jar:/Users/adol/.m2/repository/org/apache/logging/log4j/log4j-api/2.24.3/log4j-api-2.24.3.jar:/Users/adol/.m2/repository/org/slf4j/jul-to-slf4j/2.0.17/jul-to-slf4j-2.0.17.jar:/Users/adol/.m2/repository/jakarta/annotation/jakarta.annotation-api/2.1.1/jakarta.annotation-api-2.1.1.jar:/Users/adol/.m2/repository/org/yaml/snakeyaml/2.4/snakeyaml-2.4.jar:/Users/adol/.m2/repository/io/projectreactor/reactor-core/3.7.12/reactor-core-3.7.12.jar:/Users/adol/.m2/repository/org/reactivestreams/reactive-streams/1.0.4/reactive-streams-1.0.4.jar:/Users/adol/.m2/repository/org/mongodb/mongodb-driver-reactivestreams/5.5.2/mongodb-driver-reactivestreams-5.5.2.jar:/Users/adol/.m2/repository/org/mongodb/bson/5.5.2/bson-5.5.2.jar:/Users/adol/.m2/repository/org/mongodb/mongodb-driver-core/5.5.2/mongodb-driver-core-5.5.2.jar:/Users/adol/.m2/repository/org/springframework/data/spring-data-mongodb/4.5.5/spring-data-mongodb-4.5.5.jar:/Users/adol/.m2/repository/org/springframework/spring-tx/6.2.12/spring-tx-6.2.12.jar:/Users/adol/.m2/repository/org/springframework/spring-context/6.2.12/spring-context-6.2.12.jar:/Users/adol/.m2/repository/org/springframework/spring-beans/6.2.12/spring-beans-6.2.12.jar:/Users/adol/.m2/repository/org/springframework/spring-expression/6.2.12/spring-expression-6.2.12.jar:/Users/adol/.m2/repository/org/springframework/data/spring-data-commons/3.5.5/spring-data-commons-3.5.5.jar:/Users/adol/.m2/repository/org/springframework/boot/spring-boot-starter-security/3.5.7/spring-boot-starter-security-3.5.7.jar:/Users/adol/.m2/repository/org/springframework/spring-aop/6.2.12/spring-aop-6.2.12.jar:/Users/adol/.m2/repository/org/springframework/security/spring-security-config/6.5.6/spring-security-config-6.5.6.jar:/Users/adol/.m2/repository/org/springframework/security/spring-security-web/6.5.6/spring-security-web-6.5.6.jar:/Users/adol/.m2/repository/org/springframework/boot/spring-boot-starter-validation/3.5.7/spring-boot-starter-validation-3.5.7.jar:/Users/adol/.m2/repository/org/apache/tomcat/embed/tomcat-embed-el/10.1.48/tomcat-embed-el-10.1.48.jar:/Users/adol/.m2/repository/org/hibernate/validator/hibernate-validator/8.0.3.Final/hibernate-validator-8.0.3.Final.jar:/Users/adol/.m2/repository/jakarta/validation/jakarta.validation-api/3.0.2/jakarta.validation-api-3.0.2.jar:/Users/adol/.m2/repository/org/jboss/logging/jboss-logging/3.6.1.Final/jboss-logging-3.6.1.Final.jar:/Users/adol/.m2/repository/com/fasterxml/classmate/1.7.1/classmate-1.7.1.jar:/Users/adol/.m2/repository/org/springframework/boot/spring-boot-starter-webflux/3.5.7/spring-boot-starter-webflux-3.5.7.jar:/Users/adol/.m2/repository/org/springframework/boot/spring-boot-starter-json/3.5.7/spring-boot-starter-json-3.5.7.jar:/Users/adol/.m2/repository/com/fasterxml/jackson/core/jackson-databind/2.19.2/jackson-databind-2.19.2.jar:/Users/adol/.m2/repository/com/fasterxml/jackson/core/jackson-core/2.19.2/jackson-core-2.19.2.jar:/Users/adol/.m2/repository/com/fasterxml/jackson/datatype/jackson-datatype-jdk8/2.19.2/jackson-datatype-jdk8-2.19.2.jar:/Users/adol/.m2/repository/com/fasterxml/jackson/datatype/jackson-datatype-jsr310/2.19.2/jackson-datatype-jsr310-2.19.2.jar:/Users/adol/.m2/repository/com/fasterxml/jackson/module/jackson-module-parameter-names/2.19.2/jackson-module-parameter-names-2.19.2.jar:/Users/adol/.m2/repository/org/springframework/boot/spring-boot-starter-reactor-netty/3.5.7/spring-boot-starter-reactor-netty-3.5.7.jar:/Users/adol/.m2/repository/io/projectreactor/netty/reactor-netty-http/1.2.11/reactor-netty-http-1.2.11.jar:/Users/adol/.m2/repository/io/netty/netty-codec-http/4.1.128.Final/netty-codec-http-4.1.128.Final.jar:/Users/adol/.m2/repository/io/netty/netty-common/4.1.128.Final/netty-common-4.1.128.Final.jar:/Users/adol/.m2/repository/io/netty/netty-buffer/4.1.128.Final/netty-buffer-4.1.128.Final.jar:/Users/adol/.m2/repository/io/netty/netty-transport/4.1.128.Final/netty-transport-4.1.128.Final.jar:/Users/adol/.m2/repository/io/netty/netty-codec/4.1.128.Final/netty-codec-4.1.128.Final.jar:/Users/adol/.m2/repository/io/netty/netty-handler/4.1.128.Final/netty-handler-4.1.128.Final.jar:/Users/adol/.m2/repository/io/netty/netty-codec-http2/4.1.128.Final/netty-codec-http2-4.1.128.Final.jar:/Users/adol/.m2/repository/io/netty/netty-resolver-dns/4.1.128.Final/netty-resolver-dns-4.1.128.Final.jar:/Users/adol/.m2/repository/io/netty/netty-resolver/4.1.128.Final/netty-resolver-4.1.128.Final.jar:/Users/adol/.m2/repository/io/netty/netty-codec-dns/4.1.128.Final/netty-codec-dns-4.1.128.Final.jar:/Users/adol/.m2/repository/io/netty/netty-resolver-dns-native-macos/4.1.128.Final/netty-resolver-dns-native-macos-4.1.128.Final-osx-x86_64.jar:/Users/adol/.m2/repository/io/netty/netty-resolver-dns-classes-macos/4.1.128.Final/netty-resolver-dns-classes-macos-4.1.128.Final.jar:/Users/adol/.m2/repository/io/netty/netty-transport-native-epoll/4.1.128.Final/netty-transport-native-epoll-4.1.128.Final-linux-x86_64.jar:/Users/adol/.m2/repository/io/netty/netty-transport-native-unix-common/4.1.128.Final/netty-transport-native-unix-common-4.1.128.Final.jar:/Users/adol/.m2/repository/io/netty/netty-transport-classes-epoll/4.1.128.Final/netty-transport-classes-epoll-4.1.128.Final.jar:/Users/adol/.m2/repository/io/projectreactor/netty/reactor-netty-core/1.2.11/reactor-netty-core-1.2.11.jar:/Users/adol/.m2/repository/io/netty/netty-handler-proxy/4.1.128.Final/netty-handler-proxy-4.1.128.Final.jar:/Users/adol/.m2/repository/io/netty/netty-codec-socks/4.1.128.Final/netty-codec-socks-4.1.128.Final.jar:/Users/adol/.m2/repository/org/springframework/spring-web/6.2.12/spring-web-6.2.12.jar:/Users/adol/.m2/repository/io/micrometer/micrometer-observation/1.15.5/micrometer-observation-1.15.5.jar:/Users/adol/.m2/repository/io/micrometer/micrometer-commons/1.15.5/micrometer-commons-1.15.5.jar:/Users/adol/.m2/repository/org/springframework/spring-webflux/6.2.12/spring-webflux-6.2.12.jar:/Users/adol/.m2/repository/org/springframework/boot/spring-boot/3.5.7/spring-boot-3.5.7.jar:/Users/adol/.m2/repository/org/springframework/boot/spring-boot-autoconfigure/3.5.7/spring-boot-autoconfigure-3.5.7.jar:/Users/adol/.m2/repository/org/projectlombok/lombok/1.18.42/lombok-1.18.42.jar:/Users/adol/.m2/repository/org/springdoc/springdoc-openapi-starter-webflux-ui/2.8.13/springdoc-openapi-starter-webflux-ui-2.8.13.jar:/Users/adol/.m2/repository/org/springdoc/springdoc-openapi-starter-webflux-api/2.8.13/springdoc-openapi-starter-webflux-api-2.8.13.jar:/Users/adol/.m2/repository/org/springdoc/springdoc-openapi-starter-common/2.8.13/springdoc-openapi-starter-common-2.8.13.jar:/Users/adol/.m2/repository/io/swagger/core/v3/swagger-core-jakarta/2.2.36/swagger-core-jakarta-2.2.36.jar:/Users/adol/.m2/repository/org/apache/commons/commons-lang3/3.17.0/commons-lang3-3.17.0.jar:/Users/adol/.m2/repository/io/swagger/core/v3/swagger-annotations-jakarta/2.2.36/swagger-annotations-jakarta-2.2.36.jar:/Users/adol/.m2/repository/io/swagger/core/v3/swagger-models-jakarta/2.2.36/swagger-models-jakarta-2.2.36.jar:/Users/adol/.m2/repository/com/fasterxml/jackson/dataformat/jackson-dataformat-yaml/2.19.2/jackson-dataformat-yaml-2.19.2.jar:/Users/adol/.m2/repository/org/webjars/swagger-ui/5.28.1/swagger-ui-5.28.1.jar:/Users/adol/.m2/repository/org/webjars/webjars-locator-lite/1.1.2/webjars-locator-lite-1.1.2.jar:/Users/adol/.m2/repository/org/jspecify/jspecify/1.0.0/jspecify-1.0.0.jar:/Users/adol/.m2/repository/jakarta/xml/bind/jakarta.xml.bind-api/4.0.4/jakarta.xml.bind-api-4.0.4.jar:/Users/adol/.m2/repository/jakarta/activation/jakarta.activation-api/2.1.4/jakarta.activation-api-2.1.4.jar:/Users/adol/.m2/repository/org/springframework/spring-core/6.2.12/spring-core-6.2.12.jar:/Users/adol/.m2/repository/org/springframework/spring-jcl/6.2.12/spring-jcl-6.2.12.jar:/Users/adol/.m2/repository/org/springframework/security/spring-security-core/6.5.6/spring-security-core-6.5.6.jar:/Users/adol/.m2/repository/org/springframework/security/spring-security-crypto/6.5.6/spring-security-crypto-6.5.6.jar:/Users/adol/.m2/repository/org/slf4j/slf4j-api/2.0.17/slf4j-api-2.0.17.jar:/Users/adol/.m2/repository/com/fasterxml/jackson/core/jackson-annotations/2.19.2/jackson-annotations-2.19.2.jar: -sourcepath /Users/adol/IdeaProjects/pdgigs/src/main/java: -s /Users/adol/IdeaProjects/pdgigs/target/generated-sources/annotations -processorpath /Users/adol/.m2/repository/org/projectlombok/lombok/1.18.42/lombok-1.18.42.jar: -g -parameters --release 21 -encoding UTF-8 -XDuseUnsharedTable=true
[DEBUG] incrementalBuildHelper#beforeRebuildExecution
[INFO] Compiling 44 source files with javac [debug parameters release 21] to target/classes
[DEBUG] incrementalBuildHelper#afterRebuildExecution
[DEBUG] Adding /Users/adol/IdeaProjects/pdgigs/target/generated-sources/annotations to the project compile source roots but NOT the actual compile source roots:
  /Users/adol/IdeaProjects/pdgigs/src/main/java
[INFO] 
[INFO] --- resources:3.3.1:testResources (default-testResources) @ pdgigs ---
[DEBUG] Loading mojo org.apache.maven.plugins:maven-resources-plugin:3.3.1:testResources from plugin realm ClassRealm[plugin>org.apache.maven.plugins:maven-resources-plugin:3.3.1, parent: jdk.internal.loader.ClassLoaders$AppClassLoader@5bc2b487]
[DEBUG] Configuring mojo execution 'org.apache.maven.plugins:maven-resources-plugin:3.3.1:testResources:default-testResources' with basic configurator -->
[DEBUG]   (f) addDefaultExcludes = true
[DEBUG]   (f) buildFilters = []
[DEBUG]   (s) delimiters = [@]
[DEBUG]   (f) encoding = UTF-8
[DEBUG]   (f) escapeWindowsPaths = true
[DEBUG]   (f) fileNameFiltering = false
[DEBUG]   (s) includeEmptyDirs = false
[DEBUG]   (s) outputDirectory = /Users/adol/IdeaProjects/pdgigs/target/test-classes
[DEBUG]   (s) overwrite = false
[DEBUG]   (f) project = MavenProject: com.pdgigs:pdgigs:0.0.1-SNAPSHOT @ /Users/adol/IdeaProjects/pdgigs/pom.xml
[DEBUG]   (f) propertiesEncoding = UTF-8
[DEBUG]   (s) resources = [Resource {targetPath: null, filtering: false, FileSet {directory: /Users/adol/IdeaProjects/pdgigs/src/test/resources, PatternSet [includes: {}, excludes: {}]}}]
[DEBUG]   (f) session = org.apache.maven.execution.MavenSession@58472096
[DEBUG]   (f) skip = false
[DEBUG]   (f) supportMultiLineFiltering = false
[DEBUG]   (f) useBuildFilters = true
[DEBUG]   (s) useDefaultDelimiters = false
[DEBUG] -- end configuration --
[DEBUG] properties used:
[DEBUG] activemq.version: 6.1.8
[DEBUG] angus-mail.version: 2.0.5
[DEBUG] apple.awt.application.name: Launcher
[DEBUG] artemis.version: 2.40.0
[DEBUG] aspectj.version: 1.9.24
[DEBUG] assertj.version: 3.27.6
[DEBUG] awaitility.version: 4.2.2
[DEBUG] brave.version: 6.1.0
[DEBUG] build-helper-maven-plugin.version: 3.6.1
[DEBUG] byte-buddy.version: 1.17.8
[DEBUG] cache2k.version: 2.6.1.Final
[DEBUG] caffeine.version: 3.2.2
[DEBUG] cassandra-driver.version: 4.19.1
[DEBUG] classmate.version: 1.7.1
[DEBUG] classworlds.conf: /opt/homebrew/Cellar/maven/3.9.11/libexec/bin/m2.conf
[DEBUG] commons-codec.version: 1.18.0
[DEBUG] commons-dbcp2.version: 2.13.0
[DEBUG] commons-lang3.version: 3.17.0
[DEBUG] commons-pool.version: 1.6
[DEBUG] commons-pool2.version: 2.12.1
[DEBUG] couchbase-client.version: 3.8.3
[DEBUG] crac.version: 1.5.0
[DEBUG] cyclonedx-maven-plugin.version: 2.9.1
[DEBUG] db2-jdbc.version: 12.1.2.0
[DEBUG] dependency-management-plugin.version: 1.1.7
[DEBUG] derby.version: 10.16.1.1
[DEBUG] ehcache3.version: 3.10.9
[DEBUG] elasticsearch-client.version: 8.18.8
[DEBUG] env.COMMAND_MODE: unix2003
[DEBUG] env.FIG_TERM: 1
[DEBUG] env.HOME: /Users/adol
[DEBUG] env.INTELLIJ_TERMINAL_COMMAND_BLOCKS_REWORKED: 1
[DEBUG] env.JAVA_HOME: /opt/homebrew/opt/openjdk/libexec/openjdk.jdk/Contents/Home
[DEBUG] env.LC_CTYPE: UTF-8
[DEBUG] env.LOGNAME: adol
[DEBUG] env.MAVEN_CMD_LINE_ARGS:  clean test -X
[DEBUG] env.MAVEN_PROJECTBASEDIR: /Users/adol/IdeaProjects/pdgigs
[DEBUG] env.OLDPWD: /Users/adol/IdeaProjects/pdgigs
[DEBUG] env.OSLogRateLimit: 64
[DEBUG] env.PATH: /usr/local/bin:/System/Cryptexes/App/usr/bin:/usr/bin:/bin:/usr/sbin:/sbin:/var/run/com.apple.security.cryptexd/codex.system/bootstrap/usr/local/bin:/var/run/com.apple.security.cryptexd/codex.system/bootstrap/usr/bin:/var/run/com.apple.security.cryptexd/codex.system/bootstrap/usr/appleinternal/bin:/opt/pmk/env/global/bin:/opt/homebrew/bin
[DEBUG] env.PROCESS_LAUNCHED_BY_CW: 1
[DEBUG] env.PROCESS_LAUNCHED_BY_Q: 1
[DEBUG] env.PWD: /Users/adol/IdeaProjects/pdgigs
[DEBUG] env.SHELL: /bin/zsh
[DEBUG] env.SHLVL: 1
[DEBUG] env.SSH_AUTH_SOCK: /private/tmp/com.apple.launchd.0lAnFoxc8G/Listeners
[DEBUG] env.TERM: xterm-256color
[DEBUG] env.TERMINAL_EMULATOR: JetBrains-JediTerm
[DEBUG] env.TERM_SESSION_ID: 1a6127e4-7be3-48e9-921c-d2e35724f58a
[DEBUG] env.TMPDIR: /var/folders/6p/66m9nj857bs93d21jbk9j6qw0000gn/T/
[DEBUG] env.USER: adol
[DEBUG] env.XPC_FLAGS: 0x0
[DEBUG] env.XPC_SERVICE_NAME: 0
[DEBUG] env.__CFBundleIdentifier: com.jetbrains.intellij.ce
[DEBUG] env.__CF_USER_TEXT_ENCODING: 0x1F5:0x0:0x8
[DEBUG] file.encoding: UTF-8
[DEBUG] file.separator: /
[DEBUG] flyway.version: 11.7.2
[DEBUG] freemarker.version: 2.3.34
[DEBUG] ftp.nonProxyHosts: local|*.local|169.254/16|*.169.254/16
[DEBUG] git-commit-id-maven-plugin.version: 9.0.2
[DEBUG] glassfish-jaxb.version: 4.0.6
[DEBUG] glassfish-jstl.version: 3.0.1
[DEBUG] graphql-java.version: 24.3
[DEBUG] groovy.version: 4.0.29
[DEBUG] gson.version: 2.13.2
[DEBUG] h2.version: 2.3.232
[DEBUG] hamcrest.version: 3.0
[DEBUG] hazelcast.version: 5.5.0
[DEBUG] hibernate-validator.version: 8.0.3.Final
[DEBUG] hibernate.version: 6.6.33.Final
[DEBUG] hikaricp.version: 6.3.3
[DEBUG] hsqldb.version: 2.7.3
[DEBUG] htmlunit.version: 4.11.1
[DEBUG] http.nonProxyHosts: local|*.local|169.254/16|*.169.254/16
[DEBUG] httpasyncclient.version: 4.1.5
[DEBUG] httpclient5.version: 5.5.1
[DEBUG] httpcore.version: 4.4.16
[DEBUG] httpcore5.version: 5.3.6
[DEBUG] infinispan.version: 15.2.6.Final
[DEBUG] influxdb-java.version: 2.25
[DEBUG] jackson-bom.version: 2.19.2
[DEBUG] jakarta-activation.version: 2.1.4
[DEBUG] jakarta-annotation.version: 2.1.1
[DEBUG] jakarta-inject.version: 2.0.1
[DEBUG] jakarta-jms.version: 3.1.0
[DEBUG] jakarta-json-bind.version: 3.0.1
[DEBUG] jakarta-json.version: 2.1.3
[DEBUG] jakarta-mail.version: 2.1.5
[DEBUG] jakarta-management.version: 1.1.4
[DEBUG] jakarta-persistence.version: 3.1.0
[DEBUG] jakarta-servlet-jsp-jstl.version: 3.0.2
[DEBUG] jakarta-servlet.version: 6.0.0
[DEBUG] jakarta-transaction.version: 2.0.1
[DEBUG] jakarta-validation.version: 3.0.2
[DEBUG] jakarta-websocket.version: 2.1.1
[DEBUG] jakarta-ws-rs.version: 3.1.0
[DEBUG] jakarta-xml-bind.version: 4.0.4
[DEBUG] jakarta-xml-soap.version: 3.0.2
[DEBUG] jakarta-xml-ws.version: 4.0.2
[DEBUG] janino.version: 3.1.12
[DEBUG] java.class.path: /opt/homebrew/Cellar/maven/3.9.11/libexec/boot/plexus-classworlds-2.9.0.jar
[DEBUG] java.class.version: 68.0
[DEBUG] java.home: /opt/homebrew/Cellar/openjdk/24.0.2/libexec/openjdk.jdk/Contents/Home
[DEBUG] java.io.tmpdir: /var/folders/6p/66m9nj857bs93d21jbk9j6qw0000gn/T/
[DEBUG] java.library.path: /Users/adol/Library/Java/Extensions:/Library/Java/Extensions:/Network/Library/Java/Extensions:/System/Library/Java/Extensions:/usr/lib/java:.
[DEBUG] java.runtime.name: OpenJDK Runtime Environment
[DEBUG] java.runtime.version: 24.0.2
[DEBUG] java.specification.name: Java Platform API Specification
[DEBUG] java.specification.vendor: Oracle Corporation
[DEBUG] java.specification.version: 24
[DEBUG] java.vendor: Homebrew
[DEBUG] java.vendor.url: https://github.com/Homebrew/homebrew-core/issues
[DEBUG] java.vendor.url.bug: https://github.com/Homebrew/homebrew-core/issues
[DEBUG] java.vendor.version: Homebrew
[DEBUG] java.version: 24.0.2
[DEBUG] java.version.date: 2025-07-15
[DEBUG] java.vm.compressedOopsMode: Zero based
[DEBUG] java.vm.info: mixed mode, sharing
[DEBUG] java.vm.name: OpenJDK 64-Bit Server VM
[DEBUG] java.vm.specification.name: Java Virtual Machine Specification
[DEBUG] java.vm.specification.vendor: Oracle Corporation
[DEBUG] java.vm.specification.version: 24
[DEBUG] java.vm.vendor: Homebrew
[DEBUG] java.vm.version: 24.0.2
[DEBUG] javax-cache.version: 1.1.1
[DEBUG] javax-money.version: 1.1
[DEBUG] jaxen.version: 2.0.0
[DEBUG] jaybird.version: 6.0.3
[DEBUG] jboss-logging.version: 3.6.1.Final
[DEBUG] jdk.debug: release
[DEBUG] jdom2.version: 2.0.6.1
[DEBUG] jedis.version: 6.0.0
[DEBUG] jersey.version: 3.1.11
[DEBUG] jetty-reactive-httpclient.version: 4.0.12
[DEBUG] jetty.version: 12.0.29
[DEBUG] jmustache.version: 1.16
[DEBUG] jooq.version: 3.19.27
[DEBUG] json-path.version: 2.9.0
[DEBUG] json-smart.version: 2.5.2
[DEBUG] jsonassert.version: 1.5.3
[DEBUG] jtds.version: 1.3.1
[DEBUG] junit-jupiter.version: 5.12.2
[DEBUG] junit.version: 4.13.2
[DEBUG] kafka.version: 3.9.1
[DEBUG] kotlin-coroutines.version: 1.8.1
[DEBUG] kotlin-serialization.version: 1.6.3
[DEBUG] kotlin.version: 1.9.25
[DEBUG] lettuce.version: 6.6.0.RELEASE
[DEBUG] library.jansi.path: /opt/homebrew/Cellar/maven/3.9.11/libexec/lib/jansi-native
[DEBUG] line.separator: 

[DEBUG] liquibase.version: 4.31.1
[DEBUG] log4j2.version: 2.24.3
[DEBUG] logback.version: 1.5.20
[DEBUG] lombok.version: 1.18.42
[DEBUG] mariadb.version: 3.5.6
[DEBUG] maven-antrun-plugin.version: 3.1.0
[DEBUG] maven-assembly-plugin.version: 3.7.1
[DEBUG] maven-clean-plugin.version: 3.4.1
[DEBUG] maven-compiler-plugin.version: 3.14.1
[DEBUG] maven-dependency-plugin.version: 3.8.1
[DEBUG] maven-deploy-plugin.version: 3.1.4
[DEBUG] maven-enforcer-plugin.version: 3.5.0
[DEBUG] maven-failsafe-plugin.version: 3.5.4
[DEBUG] maven-help-plugin.version: 3.5.1
[DEBUG] maven-install-plugin.version: 3.1.4
[DEBUG] maven-invoker-plugin.version: 3.9.1
[DEBUG] maven-jar-plugin.version: 3.4.2
[DEBUG] maven-javadoc-plugin.version: 3.11.3
[DEBUG] maven-resources-plugin.version: 3.3.1
[DEBUG] maven-shade-plugin.version: 3.6.1
[DEBUG] maven-source-plugin.version: 3.3.1
[DEBUG] maven-surefire-plugin.version: 3.5.4
[DEBUG] maven-war-plugin.version: 3.4.0
[DEBUG] maven.build.timestamp: 2025-11-16T13:23:30Z
[DEBUG] maven.build.version: Apache Maven 3.9.11 (3e54c93a704957b63ee3494413a2b544fd3d825b)
[DEBUG] maven.compiler.release: 21
[DEBUG] maven.conf: /opt/homebrew/Cellar/maven/3.9.11/libexec/conf
[DEBUG] maven.home: /opt/homebrew/Cellar/maven/3.9.11/libexec
[DEBUG] maven.multiModuleProjectDirectory: /Users/adol/IdeaProjects/pdgigs
[DEBUG] maven.version: 3.9.11
[DEBUG] micrometer-tracing.version: 1.5.5
[DEBUG] micrometer.version: 1.15.5
[DEBUG] mockito.version: 5.17.0
[DEBUG] mongodb.version: 5.5.2
[DEBUG] mssql-jdbc.version: 12.10.2.jre11
[DEBUG] mysql.version: 9.4.0
[DEBUG] native-build-tools-plugin.version: 0.10.6
[DEBUG] native.encoding: UTF-8
[DEBUG] nekohtml.version: 1.9.22
[DEBUG] neo4j-java-driver.version: 5.28.9
[DEBUG] netty.version: 4.1.128.Final
[DEBUG] opentelemetry.version: 1.49.0
[DEBUG] oracle-database.version: 23.7.0.25.01
[DEBUG] oracle-r2dbc.version: 1.3.0
[DEBUG] os.arch: aarch64
[DEBUG] os.name: Mac OS X
[DEBUG] os.version: 26.1
[DEBUG] path.separator: :
[DEBUG] pooled-jms.version: 3.1.7
[DEBUG] postgresql.version: 42.7.8
[DEBUG] project.baseUri: file:/Users/adol/IdeaProjects/pdgigs/
[DEBUG] project.build.sourceEncoding: UTF-8
[DEBUG] project.reporting.outputEncoding: UTF-8
[DEBUG] prometheus-client.version: 1.3.10
[DEBUG] prometheus-simpleclient.version: 0.16.0
[DEBUG] pulsar-reactive.version: 0.6.0
[DEBUG] pulsar.version: 4.0.7
[DEBUG] quartz.version: 2.5.0
[DEBUG] querydsl.version: 5.1.0
[DEBUG] r2dbc-h2.version: 1.0.1.RELEASE
[DEBUG] r2dbc-mariadb.version: 1.3.0
[DEBUG] r2dbc-mssql.version: 1.0.3.RELEASE
[DEBUG] r2dbc-mysql.version: 1.4.1
[DEBUG] r2dbc-pool.version: 1.0.2.RELEASE
[DEBUG] r2dbc-postgresql.version: 1.0.8.RELEASE
[DEBUG] r2dbc-proxy.version: 1.1.6.RELEASE
[DEBUG] r2dbc-spi.version: 1.0.0.RELEASE
[DEBUG] rabbit-amqp-client.version: 5.25.0
[DEBUG] rabbit-stream-client.version: 0.23.0
[DEBUG] reactive-streams.version: 1.0.4
[DEBUG] reactor-bom.version: 2024.0.11
[DEBUG] resource.delimiter: @
[DEBUG] rest-assured.version: 5.5.6
[DEBUG] rsocket.version: 1.1.5
[DEBUG] rxjava3.version: 3.1.12
[DEBUG] saaj-impl.version: 3.0.4
[DEBUG] selenium-htmlunit.version: 4.30.0
[DEBUG] selenium.version: 4.31.0
[DEBUG] sendgrid.version: 4.10.3
[DEBUG] slf4j.version: 2.0.17
[DEBUG] snakeyaml.version: 2.4
[DEBUG] socksNonProxyHosts: local|*.local|169.254/16|*.169.254/16
[DEBUG] spring-amqp.version: 3.2.8
[DEBUG] spring-authorization-server.version: 1.5.3
[DEBUG] spring-batch.version: 5.2.4
[DEBUG] spring-boot.run.main-class: ${start-class}
[DEBUG] spring-data-bom.version: 2025.0.5
[DEBUG] spring-framework.version: 6.2.12
[DEBUG] spring-graphql.version: 1.4.3
[DEBUG] spring-hateoas.version: 2.5.1
[DEBUG] spring-integration.version: 6.5.3
[DEBUG] spring-kafka.version: 3.3.10
[DEBUG] spring-ldap.version: 3.3.4
[DEBUG] spring-pulsar.version: 1.2.11
[DEBUG] spring-restdocs.version: 3.0.5
[DEBUG] spring-retry.version: 2.0.12
[DEBUG] spring-security.version: 6.5.6
[DEBUG] spring-session.version: 3.5.3
[DEBUG] spring-ws.version: 4.1.2
[DEBUG] sqlite-jdbc.version: 3.49.1.0
[DEBUG] stderr.encoding: UTF-8
[DEBUG] stdout.encoding: UTF-8
[DEBUG] sun.arch.data.model: 64
[DEBUG] sun.boot.library.path: /opt/homebrew/Cellar/openjdk/24.0.2/libexec/openjdk.jdk/Contents/Home/lib
[DEBUG] sun.cpu.endian: little
[DEBUG] sun.io.unicode.encoding: UnicodeBig
[DEBUG] sun.java.command: org.codehaus.plexus.classworlds.launcher.Launcher clean test -X
[DEBUG] sun.java.launcher: SUN_STANDARD
[DEBUG] sun.jnu.encoding: UTF-8
[DEBUG] sun.management.compiler: HotSpot 64-Bit Tiered Compilers
[DEBUG] testcontainers-redis-module.version: 2.2.4
[DEBUG] testcontainers.version: 1.21.3
[DEBUG] thymeleaf-extras-data-attribute.version: 2.0.1
[DEBUG] thymeleaf-extras-springsecurity.version: 3.1.3.RELEASE
[DEBUG] thymeleaf-layout-dialect.version: 3.4.0
[DEBUG] thymeleaf.version: 3.1.3.RELEASE
[DEBUG] tomcat.version: 10.1.48
[DEBUG] unboundid-ldapsdk.version: 7.0.3
[DEBUG] undertow.version: 2.3.20.Final
[DEBUG] user.country: ES
[DEBUG] user.dir: /Users/adol/IdeaProjects/pdgigs
[DEBUG] user.home: /Users/adol
[DEBUG] user.language: es
[DEBUG] user.name: adol
[DEBUG] versions-maven-plugin.version: 2.18.0
[DEBUG] vibur.version: 26.0
[DEBUG] webjars-locator-core.version: 0.59
[DEBUG] webjars-locator-lite.version: 1.1.2
[DEBUG] wsdl4j.version: 1.6.3
[DEBUG] xml-maven-plugin.version: 1.1.0
[DEBUG] xmlunit2.version: 2.10.4
[DEBUG] yasson.version: 3.0.4
[DEBUG] zipkin-reporter.version: 3.5.1
[DEBUG] Using 'UTF-8' encoding to copy filtered resources.
[DEBUG] Using 'UTF-8' encoding to copy filtered properties files.
[DEBUG] resource with targetPath null
directory /Users/adol/IdeaProjects/pdgigs/src/test/resources
excludes []
includes []
[INFO] skip non existing resourceDirectory /Users/adol/IdeaProjects/pdgigs/src/test/resources
[DEBUG] no user filter components
[INFO] 
[INFO] --- compiler:3.14.1:testCompile (default-testCompile) @ pdgigs ---
[DEBUG] Loading mojo org.apache.maven.plugins:maven-compiler-plugin:3.14.1:testCompile from plugin realm ClassRealm[plugin>org.apache.maven.plugins:maven-compiler-plugin:3.14.1, parent: jdk.internal.loader.ClassLoaders$AppClassLoader@5bc2b487]
[DEBUG] Configuring mojo execution 'org.apache.maven.plugins:maven-compiler-plugin:3.14.1:testCompile:default-testCompile' with basic configurator -->
[DEBUG]   (s) groupId = org.projectlombok
[DEBUG]   (s) artifactId = lombok
[DEBUG]   (f) annotationProcessorPaths = [org.projectlombok:lombok.jar]
[DEBUG]   (f) annotationProcessorPathsUseDepMgmt = false
[DEBUG]   (f) basedir = /Users/adol/IdeaProjects/pdgigs
[DEBUG]   (f) buildDirectory = /Users/adol/IdeaProjects/pdgigs/target
[DEBUG]   (f) compileSourceRoots = [/Users/adol/IdeaProjects/pdgigs/src/test/java]
[DEBUG]   (f) compilerId = javac
[DEBUG]   (f) createMissingPackageInfoClass = true
[DEBUG]   (f) debug = true
[DEBUG]   (f) debugFileName = javac-test
[DEBUG]   (f) enablePreview = false
[DEBUG]   (f) encoding = UTF-8
[DEBUG]   (f) failOnError = true
[DEBUG]   (f) failOnWarning = false
[DEBUG]   (f) fileExtensions = [jar, class]
[DEBUG]   (f) forceJavacCompilerUse = false
[DEBUG]   (f) forceLegacyJavacApi = false
[DEBUG]   (f) fork = false
[DEBUG]   (f) generatedTestSourcesDirectory = /Users/adol/IdeaProjects/pdgigs/target/generated-test-sources/test-annotations
[DEBUG]   (f) mojoExecution = org.apache.maven.plugins:maven-compiler-plugin:3.14.1:testCompile {execution: default-testCompile}
[DEBUG]   (f) optimize = false
[DEBUG]   (f) outputDirectory = /Users/adol/IdeaProjects/pdgigs/target/test-classes
[DEBUG]   (f) parameters = true
[DEBUG]   (f) project = MavenProject: com.pdgigs:pdgigs:0.0.1-SNAPSHOT @ /Users/adol/IdeaProjects/pdgigs/pom.xml
[DEBUG]   (s) release = 21
[DEBUG]   (f) session = org.apache.maven.execution.MavenSession@58472096
[DEBUG]   (f) showCompilationChanges = false
[DEBUG]   (f) showDeprecation = false
[DEBUG]   (f) showWarnings = true
[DEBUG]   (f) skipMultiThreadWarning = false
[DEBUG]   (f) source = 1.8
[DEBUG]   (f) staleMillis = 0
[DEBUG]   (s) target = 1.8
[DEBUG]   (f) testPath = [/Users/adol/IdeaProjects/pdgigs/target/test-classes, /Users/adol/IdeaProjects/pdgigs/target/classes, /Users/adol/.m2/repository/org/springframework/boot/spring-boot-starter-data-mongodb-reactive/3.5.7/spring-boot-starter-data-mongodb-reactive-3.5.7.jar, /Users/adol/.m2/repository/org/springframework/boot/spring-boot-starter/3.5.7/spring-boot-starter-3.5.7.jar, /Users/adol/.m2/repository/org/springframework/boot/spring-boot-starter-logging/3.5.7/spring-boot-starter-logging-3.5.7.jar, /Users/adol/.m2/repository/ch/qos/logback/logback-classic/1.5.20/logback-classic-1.5.20.jar, /Users/adol/.m2/repository/ch/qos/logback/logback-core/1.5.20/logback-core-1.5.20.jar, /Users/adol/.m2/repository/org/apache/logging/log4j/log4j-to-slf4j/2.24.3/log4j-to-slf4j-2.24.3.jar, /Users/adol/.m2/repository/org/apache/logging/log4j/log4j-api/2.24.3/log4j-api-2.24.3.jar, /Users/adol/.m2/repository/org/slf4j/jul-to-slf4j/2.0.17/jul-to-slf4j-2.0.17.jar, /Users/adol/.m2/repository/jakarta/annotation/jakarta.annotation-api/2.1.1/jakarta.annotation-api-2.1.1.jar, /Users/adol/.m2/repository/org/yaml/snakeyaml/2.4/snakeyaml-2.4.jar, /Users/adol/.m2/repository/io/projectreactor/reactor-core/3.7.12/reactor-core-3.7.12.jar, /Users/adol/.m2/repository/org/reactivestreams/reactive-streams/1.0.4/reactive-streams-1.0.4.jar, /Users/adol/.m2/repository/org/mongodb/mongodb-driver-reactivestreams/5.5.2/mongodb-driver-reactivestreams-5.5.2.jar, /Users/adol/.m2/repository/org/mongodb/bson/5.5.2/bson-5.5.2.jar, /Users/adol/.m2/repository/org/mongodb/mongodb-driver-core/5.5.2/mongodb-driver-core-5.5.2.jar, /Users/adol/.m2/repository/org/mongodb/bson-record-codec/5.5.2/bson-record-codec-5.5.2.jar, /Users/adol/.m2/repository/org/springframework/data/spring-data-mongodb/4.5.5/spring-data-mongodb-4.5.5.jar, /Users/adol/.m2/repository/org/springframework/spring-tx/6.2.12/spring-tx-6.2.12.jar, /Users/adol/.m2/repository/org/springframework/spring-context/6.2.12/spring-context-6.2.12.jar, /Users/adol/.m2/repository/org/springframework/spring-beans/6.2.12/spring-beans-6.2.12.jar, /Users/adol/.m2/repository/org/springframework/spring-expression/6.2.12/spring-expression-6.2.12.jar, /Users/adol/.m2/repository/org/springframework/data/spring-data-commons/3.5.5/spring-data-commons-3.5.5.jar, /Users/adol/.m2/repository/org/springframework/boot/spring-boot-starter-security/3.5.7/spring-boot-starter-security-3.5.7.jar, /Users/adol/.m2/repository/org/springframework/spring-aop/6.2.12/spring-aop-6.2.12.jar, /Users/adol/.m2/repository/org/springframework/security/spring-security-config/6.5.6/spring-security-config-6.5.6.jar, /Users/adol/.m2/repository/org/springframework/security/spring-security-web/6.5.6/spring-security-web-6.5.6.jar, /Users/adol/.m2/repository/org/springframework/boot/spring-boot-starter-validation/3.5.7/spring-boot-starter-validation-3.5.7.jar, /Users/adol/.m2/repository/org/apache/tomcat/embed/tomcat-embed-el/10.1.48/tomcat-embed-el-10.1.48.jar, /Users/adol/.m2/repository/org/hibernate/validator/hibernate-validator/8.0.3.Final/hibernate-validator-8.0.3.Final.jar, /Users/adol/.m2/repository/jakarta/validation/jakarta.validation-api/3.0.2/jakarta.validation-api-3.0.2.jar, /Users/adol/.m2/repository/org/jboss/logging/jboss-logging/3.6.1.Final/jboss-logging-3.6.1.Final.jar, /Users/adol/.m2/repository/com/fasterxml/classmate/1.7.1/classmate-1.7.1.jar, /Users/adol/.m2/repository/org/springframework/boot/spring-boot-starter-webflux/3.5.7/spring-boot-starter-webflux-3.5.7.jar, /Users/adol/.m2/repository/org/springframework/boot/spring-boot-starter-json/3.5.7/spring-boot-starter-json-3.5.7.jar, /Users/adol/.m2/repository/com/fasterxml/jackson/core/jackson-databind/2.19.2/jackson-databind-2.19.2.jar, /Users/adol/.m2/repository/com/fasterxml/jackson/core/jackson-core/2.19.2/jackson-core-2.19.2.jar, /Users/adol/.m2/repository/com/fasterxml/jackson/datatype/jackson-datatype-jdk8/2.19.2/jackson-datatype-jdk8-2.19.2.jar, /Users/adol/.m2/repository/com/fasterxml/jackson/datatype/jackson-datatype-jsr310/2.19.2/jackson-datatype-jsr310-2.19.2.jar, /Users/adol/.m2/repository/com/fasterxml/jackson/module/jackson-module-parameter-names/2.19.2/jackson-module-parameter-names-2.19.2.jar, /Users/adol/.m2/repository/org/springframework/boot/spring-boot-starter-reactor-netty/3.5.7/spring-boot-starter-reactor-netty-3.5.7.jar, /Users/adol/.m2/repository/io/projectreactor/netty/reactor-netty-http/1.2.11/reactor-netty-http-1.2.11.jar, /Users/adol/.m2/repository/io/netty/netty-codec-http/4.1.128.Final/netty-codec-http-4.1.128.Final.jar, /Users/adol/.m2/repository/io/netty/netty-common/4.1.128.Final/netty-common-4.1.128.Final.jar, /Users/adol/.m2/repository/io/netty/netty-buffer/4.1.128.Final/netty-buffer-4.1.128.Final.jar, /Users/adol/.m2/repository/io/netty/netty-transport/4.1.128.Final/netty-transport-4.1.128.Final.jar, /Users/adol/.m2/repository/io/netty/netty-codec/4.1.128.Final/netty-codec-4.1.128.Final.jar, /Users/adol/.m2/repository/io/netty/netty-handler/4.1.128.Final/netty-handler-4.1.128.Final.jar, /Users/adol/.m2/repository/io/netty/netty-codec-http2/4.1.128.Final/netty-codec-http2-4.1.128.Final.jar, /Users/adol/.m2/repository/io/netty/netty-resolver-dns/4.1.128.Final/netty-resolver-dns-4.1.128.Final.jar, /Users/adol/.m2/repository/io/netty/netty-resolver/4.1.128.Final/netty-resolver-4.1.128.Final.jar, /Users/adol/.m2/repository/io/netty/netty-codec-dns/4.1.128.Final/netty-codec-dns-4.1.128.Final.jar, /Users/adol/.m2/repository/io/netty/netty-resolver-dns-native-macos/4.1.128.Final/netty-resolver-dns-native-macos-4.1.128.Final-osx-x86_64.jar, /Users/adol/.m2/repository/io/netty/netty-resolver-dns-classes-macos/4.1.128.Final/netty-resolver-dns-classes-macos-4.1.128.Final.jar, /Users/adol/.m2/repository/io/netty/netty-transport-native-epoll/4.1.128.Final/netty-transport-native-epoll-4.1.128.Final-linux-x86_64.jar, /Users/adol/.m2/repository/io/netty/netty-transport-native-unix-common/4.1.128.Final/netty-transport-native-unix-common-4.1.128.Final.jar, /Users/adol/.m2/repository/io/netty/netty-transport-classes-epoll/4.1.128.Final/netty-transport-classes-epoll-4.1.128.Final.jar, /Users/adol/.m2/repository/io/projectreactor/netty/reactor-netty-core/1.2.11/reactor-netty-core-1.2.11.jar, /Users/adol/.m2/repository/io/netty/netty-handler-proxy/4.1.128.Final/netty-handler-proxy-4.1.128.Final.jar, /Users/adol/.m2/repository/io/netty/netty-codec-socks/4.1.128.Final/netty-codec-socks-4.1.128.Final.jar, /Users/adol/.m2/repository/org/springframework/spring-web/6.2.12/spring-web-6.2.12.jar, /Users/adol/.m2/repository/io/micrometer/micrometer-observation/1.15.5/micrometer-observation-1.15.5.jar, /Users/adol/.m2/repository/io/micrometer/micrometer-commons/1.15.5/micrometer-commons-1.15.5.jar, /Users/adol/.m2/repository/org/springframework/spring-webflux/6.2.12/spring-webflux-6.2.12.jar, /Users/adol/.m2/repository/org/springframework/boot/spring-boot-devtools/3.5.7/spring-boot-devtools-3.5.7.jar, /Users/adol/.m2/repository/org/springframework/boot/spring-boot/3.5.7/spring-boot-3.5.7.jar, /Users/adol/.m2/repository/org/springframework/boot/spring-boot-autoconfigure/3.5.7/spring-boot-autoconfigure-3.5.7.jar, /Users/adol/.m2/repository/org/projectlombok/lombok/1.18.42/lombok-1.18.42.jar, /Users/adol/.m2/repository/org/springdoc/springdoc-openapi-starter-webflux-ui/2.8.13/springdoc-openapi-starter-webflux-ui-2.8.13.jar, /Users/adol/.m2/repository/org/springdoc/springdoc-openapi-starter-webflux-api/2.8.13/springdoc-openapi-starter-webflux-api-2.8.13.jar, /Users/adol/.m2/repository/org/springdoc/springdoc-openapi-starter-common/2.8.13/springdoc-openapi-starter-common-2.8.13.jar, /Users/adol/.m2/repository/io/swagger/core/v3/swagger-core-jakarta/2.2.36/swagger-core-jakarta-2.2.36.jar, /Users/adol/.m2/repository/org/apache/commons/commons-lang3/3.17.0/commons-lang3-3.17.0.jar, /Users/adol/.m2/repository/io/swagger/core/v3/swagger-annotations-jakarta/2.2.36/swagger-annotations-jakarta-2.2.36.jar, /Users/adol/.m2/repository/io/swagger/core/v3/swagger-models-jakarta/2.2.36/swagger-models-jakarta-2.2.36.jar, /Users/adol/.m2/repository/com/fasterxml/jackson/dataformat/jackson-dataformat-yaml/2.19.2/jackson-dataformat-yaml-2.19.2.jar, /Users/adol/.m2/repository/org/webjars/swagger-ui/5.28.1/swagger-ui-5.28.1.jar, /Users/adol/.m2/repository/org/webjars/webjars-locator-lite/1.1.2/webjars-locator-lite-1.1.2.jar, /Users/adol/.m2/repository/org/jspecify/jspecify/1.0.0/jspecify-1.0.0.jar, /Users/adol/.m2/repository/org/springframework/boot/spring-boot-starter-test/3.5.7/spring-boot-starter-test-3.5.7.jar, /Users/adol/.m2/repository/org/springframework/boot/spring-boot-test/3.5.7/spring-boot-test-3.5.7.jar, /Users/adol/.m2/repository/org/springframework/boot/spring-boot-test-autoconfigure/3.5.7/spring-boot-test-autoconfigure-3.5.7.jar, /Users/adol/.m2/repository/com/jayway/jsonpath/json-path/2.9.0/json-path-2.9.0.jar, /Users/adol/.m2/repository/jakarta/xml/bind/jakarta.xml.bind-api/4.0.4/jakarta.xml.bind-api-4.0.4.jar, /Users/adol/.m2/repository/jakarta/activation/jakarta.activation-api/2.1.4/jakarta.activation-api-2.1.4.jar, /Users/adol/.m2/repository/net/minidev/json-smart/2.5.2/json-smart-2.5.2.jar, /Users/adol/.m2/repository/net/minidev/accessors-smart/2.5.2/accessors-smart-2.5.2.jar, /Users/adol/.m2/repository/org/ow2/asm/asm/9.7.1/asm-9.7.1.jar, /Users/adol/.m2/repository/org/assertj/assertj-core/3.27.6/assertj-core-3.27.6.jar, /Users/adol/.m2/repository/net/bytebuddy/byte-buddy/1.17.8/byte-buddy-1.17.8.jar, /Users/adol/.m2/repository/org/awaitility/awaitility/4.2.2/awaitility-4.2.2.jar, /Users/adol/.m2/repository/org/hamcrest/hamcrest/3.0/hamcrest-3.0.jar, /Users/adol/.m2/repository/org/junit/jupiter/junit-jupiter/5.12.2/junit-jupiter-5.12.2.jar, /Users/adol/.m2/repository/org/junit/jupiter/junit-jupiter-api/5.12.2/junit-jupiter-api-5.12.2.jar, /Users/adol/.m2/repository/org/opentest4j/opentest4j/1.3.0/opentest4j-1.3.0.jar, /Users/adol/.m2/repository/org/junit/platform/junit-platform-commons/1.12.2/junit-platform-commons-1.12.2.jar, /Users/adol/.m2/repository/org/apiguardian/apiguardian-api/1.1.2/apiguardian-api-1.1.2.jar, /Users/adol/.m2/repository/org/junit/jupiter/junit-jupiter-params/5.12.2/junit-jupiter-params-5.12.2.jar, /Users/adol/.m2/repository/org/junit/jupiter/junit-jupiter-engine/5.12.2/junit-jupiter-engine-5.12.2.jar, /Users/adol/.m2/repository/org/junit/platform/junit-platform-engine/1.12.2/junit-platform-engine-1.12.2.jar, /Users/adol/.m2/repository/org/mockito/mockito-core/5.17.0/mockito-core-5.17.0.jar, /Users/adol/.m2/repository/net/bytebuddy/byte-buddy-agent/1.17.8/byte-buddy-agent-1.17.8.jar, /Users/adol/.m2/repository/org/objenesis/objenesis/3.3/objenesis-3.3.jar, /Users/adol/.m2/repository/org/mockito/mockito-junit-jupiter/5.17.0/mockito-junit-jupiter-5.17.0.jar, /Users/adol/.m2/repository/org/skyscreamer/jsonassert/1.5.3/jsonassert-1.5.3.jar, /Users/adol/.m2/repository/com/vaadin/external/google/android-json/0.0.20131108.vaadin1/android-json-0.0.20131108.vaadin1.jar, /Users/adol/.m2/repository/org/springframework/spring-core/6.2.12/spring-core-6.2.12.jar, /Users/adol/.m2/repository/org/springframework/spring-jcl/6.2.12/spring-jcl-6.2.12.jar, /Users/adol/.m2/repository/org/springframework/spring-test/6.2.12/spring-test-6.2.12.jar, /Users/adol/.m2/repository/org/xmlunit/xmlunit-core/2.10.4/xmlunit-core-2.10.4.jar, /Users/adol/.m2/repository/io/projectreactor/reactor-test/3.7.12/reactor-test-3.7.12.jar, /Users/adol/.m2/repository/org/springframework/security/spring-security-test/6.5.6/spring-security-test-6.5.6.jar, /Users/adol/.m2/repository/org/springframework/security/spring-security-core/6.5.6/spring-security-core-6.5.6.jar, /Users/adol/.m2/repository/org/springframework/security/spring-security-crypto/6.5.6/spring-security-crypto-6.5.6.jar, /Users/adol/.m2/repository/org/testcontainers/testcontainers/1.19.3/testcontainers-1.19.3.jar, /Users/adol/.m2/repository/junit/junit/4.13.2/junit-4.13.2.jar, /Users/adol/.m2/repository/org/hamcrest/hamcrest-core/3.0/hamcrest-core-3.0.jar, /Users/adol/.m2/repository/org/slf4j/slf4j-api/2.0.17/slf4j-api-2.0.17.jar, /Users/adol/.m2/repository/org/apache/commons/commons-compress/1.24.0/commons-compress-1.24.0.jar, /Users/adol/.m2/repository/org/rnorth/duct-tape/duct-tape/1.0.8/duct-tape-1.0.8.jar, /Users/adol/.m2/repository/org/jetbrains/annotations/17.0.0/annotations-17.0.0.jar, /Users/adol/.m2/repository/com/github/docker-java/docker-java-api/3.3.4/docker-java-api-3.3.4.jar, /Users/adol/.m2/repository/com/fasterxml/jackson/core/jackson-annotations/2.19.2/jackson-annotations-2.19.2.jar, /Users/adol/.m2/repository/com/github/docker-java/docker-java-transport-zerodep/3.3.4/docker-java-transport-zerodep-3.3.4.jar, /Users/adol/.m2/repository/com/github/docker-java/docker-java-transport/3.3.4/docker-java-transport-3.3.4.jar, /Users/adol/.m2/repository/net/java/dev/jna/jna/5.13.0/jna-5.13.0.jar, /Users/adol/.m2/repository/org/testcontainers/mongodb/1.19.3/mongodb-1.19.3.jar, /Users/adol/.m2/repository/org/testcontainers/junit-jupiter/1.19.3/junit-jupiter-1.19.3.jar]
[DEBUG]   (f) useIncrementalCompilation = true
[DEBUG]   (f) useModulePath = true
[DEBUG]   (f) verbose = false
[DEBUG] -- end configuration --
[DEBUG] Using compiler 'javac'.
[DEBUG] Dependency collection stats {ConflictMarker.analyzeTime=15625, ConflictMarker.markTime=14667, ConflictMarker.nodeCount=2, ConflictIdSorter.graphTime=5375, ConflictIdSorter.topsortTime=4084, ConflictIdSorter.conflictIdCount=1, ConflictIdSorter.conflictIdCycleCount=0, ConflictResolver.totalTime=35959, ConflictResolver.conflictItemCount=1, DfDependencyCollector.collectTime=98584, DfDependencyCollector.transformTime=82791}
[DEBUG] CompilerReuseStrategy: reuseCreated
[DEBUG] useIncrementalCompilation enabled
[INFO] 	New dependency detected: /Users/adol/IdeaProjects/pdgigs/target/classes/com/pdgigs/PdgigsApplication.class
[INFO] 	Stale source detected: /Users/adol/IdeaProjects/pdgigs/src/test/java/com/pdgigs/application/service/UpdateScoreServiceTest.java
[INFO] 	Stale source detected: /Users/adol/IdeaProjects/pdgigs/src/test/java/com/pdgigs/infrastructure/adapter/input/rest/ScoreControllerQueryTest.java
[INFO] 	Stale source detected: /Users/adol/IdeaProjects/pdgigs/src/test/java/com/pdgigs/infrastructure/adapter/input/rest/ScoreControllerValidationTest.java
[INFO] 	Stale source detected: /Users/adol/IdeaProjects/pdgigs/src/test/java/com/pdgigs/infrastructure/adapter/input/rest/helper/MultipartRequestFactory.java
[INFO] 	Stale source detected: /Users/adol/IdeaProjects/pdgigs/src/test/java/com/pdgigs/infrastructure/adapter/output/persistence/ScoreRepositoryAdapterTest.java
[INFO] 	Stale source detected: /Users/adol/IdeaProjects/pdgigs/src/test/java/com/pdgigs/PdgigsApplicationTests.java
[INFO] 	Stale source detected: /Users/adol/IdeaProjects/pdgigs/src/test/java/com/pdgigs/application/service/CreateScoreWithCompleteMetadataTest.java
[INFO] 	Stale source detected: /Users/adol/IdeaProjects/pdgigs/src/test/java/com/pdgigs/infrastructure/adapter/input/rest/helper/PdfContentFactory.java
[INFO] 	Stale source detected: /Users/adol/IdeaProjects/pdgigs/src/test/java/com/pdgigs/application/service/GetScoreMetadataTest.java
[INFO] 	Stale source detected: /Users/adol/IdeaProjects/pdgigs/src/test/java/com/pdgigs/infrastructure/adapter/input/rest/ScoreControllerDeleteTest.java
[INFO] 	Stale source detected: /Users/adol/IdeaProjects/pdgigs/src/test/java/com/pdgigs/infrastructure/adapter/input/rest/ScoreControllerDownloadTest.java
[INFO] 	Stale source detected: /Users/adol/IdeaProjects/pdgigs/src/test/java/com/pdgigs/infrastructure/adapter/input/rest/ScoreControllerUpdateTest.java
[INFO] 	Stale source detected: /Users/adol/IdeaProjects/pdgigs/src/test/java/com/pdgigs/application/service/GetScorePdfTest.java
[INFO] 	Stale source detected: /Users/adol/IdeaProjects/pdgigs/src/test/java/com/pdgigs/application/service/DeleteScoreServiceTest.java
[INFO] 	Stale source detected: /Users/adol/IdeaProjects/pdgigs/src/test/java/com/pdgigs/application/service/CreateScoreWithPartialMetadataTest.java
[INFO] 	Stale source detected: /Users/adol/IdeaProjects/pdgigs/src/test/java/com/pdgigs/application/service/CreateScoreWithEmptyMetadataTest.java
[INFO] 	Stale source detected: /Users/adol/IdeaProjects/pdgigs/src/test/java/com/pdgigs/application/service/CreateScoreValidationTest.java
[INFO] 	Stale source detected: /Users/adol/IdeaProjects/pdgigs/src/test/java/com/pdgigs/infrastructure/adapter/input/rest/helper/ScoreMockFactory.java
[INFO] 	Input tree files (+): /Users/adol/IdeaProjects/pdgigs/src/test/java/com/pdgigs/PdgigsApplicationTests.java
[INFO] 	Input tree files (+): /Users/adol/IdeaProjects/pdgigs/src/test/java/com/pdgigs/application/service/CreateScoreValidationTest.java
[INFO] 	Input tree files (+): /Users/adol/IdeaProjects/pdgigs/src/test/java/com/pdgigs/application/service/CreateScoreWithCompleteMetadataTest.java
[INFO] 	Input tree files (+): /Users/adol/IdeaProjects/pdgigs/src/test/java/com/pdgigs/application/service/CreateScoreWithEmptyMetadataTest.java
[INFO] 	Input tree files (+): /Users/adol/IdeaProjects/pdgigs/src/test/java/com/pdgigs/application/service/CreateScoreWithPartialMetadataTest.java
[INFO] 	Input tree files (+): /Users/adol/IdeaProjects/pdgigs/src/test/java/com/pdgigs/application/service/DeleteScoreServiceTest.java
[INFO] 	Input tree files (+): /Users/adol/IdeaProjects/pdgigs/src/test/java/com/pdgigs/application/service/GetScoreMetadataTest.java
[INFO] 	Input tree files (+): /Users/adol/IdeaProjects/pdgigs/src/test/java/com/pdgigs/application/service/GetScorePdfTest.java
[INFO] 	Input tree files (+): /Users/adol/IdeaProjects/pdgigs/src/test/java/com/pdgigs/application/service/UpdateScoreServiceTest.java
[INFO] 	Input tree files (+): /Users/adol/IdeaProjects/pdgigs/src/test/java/com/pdgigs/infrastructure/adapter/input/rest/ScoreControllerDeleteTest.java
[INFO] 	Input tree files (+): /Users/adol/IdeaProjects/pdgigs/src/test/java/com/pdgigs/infrastructure/adapter/input/rest/ScoreControllerDownloadTest.java
[INFO] 	Input tree files (+): /Users/adol/IdeaProjects/pdgigs/src/test/java/com/pdgigs/infrastructure/adapter/input/rest/ScoreControllerQueryTest.java
[INFO] 	Input tree files (+): /Users/adol/IdeaProjects/pdgigs/src/test/java/com/pdgigs/infrastructure/adapter/input/rest/ScoreControllerUpdateTest.java
[INFO] 	Input tree files (+): /Users/adol/IdeaProjects/pdgigs/src/test/java/com/pdgigs/infrastructure/adapter/input/rest/ScoreControllerValidationTest.java
[INFO] 	Input tree files (+): /Users/adol/IdeaProjects/pdgigs/src/test/java/com/pdgigs/infrastructure/adapter/input/rest/helper/MultipartRequestFactory.java
[INFO] 	Input tree files (+): /Users/adol/IdeaProjects/pdgigs/src/test/java/com/pdgigs/infrastructure/adapter/input/rest/helper/PdfContentFactory.java
[INFO] 	Input tree files (+): /Users/adol/IdeaProjects/pdgigs/src/test/java/com/pdgigs/infrastructure/adapter/input/rest/helper/ScoreMockFactory.java
[INFO] 	Input tree files (+): /Users/adol/IdeaProjects/pdgigs/src/test/java/com/pdgigs/infrastructure/adapter/output/persistence/ScoreRepositoryAdapterTest.java
[INFO] Recompiling the module because of changed dependency.
[DEBUG] Classpath:
[DEBUG]  /Users/adol/IdeaProjects/pdgigs/target/test-classes
[DEBUG]  /Users/adol/IdeaProjects/pdgigs/target/classes
[DEBUG]  /Users/adol/.m2/repository/org/springframework/boot/spring-boot-starter-data-mongodb-reactive/3.5.7/spring-boot-starter-data-mongodb-reactive-3.5.7.jar
[DEBUG]  /Users/adol/.m2/repository/org/springframework/boot/spring-boot-starter/3.5.7/spring-boot-starter-3.5.7.jar
[DEBUG]  /Users/adol/.m2/repository/org/springframework/boot/spring-boot-starter-logging/3.5.7/spring-boot-starter-logging-3.5.7.jar
[DEBUG]  /Users/adol/.m2/repository/ch/qos/logback/logback-classic/1.5.20/logback-classic-1.5.20.jar
[DEBUG]  /Users/adol/.m2/repository/ch/qos/logback/logback-core/1.5.20/logback-core-1.5.20.jar
[DEBUG]  /Users/adol/.m2/repository/org/apache/logging/log4j/log4j-to-slf4j/2.24.3/log4j-to-slf4j-2.24.3.jar
[DEBUG]  /Users/adol/.m2/repository/org/apache/logging/log4j/log4j-api/2.24.3/log4j-api-2.24.3.jar
[DEBUG]  /Users/adol/.m2/repository/org/slf4j/jul-to-slf4j/2.0.17/jul-to-slf4j-2.0.17.jar
[DEBUG]  /Users/adol/.m2/repository/jakarta/annotation/jakarta.annotation-api/2.1.1/jakarta.annotation-api-2.1.1.jar
[DEBUG]  /Users/adol/.m2/repository/org/yaml/snakeyaml/2.4/snakeyaml-2.4.jar
[DEBUG]  /Users/adol/.m2/repository/io/projectreactor/reactor-core/3.7.12/reactor-core-3.7.12.jar
[DEBUG]  /Users/adol/.m2/repository/org/reactivestreams/reactive-streams/1.0.4/reactive-streams-1.0.4.jar
[DEBUG]  /Users/adol/.m2/repository/org/mongodb/mongodb-driver-reactivestreams/5.5.2/mongodb-driver-reactivestreams-5.5.2.jar
[DEBUG]  /Users/adol/.m2/repository/org/mongodb/bson/5.5.2/bson-5.5.2.jar
[DEBUG]  /Users/adol/.m2/repository/org/mongodb/mongodb-driver-core/5.5.2/mongodb-driver-core-5.5.2.jar
[DEBUG]  /Users/adol/.m2/repository/org/mongodb/bson-record-codec/5.5.2/bson-record-codec-5.5.2.jar
[DEBUG]  /Users/adol/.m2/repository/org/springframework/data/spring-data-mongodb/4.5.5/spring-data-mongodb-4.5.5.jar
[DEBUG]  /Users/adol/.m2/repository/org/springframework/spring-tx/6.2.12/spring-tx-6.2.12.jar
[DEBUG]  /Users/adol/.m2/repository/org/springframework/spring-context/6.2.12/spring-context-6.2.12.jar
[DEBUG]  /Users/adol/.m2/repository/org/springframework/spring-beans/6.2.12/spring-beans-6.2.12.jar
[DEBUG]  /Users/adol/.m2/repository/org/springframework/spring-expression/6.2.12/spring-expression-6.2.12.jar
[DEBUG]  /Users/adol/.m2/repository/org/springframework/data/spring-data-commons/3.5.5/spring-data-commons-3.5.5.jar
[DEBUG]  /Users/adol/.m2/repository/org/springframework/boot/spring-boot-starter-security/3.5.7/spring-boot-starter-security-3.5.7.jar
[DEBUG]  /Users/adol/.m2/repository/org/springframework/spring-aop/6.2.12/spring-aop-6.2.12.jar
[DEBUG]  /Users/adol/.m2/repository/org/springframework/security/spring-security-config/6.5.6/spring-security-config-6.5.6.jar
[DEBUG]  /Users/adol/.m2/repository/org/springframework/security/spring-security-web/6.5.6/spring-security-web-6.5.6.jar
[DEBUG]  /Users/adol/.m2/repository/org/springframework/boot/spring-boot-starter-validation/3.5.7/spring-boot-starter-validation-3.5.7.jar
[DEBUG]  /Users/adol/.m2/repository/org/apache/tomcat/embed/tomcat-embed-el/10.1.48/tomcat-embed-el-10.1.48.jar
[DEBUG]  /Users/adol/.m2/repository/org/hibernate/validator/hibernate-validator/8.0.3.Final/hibernate-validator-8.0.3.Final.jar
[DEBUG]  /Users/adol/.m2/repository/jakarta/validation/jakarta.validation-api/3.0.2/jakarta.validation-api-3.0.2.jar
[DEBUG]  /Users/adol/.m2/repository/org/jboss/logging/jboss-logging/3.6.1.Final/jboss-logging-3.6.1.Final.jar
[DEBUG]  /Users/adol/.m2/repository/com/fasterxml/classmate/1.7.1/classmate-1.7.1.jar
[DEBUG]  /Users/adol/.m2/repository/org/springframework/boot/spring-boot-starter-webflux/3.5.7/spring-boot-starter-webflux-3.5.7.jar
[DEBUG]  /Users/adol/.m2/repository/org/springframework/boot/spring-boot-starter-json/3.5.7/spring-boot-starter-json-3.5.7.jar
[DEBUG]  /Users/adol/.m2/repository/com/fasterxml/jackson/core/jackson-databind/2.19.2/jackson-databind-2.19.2.jar
[DEBUG]  /Users/adol/.m2/repository/com/fasterxml/jackson/core/jackson-core/2.19.2/jackson-core-2.19.2.jar
[DEBUG]  /Users/adol/.m2/repository/com/fasterxml/jackson/datatype/jackson-datatype-jdk8/2.19.2/jackson-datatype-jdk8-2.19.2.jar
[DEBUG]  /Users/adol/.m2/repository/com/fasterxml/jackson/datatype/jackson-datatype-jsr310/2.19.2/jackson-datatype-jsr310-2.19.2.jar
[DEBUG]  /Users/adol/.m2/repository/com/fasterxml/jackson/module/jackson-module-parameter-names/2.19.2/jackson-module-parameter-names-2.19.2.jar
[DEBUG]  /Users/adol/.m2/repository/org/springframework/boot/spring-boot-starter-reactor-netty/3.5.7/spring-boot-starter-reactor-netty-3.5.7.jar
[DEBUG]  /Users/adol/.m2/repository/io/projectreactor/netty/reactor-netty-http/1.2.11/reactor-netty-http-1.2.11.jar
[DEBUG]  /Users/adol/.m2/repository/io/netty/netty-codec-http/4.1.128.Final/netty-codec-http-4.1.128.Final.jar
[DEBUG]  /Users/adol/.m2/repository/io/netty/netty-common/4.1.128.Final/netty-common-4.1.128.Final.jar
[DEBUG]  /Users/adol/.m2/repository/io/netty/netty-buffer/4.1.128.Final/netty-buffer-4.1.128.Final.jar
[DEBUG]  /Users/adol/.m2/repository/io/netty/netty-transport/4.1.128.Final/netty-transport-4.1.128.Final.jar
[DEBUG]  /Users/adol/.m2/repository/io/netty/netty-codec/4.1.128.Final/netty-codec-4.1.128.Final.jar
[DEBUG]  /Users/adol/.m2/repository/io/netty/netty-handler/4.1.128.Final/netty-handler-4.1.128.Final.jar
[DEBUG]  /Users/adol/.m2/repository/io/netty/netty-codec-http2/4.1.128.Final/netty-codec-http2-4.1.128.Final.jar
[DEBUG]  /Users/adol/.m2/repository/io/netty/netty-resolver-dns/4.1.128.Final/netty-resolver-dns-4.1.128.Final.jar
[DEBUG]  /Users/adol/.m2/repository/io/netty/netty-resolver/4.1.128.Final/netty-resolver-4.1.128.Final.jar
[DEBUG]  /Users/adol/.m2/repository/io/netty/netty-codec-dns/4.1.128.Final/netty-codec-dns-4.1.128.Final.jar
[DEBUG]  /Users/adol/.m2/repository/io/netty/netty-resolver-dns-native-macos/4.1.128.Final/netty-resolver-dns-native-macos-4.1.128.Final-osx-x86_64.jar
[DEBUG]  /Users/adol/.m2/repository/io/netty/netty-resolver-dns-classes-macos/4.1.128.Final/netty-resolver-dns-classes-macos-4.1.128.Final.jar
[DEBUG]  /Users/adol/.m2/repository/io/netty/netty-transport-native-epoll/4.1.128.Final/netty-transport-native-epoll-4.1.128.Final-linux-x86_64.jar
[DEBUG]  /Users/adol/.m2/repository/io/netty/netty-transport-native-unix-common/4.1.128.Final/netty-transport-native-unix-common-4.1.128.Final.jar
[DEBUG]  /Users/adol/.m2/repository/io/netty/netty-transport-classes-epoll/4.1.128.Final/netty-transport-classes-epoll-4.1.128.Final.jar
[DEBUG]  /Users/adol/.m2/repository/io/projectreactor/netty/reactor-netty-core/1.2.11/reactor-netty-core-1.2.11.jar
[DEBUG]  /Users/adol/.m2/repository/io/netty/netty-handler-proxy/4.1.128.Final/netty-handler-proxy-4.1.128.Final.jar
[DEBUG]  /Users/adol/.m2/repository/io/netty/netty-codec-socks/4.1.128.Final/netty-codec-socks-4.1.128.Final.jar
[DEBUG]  /Users/adol/.m2/repository/org/springframework/spring-web/6.2.12/spring-web-6.2.12.jar
[DEBUG]  /Users/adol/.m2/repository/io/micrometer/micrometer-observation/1.15.5/micrometer-observation-1.15.5.jar
[DEBUG]  /Users/adol/.m2/repository/io/micrometer/micrometer-commons/1.15.5/micrometer-commons-1.15.5.jar
[DEBUG]  /Users/adol/.m2/repository/org/springframework/spring-webflux/6.2.12/spring-webflux-6.2.12.jar
[DEBUG]  /Users/adol/.m2/repository/org/springframework/boot/spring-boot-devtools/3.5.7/spring-boot-devtools-3.5.7.jar
[DEBUG]  /Users/adol/.m2/repository/org/springframework/boot/spring-boot/3.5.7/spring-boot-3.5.7.jar
[DEBUG]  /Users/adol/.m2/repository/org/springframework/boot/spring-boot-autoconfigure/3.5.7/spring-boot-autoconfigure-3.5.7.jar
[DEBUG]  /Users/adol/.m2/repository/org/projectlombok/lombok/1.18.42/lombok-1.18.42.jar
[DEBUG]  /Users/adol/.m2/repository/org/springdoc/springdoc-openapi-starter-webflux-ui/2.8.13/springdoc-openapi-starter-webflux-ui-2.8.13.jar
[DEBUG]  /Users/adol/.m2/repository/org/springdoc/springdoc-openapi-starter-webflux-api/2.8.13/springdoc-openapi-starter-webflux-api-2.8.13.jar
[DEBUG]  /Users/adol/.m2/repository/org/springdoc/springdoc-openapi-starter-common/2.8.13/springdoc-openapi-starter-common-2.8.13.jar
[DEBUG]  /Users/adol/.m2/repository/io/swagger/core/v3/swagger-core-jakarta/2.2.36/swagger-core-jakarta-2.2.36.jar
[DEBUG]  /Users/adol/.m2/repository/org/apache/commons/commons-lang3/3.17.0/commons-lang3-3.17.0.jar
[DEBUG]  /Users/adol/.m2/repository/io/swagger/core/v3/swagger-annotations-jakarta/2.2.36/swagger-annotations-jakarta-2.2.36.jar
[DEBUG]  /Users/adol/.m2/repository/io/swagger/core/v3/swagger-models-jakarta/2.2.36/swagger-models-jakarta-2.2.36.jar
[DEBUG]  /Users/adol/.m2/repository/com/fasterxml/jackson/dataformat/jackson-dataformat-yaml/2.19.2/jackson-dataformat-yaml-2.19.2.jar
[DEBUG]  /Users/adol/.m2/repository/org/webjars/swagger-ui/5.28.1/swagger-ui-5.28.1.jar
[DEBUG]  /Users/adol/.m2/repository/org/webjars/webjars-locator-lite/1.1.2/webjars-locator-lite-1.1.2.jar
[DEBUG]  /Users/adol/.m2/repository/org/jspecify/jspecify/1.0.0/jspecify-1.0.0.jar
[DEBUG]  /Users/adol/.m2/repository/org/springframework/boot/spring-boot-starter-test/3.5.7/spring-boot-starter-test-3.5.7.jar
[DEBUG]  /Users/adol/.m2/repository/org/springframework/boot/spring-boot-test/3.5.7/spring-boot-test-3.5.7.jar
[DEBUG]  /Users/adol/.m2/repository/org/springframework/boot/spring-boot-test-autoconfigure/3.5.7/spring-boot-test-autoconfigure-3.5.7.jar
[DEBUG]  /Users/adol/.m2/repository/com/jayway/jsonpath/json-path/2.9.0/json-path-2.9.0.jar
[DEBUG]  /Users/adol/.m2/repository/jakarta/xml/bind/jakarta.xml.bind-api/4.0.4/jakarta.xml.bind-api-4.0.4.jar
[DEBUG]  /Users/adol/.m2/repository/jakarta/activation/jakarta.activation-api/2.1.4/jakarta.activation-api-2.1.4.jar
[DEBUG]  /Users/adol/.m2/repository/net/minidev/json-smart/2.5.2/json-smart-2.5.2.jar
[DEBUG]  /Users/adol/.m2/repository/net/minidev/accessors-smart/2.5.2/accessors-smart-2.5.2.jar
[DEBUG]  /Users/adol/.m2/repository/org/ow2/asm/asm/9.7.1/asm-9.7.1.jar
[DEBUG]  /Users/adol/.m2/repository/org/assertj/assertj-core/3.27.6/assertj-core-3.27.6.jar
[DEBUG]  /Users/adol/.m2/repository/net/bytebuddy/byte-buddy/1.17.8/byte-buddy-1.17.8.jar
[DEBUG]  /Users/adol/.m2/repository/org/awaitility/awaitility/4.2.2/awaitility-4.2.2.jar
[DEBUG]  /Users/adol/.m2/repository/org/hamcrest/hamcrest/3.0/hamcrest-3.0.jar
[DEBUG]  /Users/adol/.m2/repository/org/junit/jupiter/junit-jupiter/5.12.2/junit-jupiter-5.12.2.jar
[DEBUG]  /Users/adol/.m2/repository/org/junit/jupiter/junit-jupiter-api/5.12.2/junit-jupiter-api-5.12.2.jar
[DEBUG]  /Users/adol/.m2/repository/org/opentest4j/opentest4j/1.3.0/opentest4j-1.3.0.jar
[DEBUG]  /Users/adol/.m2/repository/org/junit/platform/junit-platform-commons/1.12.2/junit-platform-commons-1.12.2.jar
[DEBUG]  /Users/adol/.m2/repository/org/apiguardian/apiguardian-api/1.1.2/apiguardian-api-1.1.2.jar
[DEBUG]  /Users/adol/.m2/repository/org/junit/jupiter/junit-jupiter-params/5.12.2/junit-jupiter-params-5.12.2.jar
[DEBUG]  /Users/adol/.m2/repository/org/junit/jupiter/junit-jupiter-engine/5.12.2/junit-jupiter-engine-5.12.2.jar
[DEBUG]  /Users/adol/.m2/repository/org/junit/platform/junit-platform-engine/1.12.2/junit-platform-engine-1.12.2.jar
[DEBUG]  /Users/adol/.m2/repository/org/mockito/mockito-core/5.17.0/mockito-core-5.17.0.jar
[DEBUG]  /Users/adol/.m2/repository/net/bytebuddy/byte-buddy-agent/1.17.8/byte-buddy-agent-1.17.8.jar
[DEBUG]  /Users/adol/.m2/repository/org/objenesis/objenesis/3.3/objenesis-3.3.jar
[DEBUG]  /Users/adol/.m2/repository/org/mockito/mockito-junit-jupiter/5.17.0/mockito-junit-jupiter-5.17.0.jar
[DEBUG]  /Users/adol/.m2/repository/org/skyscreamer/jsonassert/1.5.3/jsonassert-1.5.3.jar
[DEBUG]  /Users/adol/.m2/repository/com/vaadin/external/google/android-json/0.0.20131108.vaadin1/android-json-0.0.20131108.vaadin1.jar
[DEBUG]  /Users/adol/.m2/repository/org/springframework/spring-core/6.2.12/spring-core-6.2.12.jar
[DEBUG]  /Users/adol/.m2/repository/org/springframework/spring-jcl/6.2.12/spring-jcl-6.2.12.jar
[DEBUG]  /Users/adol/.m2/repository/org/springframework/spring-test/6.2.12/spring-test-6.2.12.jar
[DEBUG]  /Users/adol/.m2/repository/org/xmlunit/xmlunit-core/2.10.4/xmlunit-core-2.10.4.jar
[DEBUG]  /Users/adol/.m2/repository/io/projectreactor/reactor-test/3.7.12/reactor-test-3.7.12.jar
[DEBUG]  /Users/adol/.m2/repository/org/springframework/security/spring-security-test/6.5.6/spring-security-test-6.5.6.jar
[DEBUG]  /Users/adol/.m2/repository/org/springframework/security/spring-security-core/6.5.6/spring-security-core-6.5.6.jar
[DEBUG]  /Users/adol/.m2/repository/org/springframework/security/spring-security-crypto/6.5.6/spring-security-crypto-6.5.6.jar
[DEBUG]  /Users/adol/.m2/repository/org/testcontainers/testcontainers/1.19.3/testcontainers-1.19.3.jar
[DEBUG]  /Users/adol/.m2/repository/junit/junit/4.13.2/junit-4.13.2.jar
[DEBUG]  /Users/adol/.m2/repository/org/hamcrest/hamcrest-core/3.0/hamcrest-core-3.0.jar
[DEBUG]  /Users/adol/.m2/repository/org/slf4j/slf4j-api/2.0.17/slf4j-api-2.0.17.jar
[DEBUG]  /Users/adol/.m2/repository/org/apache/commons/commons-compress/1.24.0/commons-compress-1.24.0.jar
[DEBUG]  /Users/adol/.m2/repository/org/rnorth/duct-tape/duct-tape/1.0.8/duct-tape-1.0.8.jar
[DEBUG]  /Users/adol/.m2/repository/org/jetbrains/annotations/17.0.0/annotations-17.0.0.jar
[DEBUG]  /Users/adol/.m2/repository/com/github/docker-java/docker-java-api/3.3.4/docker-java-api-3.3.4.jar
[DEBUG]  /Users/adol/.m2/repository/com/fasterxml/jackson/core/jackson-annotations/2.19.2/jackson-annotations-2.19.2.jar
[DEBUG]  /Users/adol/.m2/repository/com/github/docker-java/docker-java-transport-zerodep/3.3.4/docker-java-transport-zerodep-3.3.4.jar
[DEBUG]  /Users/adol/.m2/repository/com/github/docker-java/docker-java-transport/3.3.4/docker-java-transport-3.3.4.jar
[DEBUG]  /Users/adol/.m2/repository/net/java/dev/jna/jna/5.13.0/jna-5.13.0.jar
[DEBUG]  /Users/adol/.m2/repository/org/testcontainers/mongodb/1.19.3/mongodb-1.19.3.jar
[DEBUG]  /Users/adol/.m2/repository/org/testcontainers/junit-jupiter/1.19.3/junit-jupiter-1.19.3.jar
[DEBUG] Source roots:
[DEBUG]  /Users/adol/IdeaProjects/pdgigs/src/test/java
[DEBUG] Command line options:
[DEBUG] -d /Users/adol/IdeaProjects/pdgigs/target/test-classes -classpath /Users/adol/IdeaProjects/pdgigs/target/test-classes:/Users/adol/IdeaProjects/pdgigs/target/classes:/Users/adol/.m2/repository/org/springframework/boot/spring-boot-starter-data-mongodb-reactive/3.5.7/spring-boot-starter-data-mongodb-reactive-3.5.7.jar:/Users/adol/.m2/repository/org/springframework/boot/spring-boot-starter/3.5.7/spring-boot-starter-3.5.7.jar:/Users/adol/.m2/repository/org/springframework/boot/spring-boot-starter-logging/3.5.7/spring-boot-starter-logging-3.5.7.jar:/Users/adol/.m2/repository/ch/qos/logback/logback-classic/1.5.20/logback-classic-1.5.20.jar:/Users/adol/.m2/repository/ch/qos/logback/logback-core/1.5.20/logback-core-1.5.20.jar:/Users/adol/.m2/repository/org/apache/logging/log4j/log4j-to-slf4j/2.24.3/log4j-to-slf4j-2.24.3.jar:/Users/adol/.m2/repository/org/apache/logging/log4j/log4j-api/2.24.3/log4j-api-2.24.3.jar:/Users/adol/.m2/repository/org/slf4j/jul-to-slf4j/2.0.17/jul-to-slf4j-2.0.17.jar:/Users/adol/.m2/repository/jakarta/annotation/jakarta.annotation-api/2.1.1/jakarta.annotation-api-2.1.1.jar:/Users/adol/.m2/repository/org/yaml/snakeyaml/2.4/snakeyaml-2.4.jar:/Users/adol/.m2/repository/io/projectreactor/reactor-core/3.7.12/reactor-core-3.7.12.jar:/Users/adol/.m2/repository/org/reactivestreams/reactive-streams/1.0.4/reactive-streams-1.0.4.jar:/Users/adol/.m2/repository/org/mongodb/mongodb-driver-reactivestreams/5.5.2/mongodb-driver-reactivestreams-5.5.2.jar:/Users/adol/.m2/repository/org/mongodb/bson/5.5.2/bson-5.5.2.jar:/Users/adol/.m2/repository/org/mongodb/mongodb-driver-core/5.5.2/mongodb-driver-core-5.5.2.jar:/Users/adol/.m2/repository/org/mongodb/bson-record-codec/5.5.2/bson-record-codec-5.5.2.jar:/Users/adol/.m2/repository/org/springframework/data/spring-data-mongodb/4.5.5/spring-data-mongodb-4.5.5.jar:/Users/adol/.m2/repository/org/springframework/spring-tx/6.2.12/spring-tx-6.2.12.jar:/Users/adol/.m2/repository/org/springframework/spring-context/6.2.12/spring-context-6.2.12.jar:/Users/adol/.m2/repository/org/springframework/spring-beans/6.2.12/spring-beans-6.2.12.jar:/Users/adol/.m2/repository/org/springframework/spring-expression/6.2.12/spring-expression-6.2.12.jar:/Users/adol/.m2/repository/org/springframework/data/spring-data-commons/3.5.5/spring-data-commons-3.5.5.jar:/Users/adol/.m2/repository/org/springframework/boot/spring-boot-starter-security/3.5.7/spring-boot-starter-security-3.5.7.jar:/Users/adol/.m2/repository/org/springframework/spring-aop/6.2.12/spring-aop-6.2.12.jar:/Users/adol/.m2/repository/org/springframework/security/spring-security-config/6.5.6/spring-security-config-6.5.6.jar:/Users/adol/.m2/repository/org/springframework/security/spring-security-web/6.5.6/spring-security-web-6.5.6.jar:/Users/adol/.m2/repository/org/springframework/boot/spring-boot-starter-validation/3.5.7/spring-boot-starter-validation-3.5.7.jar:/Users/adol/.m2/repository/org/apache/tomcat/embed/tomcat-embed-el/10.1.48/tomcat-embed-el-10.1.48.jar:/Users/adol/.m2/repository/org/hibernate/validator/hibernate-validator/8.0.3.Final/hibernate-validator-8.0.3.Final.jar:/Users/adol/.m2/repository/jakarta/validation/jakarta.validation-api/3.0.2/jakarta.validation-api-3.0.2.jar:/Users/adol/.m2/repository/org/jboss/logging/jboss-logging/3.6.1.Final/jboss-logging-3.6.1.Final.jar:/Users/adol/.m2/repository/com/fasterxml/classmate/1.7.1/classmate-1.7.1.jar:/Users/adol/.m2/repository/org/springframework/boot/spring-boot-starter-webflux/3.5.7/spring-boot-starter-webflux-3.5.7.jar:/Users/adol/.m2/repository/org/springframework/boot/spring-boot-starter-json/3.5.7/spring-boot-starter-json-3.5.7.jar:/Users/adol/.m2/repository/com/fasterxml/jackson/core/jackson-databind/2.19.2/jackson-databind-2.19.2.jar:/Users/adol/.m2/repository/com/fasterxml/jackson/core/jackson-core/2.19.2/jackson-core-2.19.2.jar:/Users/adol/.m2/repository/com/fasterxml/jackson/datatype/jackson-datatype-jdk8/2.19.2/jackson-datatype-jdk8-2.19.2.jar:/Users/adol/.m2/repository/com/fasterxml/jackson/datatype/jackson-datatype-jsr310/2.19.2/jackson-datatype-jsr310-2.19.2.jar:/Users/adol/.m2/repository/com/fasterxml/jackson/module/jackson-module-parameter-names/2.19.2/jackson-module-parameter-names-2.19.2.jar:/Users/adol/.m2/repository/org/springframework/boot/spring-boot-starter-reactor-netty/3.5.7/spring-boot-starter-reactor-netty-3.5.7.jar:/Users/adol/.m2/repository/io/projectreactor/netty/reactor-netty-http/1.2.11/reactor-netty-http-1.2.11.jar:/Users/adol/.m2/repository/io/netty/netty-codec-http/4.1.128.Final/netty-codec-http-4.1.128.Final.jar:/Users/adol/.m2/repository/io/netty/netty-common/4.1.128.Final/netty-common-4.1.128.Final.jar:/Users/adol/.m2/repository/io/netty/netty-buffer/4.1.128.Final/netty-buffer-4.1.128.Final.jar:/Users/adol/.m2/repository/io/netty/netty-transport/4.1.128.Final/netty-transport-4.1.128.Final.jar:/Users/adol/.m2/repository/io/netty/netty-codec/4.1.128.Final/netty-codec-4.1.128.Final.jar:/Users/adol/.m2/repository/io/netty/netty-handler/4.1.128.Final/netty-handler-4.1.128.Final.jar:/Users/adol/.m2/repository/io/netty/netty-codec-http2/4.1.128.Final/netty-codec-http2-4.1.128.Final.jar:/Users/adol/.m2/repository/io/netty/netty-resolver-dns/4.1.128.Final/netty-resolver-dns-4.1.128.Final.jar:/Users/adol/.m2/repository/io/netty/netty-resolver/4.1.128.Final/netty-resolver-4.1.128.Final.jar:/Users/adol/.m2/repository/io/netty/netty-codec-dns/4.1.128.Final/netty-codec-dns-4.1.128.Final.jar:/Users/adol/.m2/repository/io/netty/netty-resolver-dns-native-macos/4.1.128.Final/netty-resolver-dns-native-macos-4.1.128.Final-osx-x86_64.jar:/Users/adol/.m2/repository/io/netty/netty-resolver-dns-classes-macos/4.1.128.Final/netty-resolver-dns-classes-macos-4.1.128.Final.jar:/Users/adol/.m2/repository/io/netty/netty-transport-native-epoll/4.1.128.Final/netty-transport-native-epoll-4.1.128.Final-linux-x86_64.jar:/Users/adol/.m2/repository/io/netty/netty-transport-native-unix-common/4.1.128.Final/netty-transport-native-unix-common-4.1.128.Final.jar:/Users/adol/.m2/repository/io/netty/netty-transport-classes-epoll/4.1.128.Final/netty-transport-classes-epoll-4.1.128.Final.jar:/Users/adol/.m2/repository/io/projectreactor/netty/reactor-netty-core/1.2.11/reactor-netty-core-1.2.11.jar:/Users/adol/.m2/repository/io/netty/netty-handler-proxy/4.1.128.Final/netty-handler-proxy-4.1.128.Final.jar:/Users/adol/.m2/repository/io/netty/netty-codec-socks/4.1.128.Final/netty-codec-socks-4.1.128.Final.jar:/Users/adol/.m2/repository/org/springframework/spring-web/6.2.12/spring-web-6.2.12.jar:/Users/adol/.m2/repository/io/micrometer/micrometer-observation/1.15.5/micrometer-observation-1.15.5.jar:/Users/adol/.m2/repository/io/micrometer/micrometer-commons/1.15.5/micrometer-commons-1.15.5.jar:/Users/adol/.m2/repository/org/springframework/spring-webflux/6.2.12/spring-webflux-6.2.12.jar:/Users/adol/.m2/repository/org/springframework/boot/spring-boot-devtools/3.5.7/spring-boot-devtools-3.5.7.jar:/Users/adol/.m2/repository/org/springframework/boot/spring-boot/3.5.7/spring-boot-3.5.7.jar:/Users/adol/.m2/repository/org/springframework/boot/spring-boot-autoconfigure/3.5.7/spring-boot-autoconfigure-3.5.7.jar:/Users/adol/.m2/repository/org/projectlombok/lombok/1.18.42/lombok-1.18.42.jar:/Users/adol/.m2/repository/org/springdoc/springdoc-openapi-starter-webflux-ui/2.8.13/springdoc-openapi-starter-webflux-ui-2.8.13.jar:/Users/adol/.m2/repository/org/springdoc/springdoc-openapi-starter-webflux-api/2.8.13/springdoc-openapi-starter-webflux-api-2.8.13.jar:/Users/adol/.m2/repository/org/springdoc/springdoc-openapi-starter-common/2.8.13/springdoc-openapi-starter-common-2.8.13.jar:/Users/adol/.m2/repository/io/swagger/core/v3/swagger-core-jakarta/2.2.36/swagger-core-jakarta-2.2.36.jar:/Users/adol/.m2/repository/org/apache/commons/commons-lang3/3.17.0/commons-lang3-3.17.0.jar:/Users/adol/.m2/repository/io/swagger/core/v3/swagger-annotations-jakarta/2.2.36/swagger-annotations-jakarta-2.2.36.jar:/Users/adol/.m2/repository/io/swagger/core/v3/swagger-models-jakarta/2.2.36/swagger-models-jakarta-2.2.36.jar:/Users/adol/.m2/repository/com/fasterxml/jackson/dataformat/jackson-dataformat-yaml/2.19.2/jackson-dataformat-yaml-2.19.2.jar:/Users/adol/.m2/repository/org/webjars/swagger-ui/5.28.1/swagger-ui-5.28.1.jar:/Users/adol/.m2/repository/org/webjars/webjars-locator-lite/1.1.2/webjars-locator-lite-1.1.2.jar:/Users/adol/.m2/repository/org/jspecify/jspecify/1.0.0/jspecify-1.0.0.jar:/Users/adol/.m2/repository/org/springframework/boot/spring-boot-starter-test/3.5.7/spring-boot-starter-test-3.5.7.jar:/Users/adol/.m2/repository/org/springframework/boot/spring-boot-test/3.5.7/spring-boot-test-3.5.7.jar:/Users/adol/.m2/repository/org/springframework/boot/spring-boot-test-autoconfigure/3.5.7/spring-boot-test-autoconfigure-3.5.7.jar:/Users/adol/.m2/repository/com/jayway/jsonpath/json-path/2.9.0/json-path-2.9.0.jar:/Users/adol/.m2/repository/jakarta/xml/bind/jakarta.xml.bind-api/4.0.4/jakarta.xml.bind-api-4.0.4.jar:/Users/adol/.m2/repository/jakarta/activation/jakarta.activation-api/2.1.4/jakarta.activation-api-2.1.4.jar:/Users/adol/.m2/repository/net/minidev/json-smart/2.5.2/json-smart-2.5.2.jar:/Users/adol/.m2/repository/net/minidev/accessors-smart/2.5.2/accessors-smart-2.5.2.jar:/Users/adol/.m2/repository/org/ow2/asm/asm/9.7.1/asm-9.7.1.jar:/Users/adol/.m2/repository/org/assertj/assertj-core/3.27.6/assertj-core-3.27.6.jar:/Users/adol/.m2/repository/net/bytebuddy/byte-buddy/1.17.8/byte-buddy-1.17.8.jar:/Users/adol/.m2/repository/org/awaitility/awaitility/4.2.2/awaitility-4.2.2.jar:/Users/adol/.m2/repository/org/hamcrest/hamcrest/3.0/hamcrest-3.0.jar:/Users/adol/.m2/repository/org/junit/jupiter/junit-jupiter/5.12.2/junit-jupiter-5.12.2.jar:/Users/adol/.m2/repository/org/junit/jupiter/junit-jupiter-api/5.12.2/junit-jupiter-api-5.12.2.jar:/Users/adol/.m2/repository/org/opentest4j/opentest4j/1.3.0/opentest4j-1.3.0.jar:/Users/adol/.m2/repository/org/junit/platform/junit-platform-commons/1.12.2/junit-platform-commons-1.12.2.jar:/Users/adol/.m2/repository/org/apiguardian/apiguardian-api/1.1.2/apiguardian-api-1.1.2.jar:/Users/adol/.m2/repository/org/junit/jupiter/junit-jupiter-params/5.12.2/junit-jupiter-params-5.12.2.jar:/Users/adol/.m2/repository/org/junit/jupiter/junit-jupiter-engine/5.12.2/junit-jupiter-engine-5.12.2.jar:/Users/adol/.m2/repository/org/junit/platform/junit-platform-engine/1.12.2/junit-platform-engine-1.12.2.jar:/Users/adol/.m2/repository/org/mockito/mockito-core/5.17.0/mockito-core-5.17.0.jar:/Users/adol/.m2/repository/net/bytebuddy/byte-buddy-agent/1.17.8/byte-buddy-agent-1.17.8.jar:/Users/adol/.m2/repository/org/objenesis/objenesis/3.3/objenesis-3.3.jar:/Users/adol/.m2/repository/org/mockito/mockito-junit-jupiter/5.17.0/mockito-junit-jupiter-5.17.0.jar:/Users/adol/.m2/repository/org/skyscreamer/jsonassert/1.5.3/jsonassert-1.5.3.jar:/Users/adol/.m2/repository/com/vaadin/external/google/android-json/0.0.20131108.vaadin1/android-json-0.0.20131108.vaadin1.jar:/Users/adol/.m2/repository/org/springframework/spring-core/6.2.12/spring-core-6.2.12.jar:/Users/adol/.m2/repository/org/springframework/spring-jcl/6.2.12/spring-jcl-6.2.12.jar:/Users/adol/.m2/repository/org/springframework/spring-test/6.2.12/spring-test-6.2.12.jar:/Users/adol/.m2/repository/org/xmlunit/xmlunit-core/2.10.4/xmlunit-core-2.10.4.jar:/Users/adol/.m2/repository/io/projectreactor/reactor-test/3.7.12/reactor-test-3.7.12.jar:/Users/adol/.m2/repository/org/springframework/security/spring-security-test/6.5.6/spring-security-test-6.5.6.jar:/Users/adol/.m2/repository/org/springframework/security/spring-security-core/6.5.6/spring-security-core-6.5.6.jar:/Users/adol/.m2/repository/org/springframework/security/spring-security-crypto/6.5.6/spring-security-crypto-6.5.6.jar:/Users/adol/.m2/repository/org/testcontainers/testcontainers/1.19.3/testcontainers-1.19.3.jar:/Users/adol/.m2/repository/junit/junit/4.13.2/junit-4.13.2.jar:/Users/adol/.m2/repository/org/hamcrest/hamcrest-core/3.0/hamcrest-core-3.0.jar:/Users/adol/.m2/repository/org/slf4j/slf4j-api/2.0.17/slf4j-api-2.0.17.jar:/Users/adol/.m2/repository/org/apache/commons/commons-compress/1.24.0/commons-compress-1.24.0.jar:/Users/adol/.m2/repository/org/rnorth/duct-tape/duct-tape/1.0.8/duct-tape-1.0.8.jar:/Users/adol/.m2/repository/org/jetbrains/annotations/17.0.0/annotations-17.0.0.jar:/Users/adol/.m2/repository/com/github/docker-java/docker-java-api/3.3.4/docker-java-api-3.3.4.jar:/Users/adol/.m2/repository/com/fasterxml/jackson/core/jackson-annotations/2.19.2/jackson-annotations-2.19.2.jar:/Users/adol/.m2/repository/com/github/docker-java/docker-java-transport-zerodep/3.3.4/docker-java-transport-zerodep-3.3.4.jar:/Users/adol/.m2/repository/com/github/docker-java/docker-java-transport/3.3.4/docker-java-transport-3.3.4.jar:/Users/adol/.m2/repository/net/java/dev/jna/jna/5.13.0/jna-5.13.0.jar:/Users/adol/.m2/repository/org/testcontainers/mongodb/1.19.3/mongodb-1.19.3.jar:/Users/adol/.m2/repository/org/testcontainers/junit-jupiter/1.19.3/junit-jupiter-1.19.3.jar: -sourcepath /Users/adol/IdeaProjects/pdgigs/src/test/java: -s /Users/adol/IdeaProjects/pdgigs/target/generated-test-sources/test-annotations -processorpath /Users/adol/.m2/repository/org/projectlombok/lombok/1.18.42/lombok-1.18.42.jar: -g -parameters --release 21 -encoding UTF-8 -XDuseUnsharedTable=true
[DEBUG] incrementalBuildHelper#beforeRebuildExecution
[INFO] Compiling 18 source files with javac [debug parameters release 21] to target/test-classes
[DEBUG] incrementalBuildHelper#afterRebuildExecution
[DEBUG] Adding /Users/adol/IdeaProjects/pdgigs/target/generated-test-sources/test-annotations to the project test-compile source roots but NOT the actual test-compile source roots:
  /Users/adol/IdeaProjects/pdgigs/src/test/java
[INFO] 
[INFO] --- surefire:3.5.4:test (default-test) @ pdgigs ---
[DEBUG] Dependency collection stats {ConflictMarker.analyzeTime=34542, ConflictMarker.markTime=9042, ConflictMarker.nodeCount=25, ConflictIdSorter.graphTime=12791, ConflictIdSorter.topsortTime=9334, ConflictIdSorter.conflictIdCount=15, ConflictIdSorter.conflictIdCycleCount=0, ConflictResolver.totalTime=100000, ConflictResolver.conflictItemCount=25, DfDependencyCollector.collectTime=21835583, DfDependencyCollector.transformTime=176458}
[DEBUG] org.apache.maven.plugins:maven-surefire-plugin:jar:3.5.4
[DEBUG]    org.apache.maven.surefire:surefire-api:jar:3.5.4:compile
[DEBUG]       org.apache.maven.surefire:surefire-logger-api:jar:3.5.4:compile
[DEBUG]       org.apache.maven.surefire:surefire-shared-utils:jar:3.5.4:compile (version managed from default)
[DEBUG]    org.apache.maven.surefire:surefire-extensions-api:jar:3.5.4:compile
[DEBUG]    org.apache.maven.surefire:maven-surefire-common:jar:3.5.4:compile
[DEBUG]       org.apache.maven.surefire:surefire-booter:jar:3.5.4:compile
[DEBUG]          org.apache.maven.surefire:surefire-extensions-spi:jar:3.5.4:compile
[DEBUG]       org.apache.maven.resolver:maven-resolver-util:jar:1.4.1:compile
[DEBUG]          org.apache.maven.resolver:maven-resolver-api:jar:1.4.1:compile
[DEBUG]       org.apache.maven.shared:maven-common-artifact-filters:jar:3.4.0:compile (version managed from default)
[DEBUG]          org.slf4j:slf4j-api:jar:1.7.36:compile (version managed from default)
[DEBUG]       org.codehaus.plexus:plexus-java:jar:1.5.0:compile (version managed from default)
[DEBUG]          org.ow2.asm:asm:jar:9.8:compile
[DEBUG]          com.thoughtworks.qdox:qdox:jar:2.2.0:compile
[DEBUG] Created new class realm plugin>org.apache.maven.plugins:maven-surefire-plugin:3.5.4
[DEBUG] Importing foreign packages into class realm plugin>org.apache.maven.plugins:maven-surefire-plugin:3.5.4
[DEBUG]   Imported:  < maven.api
[DEBUG] Populating class realm plugin>org.apache.maven.plugins:maven-surefire-plugin:3.5.4
[DEBUG]   Included: org.apache.maven.plugins:maven-surefire-plugin:jar:3.5.4
[DEBUG]   Included: org.apache.maven.surefire:surefire-api:jar:3.5.4
[DEBUG]   Included: org.apache.maven.surefire:surefire-logger-api:jar:3.5.4
[DEBUG]   Included: org.apache.maven.surefire:surefire-shared-utils:jar:3.5.4
[DEBUG]   Included: org.apache.maven.surefire:surefire-extensions-api:jar:3.5.4
[DEBUG]   Included: org.apache.maven.surefire:maven-surefire-common:jar:3.5.4
[DEBUG]   Included: org.apache.maven.surefire:surefire-booter:jar:3.5.4
[DEBUG]   Included: org.apache.maven.surefire:surefire-extensions-spi:jar:3.5.4
[DEBUG]   Included: org.apache.maven.shared:maven-common-artifact-filters:jar:3.4.0
[DEBUG]   Included: org.codehaus.plexus:plexus-java:jar:1.5.0
[DEBUG]   Included: org.ow2.asm:asm:jar:9.8
[DEBUG]   Included: com.thoughtworks.qdox:qdox:jar:2.2.0
[DEBUG] Loading mojo org.apache.maven.plugins:maven-surefire-plugin:3.5.4:test from plugin realm ClassRealm[plugin>org.apache.maven.plugins:maven-surefire-plugin:3.5.4, parent: jdk.internal.loader.ClassLoaders$AppClassLoader@5bc2b487]
[DEBUG] Configuring mojo execution 'org.apache.maven.plugins:maven-surefire-plugin:3.5.4:test:default-test' with basic configurator -->
[DEBUG]   (f) additionalClasspathDependencies = []
[DEBUG]   (s) additionalClasspathElements = []
[DEBUG]   (s) basedir = /Users/adol/IdeaProjects/pdgigs
[DEBUG]   (s) childDelegation = false
[DEBUG]   (f) classesDirectory = /Users/adol/IdeaProjects/pdgigs/target/classes
[DEBUG]   (s) classpathDependencyExcludes = []
[DEBUG]   (s) dependenciesToScan = []
[DEBUG]   (s) enableAssertions = true
[DEBUG]   (s) enableOutErrElements = true
[DEBUG]   (s) enablePropertiesElement = true
[DEBUG]   (s) encoding = UTF-8
[DEBUG]   (s) excludeJUnit5Engines = []
[DEBUG]   (f) excludedEnvironmentVariables = []
[DEBUG]   (s) excludes = []
[DEBUG]   (s) failIfNoSpecifiedTests = true
[DEBUG]   (s) failIfNoTests = false
[DEBUG]   (s) failOnFlakeCount = 0
[DEBUG]   (f) forkCount = 1
[DEBUG]   (s) forkedProcessExitTimeoutInSeconds = 30
[DEBUG]   (s) includeJUnit5Engines = []
[DEBUG]   (s) includes = []
[DEBUG]   (s) junitArtifactName = junit:junit
[DEBUG]   (f) parallelMavenExecution = false
[DEBUG]   (s) parallelOptimized = true
[DEBUG]   (s) perCoreThreadCount = true
[DEBUG]   (s) pluginArtifactMap = {org.apache.maven.plugins:maven-surefire-plugin=org.apache.maven.plugins:maven-surefire-plugin:maven-plugin:3.5.4:, org.apache.maven.surefire:surefire-api=org.apache.maven.surefire:surefire-api:jar:3.5.4:compile, org.apache.maven.surefire:surefire-logger-api=org.apache.maven.surefire:surefire-logger-api:jar:3.5.4:compile, org.apache.maven.surefire:surefire-shared-utils=org.apache.maven.surefire:surefire-shared-utils:jar:3.5.4:compile, org.apache.maven.surefire:surefire-extensions-api=org.apache.maven.surefire:surefire-extensions-api:jar:3.5.4:compile, org.apache.maven.surefire:maven-surefire-common=org.apache.maven.surefire:maven-surefire-common:jar:3.5.4:compile, org.apache.maven.surefire:surefire-booter=org.apache.maven.surefire:surefire-booter:jar:3.5.4:compile, org.apache.maven.surefire:surefire-extensions-spi=org.apache.maven.surefire:surefire-extensions-spi:jar:3.5.4:compile, org.apache.maven.resolver:maven-resolver-util=org.apache.maven.resolver:maven-resolver-util:jar:1.4.1:compile, org.apache.maven.resolver:maven-resolver-api=org.apache.maven.resolver:maven-resolver-api:jar:1.4.1:compile, org.apache.maven.shared:maven-common-artifact-filters=org.apache.maven.shared:maven-common-artifact-filters:jar:3.4.0:compile, org.slf4j:slf4j-api=org.slf4j:slf4j-api:jar:1.7.36:compile, org.codehaus.plexus:plexus-java=org.codehaus.plexus:plexus-java:jar:1.5.0:compile, org.ow2.asm:asm=org.ow2.asm:asm:jar:9.8:compile, com.thoughtworks.qdox:qdox=com.thoughtworks.qdox:qdox:jar:2.2.0:compile}
[DEBUG]   (f) pluginDescriptor = Component Descriptor: role: 'org.apache.maven.plugin.Mojo', implementation: 'org.apache.maven.plugins.maven_surefire_plugin.HelpMojo', role hint: 'org.apache.maven.plugins:maven-surefire-plugin:3.5.4:help'
role: 'org.apache.maven.plugin.Mojo', implementation: 'org.apache.maven.plugin.surefire.SurefireMojo', role hint: 'org.apache.maven.plugins:maven-surefire-plugin:3.5.4:test'
---
[DEBUG]   (s) printSummary = true
[DEBUG]   (s) project = MavenProject: com.pdgigs:pdgigs:0.0.1-SNAPSHOT @ /Users/adol/IdeaProjects/pdgigs/pom.xml
[DEBUG]   (s) projectArtifactMap = {org.springframework.boot:spring-boot-starter-data-mongodb-reactive=org.springframework.boot:spring-boot-starter-data-mongodb-reactive:jar:3.5.7:compile, org.springframework.boot:spring-boot-starter=org.springframework.boot:spring-boot-starter:jar:3.5.7:compile, org.springframework.boot:spring-boot-starter-logging=org.springframework.boot:spring-boot-starter-logging:jar:3.5.7:compile, ch.qos.logback:logback-classic=ch.qos.logback:logback-classic:jar:1.5.20:compile, ch.qos.logback:logback-core=ch.qos.logback:logback-core:jar:1.5.20:compile, org.apache.logging.log4j:log4j-to-slf4j=org.apache.logging.log4j:log4j-to-slf4j:jar:2.24.3:compile, org.apache.logging.log4j:log4j-api=org.apache.logging.log4j:log4j-api:jar:2.24.3:compile, org.slf4j:jul-to-slf4j=org.slf4j:jul-to-slf4j:jar:2.0.17:compile, jakarta.annotation:jakarta.annotation-api=jakarta.annotation:jakarta.annotation-api:jar:2.1.1:compile, org.yaml:snakeyaml=org.yaml:snakeyaml:jar:2.4:compile, io.projectreactor:reactor-core=io.projectreactor:reactor-core:jar:3.7.12:compile, org.reactivestreams:reactive-streams=org.reactivestreams:reactive-streams:jar:1.0.4:compile, org.mongodb:mongodb-driver-reactivestreams=org.mongodb:mongodb-driver-reactivestreams:jar:5.5.2:compile, org.mongodb:bson=org.mongodb:bson:jar:5.5.2:compile, org.mongodb:mongodb-driver-core=org.mongodb:mongodb-driver-core:jar:5.5.2:compile, org.mongodb:bson-record-codec=org.mongodb:bson-record-codec:jar:5.5.2:runtime, org.springframework.data:spring-data-mongodb=org.springframework.data:spring-data-mongodb:jar:4.5.5:compile, org.springframework:spring-tx=org.springframework:spring-tx:jar:6.2.12:compile, org.springframework:spring-context=org.springframework:spring-context:jar:6.2.12:compile, org.springframework:spring-beans=org.springframework:spring-beans:jar:6.2.12:compile, org.springframework:spring-expression=org.springframework:spring-expression:jar:6.2.12:compile, org.springframework.data:spring-data-commons=org.springframework.data:spring-data-commons:jar:3.5.5:compile, org.springframework.boot:spring-boot-starter-security=org.springframework.boot:spring-boot-starter-security:jar:3.5.7:compile, org.springframework:spring-aop=org.springframework:spring-aop:jar:6.2.12:compile, org.springframework.security:spring-security-config=org.springframework.security:spring-security-config:jar:6.5.6:compile, org.springframework.security:spring-security-web=org.springframework.security:spring-security-web:jar:6.5.6:compile, org.springframework.boot:spring-boot-starter-validation=org.springframework.boot:spring-boot-starter-validation:jar:3.5.7:compile, org.apache.tomcat.embed:tomcat-embed-el=org.apache.tomcat.embed:tomcat-embed-el:jar:10.1.48:compile, org.hibernate.validator:hibernate-validator=org.hibernate.validator:hibernate-validator:jar:8.0.3.Final:compile, jakarta.validation:jakarta.validation-api=jakarta.validation:jakarta.validation-api:jar:3.0.2:compile, org.jboss.logging:jboss-logging=org.jboss.logging:jboss-logging:jar:3.6.1.Final:compile, com.fasterxml:classmate=com.fasterxml:classmate:jar:1.7.1:compile, org.springframework.boot:spring-boot-starter-webflux=org.springframework.boot:spring-boot-starter-webflux:jar:3.5.7:compile, org.springframework.boot:spring-boot-starter-json=org.springframework.boot:spring-boot-starter-json:jar:3.5.7:compile, com.fasterxml.jackson.core:jackson-databind=com.fasterxml.jackson.core:jackson-databind:jar:2.19.2:compile, com.fasterxml.jackson.core:jackson-core=com.fasterxml.jackson.core:jackson-core:jar:2.19.2:compile, com.fasterxml.jackson.datatype:jackson-datatype-jdk8=com.fasterxml.jackson.datatype:jackson-datatype-jdk8:jar:2.19.2:compile, com.fasterxml.jackson.datatype:jackson-datatype-jsr310=com.fasterxml.jackson.datatype:jackson-datatype-jsr310:jar:2.19.2:compile, com.fasterxml.jackson.module:jackson-module-parameter-names=com.fasterxml.jackson.module:jackson-module-parameter-names:jar:2.19.2:compile, org.springframework.boot:spring-boot-starter-reactor-netty=org.springframework.boot:spring-boot-starter-reactor-netty:jar:3.5.7:compile, io.projectreactor.netty:reactor-netty-http=io.projectreactor.netty:reactor-netty-http:jar:1.2.11:compile, io.netty:netty-codec-http=io.netty:netty-codec-http:jar:4.1.128.Final:compile, io.netty:netty-common=io.netty:netty-common:jar:4.1.128.Final:compile, io.netty:netty-buffer=io.netty:netty-buffer:jar:4.1.128.Final:compile, io.netty:netty-transport=io.netty:netty-transport:jar:4.1.128.Final:compile, io.netty:netty-codec=io.netty:netty-codec:jar:4.1.128.Final:compile, io.netty:netty-handler=io.netty:netty-handler:jar:4.1.128.Final:compile, io.netty:netty-codec-http2=io.netty:netty-codec-http2:jar:4.1.128.Final:compile, io.netty:netty-resolver-dns=io.netty:netty-resolver-dns:jar:4.1.128.Final:compile, io.netty:netty-resolver=io.netty:netty-resolver:jar:4.1.128.Final:compile, io.netty:netty-codec-dns=io.netty:netty-codec-dns:jar:4.1.128.Final:compile, io.netty:netty-resolver-dns-native-macos=io.netty:netty-resolver-dns-native-macos:jar:osx-x86_64:4.1.128.Final:compile, io.netty:netty-resolver-dns-classes-macos=io.netty:netty-resolver-dns-classes-macos:jar:4.1.128.Final:compile, io.netty:netty-transport-native-epoll=io.netty:netty-transport-native-epoll:jar:linux-x86_64:4.1.128.Final:compile, io.netty:netty-transport-native-unix-common=io.netty:netty-transport-native-unix-common:jar:4.1.128.Final:compile, io.netty:netty-transport-classes-epoll=io.netty:netty-transport-classes-epoll:jar:4.1.128.Final:compile, io.projectreactor.netty:reactor-netty-core=io.projectreactor.netty:reactor-netty-core:jar:1.2.11:compile, io.netty:netty-handler-proxy=io.netty:netty-handler-proxy:jar:4.1.128.Final:compile, io.netty:netty-codec-socks=io.netty:netty-codec-socks:jar:4.1.128.Final:compile, org.springframework:spring-web=org.springframework:spring-web:jar:6.2.12:compile, io.micrometer:micrometer-observation=io.micrometer:micrometer-observation:jar:1.15.5:compile, io.micrometer:micrometer-commons=io.micrometer:micrometer-commons:jar:1.15.5:compile, org.springframework:spring-webflux=org.springframework:spring-webflux:jar:6.2.12:compile, org.springframework.boot:spring-boot-devtools=org.springframework.boot:spring-boot-devtools:jar:3.5.7:runtime, org.springframework.boot:spring-boot=org.springframework.boot:spring-boot:jar:3.5.7:compile, org.springframework.boot:spring-boot-autoconfigure=org.springframework.boot:spring-boot-autoconfigure:jar:3.5.7:compile, org.projectlombok:lombok=org.projectlombok:lombok:jar:1.18.42:compile, org.springdoc:springdoc-openapi-starter-webflux-ui=org.springdoc:springdoc-openapi-starter-webflux-ui:jar:2.8.13:compile, org.springdoc:springdoc-openapi-starter-webflux-api=org.springdoc:springdoc-openapi-starter-webflux-api:jar:2.8.13:compile, org.springdoc:springdoc-openapi-starter-common=org.springdoc:springdoc-openapi-starter-common:jar:2.8.13:compile, io.swagger.core.v3:swagger-core-jakarta=io.swagger.core.v3:swagger-core-jakarta:jar:2.2.36:compile, org.apache.commons:commons-lang3=org.apache.commons:commons-lang3:jar:3.17.0:compile, io.swagger.core.v3:swagger-annotations-jakarta=io.swagger.core.v3:swagger-annotations-jakarta:jar:2.2.36:compile, io.swagger.core.v3:swagger-models-jakarta=io.swagger.core.v3:swagger-models-jakarta:jar:2.2.36:compile, com.fasterxml.jackson.dataformat:jackson-dataformat-yaml=com.fasterxml.jackson.dataformat:jackson-dataformat-yaml:jar:2.19.2:compile, org.webjars:swagger-ui=org.webjars:swagger-ui:jar:5.28.1:compile, org.webjars:webjars-locator-lite=org.webjars:webjars-locator-lite:jar:1.1.2:compile, org.jspecify:jspecify=org.jspecify:jspecify:jar:1.0.0:compile, org.springframework.boot:spring-boot-starter-test=org.springframework.boot:spring-boot-starter-test:jar:3.5.7:test, org.springframework.boot:spring-boot-test=org.springframework.boot:spring-boot-test:jar:3.5.7:test, org.springframework.boot:spring-boot-test-autoconfigure=org.springframework.boot:spring-boot-test-autoconfigure:jar:3.5.7:test, com.jayway.jsonpath:json-path=com.jayway.jsonpath:json-path:jar:2.9.0:test, jakarta.xml.bind:jakarta.xml.bind-api=jakarta.xml.bind:jakarta.xml.bind-api:jar:4.0.4:compile, jakarta.activation:jakarta.activation-api=jakarta.activation:jakarta.activation-api:jar:2.1.4:compile, net.minidev:json-smart=net.minidev:json-smart:jar:2.5.2:test, net.minidev:accessors-smart=net.minidev:accessors-smart:jar:2.5.2:test, org.ow2.asm:asm=org.ow2.asm:asm:jar:9.7.1:test, org.assertj:assertj-core=org.assertj:assertj-core:jar:3.27.6:test, net.bytebuddy:byte-buddy=net.bytebuddy:byte-buddy:jar:1.17.8:test, org.awaitility:awaitility=org.awaitility:awaitility:jar:4.2.2:test, org.hamcrest:hamcrest=org.hamcrest:hamcrest:jar:3.0:test, org.junit.jupiter:junit-jupiter=org.junit.jupiter:junit-jupiter:jar:5.12.2:test, org.junit.jupiter:junit-jupiter-api=org.junit.jupiter:junit-jupiter-api:jar:5.12.2:test, org.opentest4j:opentest4j=org.opentest4j:opentest4j:jar:1.3.0:test, org.junit.platform:junit-platform-commons=org.junit.platform:junit-platform-commons:jar:1.12.2:test, org.apiguardian:apiguardian-api=org.apiguardian:apiguardian-api:jar:1.1.2:test, org.junit.jupiter:junit-jupiter-params=org.junit.jupiter:junit-jupiter-params:jar:5.12.2:test, org.junit.jupiter:junit-jupiter-engine=org.junit.jupiter:junit-jupiter-engine:jar:5.12.2:test, org.junit.platform:junit-platform-engine=org.junit.platform:junit-platform-engine:jar:1.12.2:test, org.mockito:mockito-core=org.mockito:mockito-core:jar:5.17.0:test, net.bytebuddy:byte-buddy-agent=net.bytebuddy:byte-buddy-agent:jar:1.17.8:test, org.objenesis:objenesis=org.objenesis:objenesis:jar:3.3:test, org.mockito:mockito-junit-jupiter=org.mockito:mockito-junit-jupiter:jar:5.17.0:test, org.skyscreamer:jsonassert=org.skyscreamer:jsonassert:jar:1.5.3:test, com.vaadin.external.google:android-json=com.vaadin.external.google:android-json:jar:0.0.20131108.vaadin1:test, org.springframework:spring-core=org.springframework:spring-core:jar:6.2.12:compile, org.springframework:spring-jcl=org.springframework:spring-jcl:jar:6.2.12:compile, org.springframework:spring-test=org.springframework:spring-test:jar:6.2.12:test, org.xmlunit:xmlunit-core=org.xmlunit:xmlunit-core:jar:2.10.4:test, io.projectreactor:reactor-test=io.projectreactor:reactor-test:jar:3.7.12:test, org.springframework.security:spring-security-test=org.springframework.security:spring-security-test:jar:6.5.6:test, org.springframework.security:spring-security-core=org.springframework.security:spring-security-core:jar:6.5.6:compile, org.springframework.security:spring-security-crypto=org.springframework.security:spring-security-crypto:jar:6.5.6:compile, org.testcontainers:testcontainers=org.testcontainers:testcontainers:jar:1.19.3:test, junit:junit=junit:junit:jar:4.13.2:test, org.hamcrest:hamcrest-core=org.hamcrest:hamcrest-core:jar:3.0:test, org.slf4j:slf4j-api=org.slf4j:slf4j-api:jar:2.0.17:compile, org.apache.commons:commons-compress=org.apache.commons:commons-compress:jar:1.24.0:test, org.rnorth.duct-tape:duct-tape=org.rnorth.duct-tape:duct-tape:jar:1.0.8:test, org.jetbrains:annotations=org.jetbrains:annotations:jar:17.0.0:test, com.github.docker-java:docker-java-api=com.github.docker-java:docker-java-api:jar:3.3.4:test, com.fasterxml.jackson.core:jackson-annotations=com.fasterxml.jackson.core:jackson-annotations:jar:2.19.2:compile, com.github.docker-java:docker-java-transport-zerodep=com.github.docker-java:docker-java-transport-zerodep:jar:3.3.4:test, com.github.docker-java:docker-java-transport=com.github.docker-java:docker-java-transport:jar:3.3.4:test, net.java.dev.jna:jna=net.java.dev.jna:jna:jar:5.13.0:test, org.testcontainers:mongodb=org.testcontainers:mongodb:jar:1.19.3:test, org.testcontainers:junit-jupiter=org.testcontainers:junit-jupiter:jar:1.19.3:test}
[DEBUG]   (s) projectBuildDirectory = /Users/adol/IdeaProjects/pdgigs/target
[DEBUG]   (f) promoteUserPropertiesToSystemProperties = true
[DEBUG]   (s) redirectTestOutputToFile = false
[DEBUG]   (s) reportFormat = brief
[DEBUG]   (s) reportsDirectory = /Users/adol/IdeaProjects/pdgigs/target/surefire-reports
[DEBUG]   (f) rerunFailingTestsCount = 0
[DEBUG]   (f) reuseForks = true
[DEBUG]   (s) runOrder = filesystem
[DEBUG]   (s) session = org.apache.maven.execution.MavenSession@58472096
[DEBUG]   (f) shutdown = exit
[DEBUG]   (s) skip = false
[DEBUG]   (f) skipAfterFailureCount = 0
[DEBUG]   (s) skipTests = false
[DEBUG]   (s) suiteXmlFiles = []
[DEBUG]   (s) tempDir = surefire
[DEBUG]   (s) testClassesDirectory = /Users/adol/IdeaProjects/pdgigs/target/test-classes
[DEBUG]   (s) testFailureIgnore = false
[DEBUG]   (s) testNGArtifactName = org.testng:testng
[DEBUG]   (s) testSourceDirectory = /Users/adol/IdeaProjects/pdgigs/src/test/java
[DEBUG]   (s) threadCountClasses = 0
[DEBUG]   (s) threadCountMethods = 0
[DEBUG]   (s) threadCountSuites = 0
[DEBUG]   (s) trimStackTrace = false
[DEBUG]   (s) useFile = true
[DEBUG]   (s) useManifestOnlyJar = true
[DEBUG]   (f) useModulePath = true
[DEBUG]   (s) useSystemClassLoader = true
[DEBUG]   (s) useUnlimitedThreads = false
[DEBUG]   (s) workingDirectory = /Users/adol/IdeaProjects/pdgigs
[DEBUG] -- end configuration --
[DEBUG] Using JVM: /opt/homebrew/Cellar/openjdk/24.0.2/libexec/openjdk.jdk/Contents/Home/bin/java with Java version 24.0
[DEBUG] Resolved included and excluded patterns: **/Test*.java, **/*Test.java, **/*Tests.java, **/*TestCase.java, !**/*$*
[DEBUG] Surefire report directory: /Users/adol/IdeaProjects/pdgigs/target/surefire-reports
[INFO] Using auto detected provider org.apache.maven.surefire.junitplatform.JUnitPlatformProvider
[DEBUG] Using the provider org.apache.maven.surefire.junitplatform.JUnitPlatformProvider
[DEBUG] Setting system property [basedir]=[/Users/adol/IdeaProjects/pdgigs]
[DEBUG] Setting system property [localRepository]=[/Users/adol/.m2/repository]
[DEBUG] Dependency collection stats {ConflictMarker.analyzeTime=28958, ConflictMarker.markTime=11875, ConflictMarker.nodeCount=9, ConflictIdSorter.graphTime=5125, ConflictIdSorter.topsortTime=5459, ConflictIdSorter.conflictIdCount=5, ConflictIdSorter.conflictIdCycleCount=0, ConflictResolver.totalTime=46625, ConflictResolver.conflictItemCount=8, DfDependencyCollector.collectTime=2582666, DfDependencyCollector.transformTime=106875}
[DEBUG] Found implementation of fork node factory: org.apache.maven.plugin.surefire.extensions.LegacyForkNodeFactory
[DEBUG] Using fork starter with configuration implementation org.apache.maven.plugin.surefire.booterclient.JarManifestForkConfiguration
[DEBUG] Dependency collection stats {ConflictMarker.analyzeTime=12750, ConflictMarker.markTime=8875, ConflictMarker.nodeCount=17, ConflictIdSorter.graphTime=8125, ConflictIdSorter.topsortTime=6834, ConflictIdSorter.conflictIdCount=10, ConflictIdSorter.conflictIdCycleCount=0, ConflictResolver.totalTime=71834, ConflictResolver.conflictItemCount=16, DfDependencyCollector.collectTime=5685083, DfDependencyCollector.transformTime=119084}
[DEBUG] Resolving artifact org.junit.platform:junit-platform-launcher:1.12.2
[DEBUG] Dependency collection stats {ConflictMarker.analyzeTime=6166, ConflictMarker.markTime=4625, ConflictMarker.nodeCount=8, ConflictIdSorter.graphTime=3042, ConflictIdSorter.topsortTime=4458, ConflictIdSorter.conflictIdCount=5, ConflictIdSorter.conflictIdCycleCount=0, ConflictResolver.totalTime=35000, ConflictResolver.conflictItemCount=7, DfDependencyCollector.collectTime=519250, DfDependencyCollector.transformTime=58709}
[DEBUG] Resolved artifact org.junit.platform:junit-platform-launcher:1.12.2 to [org.junit.platform:junit-platform-launcher:jar:1.12.2, org.junit.platform:junit-platform-engine:jar:1.12.2, org.opentest4j:opentest4j:jar:1.3.0, org.junit.platform:junit-platform-commons:jar:1.12.2, org.apiguardian:apiguardian-api:jar:1.1.2]
[DEBUG] test classpath:  /Users/adol/IdeaProjects/pdgigs/target/test-classes  /Users/adol/IdeaProjects/pdgigs/target/classes  /Users/adol/.m2/repository/org/springframework/boot/spring-boot-starter-data-mongodb-reactive/3.5.7/spring-boot-starter-data-mongodb-reactive-3.5.7.jar  /Users/adol/.m2/repository/org/springframework/boot/spring-boot-starter/3.5.7/spring-boot-starter-3.5.7.jar  /Users/adol/.m2/repository/org/springframework/boot/spring-boot-starter-logging/3.5.7/spring-boot-starter-logging-3.5.7.jar  /Users/adol/.m2/repository/ch/qos/logback/logback-classic/1.5.20/logback-classic-1.5.20.jar  /Users/adol/.m2/repository/ch/qos/logback/logback-core/1.5.20/logback-core-1.5.20.jar  /Users/adol/.m2/repository/org/apache/logging/log4j/log4j-to-slf4j/2.24.3/log4j-to-slf4j-2.24.3.jar  /Users/adol/.m2/repository/org/apache/logging/log4j/log4j-api/2.24.3/log4j-api-2.24.3.jar  /Users/adol/.m2/repository/org/slf4j/jul-to-slf4j/2.0.17/jul-to-slf4j-2.0.17.jar  /Users/adol/.m2/repository/jakarta/annotation/jakarta.annotation-api/2.1.1/jakarta.annotation-api-2.1.1.jar  /Users/adol/.m2/repository/org/yaml/snakeyaml/2.4/snakeyaml-2.4.jar  /Users/adol/.m2/repository/io/projectreactor/reactor-core/3.7.12/reactor-core-3.7.12.jar  /Users/adol/.m2/repository/org/reactivestreams/reactive-streams/1.0.4/reactive-streams-1.0.4.jar  /Users/adol/.m2/repository/org/mongodb/mongodb-driver-reactivestreams/5.5.2/mongodb-driver-reactivestreams-5.5.2.jar  /Users/adol/.m2/repository/org/mongodb/bson/5.5.2/bson-5.5.2.jar  /Users/adol/.m2/repository/org/mongodb/mongodb-driver-core/5.5.2/mongodb-driver-core-5.5.2.jar  /Users/adol/.m2/repository/org/mongodb/bson-record-codec/5.5.2/bson-record-codec-5.5.2.jar  /Users/adol/.m2/repository/org/springframework/data/spring-data-mongodb/4.5.5/spring-data-mongodb-4.5.5.jar  /Users/adol/.m2/repository/org/springframework/spring-tx/6.2.12/spring-tx-6.2.12.jar  /Users/adol/.m2/repository/org/springframework/spring-context/6.2.12/spring-context-6.2.12.jar  /Users/adol/.m2/repository/org/springframework/spring-beans/6.2.12/spring-beans-6.2.12.jar  /Users/adol/.m2/repository/org/springframework/spring-expression/6.2.12/spring-expression-6.2.12.jar  /Users/adol/.m2/repository/org/springframework/data/spring-data-commons/3.5.5/spring-data-commons-3.5.5.jar  /Users/adol/.m2/repository/org/springframework/boot/spring-boot-starter-security/3.5.7/spring-boot-starter-security-3.5.7.jar  /Users/adol/.m2/repository/org/springframework/spring-aop/6.2.12/spring-aop-6.2.12.jar  /Users/adol/.m2/repository/org/springframework/security/spring-security-config/6.5.6/spring-security-config-6.5.6.jar  /Users/adol/.m2/repository/org/springframework/security/spring-security-web/6.5.6/spring-security-web-6.5.6.jar  /Users/adol/.m2/repository/org/springframework/boot/spring-boot-starter-validation/3.5.7/spring-boot-starter-validation-3.5.7.jar  /Users/adol/.m2/repository/org/apache/tomcat/embed/tomcat-embed-el/10.1.48/tomcat-embed-el-10.1.48.jar  /Users/adol/.m2/repository/org/hibernate/validator/hibernate-validator/8.0.3.Final/hibernate-validator-8.0.3.Final.jar  /Users/adol/.m2/repository/jakarta/validation/jakarta.validation-api/3.0.2/jakarta.validation-api-3.0.2.jar  /Users/adol/.m2/repository/org/jboss/logging/jboss-logging/3.6.1.Final/jboss-logging-3.6.1.Final.jar  /Users/adol/.m2/repository/com/fasterxml/classmate/1.7.1/classmate-1.7.1.jar  /Users/adol/.m2/repository/org/springframework/boot/spring-boot-starter-webflux/3.5.7/spring-boot-starter-webflux-3.5.7.jar  /Users/adol/.m2/repository/org/springframework/boot/spring-boot-starter-json/3.5.7/spring-boot-starter-json-3.5.7.jar  /Users/adol/.m2/repository/com/fasterxml/jackson/core/jackson-databind/2.19.2/jackson-databind-2.19.2.jar  /Users/adol/.m2/repository/com/fasterxml/jackson/core/jackson-core/2.19.2/jackson-core-2.19.2.jar  /Users/adol/.m2/repository/com/fasterxml/jackson/datatype/jackson-datatype-jdk8/2.19.2/jackson-datatype-jdk8-2.19.2.jar  /Users/adol/.m2/repository/com/fasterxml/jackson/datatype/jackson-datatype-jsr310/2.19.2/jackson-datatype-jsr310-2.19.2.jar  /Users/adol/.m2/repository/com/fasterxml/jackson/module/jackson-module-parameter-names/2.19.2/jackson-module-parameter-names-2.19.2.jar  /Users/adol/.m2/repository/org/springframework/boot/spring-boot-starter-reactor-netty/3.5.7/spring-boot-starter-reactor-netty-3.5.7.jar  /Users/adol/.m2/repository/io/projectreactor/netty/reactor-netty-http/1.2.11/reactor-netty-http-1.2.11.jar  /Users/adol/.m2/repository/io/netty/netty-codec-http/4.1.128.Final/netty-codec-http-4.1.128.Final.jar  /Users/adol/.m2/repository/io/netty/netty-common/4.1.128.Final/netty-common-4.1.128.Final.jar  /Users/adol/.m2/repository/io/netty/netty-buffer/4.1.128.Final/netty-buffer-4.1.128.Final.jar  /Users/adol/.m2/repository/io/netty/netty-transport/4.1.128.Final/netty-transport-4.1.128.Final.jar  /Users/adol/.m2/repository/io/netty/netty-codec/4.1.128.Final/netty-codec-4.1.128.Final.jar  /Users/adol/.m2/repository/io/netty/netty-handler/4.1.128.Final/netty-handler-4.1.128.Final.jar  /Users/adol/.m2/repository/io/netty/netty-codec-http2/4.1.128.Final/netty-codec-http2-4.1.128.Final.jar  /Users/adol/.m2/repository/io/netty/netty-resolver-dns/4.1.128.Final/netty-resolver-dns-4.1.128.Final.jar  /Users/adol/.m2/repository/io/netty/netty-resolver/4.1.128.Final/netty-resolver-4.1.128.Final.jar  /Users/adol/.m2/repository/io/netty/netty-codec-dns/4.1.128.Final/netty-codec-dns-4.1.128.Final.jar  /Users/adol/.m2/repository/io/netty/netty-resolver-dns-native-macos/4.1.128.Final/netty-resolver-dns-native-macos-4.1.128.Final-osx-x86_64.jar  /Users/adol/.m2/repository/io/netty/netty-resolver-dns-classes-macos/4.1.128.Final/netty-resolver-dns-classes-macos-4.1.128.Final.jar  /Users/adol/.m2/repository/io/netty/netty-transport-native-epoll/4.1.128.Final/netty-transport-native-epoll-4.1.128.Final-linux-x86_64.jar  /Users/adol/.m2/repository/io/netty/netty-transport-native-unix-common/4.1.128.Final/netty-transport-native-unix-common-4.1.128.Final.jar  /Users/adol/.m2/repository/io/netty/netty-transport-classes-epoll/4.1.128.Final/netty-transport-classes-epoll-4.1.128.Final.jar  /Users/adol/.m2/repository/io/projectreactor/netty/reactor-netty-core/1.2.11/reactor-netty-core-1.2.11.jar  /Users/adol/.m2/repository/io/netty/netty-handler-proxy/4.1.128.Final/netty-handler-proxy-4.1.128.Final.jar  /Users/adol/.m2/repository/io/netty/netty-codec-socks/4.1.128.Final/netty-codec-socks-4.1.128.Final.jar  /Users/adol/.m2/repository/org/springframework/spring-web/6.2.12/spring-web-6.2.12.jar  /Users/adol/.m2/repository/io/micrometer/micrometer-observation/1.15.5/micrometer-observation-1.15.5.jar  /Users/adol/.m2/repository/io/micrometer/micrometer-commons/1.15.5/micrometer-commons-1.15.5.jar  /Users/adol/.m2/repository/org/springframework/spring-webflux/6.2.12/spring-webflux-6.2.12.jar  /Users/adol/.m2/repository/org/springframework/boot/spring-boot-devtools/3.5.7/spring-boot-devtools-3.5.7.jar  /Users/adol/.m2/repository/org/springframework/boot/spring-boot/3.5.7/spring-boot-3.5.7.jar  /Users/adol/.m2/repository/org/springframework/boot/spring-boot-autoconfigure/3.5.7/spring-boot-autoconfigure-3.5.7.jar  /Users/adol/.m2/repository/org/projectlombok/lombok/1.18.42/lombok-1.18.42.jar  /Users/adol/.m2/repository/org/springdoc/springdoc-openapi-starter-webflux-ui/2.8.13/springdoc-openapi-starter-webflux-ui-2.8.13.jar  /Users/adol/.m2/repository/org/springdoc/springdoc-openapi-starter-webflux-api/2.8.13/springdoc-openapi-starter-webflux-api-2.8.13.jar  /Users/adol/.m2/repository/org/springdoc/springdoc-openapi-starter-common/2.8.13/springdoc-openapi-starter-common-2.8.13.jar  /Users/adol/.m2/repository/io/swagger/core/v3/swagger-core-jakarta/2.2.36/swagger-core-jakarta-2.2.36.jar  /Users/adol/.m2/repository/org/apache/commons/commons-lang3/3.17.0/commons-lang3-3.17.0.jar  /Users/adol/.m2/repository/io/swagger/core/v3/swagger-annotations-jakarta/2.2.36/swagger-annotations-jakarta-2.2.36.jar  /Users/adol/.m2/repository/io/swagger/core/v3/swagger-models-jakarta/2.2.36/swagger-models-jakarta-2.2.36.jar  /Users/adol/.m2/repository/com/fasterxml/jackson/dataformat/jackson-dataformat-yaml/2.19.2/jackson-dataformat-yaml-2.19.2.jar  /Users/adol/.m2/repository/org/webjars/swagger-ui/5.28.1/swagger-ui-5.28.1.jar  /Users/adol/.m2/repository/org/webjars/webjars-locator-lite/1.1.2/webjars-locator-lite-1.1.2.jar  /Users/adol/.m2/repository/org/jspecify/jspecify/1.0.0/jspecify-1.0.0.jar  /Users/adol/.m2/repository/org/springframework/boot/spring-boot-starter-test/3.5.7/spring-boot-starter-test-3.5.7.jar  /Users/adol/.m2/repository/org/springframework/boot/spring-boot-test/3.5.7/spring-boot-test-3.5.7.jar  /Users/adol/.m2/repository/org/springframework/boot/spring-boot-test-autoconfigure/3.5.7/spring-boot-test-autoconfigure-3.5.7.jar  /Users/adol/.m2/repository/com/jayway/jsonpath/json-path/2.9.0/json-path-2.9.0.jar  /Users/adol/.m2/repository/jakarta/xml/bind/jakarta.xml.bind-api/4.0.4/jakarta.xml.bind-api-4.0.4.jar  /Users/adol/.m2/repository/jakarta/activation/jakarta.activation-api/2.1.4/jakarta.activation-api-2.1.4.jar  /Users/adol/.m2/repository/net/minidev/json-smart/2.5.2/json-smart-2.5.2.jar  /Users/adol/.m2/repository/net/minidev/accessors-smart/2.5.2/accessors-smart-2.5.2.jar  /Users/adol/.m2/repository/org/ow2/asm/asm/9.7.1/asm-9.7.1.jar  /Users/adol/.m2/repository/org/assertj/assertj-core/3.27.6/assertj-core-3.27.6.jar  /Users/adol/.m2/repository/net/bytebuddy/byte-buddy/1.17.8/byte-buddy-1.17.8.jar  /Users/adol/.m2/repository/org/awaitility/awaitility/4.2.2/awaitility-4.2.2.jar  /Users/adol/.m2/repository/org/hamcrest/hamcrest/3.0/hamcrest-3.0.jar  /Users/adol/.m2/repository/org/junit/jupiter/junit-jupiter/5.12.2/junit-jupiter-5.12.2.jar  /Users/adol/.m2/repository/org/junit/jupiter/junit-jupiter-api/5.12.2/junit-jupiter-api-5.12.2.jar  /Users/adol/.m2/repository/org/opentest4j/opentest4j/1.3.0/opentest4j-1.3.0.jar  /Users/adol/.m2/repository/org/junit/platform/junit-platform-commons/1.12.2/junit-platform-commons-1.12.2.jar  /Users/adol/.m2/repository/org/apiguardian/apiguardian-api/1.1.2/apiguardian-api-1.1.2.jar  /Users/adol/.m2/repository/org/junit/jupiter/junit-jupiter-params/5.12.2/junit-jupiter-params-5.12.2.jar  /Users/adol/.m2/repository/org/junit/jupiter/junit-jupiter-engine/5.12.2/junit-jupiter-engine-5.12.2.jar  /Users/adol/.m2/repository/org/junit/platform/junit-platform-engine/1.12.2/junit-platform-engine-1.12.2.jar  /Users/adol/.m2/repository/org/mockito/mockito-core/5.17.0/mockito-core-5.17.0.jar  /Users/adol/.m2/repository/net/bytebuddy/byte-buddy-agent/1.17.8/byte-buddy-agent-1.17.8.jar  /Users/adol/.m2/repository/org/objenesis/objenesis/3.3/objenesis-3.3.jar  /Users/adol/.m2/repository/org/mockito/mockito-junit-jupiter/5.17.0/mockito-junit-jupiter-5.17.0.jar  /Users/adol/.m2/repository/org/skyscreamer/jsonassert/1.5.3/jsonassert-1.5.3.jar  /Users/adol/.m2/repository/com/vaadin/external/google/android-json/0.0.20131108.vaadin1/android-json-0.0.20131108.vaadin1.jar  /Users/adol/.m2/repository/org/springframework/spring-core/6.2.12/spring-core-6.2.12.jar  /Users/adol/.m2/repository/org/springframework/spring-jcl/6.2.12/spring-jcl-6.2.12.jar  /Users/adol/.m2/repository/org/springframework/spring-test/6.2.12/spring-test-6.2.12.jar  /Users/adol/.m2/repository/org/xmlunit/xmlunit-core/2.10.4/xmlunit-core-2.10.4.jar  /Users/adol/.m2/repository/io/projectreactor/reactor-test/3.7.12/reactor-test-3.7.12.jar  /Users/adol/.m2/repository/org/springframework/security/spring-security-test/6.5.6/spring-security-test-6.5.6.jar  /Users/adol/.m2/repository/org/springframework/security/spring-security-core/6.5.6/spring-security-core-6.5.6.jar  /Users/adol/.m2/repository/org/springframework/security/spring-security-crypto/6.5.6/spring-security-crypto-6.5.6.jar  /Users/adol/.m2/repository/org/testcontainers/testcontainers/1.19.3/testcontainers-1.19.3.jar  /Users/adol/.m2/repository/junit/junit/4.13.2/junit-4.13.2.jar  /Users/adol/.m2/repository/org/hamcrest/hamcrest-core/3.0/hamcrest-core-3.0.jar  /Users/adol/.m2/repository/org/slf4j/slf4j-api/2.0.17/slf4j-api-2.0.17.jar  /Users/adol/.m2/repository/org/apache/commons/commons-compress/1.24.0/commons-compress-1.24.0.jar  /Users/adol/.m2/repository/org/rnorth/duct-tape/duct-tape/1.0.8/duct-tape-1.0.8.jar  /Users/adol/.m2/repository/org/jetbrains/annotations/17.0.0/annotations-17.0.0.jar  /Users/adol/.m2/repository/com/github/docker-java/docker-java-api/3.3.4/docker-java-api-3.3.4.jar  /Users/adol/.m2/repository/com/fasterxml/jackson/core/jackson-annotations/2.19.2/jackson-annotations-2.19.2.jar  /Users/adol/.m2/repository/com/github/docker-java/docker-java-transport-zerodep/3.3.4/docker-java-transport-zerodep-3.3.4.jar  /Users/adol/.m2/repository/com/github/docker-java/docker-java-transport/3.3.4/docker-java-transport-3.3.4.jar  /Users/adol/.m2/repository/net/java/dev/jna/jna/5.13.0/jna-5.13.0.jar  /Users/adol/.m2/repository/org/testcontainers/mongodb/1.19.3/mongodb-1.19.3.jar  /Users/adol/.m2/repository/org/testcontainers/junit-jupiter/1.19.3/junit-jupiter-1.19.3.jar
[DEBUG] provider classpath:  /Users/adol/.m2/repository/org/apache/maven/surefire/surefire-junit-platform/3.5.4/surefire-junit-platform-3.5.4.jar  /Users/adol/.m2/repository/org/apache/maven/surefire/surefire-api/3.5.4/surefire-api-3.5.4.jar  /Users/adol/.m2/repository/org/apache/maven/surefire/surefire-logger-api/3.5.4/surefire-logger-api-3.5.4.jar  /Users/adol/.m2/repository/org/apache/maven/surefire/surefire-shared-utils/3.5.4/surefire-shared-utils-3.5.4.jar  /Users/adol/.m2/repository/org/apache/maven/surefire/common-java5/3.5.4/common-java5-3.5.4.jar  /Users/adol/.m2/repository/org/junit/platform/junit-platform-launcher/1.12.2/junit-platform-launcher-1.12.2.jar
[DEBUG] test(compact) classpath:  test-classes  classes  spring-boot-starter-data-mongodb-reactive-3.5.7.jar  spring-boot-starter-3.5.7.jar  spring-boot-starter-logging-3.5.7.jar  logback-classic-1.5.20.jar  logback-core-1.5.20.jar  log4j-to-slf4j-2.24.3.jar  log4j-api-2.24.3.jar  jul-to-slf4j-2.0.17.jar  jakarta.annotation-api-2.1.1.jar  snakeyaml-2.4.jar  reactor-core-3.7.12.jar  reactive-streams-1.0.4.jar  mongodb-driver-reactivestreams-5.5.2.jar  bson-5.5.2.jar  mongodb-driver-core-5.5.2.jar  bson-record-codec-5.5.2.jar  spring-data-mongodb-4.5.5.jar  spring-tx-6.2.12.jar  spring-context-6.2.12.jar  spring-beans-6.2.12.jar  spring-expression-6.2.12.jar  spring-data-commons-3.5.5.jar  spring-boot-starter-security-3.5.7.jar  spring-aop-6.2.12.jar  spring-security-config-6.5.6.jar  spring-security-web-6.5.6.jar  spring-boot-starter-validation-3.5.7.jar  tomcat-embed-el-10.1.48.jar  hibernate-validator-8.0.3.Final.jar  jakarta.validation-api-3.0.2.jar  jboss-logging-3.6.1.Final.jar  classmate-1.7.1.jar  spring-boot-starter-webflux-3.5.7.jar  spring-boot-starter-json-3.5.7.jar  jackson-databind-2.19.2.jar  jackson-core-2.19.2.jar  jackson-datatype-jdk8-2.19.2.jar  jackson-datatype-jsr310-2.19.2.jar  jackson-module-parameter-names-2.19.2.jar  spring-boot-starter-reactor-netty-3.5.7.jar  reactor-netty-http-1.2.11.jar  netty-codec-http-4.1.128.Final.jar  netty-common-4.1.128.Final.jar  netty-buffer-4.1.128.Final.jar  netty-transport-4.1.128.Final.jar  netty-codec-4.1.128.Final.jar  netty-handler-4.1.128.Final.jar  netty-codec-http2-4.1.128.Final.jar  netty-resolver-dns-4.1.128.Final.jar  netty-resolver-4.1.128.Final.jar  netty-codec-dns-4.1.128.Final.jar  netty-resolver-dns-native-macos-4.1.128.Final-osx-x86_64.jar  netty-resolver-dns-classes-macos-4.1.128.Final.jar  netty-transport-native-epoll-4.1.128.Final-linux-x86_64.jar  netty-transport-native-unix-common-4.1.128.Final.jar  netty-transport-classes-epoll-4.1.128.Final.jar  reactor-netty-core-1.2.11.jar  netty-handler-proxy-4.1.128.Final.jar  netty-codec-socks-4.1.128.Final.jar  spring-web-6.2.12.jar  micrometer-observation-1.15.5.jar  micrometer-commons-1.15.5.jar  spring-webflux-6.2.12.jar  spring-boot-devtools-3.5.7.jar  spring-boot-3.5.7.jar  spring-boot-autoconfigure-3.5.7.jar  lombok-1.18.42.jar  springdoc-openapi-starter-webflux-ui-2.8.13.jar  springdoc-openapi-starter-webflux-api-2.8.13.jar  springdoc-openapi-starter-common-2.8.13.jar  swagger-core-jakarta-2.2.36.jar  commons-lang3-3.17.0.jar  swagger-annotations-jakarta-2.2.36.jar  swagger-models-jakarta-2.2.36.jar  jackson-dataformat-yaml-2.19.2.jar  swagger-ui-5.28.1.jar  webjars-locator-lite-1.1.2.jar  jspecify-1.0.0.jar  spring-boot-starter-test-3.5.7.jar  spring-boot-test-3.5.7.jar  spring-boot-test-autoconfigure-3.5.7.jar  json-path-2.9.0.jar  jakarta.xml.bind-api-4.0.4.jar  jakarta.activation-api-2.1.4.jar  json-smart-2.5.2.jar  accessors-smart-2.5.2.jar  asm-9.7.1.jar  assertj-core-3.27.6.jar  byte-buddy-1.17.8.jar  awaitility-4.2.2.jar  hamcrest-3.0.jar  junit-jupiter-5.12.2.jar  junit-jupiter-api-5.12.2.jar  opentest4j-1.3.0.jar  junit-platform-commons-1.12.2.jar  apiguardian-api-1.1.2.jar  junit-jupiter-params-5.12.2.jar  junit-jupiter-engine-5.12.2.jar  junit-platform-engine-1.12.2.jar  mockito-core-5.17.0.jar  byte-buddy-agent-1.17.8.jar  objenesis-3.3.jar  mockito-junit-jupiter-5.17.0.jar  jsonassert-1.5.3.jar  android-json-0.0.20131108.vaadin1.jar  spring-core-6.2.12.jar  spring-jcl-6.2.12.jar  spring-test-6.2.12.jar  xmlunit-core-2.10.4.jar  reactor-test-3.7.12.jar  spring-security-test-6.5.6.jar  spring-security-core-6.5.6.jar  spring-security-crypto-6.5.6.jar  testcontainers-1.19.3.jar  junit-4.13.2.jar  hamcrest-core-3.0.jar  slf4j-api-2.0.17.jar  commons-compress-1.24.0.jar  duct-tape-1.0.8.jar  annotations-17.0.0.jar  docker-java-api-3.3.4.jar  jackson-annotations-2.19.2.jar  docker-java-transport-zerodep-3.3.4.jar  docker-java-transport-3.3.4.jar  jna-5.13.0.jar  mongodb-1.19.3.jar  junit-jupiter-1.19.3.jar
[DEBUG] provider(compact) classpath:  surefire-junit-platform-3.5.4.jar  surefire-api-3.5.4.jar  surefire-logger-api-3.5.4.jar  surefire-shared-utils-3.5.4.jar  common-java5-3.5.4.jar  junit-platform-launcher-1.12.2.jar
[DEBUG] in-process classpath:  /Users/adol/.m2/repository/org/apache/maven/surefire/surefire-junit-platform/3.5.4/surefire-junit-platform-3.5.4.jar  /Users/adol/.m2/repository/org/apache/maven/surefire/surefire-api/3.5.4/surefire-api-3.5.4.jar  /Users/adol/.m2/repository/org/apache/maven/surefire/surefire-logger-api/3.5.4/surefire-logger-api-3.5.4.jar  /Users/adol/.m2/repository/org/apache/maven/surefire/surefire-shared-utils/3.5.4/surefire-shared-utils-3.5.4.jar  /Users/adol/.m2/repository/org/apache/maven/surefire/common-java5/3.5.4/common-java5-3.5.4.jar  /Users/adol/.m2/repository/org/junit/platform/junit-platform-launcher/1.12.2/junit-platform-launcher-1.12.2.jar  /Users/adol/.m2/repository/org/apache/maven/surefire/maven-surefire-common/3.5.4/maven-surefire-common-3.5.4.jar  /Users/adol/.m2/repository/org/apache/maven/surefire/surefire-booter/3.5.4/surefire-booter-3.5.4.jar  /Users/adol/.m2/repository/org/apache/maven/surefire/surefire-extensions-api/3.5.4/surefire-extensions-api-3.5.4.jar  /Users/adol/.m2/repository/org/apache/maven/surefire/surefire-extensions-spi/3.5.4/surefire-extensions-spi-3.5.4.jar
[DEBUG] in-process(compact) classpath:  surefire-junit-platform-3.5.4.jar  surefire-api-3.5.4.jar  surefire-logger-api-3.5.4.jar  surefire-shared-utils-3.5.4.jar  common-java5-3.5.4.jar  junit-platform-launcher-1.12.2.jar  maven-surefire-common-3.5.4.jar  surefire-booter-3.5.4.jar  surefire-extensions-api-3.5.4.jar  surefire-extensions-spi-3.5.4.jar
[INFO] 
[INFO] -------------------------------------------------------
[INFO]  T E S T S
[INFO] -------------------------------------------------------
[DEBUG] Determined Maven Process ID 5031
[DEBUG] Fork Channel [1] connection string 'pipe://1' for the implementation class org.apache.maven.plugin.surefire.extensions.LegacyForkChannel
[DEBUG] boot classpath:  /Users/adol/.m2/repository/org/apache/maven/surefire/surefire-booter/3.5.4/surefire-booter-3.5.4.jar  /Users/adol/.m2/repository/org/apache/maven/surefire/surefire-api/3.5.4/surefire-api-3.5.4.jar  /Users/adol/.m2/repository/org/apache/maven/surefire/surefire-extensions-spi/3.5.4/surefire-extensions-spi-3.5.4.jar  /Users/adol/.m2/repository/org/apache/maven/surefire/surefire-shared-utils/3.5.4/surefire-shared-utils-3.5.4.jar  /Users/adol/.m2/repository/org/apache/maven/surefire/surefire-logger-api/3.5.4/surefire-logger-api-3.5.4.jar  /Users/adol/IdeaProjects/pdgigs/target/test-classes  /Users/adol/IdeaProjects/pdgigs/target/classes  /Users/adol/.m2/repository/org/springframework/boot/spring-boot-starter-data-mongodb-reactive/3.5.7/spring-boot-starter-data-mongodb-reactive-3.5.7.jar  /Users/adol/.m2/repository/org/springframework/boot/spring-boot-starter/3.5.7/spring-boot-starter-3.5.7.jar  /Users/adol/.m2/repository/org/springframework/boot/spring-boot-starter-logging/3.5.7/spring-boot-starter-logging-3.5.7.jar  /Users/adol/.m2/repository/ch/qos/logback/logback-classic/1.5.20/logback-classic-1.5.20.jar  /Users/adol/.m2/repository/ch/qos/logback/logback-core/1.5.20/logback-core-1.5.20.jar  /Users/adol/.m2/repository/org/apache/logging/log4j/log4j-to-slf4j/2.24.3/log4j-to-slf4j-2.24.3.jar  /Users/adol/.m2/repository/org/apache/logging/log4j/log4j-api/2.24.3/log4j-api-2.24.3.jar  /Users/adol/.m2/repository/org/slf4j/jul-to-slf4j/2.0.17/jul-to-slf4j-2.0.17.jar  /Users/adol/.m2/repository/jakarta/annotation/jakarta.annotation-api/2.1.1/jakarta.annotation-api-2.1.1.jar  /Users/adol/.m2/repository/org/yaml/snakeyaml/2.4/snakeyaml-2.4.jar  /Users/adol/.m2/repository/io/projectreactor/reactor-core/3.7.12/reactor-core-3.7.12.jar  /Users/adol/.m2/repository/org/reactivestreams/reactive-streams/1.0.4/reactive-streams-1.0.4.jar  /Users/adol/.m2/repository/org/mongodb/mongodb-driver-reactivestreams/5.5.2/mongodb-driver-reactivestreams-5.5.2.jar  /Users/adol/.m2/repository/org/mongodb/bson/5.5.2/bson-5.5.2.jar  /Users/adol/.m2/repository/org/mongodb/mongodb-driver-core/5.5.2/mongodb-driver-core-5.5.2.jar  /Users/adol/.m2/repository/org/mongodb/bson-record-codec/5.5.2/bson-record-codec-5.5.2.jar  /Users/adol/.m2/repository/org/springframework/data/spring-data-mongodb/4.5.5/spring-data-mongodb-4.5.5.jar  /Users/adol/.m2/repository/org/springframework/spring-tx/6.2.12/spring-tx-6.2.12.jar  /Users/adol/.m2/repository/org/springframework/spring-context/6.2.12/spring-context-6.2.12.jar  /Users/adol/.m2/repository/org/springframework/spring-beans/6.2.12/spring-beans-6.2.12.jar  /Users/adol/.m2/repository/org/springframework/spring-expression/6.2.12/spring-expression-6.2.12.jar  /Users/adol/.m2/repository/org/springframework/data/spring-data-commons/3.5.5/spring-data-commons-3.5.5.jar  /Users/adol/.m2/repository/org/springframework/boot/spring-boot-starter-security/3.5.7/spring-boot-starter-security-3.5.7.jar  /Users/adol/.m2/repository/org/springframework/spring-aop/6.2.12/spring-aop-6.2.12.jar  /Users/adol/.m2/repository/org/springframework/security/spring-security-config/6.5.6/spring-security-config-6.5.6.jar  /Users/adol/.m2/repository/org/springframework/security/spring-security-web/6.5.6/spring-security-web-6.5.6.jar  /Users/adol/.m2/repository/org/springframework/boot/spring-boot-starter-validation/3.5.7/spring-boot-starter-validation-3.5.7.jar  /Users/adol/.m2/repository/org/apache/tomcat/embed/tomcat-embed-el/10.1.48/tomcat-embed-el-10.1.48.jar  /Users/adol/.m2/repository/org/hibernate/validator/hibernate-validator/8.0.3.Final/hibernate-validator-8.0.3.Final.jar  /Users/adol/.m2/repository/jakarta/validation/jakarta.validation-api/3.0.2/jakarta.validation-api-3.0.2.jar  /Users/adol/.m2/repository/org/jboss/logging/jboss-logging/3.6.1.Final/jboss-logging-3.6.1.Final.jar  /Users/adol/.m2/repository/com/fasterxml/classmate/1.7.1/classmate-1.7.1.jar  /Users/adol/.m2/repository/org/springframework/boot/spring-boot-starter-webflux/3.5.7/spring-boot-starter-webflux-3.5.7.jar  /Users/adol/.m2/repository/org/springframework/boot/spring-boot-starter-json/3.5.7/spring-boot-starter-json-3.5.7.jar  /Users/adol/.m2/repository/com/fasterxml/jackson/core/jackson-databind/2.19.2/jackson-databind-2.19.2.jar  /Users/adol/.m2/repository/com/fasterxml/jackson/core/jackson-core/2.19.2/jackson-core-2.19.2.jar  /Users/adol/.m2/repository/com/fasterxml/jackson/datatype/jackson-datatype-jdk8/2.19.2/jackson-datatype-jdk8-2.19.2.jar  /Users/adol/.m2/repository/com/fasterxml/jackson/datatype/jackson-datatype-jsr310/2.19.2/jackson-datatype-jsr310-2.19.2.jar  /Users/adol/.m2/repository/com/fasterxml/jackson/module/jackson-module-parameter-names/2.19.2/jackson-module-parameter-names-2.19.2.jar  /Users/adol/.m2/repository/org/springframework/boot/spring-boot-starter-reactor-netty/3.5.7/spring-boot-starter-reactor-netty-3.5.7.jar  /Users/adol/.m2/repository/io/projectreactor/netty/reactor-netty-http/1.2.11/reactor-netty-http-1.2.11.jar  /Users/adol/.m2/repository/io/netty/netty-codec-http/4.1.128.Final/netty-codec-http-4.1.128.Final.jar  /Users/adol/.m2/repository/io/netty/netty-common/4.1.128.Final/netty-common-4.1.128.Final.jar  /Users/adol/.m2/repository/io/netty/netty-buffer/4.1.128.Final/netty-buffer-4.1.128.Final.jar  /Users/adol/.m2/repository/io/netty/netty-transport/4.1.128.Final/netty-transport-4.1.128.Final.jar  /Users/adol/.m2/repository/io/netty/netty-codec/4.1.128.Final/netty-codec-4.1.128.Final.jar  /Users/adol/.m2/repository/io/netty/netty-handler/4.1.128.Final/netty-handler-4.1.128.Final.jar  /Users/adol/.m2/repository/io/netty/netty-codec-http2/4.1.128.Final/netty-codec-http2-4.1.128.Final.jar  /Users/adol/.m2/repository/io/netty/netty-resolver-dns/4.1.128.Final/netty-resolver-dns-4.1.128.Final.jar  /Users/adol/.m2/repository/io/netty/netty-resolver/4.1.128.Final/netty-resolver-4.1.128.Final.jar  /Users/adol/.m2/repository/io/netty/netty-codec-dns/4.1.128.Final/netty-codec-dns-4.1.128.Final.jar  /Users/adol/.m2/repository/io/netty/netty-resolver-dns-native-macos/4.1.128.Final/netty-resolver-dns-native-macos-4.1.128.Final-osx-x86_64.jar  /Users/adol/.m2/repository/io/netty/netty-resolver-dns-classes-macos/4.1.128.Final/netty-resolver-dns-classes-macos-4.1.128.Final.jar  /Users/adol/.m2/repository/io/netty/netty-transport-native-epoll/4.1.128.Final/netty-transport-native-epoll-4.1.128.Final-linux-x86_64.jar  /Users/adol/.m2/repository/io/netty/netty-transport-native-unix-common/4.1.128.Final/netty-transport-native-unix-common-4.1.128.Final.jar  /Users/adol/.m2/repository/io/netty/netty-transport-classes-epoll/4.1.128.Final/netty-transport-classes-epoll-4.1.128.Final.jar  /Users/adol/.m2/repository/io/projectreactor/netty/reactor-netty-core/1.2.11/reactor-netty-core-1.2.11.jar  /Users/adol/.m2/repository/io/netty/netty-handler-proxy/4.1.128.Final/netty-handler-proxy-4.1.128.Final.jar  /Users/adol/.m2/repository/io/netty/netty-codec-socks/4.1.128.Final/netty-codec-socks-4.1.128.Final.jar  /Users/adol/.m2/repository/org/springframework/spring-web/6.2.12/spring-web-6.2.12.jar  /Users/adol/.m2/repository/io/micrometer/micrometer-observation/1.15.5/micrometer-observation-1.15.5.jar  /Users/adol/.m2/repository/io/micrometer/micrometer-commons/1.15.5/micrometer-commons-1.15.5.jar  /Users/adol/.m2/repository/org/springframework/spring-webflux/6.2.12/spring-webflux-6.2.12.jar  /Users/adol/.m2/repository/org/springframework/boot/spring-boot-devtools/3.5.7/spring-boot-devtools-3.5.7.jar  /Users/adol/.m2/repository/org/springframework/boot/spring-boot/3.5.7/spring-boot-3.5.7.jar  /Users/adol/.m2/repository/org/springframework/boot/spring-boot-autoconfigure/3.5.7/spring-boot-autoconfigure-3.5.7.jar  /Users/adol/.m2/repository/org/projectlombok/lombok/1.18.42/lombok-1.18.42.jar  /Users/adol/.m2/repository/org/springdoc/springdoc-openapi-starter-webflux-ui/2.8.13/springdoc-openapi-starter-webflux-ui-2.8.13.jar  /Users/adol/.m2/repository/org/springdoc/springdoc-openapi-starter-webflux-api/2.8.13/springdoc-openapi-starter-webflux-api-2.8.13.jar  /Users/adol/.m2/repository/org/springdoc/springdoc-openapi-starter-common/2.8.13/springdoc-openapi-starter-common-2.8.13.jar  /Users/adol/.m2/repository/io/swagger/core/v3/swagger-core-jakarta/2.2.36/swagger-core-jakarta-2.2.36.jar  /Users/adol/.m2/repository/org/apache/commons/commons-lang3/3.17.0/commons-lang3-3.17.0.jar  /Users/adol/.m2/repository/io/swagger/core/v3/swagger-annotations-jakarta/2.2.36/swagger-annotations-jakarta-2.2.36.jar  /Users/adol/.m2/repository/io/swagger/core/v3/swagger-models-jakarta/2.2.36/swagger-models-jakarta-2.2.36.jar  /Users/adol/.m2/repository/com/fasterxml/jackson/dataformat/jackson-dataformat-yaml/2.19.2/jackson-dataformat-yaml-2.19.2.jar  /Users/adol/.m2/repository/org/webjars/swagger-ui/5.28.1/swagger-ui-5.28.1.jar  /Users/adol/.m2/repository/org/webjars/webjars-locator-lite/1.1.2/webjars-locator-lite-1.1.2.jar  /Users/adol/.m2/repository/org/jspecify/jspecify/1.0.0/jspecify-1.0.0.jar  /Users/adol/.m2/repository/org/springframework/boot/spring-boot-starter-test/3.5.7/spring-boot-starter-test-3.5.7.jar  /Users/adol/.m2/repository/org/springframework/boot/spring-boot-test/3.5.7/spring-boot-test-3.5.7.jar  /Users/adol/.m2/repository/org/springframework/boot/spring-boot-test-autoconfigure/3.5.7/spring-boot-test-autoconfigure-3.5.7.jar  /Users/adol/.m2/repository/com/jayway/jsonpath/json-path/2.9.0/json-path-2.9.0.jar  /Users/adol/.m2/repository/jakarta/xml/bind/jakarta.xml.bind-api/4.0.4/jakarta.xml.bind-api-4.0.4.jar  /Users/adol/.m2/repository/jakarta/activation/jakarta.activation-api/2.1.4/jakarta.activation-api-2.1.4.jar  /Users/adol/.m2/repository/net/minidev/json-smart/2.5.2/json-smart-2.5.2.jar  /Users/adol/.m2/repository/net/minidev/accessors-smart/2.5.2/accessors-smart-2.5.2.jar  /Users/adol/.m2/repository/org/ow2/asm/asm/9.7.1/asm-9.7.1.jar  /Users/adol/.m2/repository/org/assertj/assertj-core/3.27.6/assertj-core-3.27.6.jar  /Users/adol/.m2/repository/net/bytebuddy/byte-buddy/1.17.8/byte-buddy-1.17.8.jar  /Users/adol/.m2/repository/org/awaitility/awaitility/4.2.2/awaitility-4.2.2.jar  /Users/adol/.m2/repository/org/hamcrest/hamcrest/3.0/hamcrest-3.0.jar  /Users/adol/.m2/repository/org/junit/jupiter/junit-jupiter/5.12.2/junit-jupiter-5.12.2.jar  /Users/adol/.m2/repository/org/junit/jupiter/junit-jupiter-api/5.12.2/junit-jupiter-api-5.12.2.jar  /Users/adol/.m2/repository/org/opentest4j/opentest4j/1.3.0/opentest4j-1.3.0.jar  /Users/adol/.m2/repository/org/junit/platform/junit-platform-commons/1.12.2/junit-platform-commons-1.12.2.jar  /Users/adol/.m2/repository/org/apiguardian/apiguardian-api/1.1.2/apiguardian-api-1.1.2.jar  /Users/adol/.m2/repository/org/junit/jupiter/junit-jupiter-params/5.12.2/junit-jupiter-params-5.12.2.jar  /Users/adol/.m2/repository/org/junit/jupiter/junit-jupiter-engine/5.12.2/junit-jupiter-engine-5.12.2.jar  /Users/adol/.m2/repository/org/junit/platform/junit-platform-engine/1.12.2/junit-platform-engine-1.12.2.jar  /Users/adol/.m2/repository/org/mockito/mockito-core/5.17.0/mockito-core-5.17.0.jar  /Users/adol/.m2/repository/net/bytebuddy/byte-buddy-agent/1.17.8/byte-buddy-agent-1.17.8.jar  /Users/adol/.m2/repository/org/objenesis/objenesis/3.3/objenesis-3.3.jar  /Users/adol/.m2/repository/org/mockito/mockito-junit-jupiter/5.17.0/mockito-junit-jupiter-5.17.0.jar  /Users/adol/.m2/repository/org/skyscreamer/jsonassert/1.5.3/jsonassert-1.5.3.jar  /Users/adol/.m2/repository/com/vaadin/external/google/android-json/0.0.20131108.vaadin1/android-json-0.0.20131108.vaadin1.jar  /Users/adol/.m2/repository/org/springframework/spring-core/6.2.12/spring-core-6.2.12.jar  /Users/adol/.m2/repository/org/springframework/spring-jcl/6.2.12/spring-jcl-6.2.12.jar  /Users/adol/.m2/repository/org/springframework/spring-test/6.2.12/spring-test-6.2.12.jar  /Users/adol/.m2/repository/org/xmlunit/xmlunit-core/2.10.4/xmlunit-core-2.10.4.jar  /Users/adol/.m2/repository/io/projectreactor/reactor-test/3.7.12/reactor-test-3.7.12.jar  /Users/adol/.m2/repository/org/springframework/security/spring-security-test/6.5.6/spring-security-test-6.5.6.jar  /Users/adol/.m2/repository/org/springframework/security/spring-security-core/6.5.6/spring-security-core-6.5.6.jar  /Users/adol/.m2/repository/org/springframework/security/spring-security-crypto/6.5.6/spring-security-crypto-6.5.6.jar  /Users/adol/.m2/repository/org/testcontainers/testcontainers/1.19.3/testcontainers-1.19.3.jar  /Users/adol/.m2/repository/junit/junit/4.13.2/junit-4.13.2.jar  /Users/adol/.m2/repository/org/hamcrest/hamcrest-core/3.0/hamcrest-core-3.0.jar  /Users/adol/.m2/repository/org/slf4j/slf4j-api/2.0.17/slf4j-api-2.0.17.jar  /Users/adol/.m2/repository/org/apache/commons/commons-compress/1.24.0/commons-compress-1.24.0.jar  /Users/adol/.m2/repository/org/rnorth/duct-tape/duct-tape/1.0.8/duct-tape-1.0.8.jar  /Users/adol/.m2/repository/org/jetbrains/annotations/17.0.0/annotations-17.0.0.jar  /Users/adol/.m2/repository/com/github/docker-java/docker-java-api/3.3.4/docker-java-api-3.3.4.jar  /Users/adol/.m2/repository/com/fasterxml/jackson/core/jackson-annotations/2.19.2/jackson-annotations-2.19.2.jar  /Users/adol/.m2/repository/com/github/docker-java/docker-java-transport-zerodep/3.3.4/docker-java-transport-zerodep-3.3.4.jar  /Users/adol/.m2/repository/com/github/docker-java/docker-java-transport/3.3.4/docker-java-transport-3.3.4.jar  /Users/adol/.m2/repository/net/java/dev/jna/jna/5.13.0/jna-5.13.0.jar  /Users/adol/.m2/repository/org/testcontainers/mongodb/1.19.3/mongodb-1.19.3.jar  /Users/adol/.m2/repository/org/testcontainers/junit-jupiter/1.19.3/junit-jupiter-1.19.3.jar  /Users/adol/.m2/repository/org/apache/maven/surefire/surefire-junit-platform/3.5.4/surefire-junit-platform-3.5.4.jar  /Users/adol/.m2/repository/org/apache/maven/surefire/common-java5/3.5.4/common-java5-3.5.4.jar  /Users/adol/.m2/repository/org/junit/platform/junit-platform-launcher/1.12.2/junit-platform-launcher-1.12.2.jar
[DEBUG] boot(compact) classpath:  surefire-booter-3.5.4.jar  surefire-api-3.5.4.jar  surefire-extensions-spi-3.5.4.jar  surefire-shared-utils-3.5.4.jar  surefire-logger-api-3.5.4.jar  test-classes  classes  spring-boot-starter-data-mongodb-reactive-3.5.7.jar  spring-boot-starter-3.5.7.jar  spring-boot-starter-logging-3.5.7.jar  logback-classic-1.5.20.jar  logback-core-1.5.20.jar  log4j-to-slf4j-2.24.3.jar  log4j-api-2.24.3.jar  jul-to-slf4j-2.0.17.jar  jakarta.annotation-api-2.1.1.jar  snakeyaml-2.4.jar  reactor-core-3.7.12.jar  reactive-streams-1.0.4.jar  mongodb-driver-reactivestreams-5.5.2.jar  bson-5.5.2.jar  mongodb-driver-core-5.5.2.jar  bson-record-codec-5.5.2.jar  spring-data-mongodb-4.5.5.jar  spring-tx-6.2.12.jar  spring-context-6.2.12.jar  spring-beans-6.2.12.jar  spring-expression-6.2.12.jar  spring-data-commons-3.5.5.jar  spring-boot-starter-security-3.5.7.jar  spring-aop-6.2.12.jar  spring-security-config-6.5.6.jar  spring-security-web-6.5.6.jar  spring-boot-starter-validation-3.5.7.jar  tomcat-embed-el-10.1.48.jar  hibernate-validator-8.0.3.Final.jar  jakarta.validation-api-3.0.2.jar  jboss-logging-3.6.1.Final.jar  classmate-1.7.1.jar  spring-boot-starter-webflux-3.5.7.jar  spring-boot-starter-json-3.5.7.jar  jackson-databind-2.19.2.jar  jackson-core-2.19.2.jar  jackson-datatype-jdk8-2.19.2.jar  jackson-datatype-jsr310-2.19.2.jar  jackson-module-parameter-names-2.19.2.jar  spring-boot-starter-reactor-netty-3.5.7.jar  reactor-netty-http-1.2.11.jar  netty-codec-http-4.1.128.Final.jar  netty-common-4.1.128.Final.jar  netty-buffer-4.1.128.Final.jar  netty-transport-4.1.128.Final.jar  netty-codec-4.1.128.Final.jar  netty-handler-4.1.128.Final.jar  netty-codec-http2-4.1.128.Final.jar  netty-resolver-dns-4.1.128.Final.jar  netty-resolver-4.1.128.Final.jar  netty-codec-dns-4.1.128.Final.jar  netty-resolver-dns-native-macos-4.1.128.Final-osx-x86_64.jar  netty-resolver-dns-classes-macos-4.1.128.Final.jar  netty-transport-native-epoll-4.1.128.Final-linux-x86_64.jar  netty-transport-native-unix-common-4.1.128.Final.jar  netty-transport-classes-epoll-4.1.128.Final.jar  reactor-netty-core-1.2.11.jar  netty-handler-proxy-4.1.128.Final.jar  netty-codec-socks-4.1.128.Final.jar  spring-web-6.2.12.jar  micrometer-observation-1.15.5.jar  micrometer-commons-1.15.5.jar  spring-webflux-6.2.12.jar  spring-boot-devtools-3.5.7.jar  spring-boot-3.5.7.jar  spring-boot-autoconfigure-3.5.7.jar  lombok-1.18.42.jar  springdoc-openapi-starter-webflux-ui-2.8.13.jar  springdoc-openapi-starter-webflux-api-2.8.13.jar  springdoc-openapi-starter-common-2.8.13.jar  swagger-core-jakarta-2.2.36.jar  commons-lang3-3.17.0.jar  swagger-annotations-jakarta-2.2.36.jar  swagger-models-jakarta-2.2.36.jar  jackson-dataformat-yaml-2.19.2.jar  swagger-ui-5.28.1.jar  webjars-locator-lite-1.1.2.jar  jspecify-1.0.0.jar  spring-boot-starter-test-3.5.7.jar  spring-boot-test-3.5.7.jar  spring-boot-test-autoconfigure-3.5.7.jar  json-path-2.9.0.jar  jakarta.xml.bind-api-4.0.4.jar  jakarta.activation-api-2.1.4.jar  json-smart-2.5.2.jar  accessors-smart-2.5.2.jar  asm-9.7.1.jar  assertj-core-3.27.6.jar  byte-buddy-1.17.8.jar  awaitility-4.2.2.jar  hamcrest-3.0.jar  junit-jupiter-5.12.2.jar  junit-jupiter-api-5.12.2.jar  opentest4j-1.3.0.jar  junit-platform-commons-1.12.2.jar  apiguardian-api-1.1.2.jar  junit-jupiter-params-5.12.2.jar  junit-jupiter-engine-5.12.2.jar  junit-platform-engine-1.12.2.jar  mockito-core-5.17.0.jar  byte-buddy-agent-1.17.8.jar  objenesis-3.3.jar  mockito-junit-jupiter-5.17.0.jar  jsonassert-1.5.3.jar  android-json-0.0.20131108.vaadin1.jar  spring-core-6.2.12.jar  spring-jcl-6.2.12.jar  spring-test-6.2.12.jar  xmlunit-core-2.10.4.jar  reactor-test-3.7.12.jar  spring-security-test-6.5.6.jar  spring-security-core-6.5.6.jar  spring-security-crypto-6.5.6.jar  testcontainers-1.19.3.jar  junit-4.13.2.jar  hamcrest-core-3.0.jar  slf4j-api-2.0.17.jar  commons-compress-1.24.0.jar  duct-tape-1.0.8.jar  annotations-17.0.0.jar  docker-java-api-3.3.4.jar  jackson-annotations-2.19.2.jar  docker-java-transport-zerodep-3.3.4.jar  docker-java-transport-3.3.4.jar  jna-5.13.0.jar  mongodb-1.19.3.jar  junit-jupiter-1.19.3.jar  surefire-junit-platform-3.5.4.jar  common-java5-3.5.4.jar  junit-platform-launcher-1.12.2.jar
[DEBUG] Forking command line: /bin/sh -c cd '/Users/adol/IdeaProjects/pdgigs' && '/opt/homebrew/Cellar/openjdk/24.0.2/libexec/openjdk.jdk/Contents/Home/bin/java' '-jar' '/Users/adol/IdeaProjects/pdgigs/target/surefire/surefirebooter-20251116142331319_3.jar' '/Users/adol/IdeaProjects/pdgigs/target/surefire' '2025-11-16T14-23-31_272-jvmRun1' 'surefire-20251116142331319_1tmp' 'surefire_0-20251116142331319_2tmp'
[DEBUG] Fork Channel [1] connected to the client.
[INFO] Running com.pdgigs.PdgigsApplicationTests
14:23:31.696 [main] INFO org.springframework.test.context.support.AnnotationConfigContextLoaderUtils -- Could not detect default configuration classes for test class [com.pdgigs.PdgigsApplicationTests]: PdgigsApplicationTests does not declare any static, non-private, non-final, nested classes annotated with @Configuration.
14:23:31.733 [main] INFO org.springframework.boot.test.context.SpringBootTestContextBootstrapper -- Found @SpringBootConfiguration com.pdgigs.PdgigsApplication for test class com.pdgigs.PdgigsApplicationTests
14:23:31.782 [main] INFO org.springframework.boot.devtools.restart.RestartApplicationListener -- Restart disabled due to context in which it is running

  .   ____          _            __ _ _
 /\\ / ___'_ __ _ _(_)_ __  __ _ \ \ \ \
( ( )\___ | '_ | '_| | '_ \/ _` | \ \ \ \
 \\/  ___)| |_)| | | | | || (_| |  ) ) ) )
  '  |____| .__|_| |_|_| |_\__, | / / / /
 =========|_|==============|___/=/_/_/_/

 :: Spring Boot ::                (v3.5.7)

2025-11-16T14:23:31.881+01:00  INFO 5063 --- [           main] com.pdgigs.PdgigsApplicationTests        : Starting PdgigsApplicationTests using Java 24.0.2 with PID 5063 (started by adol in /Users/adol/IdeaProjects/pdgigs)
2025-11-16T14:23:31.882+01:00  INFO 5063 --- [           main] com.pdgigs.PdgigsApplicationTests        : No active profile set, falling back to 1 default profile: "default"
2025-11-16T14:23:32.059+01:00  INFO 5063 --- [           main] .s.d.r.c.RepositoryConfigurationDelegate : Bootstrapping Spring Data Reactive MongoDB repositories in DEFAULT mode.
2025-11-16T14:23:32.112+01:00  INFO 5063 --- [           main] .s.d.r.c.RepositoryConfigurationDelegate : Finished Spring Data repository scanning in 51 ms. Found 1 Reactive MongoDB repository interface.
WARNING: A terminally deprecated method in sun.misc.Unsafe has been called
WARNING: sun.misc.Unsafe::allocateMemory has been called by io.netty.util.internal.PlatformDependent0$2 (file:/Users/adol/.m2/repository/io/netty/netty-common/4.1.128.Final/netty-common-4.1.128.Final.jar)
WARNING: Please consider reporting this to the maintainers of class io.netty.util.internal.PlatformDependent0$2
WARNING: sun.misc.Unsafe::allocateMemory will be removed in a future release
2025-11-16T14:23:32.321+01:00  INFO 5063 --- [           main] org.mongodb.driver.client                : MongoClient with metadata {"driver": {"name": "mongo-java-driver|reactive-streams|spring-boot", "version": "5.5.2"}, "os": {"type": "Darwin", "name": "Mac OS X", "architecture": "aarch64", "version": "26.1"}, "platform": "Java/Homebrew/24.0.2"} created with settings MongoClientSettings{readPreference=primary, writeConcern=WriteConcern{w=null, wTimeout=null ms, journal=null}, retryWrites=true, retryReads=true, readConcern=ReadConcern{level=null}, credential=null, transportSettings=NettyTransportSettings{eventLoopGroup=io.netty.channel.nio.NioEventLoopGroup@29bbc63c, socketChannelClass=null, allocator=null, sslContext=null}, commandListeners=[], codecRegistry=ProvidersCodecRegistry{codecProviders=[ValueCodecProvider{}, BsonValueCodecProvider{}, DBRefCodecProvider{}, DBObjectCodecProvider{}, DocumentCodecProvider{}, CollectionCodecProvider{}, IterableCodecProvider{}, MapCodecProvider{}, GeoJsonCodecProvider{}, GridFSFileCodecProvider{}, Jsr310CodecProvider{}, JsonObjectCodecProvider{}, BsonCodecProvider{}, EnumCodecProvider{}, com.mongodb.client.model.mql.ExpressionCodecProvider@272778ae, com.mongodb.Jep395RecordCodecProvider@2cccf134, com.mongodb.KotlinCodecProvider@3c18942]}, loggerSettings=LoggerSettings{maxDocumentLength=1000}, clusterSettings={hosts=[localhost:27017], srvServiceName=mongodb, mode=SINGLE, requiredClusterType=UNKNOWN, requiredReplicaSetName='null', serverSelector='null', clusterListeners='[]', serverSelectionTimeout='30000 ms', localThreshold='15 ms'}, socketSettings=SocketSettings{connectTimeoutMS=10000, readTimeoutMS=0, receiveBufferSize=0, proxySettings=ProxySettings{host=null, port=null, username=null, password=null}}, heartbeatSocketSettings=SocketSettings{connectTimeoutMS=10000, readTimeoutMS=10000, receiveBufferSize=0, proxySettings=ProxySettings{host=null, port=null, username=null, password=null}}, connectionPoolSettings=ConnectionPoolSettings{maxSize=100, minSize=0, maxWaitTimeMS=120000, maxConnectionLifeTimeMS=0, maxConnectionIdleTimeMS=0, maintenanceInitialDelayMS=0, maintenanceFrequencyMS=60000, connectionPoolListeners=[], maxConnecting=2}, serverSettings=ServerSettings{heartbeatFrequencyMS=10000, minHeartbeatFrequencyMS=500, serverMonitoringMode=AUTO, serverListeners='[]', serverMonitorListeners='[]'}, sslSettings=SslSettings{enabled=false, invalidHostNameAllowed=false, context=null}, applicationName='null', compressorList=[], uuidRepresentation=JAVA_LEGACY, serverApi=null, autoEncryptionSettings=null, dnsClient=null, inetAddressResolver=null, contextProvider=null, timeoutMS=null}
2025-11-16T14:23:32.360+01:00  INFO 5063 --- [localhost:27017] org.mongodb.driver.cluster               : Monitor thread successfully connected to server with description ServerDescription{address=localhost:27017, type=STANDALONE, cryptd=false, state=CONNECTED, ok=true, minWireVersion=0, maxWireVersion=25, maxDocumentSize=16777216, logicalSessionTimeoutMinutes=30, roundTripTimeNanos=16261875, minRoundTripTimeNanos=0}
2025-11-16T14:23:32.502+01:00  INFO 5063 --- [           main] com.pdgigs.PdgigsApplicationTests        : Started PdgigsApplicationTests in 0.725 seconds (process running for 1.123)
Mockito is currently self-attaching to enable the inline-mock-maker. This will no longer work in future releases of the JDK. Please add Mockito as an agent to your build as described in Mockito's documentation: https://javadoc.io/doc/org.mockito/mockito-core/latest/org.mockito/org/mockito/Mockito.html#0.3
OpenJDK 64-Bit Server VM warning: Sharing is only supported for boot loader classes because bootstrap classpath has been appended
WARNING: A Java agent has been loaded dynamically (/Users/adol/.m2/repository/net/bytebuddy/byte-buddy-agent/1.17.8/byte-buddy-agent-1.17.8.jar)
WARNING: If a serviceability tool is in use, please run with -XX:+EnableDynamicAgentLoading to hide this warning
WARNING: If a serviceability tool is not in use, please run with -Djdk.instrument.traceUsage for more information
WARNING: Dynamic loading of agents will be disallowed by default in a future release
[INFO] Tests run: 1, Failures: 0, Errors: 0, Skipped: 0, Time elapsed: 1.172 s -- in com.pdgigs.PdgigsApplicationTests
[INFO] Running GetScorePdfService - Descarga de PDF
2025-11-16T14:23:32.877+01:00  INFO 5063 --- [           main] c.p.a.service.GetScorePdfService         : PDF retrieved for score: 507f1f77bcf86cd799439011 (0 bytes)
2025-11-16T14:23:32.899+01:00  INFO 5063 --- [           main] c.p.a.service.GetScorePdfService         : PDF retrieved for score: 507f1f77bcf86cd799439011 (7 bytes)
2025-11-16T14:23:32.904+01:00  INFO 5063 --- [           main] c.p.a.service.GetScorePdfService         : PDF retrieved for score: 507f1f77bcf86cd799439011 (10485760 bytes)
[INFO] Tests run: 4, Failures: 0, Errors: 0, Skipped: 0, Time elapsed: 0.085 s -- in GetScorePdfService - Descarga de PDF
[INFO] Running CreateScoreService - Validaciones de formato y tamaño
2025-11-16T14:23:32.909+01:00 ERROR 5063 --- [           main] c.p.a.service.CreateScoreService         : Error creating score:    

com.pdgigs.domain.exception.validation.ValidationException: Validation failed for 'title': Title cannot be blank
	at com.pdgigs.domain.exception.validation.ScoreValidationError.toException(ScoreValidationError.java:16) ~[classes/:na]
	at com.pdgigs.domain.validator.ScoreValidator.validateMetadata(ScoreValidator.java:27) ~[classes/:na]
	at com.pdgigs.application.service.CreateScoreService.createScore(CreateScoreService.java:25) ~[classes/:na]
	at com.pdgigs.application.service.CreateScoreValidationTest.createScore_ValidPdfButBlankTitle_ThrowsValidationException(CreateScoreValidationTest.java:155) ~[test-classes/:na]
	at java.base/jdk.internal.reflect.DirectMethodHandleAccessor.invoke(DirectMethodHandleAccessor.java:104) ~[na:na]
	at java.base/java.lang.reflect.Method.invoke(Method.java:565) ~[na:na]
	at org.junit.platform.commons.util.ReflectionUtils.invokeMethod(ReflectionUtils.java:775) ~[junit-platform-commons-1.12.2.jar:1.12.2]
	at org.junit.platform.commons.support.ReflectionSupport.invokeMethod(ReflectionSupport.java:479) ~[junit-platform-commons-1.12.2.jar:1.12.2]
	at org.junit.jupiter.engine.execution.MethodInvocation.proceed(MethodInvocation.java:60) ~[junit-jupiter-engine-5.12.2.jar:5.12.2]
	at org.junit.jupiter.engine.execution.InvocationInterceptorChain$ValidatingInvocation.proceed(InvocationInterceptorChain.java:131) ~[junit-jupiter-engine-5.12.2.jar:5.12.2]
	at org.junit.jupiter.engine.extension.TimeoutExtension.intercept(TimeoutExtension.java:161) ~[junit-jupiter-engine-5.12.2.jar:5.12.2]
	at org.junit.jupiter.engine.extension.TimeoutExtension.interceptTestableMethod(TimeoutExtension.java:152) ~[junit-jupiter-engine-5.12.2.jar:5.12.2]
	at org.junit.jupiter.engine.extension.TimeoutExtension.interceptTestMethod(TimeoutExtension.java:91) ~[junit-jupiter-engine-5.12.2.jar:5.12.2]
	at org.junit.jupiter.engine.execution.InterceptingExecutableInvoker$ReflectiveInterceptorCall.lambda$ofVoidMethod$0(InterceptingExecutableInvoker.java:112) ~[junit-jupiter-engine-5.12.2.jar:5.12.2]
	at org.junit.jupiter.engine.execution.InterceptingExecutableInvoker.lambda$invoke$0(InterceptingExecutableInvoker.java:94) ~[junit-jupiter-engine-5.12.2.jar:5.12.2]
	at org.junit.jupiter.engine.execution.InvocationInterceptorChain$InterceptedInvocation.proceed(InvocationInterceptorChain.java:106) ~[junit-jupiter-engine-5.12.2.jar:5.12.2]
	at org.junit.jupiter.engine.execution.InvocationInterceptorChain.proceed(InvocationInterceptorChain.java:64) ~[junit-jupiter-engine-5.12.2.jar:5.12.2]
	at org.junit.jupiter.engine.execution.InvocationInterceptorChain.chainAndInvoke(InvocationInterceptorChain.java:45) ~[junit-jupiter-engine-5.12.2.jar:5.12.2]
	at org.junit.jupiter.engine.execution.InvocationInterceptorChain.invoke(InvocationInterceptorChain.java:37) ~[junit-jupiter-engine-5.12.2.jar:5.12.2]
	at org.junit.jupiter.engine.execution.InterceptingExecutableInvoker.invoke(InterceptingExecutableInvoker.java:93) ~[junit-jupiter-engine-5.12.2.jar:5.12.2]
	at org.junit.jupiter.engine.execution.InterceptingExecutableInvoker.invoke(InterceptingExecutableInvoker.java:87) ~[junit-jupiter-engine-5.12.2.jar:5.12.2]
	at org.junit.jupiter.engine.descriptor.TestMethodTestDescriptor.lambda$invokeTestMethod$7(TestMethodTestDescriptor.java:216) ~[junit-jupiter-engine-5.12.2.jar:5.12.2]
	at org.junit.platform.engine.support.hierarchical.ThrowableCollector.execute(ThrowableCollector.java:73) ~[junit-platform-engine-1.12.2.jar:1.12.2]
	at org.junit.jupiter.engine.descriptor.TestMethodTestDescriptor.invokeTestMethod(TestMethodTestDescriptor.java:212) ~[junit-jupiter-engine-5.12.2.jar:5.12.2]
	at org.junit.jupiter.engine.descriptor.TestMethodTestDescriptor.execute(TestMethodTestDescriptor.java:137) ~[junit-jupiter-engine-5.12.2.jar:5.12.2]
	at org.junit.jupiter.engine.descriptor.TestMethodTestDescriptor.execute(TestMethodTestDescriptor.java:69) ~[junit-jupiter-engine-5.12.2.jar:5.12.2]
	at org.junit.platform.engine.support.hierarchical.NodeTestTask.lambda$executeRecursively$6(NodeTestTask.java:156) ~[junit-platform-engine-1.12.2.jar:1.12.2]
	at org.junit.platform.engine.support.hierarchical.ThrowableCollector.execute(ThrowableCollector.java:73) ~[junit-platform-engine-1.12.2.jar:1.12.2]
	at org.junit.platform.engine.support.hierarchical.NodeTestTask.lambda$executeRecursively$8(NodeTestTask.java:146) ~[junit-platform-engine-1.12.2.jar:1.12.2]
	at org.junit.platform.engine.support.hierarchical.Node.around(Node.java:137) ~[junit-platform-engine-1.12.2.jar:1.12.2]
	at org.junit.platform.engine.support.hierarchical.NodeTestTask.lambda$executeRecursively$9(NodeTestTask.java:144) ~[junit-platform-engine-1.12.2.jar:1.12.2]
	at org.junit.platform.engine.support.hierarchical.ThrowableCollector.execute(ThrowableCollector.java:73) ~[junit-platform-engine-1.12.2.jar:1.12.2]
	at org.junit.platform.engine.support.hierarchical.NodeTestTask.executeRecursively(NodeTestTask.java:143) ~[junit-platform-engine-1.12.2.jar:1.12.2]
	at org.junit.platform.engine.support.hierarchical.NodeTestTask.execute(NodeTestTask.java:100) ~[junit-platform-engine-1.12.2.jar:1.12.2]
	at java.base/java.util.ArrayList.forEach(ArrayList.java:1604) ~[na:na]
	at org.junit.platform.engine.support.hierarchical.SameThreadHierarchicalTestExecutorService.invokeAll(SameThreadHierarchicalTestExecutorService.java:41) ~[junit-platform-engine-1.12.2.jar:1.12.2]
	at org.junit.platform.engine.support.hierarchical.NodeTestTask.lambda$executeRecursively$6(NodeTestTask.java:160) ~[junit-platform-engine-1.12.2.jar:1.12.2]
	at org.junit.platform.engine.support.hierarchical.ThrowableCollector.execute(ThrowableCollector.java:73) ~[junit-platform-engine-1.12.2.jar:1.12.2]
	at org.junit.platform.engine.support.hierarchical.NodeTestTask.lambda$executeRecursively$8(NodeTestTask.java:146) ~[junit-platform-engine-1.12.2.jar:1.12.2]
	at org.junit.platform.engine.support.hierarchical.Node.around(Node.java:137) ~[junit-platform-engine-1.12.2.jar:1.12.2]
	at org.junit.platform.engine.support.hierarchical.NodeTestTask.lambda$executeRecursively$9(NodeTestTask.java:144) ~[junit-platform-engine-1.12.2.jar:1.12.2]
	at org.junit.platform.engine.support.hierarchical.ThrowableCollector.execute(ThrowableCollector.java:73) ~[junit-platform-engine-1.12.2.jar:1.12.2]
	at org.junit.platform.engine.support.hierarchical.NodeTestTask.executeRecursively(NodeTestTask.java:143) ~[junit-platform-engine-1.12.2.jar:1.12.2]
	at org.junit.platform.engine.support.hierarchical.NodeTestTask.execute(NodeTestTask.java:100) ~[junit-platform-engine-1.12.2.jar:1.12.2]
	at java.base/java.util.ArrayList.forEach(ArrayList.java:1604) ~[na:na]
	at org.junit.platform.engine.support.hierarchical.SameThreadHierarchicalTestExecutorService.invokeAll(SameThreadHierarchicalTestExecutorService.java:41) ~[junit-platform-engine-1.12.2.jar:1.12.2]
	at org.junit.platform.engine.support.hierarchical.NodeTestTask.lambda$executeRecursively$6(NodeTestTask.java:160) ~[junit-platform-engine-1.12.2.jar:1.12.2]
	at org.junit.platform.engine.support.hierarchical.ThrowableCollector.execute(ThrowableCollector.java:73) ~[junit-platform-engine-1.12.2.jar:1.12.2]
	at org.junit.platform.engine.support.hierarchical.NodeTestTask.lambda$executeRecursively$8(NodeTestTask.java:146) ~[junit-platform-engine-1.12.2.jar:1.12.2]
	at org.junit.platform.engine.support.hierarchical.Node.around(Node.java:137) ~[junit-platform-engine-1.12.2.jar:1.12.2]
	at org.junit.platform.engine.support.hierarchical.NodeTestTask.lambda$executeRecursively$9(NodeTestTask.java:144) ~[junit-platform-engine-1.12.2.jar:1.12.2]
	at org.junit.platform.engine.support.hierarchical.ThrowableCollector.execute(ThrowableCollector.java:73) ~[junit-platform-engine-1.12.2.jar:1.12.2]
	at org.junit.platform.engine.support.hierarchical.NodeTestTask.executeRecursively(NodeTestTask.java:143) ~[junit-platform-engine-1.12.2.jar:1.12.2]
	at org.junit.platform.engine.support.hierarchical.NodeTestTask.execute(NodeTestTask.java:100) ~[junit-platform-engine-1.12.2.jar:1.12.2]
	at org.junit.platform.engine.support.hierarchical.SameThreadHierarchicalTestExecutorService.submit(SameThreadHierarchicalTestExecutorService.java:35) ~[junit-platform-engine-1.12.2.jar:1.12.2]
	at org.junit.platform.engine.support.hierarchical.HierarchicalTestExecutor.execute(HierarchicalTestExecutor.java:57) ~[junit-platform-engine-1.12.2.jar:1.12.2]
	at org.junit.platform.engine.support.hierarchical.HierarchicalTestEngine.execute(HierarchicalTestEngine.java:54) ~[junit-platform-engine-1.12.2.jar:1.12.2]
	at org.junit.platform.launcher.core.EngineExecutionOrchestrator.execute(EngineExecutionOrchestrator.java:201) ~[junit-platform-launcher-1.12.2.jar:1.12.2]
	at org.junit.platform.launcher.core.EngineExecutionOrchestrator.execute(EngineExecutionOrchestrator.java:170) ~[junit-platform-launcher-1.12.2.jar:1.12.2]
	at org.junit.platform.launcher.core.EngineExecutionOrchestrator.execute(EngineExecutionOrchestrator.java:94) ~[junit-platform-launcher-1.12.2.jar:1.12.2]
	at org.junit.platform.launcher.core.EngineExecutionOrchestrator.lambda$execute$0(EngineExecutionOrchestrator.java:59) ~[junit-platform-launcher-1.12.2.jar:1.12.2]
	at org.junit.platform.launcher.core.EngineExecutionOrchestrator.withInterceptedStreams(EngineExecutionOrchestrator.java:142) ~[junit-platform-launcher-1.12.2.jar:1.12.2]
	at org.junit.platform.launcher.core.EngineExecutionOrchestrator.execute(EngineExecutionOrchestrator.java:58) ~[junit-platform-launcher-1.12.2.jar:1.12.2]
	at org.junit.platform.launcher.core.DefaultLauncher.execute(DefaultLauncher.java:103) ~[junit-platform-launcher-1.12.2.jar:1.12.2]
	at org.junit.platform.launcher.core.DefaultLauncher.execute(DefaultLauncher.java:85) ~[junit-platform-launcher-1.12.2.jar:1.12.2]
	at org.junit.platform.launcher.core.DelegatingLauncher.execute(DelegatingLauncher.java:47) ~[junit-platform-launcher-1.12.2.jar:1.12.2]
	at org.junit.platform.launcher.core.InterceptingLauncher.lambda$execute$1(InterceptingLauncher.java:39) ~[junit-platform-launcher-1.12.2.jar:1.12.2]
	at org.junit.platform.launcher.core.ClasspathAlignmentCheckingLauncherInterceptor.intercept(ClasspathAlignmentCheckingLauncherInterceptor.java:25) ~[junit-platform-launcher-1.12.2.jar:1.12.2]
	at org.junit.platform.launcher.core.InterceptingLauncher.execute(InterceptingLauncher.java:38) ~[junit-platform-launcher-1.12.2.jar:1.12.2]
	at org.junit.platform.launcher.core.DelegatingLauncher.execute(DelegatingLauncher.java:47) ~[junit-platform-launcher-1.12.2.jar:1.12.2]
	at org.apache.maven.surefire.junitplatform.LauncherAdapter.executeWithoutCancellationToken(LauncherAdapter.java:60) ~[surefire-junit-platform-3.5.4.jar:3.5.4]
	at org.apache.maven.surefire.junitplatform.LauncherAdapter.execute(LauncherAdapter.java:52) ~[surefire-junit-platform-3.5.4.jar:3.5.4]
	at org.apache.maven.surefire.junitplatform.JUnitPlatformProvider.execute(JUnitPlatformProvider.java:203) ~[surefire-junit-platform-3.5.4.jar:3.5.4]
	at org.apache.maven.surefire.junitplatform.JUnitPlatformProvider.invokeAllTests(JUnitPlatformProvider.java:168) ~[surefire-junit-platform-3.5.4.jar:3.5.4]
	at org.apache.maven.surefire.junitplatform.JUnitPlatformProvider.invoke(JUnitPlatformProvider.java:136) ~[surefire-junit-platform-3.5.4.jar:3.5.4]
	at org.apache.maven.surefire.booter.ForkedBooter.runSuitesInProcess(ForkedBooter.java:385) ~[surefire-booter-3.5.4.jar:3.5.4]
	at org.apache.maven.surefire.booter.ForkedBooter.execute(ForkedBooter.java:162) ~[surefire-booter-3.5.4.jar:3.5.4]
	at org.apache.maven.surefire.booter.ForkedBooter.run(ForkedBooter.java:507) ~[surefire-booter-3.5.4.jar:3.5.4]
	at org.apache.maven.surefire.booter.ForkedBooter.main(ForkedBooter.java:495) ~[surefire-booter-3.5.4.jar:3.5.4]

2025-11-16T14:23:32.912+01:00 ERROR 5063 --- [           main] c.p.a.service.CreateScoreService         : Error creating score: 

com.pdgigs.domain.exception.validation.ValidationException: Validation failed for 'author': Author cannot be blank
	at com.pdgigs.domain.exception.validation.ScoreValidationError.toException(ScoreValidationError.java:16) ~[classes/:na]
	at com.pdgigs.domain.validator.ScoreValidator.validateMetadata(ScoreValidator.java:34) ~[classes/:na]
	at com.pdgigs.application.service.CreateScoreService.createScore(CreateScoreService.java:25) ~[classes/:na]
	at com.pdgigs.application.service.CreateScoreValidationTest.createScore_ValidPdfButBlankAuthor_ThrowsValidationException(CreateScoreValidationTest.java:169) ~[test-classes/:na]
	at java.base/jdk.internal.reflect.DirectMethodHandleAccessor.invoke(DirectMethodHandleAccessor.java:104) ~[na:na]
	at java.base/java.lang.reflect.Method.invoke(Method.java:565) ~[na:na]
	at org.junit.platform.commons.util.ReflectionUtils.invokeMethod(ReflectionUtils.java:775) ~[junit-platform-commons-1.12.2.jar:1.12.2]
	at org.junit.platform.commons.support.ReflectionSupport.invokeMethod(ReflectionSupport.java:479) ~[junit-platform-commons-1.12.2.jar:1.12.2]
	at org.junit.jupiter.engine.execution.MethodInvocation.proceed(MethodInvocation.java:60) ~[junit-jupiter-engine-5.12.2.jar:5.12.2]
	at org.junit.jupiter.engine.execution.InvocationInterceptorChain$ValidatingInvocation.proceed(InvocationInterceptorChain.java:131) ~[junit-jupiter-engine-5.12.2.jar:5.12.2]
	at org.junit.jupiter.engine.extension.TimeoutExtension.intercept(TimeoutExtension.java:161) ~[junit-jupiter-engine-5.12.2.jar:5.12.2]
	at org.junit.jupiter.engine.extension.TimeoutExtension.interceptTestableMethod(TimeoutExtension.java:152) ~[junit-jupiter-engine-5.12.2.jar:5.12.2]
	at org.junit.jupiter.engine.extension.TimeoutExtension.interceptTestMethod(TimeoutExtension.java:91) ~[junit-jupiter-engine-5.12.2.jar:5.12.2]
	at org.junit.jupiter.engine.execution.InterceptingExecutableInvoker$ReflectiveInterceptorCall.lambda$ofVoidMethod$0(InterceptingExecutableInvoker.java:112) ~[junit-jupiter-engine-5.12.2.jar:5.12.2]
	at org.junit.jupiter.engine.execution.InterceptingExecutableInvoker.lambda$invoke$0(InterceptingExecutableInvoker.java:94) ~[junit-jupiter-engine-5.12.2.jar:5.12.2]
	at org.junit.jupiter.engine.execution.InvocationInterceptorChain$InterceptedInvocation.proceed(InvocationInterceptorChain.java:106) ~[junit-jupiter-engine-5.12.2.jar:5.12.2]
	at org.junit.jupiter.engine.execution.InvocationInterceptorChain.proceed(InvocationInterceptorChain.java:64) ~[junit-jupiter-engine-5.12.2.jar:5.12.2]
	at org.junit.jupiter.engine.execution.InvocationInterceptorChain.chainAndInvoke(InvocationInterceptorChain.java:45) ~[junit-jupiter-engine-5.12.2.jar:5.12.2]
	at org.junit.jupiter.engine.execution.InvocationInterceptorChain.invoke(InvocationInterceptorChain.java:37) ~[junit-jupiter-engine-5.12.2.jar:5.12.2]
	at org.junit.jupiter.engine.execution.InterceptingExecutableInvoker.invoke(InterceptingExecutableInvoker.java:93) ~[junit-jupiter-engine-5.12.2.jar:5.12.2]
	at org.junit.jupiter.engine.execution.InterceptingExecutableInvoker.invoke(InterceptingExecutableInvoker.java:87) ~[junit-jupiter-engine-5.12.2.jar:5.12.2]
	at org.junit.jupiter.engine.descriptor.TestMethodTestDescriptor.lambda$invokeTestMethod$7(TestMethodTestDescriptor.java:216) ~[junit-jupiter-engine-5.12.2.jar:5.12.2]
	at org.junit.platform.engine.support.hierarchical.ThrowableCollector.execute(ThrowableCollector.java:73) ~[junit-platform-engine-1.12.2.jar:1.12.2]
	at org.junit.jupiter.engine.descriptor.TestMethodTestDescriptor.invokeTestMethod(TestMethodTestDescriptor.java:212) ~[junit-jupiter-engine-5.12.2.jar:5.12.2]
	at org.junit.jupiter.engine.descriptor.TestMethodTestDescriptor.execute(TestMethodTestDescriptor.java:137) ~[junit-jupiter-engine-5.12.2.jar:5.12.2]
	at org.junit.jupiter.engine.descriptor.TestMethodTestDescriptor.execute(TestMethodTestDescriptor.java:69) ~[junit-jupiter-engine-5.12.2.jar:5.12.2]
	at org.junit.platform.engine.support.hierarchical.NodeTestTask.lambda$executeRecursively$6(NodeTestTask.java:156) ~[junit-platform-engine-1.12.2.jar:1.12.2]
	at org.junit.platform.engine.support.hierarchical.ThrowableCollector.execute(ThrowableCollector.java:73) ~[junit-platform-engine-1.12.2.jar:1.12.2]
	at org.junit.platform.engine.support.hierarchical.NodeTestTask.lambda$executeRecursively$8(NodeTestTask.java:146) ~[junit-platform-engine-1.12.2.jar:1.12.2]
	at org.junit.platform.engine.support.hierarchical.Node.around(Node.java:137) ~[junit-platform-engine-1.12.2.jar:1.12.2]
	at org.junit.platform.engine.support.hierarchical.NodeTestTask.lambda$executeRecursively$9(NodeTestTask.java:144) ~[junit-platform-engine-1.12.2.jar:1.12.2]
	at org.junit.platform.engine.support.hierarchical.ThrowableCollector.execute(ThrowableCollector.java:73) ~[junit-platform-engine-1.12.2.jar:1.12.2]
	at org.junit.platform.engine.support.hierarchical.NodeTestTask.executeRecursively(NodeTestTask.java:143) ~[junit-platform-engine-1.12.2.jar:1.12.2]
	at org.junit.platform.engine.support.hierarchical.NodeTestTask.execute(NodeTestTask.java:100) ~[junit-platform-engine-1.12.2.jar:1.12.2]
	at java.base/java.util.ArrayList.forEach(ArrayList.java:1604) ~[na:na]
	at org.junit.platform.engine.support.hierarchical.SameThreadHierarchicalTestExecutorService.invokeAll(SameThreadHierarchicalTestExecutorService.java:41) ~[junit-platform-engine-1.12.2.jar:1.12.2]
	at org.junit.platform.engine.support.hierarchical.NodeTestTask.lambda$executeRecursively$6(NodeTestTask.java:160) ~[junit-platform-engine-1.12.2.jar:1.12.2]
	at org.junit.platform.engine.support.hierarchical.ThrowableCollector.execute(ThrowableCollector.java:73) ~[junit-platform-engine-1.12.2.jar:1.12.2]
	at org.junit.platform.engine.support.hierarchical.NodeTestTask.lambda$executeRecursively$8(NodeTestTask.java:146) ~[junit-platform-engine-1.12.2.jar:1.12.2]
	at org.junit.platform.engine.support.hierarchical.Node.around(Node.java:137) ~[junit-platform-engine-1.12.2.jar:1.12.2]
	at org.junit.platform.engine.support.hierarchical.NodeTestTask.lambda$executeRecursively$9(NodeTestTask.java:144) ~[junit-platform-engine-1.12.2.jar:1.12.2]
	at org.junit.platform.engine.support.hierarchical.ThrowableCollector.execute(ThrowableCollector.java:73) ~[junit-platform-engine-1.12.2.jar:1.12.2]
	at org.junit.platform.engine.support.hierarchical.NodeTestTask.executeRecursively(NodeTestTask.java:143) ~[junit-platform-engine-1.12.2.jar:1.12.2]
	at org.junit.platform.engine.support.hierarchical.NodeTestTask.execute(NodeTestTask.java:100) ~[junit-platform-engine-1.12.2.jar:1.12.2]
	at java.base/java.util.ArrayList.forEach(ArrayList.java:1604) ~[na:na]
	at org.junit.platform.engine.support.hierarchical.SameThreadHierarchicalTestExecutorService.invokeAll(SameThreadHierarchicalTestExecutorService.java:41) ~[junit-platform-engine-1.12.2.jar:1.12.2]
	at org.junit.platform.engine.support.hierarchical.NodeTestTask.lambda$executeRecursively$6(NodeTestTask.java:160) ~[junit-platform-engine-1.12.2.jar:1.12.2]
	at org.junit.platform.engine.support.hierarchical.ThrowableCollector.execute(ThrowableCollector.java:73) ~[junit-platform-engine-1.12.2.jar:1.12.2]
	at org.junit.platform.engine.support.hierarchical.NodeTestTask.lambda$executeRecursively$8(NodeTestTask.java:146) ~[junit-platform-engine-1.12.2.jar:1.12.2]
	at org.junit.platform.engine.support.hierarchical.Node.around(Node.java:137) ~[junit-platform-engine-1.12.2.jar:1.12.2]
	at org.junit.platform.engine.support.hierarchical.NodeTestTask.lambda$executeRecursively$9(NodeTestTask.java:144) ~[junit-platform-engine-1.12.2.jar:1.12.2]
	at org.junit.platform.engine.support.hierarchical.ThrowableCollector.execute(ThrowableCollector.java:73) ~[junit-platform-engine-1.12.2.jar:1.12.2]
	at org.junit.platform.engine.support.hierarchical.NodeTestTask.executeRecursively(NodeTestTask.java:143) ~[junit-platform-engine-1.12.2.jar:1.12.2]
	at org.junit.platform.engine.support.hierarchical.NodeTestTask.execute(NodeTestTask.java:100) ~[junit-platform-engine-1.12.2.jar:1.12.2]
	at org.junit.platform.engine.support.hierarchical.SameThreadHierarchicalTestExecutorService.submit(SameThreadHierarchicalTestExecutorService.java:35) ~[junit-platform-engine-1.12.2.jar:1.12.2]
	at org.junit.platform.engine.support.hierarchical.HierarchicalTestExecutor.execute(HierarchicalTestExecutor.java:57) ~[junit-platform-engine-1.12.2.jar:1.12.2]
	at org.junit.platform.engine.support.hierarchical.HierarchicalTestEngine.execute(HierarchicalTestEngine.java:54) ~[junit-platform-engine-1.12.2.jar:1.12.2]
	at org.junit.platform.launcher.core.EngineExecutionOrchestrator.execute(EngineExecutionOrchestrator.java:201) ~[junit-platform-launcher-1.12.2.jar:1.12.2]
	at org.junit.platform.launcher.core.EngineExecutionOrchestrator.execute(EngineExecutionOrchestrator.java:170) ~[junit-platform-launcher-1.12.2.jar:1.12.2]
	at org.junit.platform.launcher.core.EngineExecutionOrchestrator.execute(EngineExecutionOrchestrator.java:94) ~[junit-platform-launcher-1.12.2.jar:1.12.2]
	at org.junit.platform.launcher.core.EngineExecutionOrchestrator.lambda$execute$0(EngineExecutionOrchestrator.java:59) ~[junit-platform-launcher-1.12.2.jar:1.12.2]
	at org.junit.platform.launcher.core.EngineExecutionOrchestrator.withInterceptedStreams(EngineExecutionOrchestrator.java:142) ~[junit-platform-launcher-1.12.2.jar:1.12.2]
	at org.junit.platform.launcher.core.EngineExecutionOrchestrator.execute(EngineExecutionOrchestrator.java:58) ~[junit-platform-launcher-1.12.2.jar:1.12.2]
	at org.junit.platform.launcher.core.DefaultLauncher.execute(DefaultLauncher.java:103) ~[junit-platform-launcher-1.12.2.jar:1.12.2]
	at org.junit.platform.launcher.core.DefaultLauncher.execute(DefaultLauncher.java:85) ~[junit-platform-launcher-1.12.2.jar:1.12.2]
	at org.junit.platform.launcher.core.DelegatingLauncher.execute(DelegatingLauncher.java:47) ~[junit-platform-launcher-1.12.2.jar:1.12.2]
	at org.junit.platform.launcher.core.InterceptingLauncher.lambda$execute$1(InterceptingLauncher.java:39) ~[junit-platform-launcher-1.12.2.jar:1.12.2]
	at org.junit.platform.launcher.core.ClasspathAlignmentCheckingLauncherInterceptor.intercept(ClasspathAlignmentCheckingLauncherInterceptor.java:25) ~[junit-platform-launcher-1.12.2.jar:1.12.2]
	at org.junit.platform.launcher.core.InterceptingLauncher.execute(InterceptingLauncher.java:38) ~[junit-platform-launcher-1.12.2.jar:1.12.2]
	at org.junit.platform.launcher.core.DelegatingLauncher.execute(DelegatingLauncher.java:47) ~[junit-platform-launcher-1.12.2.jar:1.12.2]
	at org.apache.maven.surefire.junitplatform.LauncherAdapter.executeWithoutCancellationToken(LauncherAdapter.java:60) ~[surefire-junit-platform-3.5.4.jar:3.5.4]
	at org.apache.maven.surefire.junitplatform.LauncherAdapter.execute(LauncherAdapter.java:52) ~[surefire-junit-platform-3.5.4.jar:3.5.4]
	at org.apache.maven.surefire.junitplatform.JUnitPlatformProvider.execute(JUnitPlatformProvider.java:203) ~[surefire-junit-platform-3.5.4.jar:3.5.4]
	at org.apache.maven.surefire.junitplatform.JUnitPlatformProvider.invokeAllTests(JUnitPlatformProvider.java:168) ~[surefire-junit-platform-3.5.4.jar:3.5.4]
	at org.apache.maven.surefire.junitplatform.JUnitPlatformProvider.invoke(JUnitPlatformProvider.java:136) ~[surefire-junit-platform-3.5.4.jar:3.5.4]
	at org.apache.maven.surefire.booter.ForkedBooter.runSuitesInProcess(ForkedBooter.java:385) ~[surefire-booter-3.5.4.jar:3.5.4]
	at org.apache.maven.surefire.booter.ForkedBooter.execute(ForkedBooter.java:162) ~[surefire-booter-3.5.4.jar:3.5.4]
	at org.apache.maven.surefire.booter.ForkedBooter.run(ForkedBooter.java:507) ~[surefire-booter-3.5.4.jar:3.5.4]
	at org.apache.maven.surefire.booter.ForkedBooter.main(ForkedBooter.java:495) ~[surefire-booter-3.5.4.jar:3.5.4]

2025-11-16T14:23:32.914+01:00 ERROR 5063 --- [           main] c.p.a.service.CreateScoreService         : Error creating score: 

com.pdgigs.domain.exception.validation.ValidationException: Validation failed for 'musicalStyle': Musical style cannot be blank
	at com.pdgigs.domain.exception.validation.ScoreValidationError.toException(ScoreValidationError.java:16) ~[classes/:na]
	at com.pdgigs.domain.validator.ScoreValidator.validateMetadata(ScoreValidator.java:41) ~[classes/:na]
	at com.pdgigs.application.service.CreateScoreService.createScore(CreateScoreService.java:25) ~[classes/:na]
	at com.pdgigs.application.service.CreateScoreValidationTest.createScore_ValidPdfButBlankMusicalStyle_ThrowsValidationException(CreateScoreValidationTest.java:183) ~[test-classes/:na]
	at java.base/jdk.internal.reflect.DirectMethodHandleAccessor.invoke(DirectMethodHandleAccessor.java:104) ~[na:na]
	at java.base/java.lang.reflect.Method.invoke(Method.java:565) ~[na:na]
	at org.junit.platform.commons.util.ReflectionUtils.invokeMethod(ReflectionUtils.java:775) ~[junit-platform-commons-1.12.2.jar:1.12.2]
	at org.junit.platform.commons.support.ReflectionSupport.invokeMethod(ReflectionSupport.java:479) ~[junit-platform-commons-1.12.2.jar:1.12.2]
	at org.junit.jupiter.engine.execution.MethodInvocation.proceed(MethodInvocation.java:60) ~[junit-jupiter-engine-5.12.2.jar:5.12.2]
	at org.junit.jupiter.engine.execution.InvocationInterceptorChain$ValidatingInvocation.proceed(InvocationInterceptorChain.java:131) ~[junit-jupiter-engine-5.12.2.jar:5.12.2]
	at org.junit.jupiter.engine.extension.TimeoutExtension.intercept(TimeoutExtension.java:161) ~[junit-jupiter-engine-5.12.2.jar:5.12.2]
	at org.junit.jupiter.engine.extension.TimeoutExtension.interceptTestableMethod(TimeoutExtension.java:152) ~[junit-jupiter-engine-5.12.2.jar:5.12.2]
	at org.junit.jupiter.engine.extension.TimeoutExtension.interceptTestMethod(TimeoutExtension.java:91) ~[junit-jupiter-engine-5.12.2.jar:5.12.2]
	at org.junit.jupiter.engine.execution.InterceptingExecutableInvoker$ReflectiveInterceptorCall.lambda$ofVoidMethod$0(InterceptingExecutableInvoker.java:112) ~[junit-jupiter-engine-5.12.2.jar:5.12.2]
	at org.junit.jupiter.engine.execution.InterceptingExecutableInvoker.lambda$invoke$0(InterceptingExecutableInvoker.java:94) ~[junit-jupiter-engine-5.12.2.jar:5.12.2]
	at org.junit.jupiter.engine.execution.InvocationInterceptorChain$InterceptedInvocation.proceed(InvocationInterceptorChain.java:106) ~[junit-jupiter-engine-5.12.2.jar:5.12.2]
	at org.junit.jupiter.engine.execution.InvocationInterceptorChain.proceed(InvocationInterceptorChain.java:64) ~[junit-jupiter-engine-5.12.2.jar:5.12.2]
	at org.junit.jupiter.engine.execution.InvocationInterceptorChain.chainAndInvoke(InvocationInterceptorChain.java:45) ~[junit-jupiter-engine-5.12.2.jar:5.12.2]
	at org.junit.jupiter.engine.execution.InvocationInterceptorChain.invoke(InvocationInterceptorChain.java:37) ~[junit-jupiter-engine-5.12.2.jar:5.12.2]
	at org.junit.jupiter.engine.execution.InterceptingExecutableInvoker.invoke(InterceptingExecutableInvoker.java:93) ~[junit-jupiter-engine-5.12.2.jar:5.12.2]
	at org.junit.jupiter.engine.execution.InterceptingExecutableInvoker.invoke(InterceptingExecutableInvoker.java:87) ~[junit-jupiter-engine-5.12.2.jar:5.12.2]
	at org.junit.jupiter.engine.descriptor.TestMethodTestDescriptor.lambda$invokeTestMethod$7(TestMethodTestDescriptor.java:216) ~[junit-jupiter-engine-5.12.2.jar:5.12.2]
	at org.junit.platform.engine.support.hierarchical.ThrowableCollector.execute(ThrowableCollector.java:73) ~[junit-platform-engine-1.12.2.jar:1.12.2]
	at org.junit.jupiter.engine.descriptor.TestMethodTestDescriptor.invokeTestMethod(TestMethodTestDescriptor.java:212) ~[junit-jupiter-engine-5.12.2.jar:5.12.2]
	at org.junit.jupiter.engine.descriptor.TestMethodTestDescriptor.execute(TestMethodTestDescriptor.java:137) ~[junit-jupiter-engine-5.12.2.jar:5.12.2]
	at org.junit.jupiter.engine.descriptor.TestMethodTestDescriptor.execute(TestMethodTestDescriptor.java:69) ~[junit-jupiter-engine-5.12.2.jar:5.12.2]
	at org.junit.platform.engine.support.hierarchical.NodeTestTask.lambda$executeRecursively$6(NodeTestTask.java:156) ~[junit-platform-engine-1.12.2.jar:1.12.2]
	at org.junit.platform.engine.support.hierarchical.ThrowableCollector.execute(ThrowableCollector.java:73) ~[junit-platform-engine-1.12.2.jar:1.12.2]
	at org.junit.platform.engine.support.hierarchical.NodeTestTask.lambda$executeRecursively$8(NodeTestTask.java:146) ~[junit-platform-engine-1.12.2.jar:1.12.2]
	at org.junit.platform.engine.support.hierarchical.Node.around(Node.java:137) ~[junit-platform-engine-1.12.2.jar:1.12.2]
	at org.junit.platform.engine.support.hierarchical.NodeTestTask.lambda$executeRecursively$9(NodeTestTask.java:144) ~[junit-platform-engine-1.12.2.jar:1.12.2]
	at org.junit.platform.engine.support.hierarchical.ThrowableCollector.execute(ThrowableCollector.java:73) ~[junit-platform-engine-1.12.2.jar:1.12.2]
	at org.junit.platform.engine.support.hierarchical.NodeTestTask.executeRecursively(NodeTestTask.java:143) ~[junit-platform-engine-1.12.2.jar:1.12.2]
	at org.junit.platform.engine.support.hierarchical.NodeTestTask.execute(NodeTestTask.java:100) ~[junit-platform-engine-1.12.2.jar:1.12.2]
	at java.base/java.util.ArrayList.forEach(ArrayList.java:1604) ~[na:na]
	at org.junit.platform.engine.support.hierarchical.SameThreadHierarchicalTestExecutorService.invokeAll(SameThreadHierarchicalTestExecutorService.java:41) ~[junit-platform-engine-1.12.2.jar:1.12.2]
	at org.junit.platform.engine.support.hierarchical.NodeTestTask.lambda$executeRecursively$6(NodeTestTask.java:160) ~[junit-platform-engine-1.12.2.jar:1.12.2]
	at org.junit.platform.engine.support.hierarchical.ThrowableCollector.execute(ThrowableCollector.java:73) ~[junit-platform-engine-1.12.2.jar:1.12.2]
	at org.junit.platform.engine.support.hierarchical.NodeTestTask.lambda$executeRecursively$8(NodeTestTask.java:146) ~[junit-platform-engine-1.12.2.jar:1.12.2]
	at org.junit.platform.engine.support.hierarchical.Node.around(Node.java:137) ~[junit-platform-engine-1.12.2.jar:1.12.2]
	at org.junit.platform.engine.support.hierarchical.NodeTestTask.lambda$executeRecursively$9(NodeTestTask.java:144) ~[junit-platform-engine-1.12.2.jar:1.12.2]
	at org.junit.platform.engine.support.hierarchical.ThrowableCollector.execute(ThrowableCollector.java:73) ~[junit-platform-engine-1.12.2.jar:1.12.2]
	at org.junit.platform.engine.support.hierarchical.NodeTestTask.executeRecursively(NodeTestTask.java:143) ~[junit-platform-engine-1.12.2.jar:1.12.2]
	at org.junit.platform.engine.support.hierarchical.NodeTestTask.execute(NodeTestTask.java:100) ~[junit-platform-engine-1.12.2.jar:1.12.2]
	at java.base/java.util.ArrayList.forEach(ArrayList.java:1604) ~[na:na]
	at org.junit.platform.engine.support.hierarchical.SameThreadHierarchicalTestExecutorService.invokeAll(SameThreadHierarchicalTestExecutorService.java:41) ~[junit-platform-engine-1.12.2.jar:1.12.2]
	at org.junit.platform.engine.support.hierarchical.NodeTestTask.lambda$executeRecursively$6(NodeTestTask.java:160) ~[junit-platform-engine-1.12.2.jar:1.12.2]
	at org.junit.platform.engine.support.hierarchical.ThrowableCollector.execute(ThrowableCollector.java:73) ~[junit-platform-engine-1.12.2.jar:1.12.2]
	at org.junit.platform.engine.support.hierarchical.NodeTestTask.lambda$executeRecursively$8(NodeTestTask.java:146) ~[junit-platform-engine-1.12.2.jar:1.12.2]
	at org.junit.platform.engine.support.hierarchical.Node.around(Node.java:137) ~[junit-platform-engine-1.12.2.jar:1.12.2]
	at org.junit.platform.engine.support.hierarchical.NodeTestTask.lambda$executeRecursively$9(NodeTestTask.java:144) ~[junit-platform-engine-1.12.2.jar:1.12.2]
	at org.junit.platform.engine.support.hierarchical.ThrowableCollector.execute(ThrowableCollector.java:73) ~[junit-platform-engine-1.12.2.jar:1.12.2]
	at org.junit.platform.engine.support.hierarchical.NodeTestTask.executeRecursively(NodeTestTask.java:143) ~[junit-platform-engine-1.12.2.jar:1.12.2]
	at org.junit.platform.engine.support.hierarchical.NodeTestTask.execute(NodeTestTask.java:100) ~[junit-platform-engine-1.12.2.jar:1.12.2]
	at org.junit.platform.engine.support.hierarchical.SameThreadHierarchicalTestExecutorService.submit(SameThreadHierarchicalTestExecutorService.java:35) ~[junit-platform-engine-1.12.2.jar:1.12.2]
	at org.junit.platform.engine.support.hierarchical.HierarchicalTestExecutor.execute(HierarchicalTestExecutor.java:57) ~[junit-platform-engine-1.12.2.jar:1.12.2]
	at org.junit.platform.engine.support.hierarchical.HierarchicalTestEngine.execute(HierarchicalTestEngine.java:54) ~[junit-platform-engine-1.12.2.jar:1.12.2]
	at org.junit.platform.launcher.core.EngineExecutionOrchestrator.execute(EngineExecutionOrchestrator.java:201) ~[junit-platform-launcher-1.12.2.jar:1.12.2]
	at org.junit.platform.launcher.core.EngineExecutionOrchestrator.execute(EngineExecutionOrchestrator.java:170) ~[junit-platform-launcher-1.12.2.jar:1.12.2]
	at org.junit.platform.launcher.core.EngineExecutionOrchestrator.execute(EngineExecutionOrchestrator.java:94) ~[junit-platform-launcher-1.12.2.jar:1.12.2]
	at org.junit.platform.launcher.core.EngineExecutionOrchestrator.lambda$execute$0(EngineExecutionOrchestrator.java:59) ~[junit-platform-launcher-1.12.2.jar:1.12.2]
	at org.junit.platform.launcher.core.EngineExecutionOrchestrator.withInterceptedStreams(EngineExecutionOrchestrator.java:142) ~[junit-platform-launcher-1.12.2.jar:1.12.2]
	at org.junit.platform.launcher.core.EngineExecutionOrchestrator.execute(EngineExecutionOrchestrator.java:58) ~[junit-platform-launcher-1.12.2.jar:1.12.2]
	at org.junit.platform.launcher.core.DefaultLauncher.execute(DefaultLauncher.java:103) ~[junit-platform-launcher-1.12.2.jar:1.12.2]
	at org.junit.platform.launcher.core.DefaultLauncher.execute(DefaultLauncher.java:85) ~[junit-platform-launcher-1.12.2.jar:1.12.2]
	at org.junit.platform.launcher.core.DelegatingLauncher.execute(DelegatingLauncher.java:47) ~[junit-platform-launcher-1.12.2.jar:1.12.2]
	at org.junit.platform.launcher.core.InterceptingLauncher.lambda$execute$1(InterceptingLauncher.java:39) ~[junit-platform-launcher-1.12.2.jar:1.12.2]
	at org.junit.platform.launcher.core.ClasspathAlignmentCheckingLauncherInterceptor.intercept(ClasspathAlignmentCheckingLauncherInterceptor.java:25) ~[junit-platform-launcher-1.12.2.jar:1.12.2]
	at org.junit.platform.launcher.core.InterceptingLauncher.execute(InterceptingLauncher.java:38) ~[junit-platform-launcher-1.12.2.jar:1.12.2]
	at org.junit.platform.launcher.core.DelegatingLauncher.execute(DelegatingLauncher.java:47) ~[junit-platform-launcher-1.12.2.jar:1.12.2]
	at org.apache.maven.surefire.junitplatform.LauncherAdapter.executeWithoutCancellationToken(LauncherAdapter.java:60) ~[surefire-junit-platform-3.5.4.jar:3.5.4]
	at org.apache.maven.surefire.junitplatform.LauncherAdapter.execute(LauncherAdapter.java:52) ~[surefire-junit-platform-3.5.4.jar:3.5.4]
	at org.apache.maven.surefire.junitplatform.JUnitPlatformProvider.execute(JUnitPlatformProvider.java:203) ~[surefire-junit-platform-3.5.4.jar:3.5.4]
	at org.apache.maven.surefire.junitplatform.JUnitPlatformProvider.invokeAllTests(JUnitPlatformProvider.java:168) ~[surefire-junit-platform-3.5.4.jar:3.5.4]
	at org.apache.maven.surefire.junitplatform.JUnitPlatformProvider.invoke(JUnitPlatformProvider.java:136) ~[surefire-junit-platform-3.5.4.jar:3.5.4]
	at org.apache.maven.surefire.booter.ForkedBooter.runSuitesInProcess(ForkedBooter.java:385) ~[surefire-booter-3.5.4.jar:3.5.4]
	at org.apache.maven.surefire.booter.ForkedBooter.execute(ForkedBooter.java:162) ~[surefire-booter-3.5.4.jar:3.5.4]
	at org.apache.maven.surefire.booter.ForkedBooter.run(ForkedBooter.java:507) ~[surefire-booter-3.5.4.jar:3.5.4]
	at org.apache.maven.surefire.booter.ForkedBooter.main(ForkedBooter.java:495) ~[surefire-booter-3.5.4.jar:3.5.4]

2025-11-16T14:23:32.916+01:00 ERROR 5063 --- [           main] c.p.a.service.CreateScoreService         : Error creating score: Title

com.pdgigs.domain.exception.validation.ValidationException: Validation failed for 'file': Invalid file format. Only PDF files are allowed
	at com.pdgigs.domain.exception.validation.FileValidationError.toException(FileValidationError.java:12) ~[classes/:na]
	at com.pdgigs.domain.validator.FileValidator.validatePdfFormat(FileValidator.java:18) ~[classes/:na]
	at com.pdgigs.domain.validator.FileValidator.validateFile(FileValidator.java:38) ~[classes/:na]
	at com.pdgigs.application.service.CreateScoreService.createScore(CreateScoreService.java:24) ~[classes/:na]
	at com.pdgigs.application.service.CreateScoreValidationTest.createScore_TxtFile_ThrowsInvalidFormat(CreateScoreValidationTest.java:57) ~[test-classes/:na]
	at java.base/jdk.internal.reflect.DirectMethodHandleAccessor.invoke(DirectMethodHandleAccessor.java:104) ~[na:na]
	at java.base/java.lang.reflect.Method.invoke(Method.java:565) ~[na:na]
	at org.junit.platform.commons.util.ReflectionUtils.invokeMethod(ReflectionUtils.java:775) ~[junit-platform-commons-1.12.2.jar:1.12.2]
	at org.junit.platform.commons.support.ReflectionSupport.invokeMethod(ReflectionSupport.java:479) ~[junit-platform-commons-1.12.2.jar:1.12.2]
	at org.junit.jupiter.engine.execution.MethodInvocation.proceed(MethodInvocation.java:60) ~[junit-jupiter-engine-5.12.2.jar:5.12.2]
	at org.junit.jupiter.engine.execution.InvocationInterceptorChain$ValidatingInvocation.proceed(InvocationInterceptorChain.java:131) ~[junit-jupiter-engine-5.12.2.jar:5.12.2]
	at org.junit.jupiter.engine.extension.TimeoutExtension.intercept(TimeoutExtension.java:161) ~[junit-jupiter-engine-5.12.2.jar:5.12.2]
	at org.junit.jupiter.engine.extension.TimeoutExtension.interceptTestableMethod(TimeoutExtension.java:152) ~[junit-jupiter-engine-5.12.2.jar:5.12.2]
	at org.junit.jupiter.engine.extension.TimeoutExtension.interceptTestMethod(TimeoutExtension.java:91) ~[junit-jupiter-engine-5.12.2.jar:5.12.2]
	at org.junit.jupiter.engine.execution.InterceptingExecutableInvoker$ReflectiveInterceptorCall.lambda$ofVoidMethod$0(InterceptingExecutableInvoker.java:112) ~[junit-jupiter-engine-5.12.2.jar:5.12.2]
	at org.junit.jupiter.engine.execution.InterceptingExecutableInvoker.lambda$invoke$0(InterceptingExecutableInvoker.java:94) ~[junit-jupiter-engine-5.12.2.jar:5.12.2]
	at org.junit.jupiter.engine.execution.InvocationInterceptorChain$InterceptedInvocation.proceed(InvocationInterceptorChain.java:106) ~[junit-jupiter-engine-5.12.2.jar:5.12.2]
	at org.junit.jupiter.engine.execution.InvocationInterceptorChain.proceed(InvocationInterceptorChain.java:64) ~[junit-jupiter-engine-5.12.2.jar:5.12.2]
	at org.junit.jupiter.engine.execution.InvocationInterceptorChain.chainAndInvoke(InvocationInterceptorChain.java:45) ~[junit-jupiter-engine-5.12.2.jar:5.12.2]
	at org.junit.jupiter.engine.execution.InvocationInterceptorChain.invoke(InvocationInterceptorChain.java:37) ~[junit-jupiter-engine-5.12.2.jar:5.12.2]
	at org.junit.jupiter.engine.execution.InterceptingExecutableInvoker.invoke(InterceptingExecutableInvoker.java:93) ~[junit-jupiter-engine-5.12.2.jar:5.12.2]
	at org.junit.jupiter.engine.execution.InterceptingExecutableInvoker.invoke(InterceptingExecutableInvoker.java:87) ~[junit-jupiter-engine-5.12.2.jar:5.12.2]
	at org.junit.jupiter.engine.descriptor.TestMethodTestDescriptor.lambda$invokeTestMethod$7(TestMethodTestDescriptor.java:216) ~[junit-jupiter-engine-5.12.2.jar:5.12.2]
	at org.junit.platform.engine.support.hierarchical.ThrowableCollector.execute(ThrowableCollector.java:73) ~[junit-platform-engine-1.12.2.jar:1.12.2]
	at org.junit.jupiter.engine.descriptor.TestMethodTestDescriptor.invokeTestMethod(TestMethodTestDescriptor.java:212) ~[junit-jupiter-engine-5.12.2.jar:5.12.2]
	at org.junit.jupiter.engine.descriptor.TestMethodTestDescriptor.execute(TestMethodTestDescriptor.java:137) ~[junit-jupiter-engine-5.12.2.jar:5.12.2]
	at org.junit.jupiter.engine.descriptor.TestMethodTestDescriptor.execute(TestMethodTestDescriptor.java:69) ~[junit-jupiter-engine-5.12.2.jar:5.12.2]
	at org.junit.platform.engine.support.hierarchical.NodeTestTask.lambda$executeRecursively$6(NodeTestTask.java:156) ~[junit-platform-engine-1.12.2.jar:1.12.2]
	at org.junit.platform.engine.support.hierarchical.ThrowableCollector.execute(ThrowableCollector.java:73) ~[junit-platform-engine-1.12.2.jar:1.12.2]
	at org.junit.platform.engine.support.hierarchical.NodeTestTask.lambda$executeRecursively$8(NodeTestTask.java:146) ~[junit-platform-engine-1.12.2.jar:1.12.2]
	at org.junit.platform.engine.support.hierarchical.Node.around(Node.java:137) ~[junit-platform-engine-1.12.2.jar:1.12.2]
	at org.junit.platform.engine.support.hierarchical.NodeTestTask.lambda$executeRecursively$9(NodeTestTask.java:144) ~[junit-platform-engine-1.12.2.jar:1.12.2]
	at org.junit.platform.engine.support.hierarchical.ThrowableCollector.execute(ThrowableCollector.java:73) ~[junit-platform-engine-1.12.2.jar:1.12.2]
	at org.junit.platform.engine.support.hierarchical.NodeTestTask.executeRecursively(NodeTestTask.java:143) ~[junit-platform-engine-1.12.2.jar:1.12.2]
	at org.junit.platform.engine.support.hierarchical.NodeTestTask.execute(NodeTestTask.java:100) ~[junit-platform-engine-1.12.2.jar:1.12.2]
	at java.base/java.util.ArrayList.forEach(ArrayList.java:1604) ~[na:na]
	at org.junit.platform.engine.support.hierarchical.SameThreadHierarchicalTestExecutorService.invokeAll(SameThreadHierarchicalTestExecutorService.java:41) ~[junit-platform-engine-1.12.2.jar:1.12.2]
	at org.junit.platform.engine.support.hierarchical.NodeTestTask.lambda$executeRecursively$6(NodeTestTask.java:160) ~[junit-platform-engine-1.12.2.jar:1.12.2]
	at org.junit.platform.engine.support.hierarchical.ThrowableCollector.execute(ThrowableCollector.java:73) ~[junit-platform-engine-1.12.2.jar:1.12.2]
	at org.junit.platform.engine.support.hierarchical.NodeTestTask.lambda$executeRecursively$8(NodeTestTask.java:146) ~[junit-platform-engine-1.12.2.jar:1.12.2]
	at org.junit.platform.engine.support.hierarchical.Node.around(Node.java:137) ~[junit-platform-engine-1.12.2.jar:1.12.2]
	at org.junit.platform.engine.support.hierarchical.NodeTestTask.lambda$executeRecursively$9(NodeTestTask.java:144) ~[junit-platform-engine-1.12.2.jar:1.12.2]
	at org.junit.platform.engine.support.hierarchical.ThrowableCollector.execute(ThrowableCollector.java:73) ~[junit-platform-engine-1.12.2.jar:1.12.2]
	at org.junit.platform.engine.support.hierarchical.NodeTestTask.executeRecursively(NodeTestTask.java:143) ~[junit-platform-engine-1.12.2.jar:1.12.2]
	at org.junit.platform.engine.support.hierarchical.NodeTestTask.execute(NodeTestTask.java:100) ~[junit-platform-engine-1.12.2.jar:1.12.2]
	at java.base/java.util.ArrayList.forEach(ArrayList.java:1604) ~[na:na]
	at org.junit.platform.engine.support.hierarchical.SameThreadHierarchicalTestExecutorService.invokeAll(SameThreadHierarchicalTestExecutorService.java:41) ~[junit-platform-engine-1.12.2.jar:1.12.2]
	at org.junit.platform.engine.support.hierarchical.NodeTestTask.lambda$executeRecursively$6(NodeTestTask.java:160) ~[junit-platform-engine-1.12.2.jar:1.12.2]
	at org.junit.platform.engine.support.hierarchical.ThrowableCollector.execute(ThrowableCollector.java:73) ~[junit-platform-engine-1.12.2.jar:1.12.2]
	at org.junit.platform.engine.support.hierarchical.NodeTestTask.lambda$executeRecursively$8(NodeTestTask.java:146) ~[junit-platform-engine-1.12.2.jar:1.12.2]
	at org.junit.platform.engine.support.hierarchical.Node.around(Node.java:137) ~[junit-platform-engine-1.12.2.jar:1.12.2]
	at org.junit.platform.engine.support.hierarchical.NodeTestTask.lambda$executeRecursively$9(NodeTestTask.java:144) ~[junit-platform-engine-1.12.2.jar:1.12.2]
	at org.junit.platform.engine.support.hierarchical.ThrowableCollector.execute(ThrowableCollector.java:73) ~[junit-platform-engine-1.12.2.jar:1.12.2]
	at org.junit.platform.engine.support.hierarchical.NodeTestTask.executeRecursively(NodeTestTask.java:143) ~[junit-platform-engine-1.12.2.jar:1.12.2]
	at org.junit.platform.engine.support.hierarchical.NodeTestTask.execute(NodeTestTask.java:100) ~[junit-platform-engine-1.12.2.jar:1.12.2]
	at org.junit.platform.engine.support.hierarchical.SameThreadHierarchicalTestExecutorService.submit(SameThreadHierarchicalTestExecutorService.java:35) ~[junit-platform-engine-1.12.2.jar:1.12.2]
	at org.junit.platform.engine.support.hierarchical.HierarchicalTestExecutor.execute(HierarchicalTestExecutor.java:57) ~[junit-platform-engine-1.12.2.jar:1.12.2]
	at org.junit.platform.engine.support.hierarchical.HierarchicalTestEngine.execute(HierarchicalTestEngine.java:54) ~[junit-platform-engine-1.12.2.jar:1.12.2]
	at org.junit.platform.launcher.core.EngineExecutionOrchestrator.execute(EngineExecutionOrchestrator.java:201) ~[junit-platform-launcher-1.12.2.jar:1.12.2]
	at org.junit.platform.launcher.core.EngineExecutionOrchestrator.execute(EngineExecutionOrchestrator.java:170) ~[junit-platform-launcher-1.12.2.jar:1.12.2]
	at org.junit.platform.launcher.core.EngineExecutionOrchestrator.execute(EngineExecutionOrchestrator.java:94) ~[junit-platform-launcher-1.12.2.jar:1.12.2]
	at org.junit.platform.launcher.core.EngineExecutionOrchestrator.lambda$execute$0(EngineExecutionOrchestrator.java:59) ~[junit-platform-launcher-1.12.2.jar:1.12.2]
	at org.junit.platform.launcher.core.EngineExecutionOrchestrator.withInterceptedStreams(EngineExecutionOrchestrator.java:142) ~[junit-platform-launcher-1.12.2.jar:1.12.2]
	at org.junit.platform.launcher.core.EngineExecutionOrchestrator.execute(EngineExecutionOrchestrator.java:58) ~[junit-platform-launcher-1.12.2.jar:1.12.2]
	at org.junit.platform.launcher.core.DefaultLauncher.execute(DefaultLauncher.java:103) ~[junit-platform-launcher-1.12.2.jar:1.12.2]
	at org.junit.platform.launcher.core.DefaultLauncher.execute(DefaultLauncher.java:85) ~[junit-platform-launcher-1.12.2.jar:1.12.2]
	at org.junit.platform.launcher.core.DelegatingLauncher.execute(DelegatingLauncher.java:47) ~[junit-platform-launcher-1.12.2.jar:1.12.2]
	at org.junit.platform.launcher.core.InterceptingLauncher.lambda$execute$1(InterceptingLauncher.java:39) ~[junit-platform-launcher-1.12.2.jar:1.12.2]
	at org.junit.platform.launcher.core.ClasspathAlignmentCheckingLauncherInterceptor.intercept(ClasspathAlignmentCheckingLauncherInterceptor.java:25) ~[junit-platform-launcher-1.12.2.jar:1.12.2]
	at org.junit.platform.launcher.core.InterceptingLauncher.execute(InterceptingLauncher.java:38) ~[junit-platform-launcher-1.12.2.jar:1.12.2]
	at org.junit.platform.launcher.core.DelegatingLauncher.execute(DelegatingLauncher.java:47) ~[junit-platform-launcher-1.12.2.jar:1.12.2]
	at org.apache.maven.surefire.junitplatform.LauncherAdapter.executeWithoutCancellationToken(LauncherAdapter.java:60) ~[surefire-junit-platform-3.5.4.jar:3.5.4]
	at org.apache.maven.surefire.junitplatform.LauncherAdapter.execute(LauncherAdapter.java:52) ~[surefire-junit-platform-3.5.4.jar:3.5.4]
	at org.apache.maven.surefire.junitplatform.JUnitPlatformProvider.execute(JUnitPlatformProvider.java:203) ~[surefire-junit-platform-3.5.4.jar:3.5.4]
	at org.apache.maven.surefire.junitplatform.JUnitPlatformProvider.invokeAllTests(JUnitPlatformProvider.java:168) ~[surefire-junit-platform-3.5.4.jar:3.5.4]
	at org.apache.maven.surefire.junitplatform.JUnitPlatformProvider.invoke(JUnitPlatformProvider.java:136) ~[surefire-junit-platform-3.5.4.jar:3.5.4]
	at org.apache.maven.surefire.booter.ForkedBooter.runSuitesInProcess(ForkedBooter.java:385) ~[surefire-booter-3.5.4.jar:3.5.4]
	at org.apache.maven.surefire.booter.ForkedBooter.execute(ForkedBooter.java:162) ~[surefire-booter-3.5.4.jar:3.5.4]
	at org.apache.maven.surefire.booter.ForkedBooter.run(ForkedBooter.java:507) ~[surefire-booter-3.5.4.jar:3.5.4]
	at org.apache.maven.surefire.booter.ForkedBooter.main(ForkedBooter.java:495) ~[surefire-booter-3.5.4.jar:3.5.4]

2025-11-16T14:23:32.921+01:00 ERROR 5063 --- [           main] c.p.a.service.CreateScoreService         : Error creating score: 

com.pdgigs.domain.exception.validation.ValidationException: Validation failed for 'file': File size (11534336 bytes) exceeds maximum allowed (10485760 bytes)
	at com.pdgigs.domain.exception.validation.FileValidationError.toException(FileValidationError.java:12) ~[classes/:na]
	at com.pdgigs.domain.validator.FileValidator.validateFileSize(FileValidator.java:30) ~[classes/:na]
	at com.pdgigs.domain.validator.FileValidator.validateFile(FileValidator.java:37) ~[classes/:na]
	at com.pdgigs.application.service.CreateScoreService.createScore(CreateScoreService.java:24) ~[classes/:na]
	at com.pdgigs.application.service.CreateScoreValidationTest.createScore_FileSizeExceeds10MB_ThrowsSizeExceeded(CreateScoreValidationTest.java:89) ~[test-classes/:na]
	at java.base/jdk.internal.reflect.DirectMethodHandleAccessor.invoke(DirectMethodHandleAccessor.java:104) ~[na:na]
	at java.base/java.lang.reflect.Method.invoke(Method.java:565) ~[na:na]
	at org.junit.platform.commons.util.ReflectionUtils.invokeMethod(ReflectionUtils.java:775) ~[junit-platform-commons-1.12.2.jar:1.12.2]
	at org.junit.platform.commons.support.ReflectionSupport.invokeMethod(ReflectionSupport.java:479) ~[junit-platform-commons-1.12.2.jar:1.12.2]
	at org.junit.jupiter.engine.execution.MethodInvocation.proceed(MethodInvocation.java:60) ~[junit-jupiter-engine-5.12.2.jar:5.12.2]
	at org.junit.jupiter.engine.execution.InvocationInterceptorChain$ValidatingInvocation.proceed(InvocationInterceptorChain.java:131) ~[junit-jupiter-engine-5.12.2.jar:5.12.2]
	at org.junit.jupiter.engine.extension.TimeoutExtension.intercept(TimeoutExtension.java:161) ~[junit-jupiter-engine-5.12.2.jar:5.12.2]
	at org.junit.jupiter.engine.extension.TimeoutExtension.interceptTestableMethod(TimeoutExtension.java:152) ~[junit-jupiter-engine-5.12.2.jar:5.12.2]
	at org.junit.jupiter.engine.extension.TimeoutExtension.interceptTestMethod(TimeoutExtension.java:91) ~[junit-jupiter-engine-5.12.2.jar:5.12.2]
	at org.junit.jupiter.engine.execution.InterceptingExecutableInvoker$ReflectiveInterceptorCall.lambda$ofVoidMethod$0(InterceptingExecutableInvoker.java:112) ~[junit-jupiter-engine-5.12.2.jar:5.12.2]
	at org.junit.jupiter.engine.execution.InterceptingExecutableInvoker.lambda$invoke$0(InterceptingExecutableInvoker.java:94) ~[junit-jupiter-engine-5.12.2.jar:5.12.2]
	at org.junit.jupiter.engine.execution.InvocationInterceptorChain$InterceptedInvocation.proceed(InvocationInterceptorChain.java:106) ~[junit-jupiter-engine-5.12.2.jar:5.12.2]
	at org.junit.jupiter.engine.execution.InvocationInterceptorChain.proceed(InvocationInterceptorChain.java:64) ~[junit-jupiter-engine-5.12.2.jar:5.12.2]
	at org.junit.jupiter.engine.execution.InvocationInterceptorChain.chainAndInvoke(InvocationInterceptorChain.java:45) ~[junit-jupiter-engine-5.12.2.jar:5.12.2]
	at org.junit.jupiter.engine.execution.InvocationInterceptorChain.invoke(InvocationInterceptorChain.java:37) ~[junit-jupiter-engine-5.12.2.jar:5.12.2]
	at org.junit.jupiter.engine.execution.InterceptingExecutableInvoker.invoke(InterceptingExecutableInvoker.java:93) ~[junit-jupiter-engine-5.12.2.jar:5.12.2]
	at org.junit.jupiter.engine.execution.InterceptingExecutableInvoker.invoke(InterceptingExecutableInvoker.java:87) ~[junit-jupiter-engine-5.12.2.jar:5.12.2]
	at org.junit.jupiter.engine.descriptor.TestMethodTestDescriptor.lambda$invokeTestMethod$7(TestMethodTestDescriptor.java:216) ~[junit-jupiter-engine-5.12.2.jar:5.12.2]
	at org.junit.platform.engine.support.hierarchical.ThrowableCollector.execute(ThrowableCollector.java:73) ~[junit-platform-engine-1.12.2.jar:1.12.2]
	at org.junit.jupiter.engine.descriptor.TestMethodTestDescriptor.invokeTestMethod(TestMethodTestDescriptor.java:212) ~[junit-jupiter-engine-5.12.2.jar:5.12.2]
	at org.junit.jupiter.engine.descriptor.TestMethodTestDescriptor.execute(TestMethodTestDescriptor.java:137) ~[junit-jupiter-engine-5.12.2.jar:5.12.2]
	at org.junit.jupiter.engine.descriptor.TestMethodTestDescriptor.execute(TestMethodTestDescriptor.java:69) ~[junit-jupiter-engine-5.12.2.jar:5.12.2]
	at org.junit.platform.engine.support.hierarchical.NodeTestTask.lambda$executeRecursively$6(NodeTestTask.java:156) ~[junit-platform-engine-1.12.2.jar:1.12.2]
	at org.junit.platform.engine.support.hierarchical.ThrowableCollector.execute(ThrowableCollector.java:73) ~[junit-platform-engine-1.12.2.jar:1.12.2]
	at org.junit.platform.engine.support.hierarchical.NodeTestTask.lambda$executeRecursively$8(NodeTestTask.java:146) ~[junit-platform-engine-1.12.2.jar:1.12.2]
	at org.junit.platform.engine.support.hierarchical.Node.around(Node.java:137) ~[junit-platform-engine-1.12.2.jar:1.12.2]
	at org.junit.platform.engine.support.hierarchical.NodeTestTask.lambda$executeRecursively$9(NodeTestTask.java:144) ~[junit-platform-engine-1.12.2.jar:1.12.2]
	at org.junit.platform.engine.support.hierarchical.ThrowableCollector.execute(ThrowableCollector.java:73) ~[junit-platform-engine-1.12.2.jar:1.12.2]
	at org.junit.platform.engine.support.hierarchical.NodeTestTask.executeRecursively(NodeTestTask.java:143) ~[junit-platform-engine-1.12.2.jar:1.12.2]
	at org.junit.platform.engine.support.hierarchical.NodeTestTask.execute(NodeTestTask.java:100) ~[junit-platform-engine-1.12.2.jar:1.12.2]
	at java.base/java.util.ArrayList.forEach(ArrayList.java:1604) ~[na:na]
	at org.junit.platform.engine.support.hierarchical.SameThreadHierarchicalTestExecutorService.invokeAll(SameThreadHierarchicalTestExecutorService.java:41) ~[junit-platform-engine-1.12.2.jar:1.12.2]
	at org.junit.platform.engine.support.hierarchical.NodeTestTask.lambda$executeRecursively$6(NodeTestTask.java:160) ~[junit-platform-engine-1.12.2.jar:1.12.2]
	at org.junit.platform.engine.support.hierarchical.ThrowableCollector.execute(ThrowableCollector.java:73) ~[junit-platform-engine-1.12.2.jar:1.12.2]
	at org.junit.platform.engine.support.hierarchical.NodeTestTask.lambda$executeRecursively$8(NodeTestTask.java:146) ~[junit-platform-engine-1.12.2.jar:1.12.2]
	at org.junit.platform.engine.support.hierarchical.Node.around(Node.java:137) ~[junit-platform-engine-1.12.2.jar:1.12.2]
	at org.junit.platform.engine.support.hierarchical.NodeTestTask.lambda$executeRecursively$9(NodeTestTask.java:144) ~[junit-platform-engine-1.12.2.jar:1.12.2]
	at org.junit.platform.engine.support.hierarchical.ThrowableCollector.execute(ThrowableCollector.java:73) ~[junit-platform-engine-1.12.2.jar:1.12.2]
	at org.junit.platform.engine.support.hierarchical.NodeTestTask.executeRecursively(NodeTestTask.java:143) ~[junit-platform-engine-1.12.2.jar:1.12.2]
	at org.junit.platform.engine.support.hierarchical.NodeTestTask.execute(NodeTestTask.java:100) ~[junit-platform-engine-1.12.2.jar:1.12.2]
	at java.base/java.util.ArrayList.forEach(ArrayList.java:1604) ~[na:na]
	at org.junit.platform.engine.support.hierarchical.SameThreadHierarchicalTestExecutorService.invokeAll(SameThreadHierarchicalTestExecutorService.java:41) ~[junit-platform-engine-1.12.2.jar:1.12.2]
	at org.junit.platform.engine.support.hierarchical.NodeTestTask.lambda$executeRecursively$6(NodeTestTask.java:160) ~[junit-platform-engine-1.12.2.jar:1.12.2]
	at org.junit.platform.engine.support.hierarchical.ThrowableCollector.execute(ThrowableCollector.java:73) ~[junit-platform-engine-1.12.2.jar:1.12.2]
	at org.junit.platform.engine.support.hierarchical.NodeTestTask.lambda$executeRecursively$8(NodeTestTask.java:146) ~[junit-platform-engine-1.12.2.jar:1.12.2]
	at org.junit.platform.engine.support.hierarchical.Node.around(Node.java:137) ~[junit-platform-engine-1.12.2.jar:1.12.2]
	at org.junit.platform.engine.support.hierarchical.NodeTestTask.lambda$executeRecursively$9(NodeTestTask.java:144) ~[junit-platform-engine-1.12.2.jar:1.12.2]
	at org.junit.platform.engine.support.hierarchical.ThrowableCollector.execute(ThrowableCollector.java:73) ~[junit-platform-engine-1.12.2.jar:1.12.2]
	at org.junit.platform.engine.support.hierarchical.NodeTestTask.executeRecursively(NodeTestTask.java:143) ~[junit-platform-engine-1.12.2.jar:1.12.2]
	at org.junit.platform.engine.support.hierarchical.NodeTestTask.execute(NodeTestTask.java:100) ~[junit-platform-engine-1.12.2.jar:1.12.2]
	at org.junit.platform.engine.support.hierarchical.SameThreadHierarchicalTestExecutorService.submit(SameThreadHierarchicalTestExecutorService.java:35) ~[junit-platform-engine-1.12.2.jar:1.12.2]
	at org.junit.platform.engine.support.hierarchical.HierarchicalTestExecutor.execute(HierarchicalTestExecutor.java:57) ~[junit-platform-engine-1.12.2.jar:1.12.2]
	at org.junit.platform.engine.support.hierarchical.HierarchicalTestEngine.execute(HierarchicalTestEngine.java:54) ~[junit-platform-engine-1.12.2.jar:1.12.2]
	at org.junit.platform.launcher.core.EngineExecutionOrchestrator.execute(EngineExecutionOrchestrator.java:201) ~[junit-platform-launcher-1.12.2.jar:1.12.2]
	at org.junit.platform.launcher.core.EngineExecutionOrchestrator.execute(EngineExecutionOrchestrator.java:170) ~[junit-platform-launcher-1.12.2.jar:1.12.2]
	at org.junit.platform.launcher.core.EngineExecutionOrchestrator.execute(EngineExecutionOrchestrator.java:94) ~[junit-platform-launcher-1.12.2.jar:1.12.2]
	at org.junit.platform.launcher.core.EngineExecutionOrchestrator.lambda$execute$0(EngineExecutionOrchestrator.java:59) ~[junit-platform-launcher-1.12.2.jar:1.12.2]
	at org.junit.platform.launcher.core.EngineExecutionOrchestrator.withInterceptedStreams(EngineExecutionOrchestrator.java:142) ~[junit-platform-launcher-1.12.2.jar:1.12.2]
	at org.junit.platform.launcher.core.EngineExecutionOrchestrator.execute(EngineExecutionOrchestrator.java:58) ~[junit-platform-launcher-1.12.2.jar:1.12.2]
	at org.junit.platform.launcher.core.DefaultLauncher.execute(DefaultLauncher.java:103) ~[junit-platform-launcher-1.12.2.jar:1.12.2]
	at org.junit.platform.launcher.core.DefaultLauncher.execute(DefaultLauncher.java:85) ~[junit-platform-launcher-1.12.2.jar:1.12.2]
	at org.junit.platform.launcher.core.DelegatingLauncher.execute(DelegatingLauncher.java:47) ~[junit-platform-launcher-1.12.2.jar:1.12.2]
	at org.junit.platform.launcher.core.InterceptingLauncher.lambda$execute$1(InterceptingLauncher.java:39) ~[junit-platform-launcher-1.12.2.jar:1.12.2]
	at org.junit.platform.launcher.core.ClasspathAlignmentCheckingLauncherInterceptor.intercept(ClasspathAlignmentCheckingLauncherInterceptor.java:25) ~[junit-platform-launcher-1.12.2.jar:1.12.2]
	at org.junit.platform.launcher.core.InterceptingLauncher.execute(InterceptingLauncher.java:38) ~[junit-platform-launcher-1.12.2.jar:1.12.2]
	at org.junit.platform.launcher.core.DelegatingLauncher.execute(DelegatingLauncher.java:47) ~[junit-platform-launcher-1.12.2.jar:1.12.2]
	at org.apache.maven.surefire.junitplatform.LauncherAdapter.executeWithoutCancellationToken(LauncherAdapter.java:60) ~[surefire-junit-platform-3.5.4.jar:3.5.4]
	at org.apache.maven.surefire.junitplatform.LauncherAdapter.execute(LauncherAdapter.java:52) ~[surefire-junit-platform-3.5.4.jar:3.5.4]
	at org.apache.maven.surefire.junitplatform.JUnitPlatformProvider.execute(JUnitPlatformProvider.java:203) ~[surefire-junit-platform-3.5.4.jar:3.5.4]
	at org.apache.maven.surefire.junitplatform.JUnitPlatformProvider.invokeAllTests(JUnitPlatformProvider.java:168) ~[surefire-junit-platform-3.5.4.jar:3.5.4]
	at org.apache.maven.surefire.junitplatform.JUnitPlatformProvider.invoke(JUnitPlatformProvider.java:136) ~[surefire-junit-platform-3.5.4.jar:3.5.4]
	at org.apache.maven.surefire.booter.ForkedBooter.runSuitesInProcess(ForkedBooter.java:385) ~[surefire-booter-3.5.4.jar:3.5.4]
	at org.apache.maven.surefire.booter.ForkedBooter.execute(ForkedBooter.java:162) ~[surefire-booter-3.5.4.jar:3.5.4]
	at org.apache.maven.surefire.booter.ForkedBooter.run(ForkedBooter.java:507) ~[surefire-booter-3.5.4.jar:3.5.4]
	at org.apache.maven.surefire.booter.ForkedBooter.main(ForkedBooter.java:495) ~[surefire-booter-3.5.4.jar:3.5.4]

2025-11-16T14:23:32.923+01:00 ERROR 5063 --- [           main] c.p.a.service.CreateScoreService         : Error creating score: 

com.pdgigs.domain.exception.validation.ValidationException: Validation failed for 'file': File cannot be empty
	at com.pdgigs.domain.exception.validation.FileValidationError.toException(FileValidationError.java:12) ~[classes/:na]
	at com.pdgigs.domain.validator.FileValidator.validatePdfFormat(FileValidator.java:13) ~[classes/:na]
	at com.pdgigs.domain.validator.FileValidator.validateFile(FileValidator.java:38) ~[classes/:na]
	at com.pdgigs.application.service.CreateScoreService.createScore(CreateScoreService.java:24) ~[classes/:na]
	at com.pdgigs.application.service.CreateScoreValidationTest.createScore_EmptyFile_ThrowsEmpty(CreateScoreValidationTest.java:125) ~[test-classes/:na]
	at java.base/jdk.internal.reflect.DirectMethodHandleAccessor.invoke(DirectMethodHandleAccessor.java:104) ~[na:na]
	at java.base/java.lang.reflect.Method.invoke(Method.java:565) ~[na:na]
	at org.junit.platform.commons.util.ReflectionUtils.invokeMethod(ReflectionUtils.java:775) ~[junit-platform-commons-1.12.2.jar:1.12.2]
	at org.junit.platform.commons.support.ReflectionSupport.invokeMethod(ReflectionSupport.java:479) ~[junit-platform-commons-1.12.2.jar:1.12.2]
	at org.junit.jupiter.engine.execution.MethodInvocation.proceed(MethodInvocation.java:60) ~[junit-jupiter-engine-5.12.2.jar:5.12.2]
	at org.junit.jupiter.engine.execution.InvocationInterceptorChain$ValidatingInvocation.proceed(InvocationInterceptorChain.java:131) ~[junit-jupiter-engine-5.12.2.jar:5.12.2]
	at org.junit.jupiter.engine.extension.TimeoutExtension.intercept(TimeoutExtension.java:161) ~[junit-jupiter-engine-5.12.2.jar:5.12.2]
	at org.junit.jupiter.engine.extension.TimeoutExtension.interceptTestableMethod(TimeoutExtension.java:152) ~[junit-jupiter-engine-5.12.2.jar:5.12.2]
	at org.junit.jupiter.engine.extension.TimeoutExtension.interceptTestMethod(TimeoutExtension.java:91) ~[junit-jupiter-engine-5.12.2.jar:5.12.2]
	at org.junit.jupiter.engine.execution.InterceptingExecutableInvoker$ReflectiveInterceptorCall.lambda$ofVoidMethod$0(InterceptingExecutableInvoker.java:112) ~[junit-jupiter-engine-5.12.2.jar:5.12.2]
	at org.junit.jupiter.engine.execution.InterceptingExecutableInvoker.lambda$invoke$0(InterceptingExecutableInvoker.java:94) ~[junit-jupiter-engine-5.12.2.jar:5.12.2]
	at org.junit.jupiter.engine.execution.InvocationInterceptorChain$InterceptedInvocation.proceed(InvocationInterceptorChain.java:106) ~[junit-jupiter-engine-5.12.2.jar:5.12.2]
	at org.junit.jupiter.engine.execution.InvocationInterceptorChain.proceed(InvocationInterceptorChain.java:64) ~[junit-jupiter-engine-5.12.2.jar:5.12.2]
	at org.junit.jupiter.engine.execution.InvocationInterceptorChain.chainAndInvoke(InvocationInterceptorChain.java:45) ~[junit-jupiter-engine-5.12.2.jar:5.12.2]
	at org.junit.jupiter.engine.execution.InvocationInterceptorChain.invoke(InvocationInterceptorChain.java:37) ~[junit-jupiter-engine-5.12.2.jar:5.12.2]
	at org.junit.jupiter.engine.execution.InterceptingExecutableInvoker.invoke(InterceptingExecutableInvoker.java:93) ~[junit-jupiter-engine-5.12.2.jar:5.12.2]
	at org.junit.jupiter.engine.execution.InterceptingExecutableInvoker.invoke(InterceptingExecutableInvoker.java:87) ~[junit-jupiter-engine-5.12.2.jar:5.12.2]
	at org.junit.jupiter.engine.descriptor.TestMethodTestDescriptor.lambda$invokeTestMethod$7(TestMethodTestDescriptor.java:216) ~[junit-jupiter-engine-5.12.2.jar:5.12.2]
	at org.junit.platform.engine.support.hierarchical.ThrowableCollector.execute(ThrowableCollector.java:73) ~[junit-platform-engine-1.12.2.jar:1.12.2]
	at org.junit.jupiter.engine.descriptor.TestMethodTestDescriptor.invokeTestMethod(TestMethodTestDescriptor.java:212) ~[junit-jupiter-engine-5.12.2.jar:5.12.2]
	at org.junit.jupiter.engine.descriptor.TestMethodTestDescriptor.execute(TestMethodTestDescriptor.java:137) ~[junit-jupiter-engine-5.12.2.jar:5.12.2]
	at org.junit.jupiter.engine.descriptor.TestMethodTestDescriptor.execute(TestMethodTestDescriptor.java:69) ~[junit-jupiter-engine-5.12.2.jar:5.12.2]
	at org.junit.platform.engine.support.hierarchical.NodeTestTask.lambda$executeRecursively$6(NodeTestTask.java:156) ~[junit-platform-engine-1.12.2.jar:1.12.2]
	at org.junit.platform.engine.support.hierarchical.ThrowableCollector.execute(ThrowableCollector.java:73) ~[junit-platform-engine-1.12.2.jar:1.12.2]
	at org.junit.platform.engine.support.hierarchical.NodeTestTask.lambda$executeRecursively$8(NodeTestTask.java:146) ~[junit-platform-engine-1.12.2.jar:1.12.2]
	at org.junit.platform.engine.support.hierarchical.Node.around(Node.java:137) ~[junit-platform-engine-1.12.2.jar:1.12.2]
	at org.junit.platform.engine.support.hierarchical.NodeTestTask.lambda$executeRecursively$9(NodeTestTask.java:144) ~[junit-platform-engine-1.12.2.jar:1.12.2]
	at org.junit.platform.engine.support.hierarchical.ThrowableCollector.execute(ThrowableCollector.java:73) ~[junit-platform-engine-1.12.2.jar:1.12.2]
	at org.junit.platform.engine.support.hierarchical.NodeTestTask.executeRecursively(NodeTestTask.java:143) ~[junit-platform-engine-1.12.2.jar:1.12.2]
	at org.junit.platform.engine.support.hierarchical.NodeTestTask.execute(NodeTestTask.java:100) ~[junit-platform-engine-1.12.2.jar:1.12.2]
	at java.base/java.util.ArrayList.forEach(ArrayList.java:1604) ~[na:na]
	at org.junit.platform.engine.support.hierarchical.SameThreadHierarchicalTestExecutorService.invokeAll(SameThreadHierarchicalTestExecutorService.java:41) ~[junit-platform-engine-1.12.2.jar:1.12.2]
	at org.junit.platform.engine.support.hierarchical.NodeTestTask.lambda$executeRecursively$6(NodeTestTask.java:160) ~[junit-platform-engine-1.12.2.jar:1.12.2]
	at org.junit.platform.engine.support.hierarchical.ThrowableCollector.execute(ThrowableCollector.java:73) ~[junit-platform-engine-1.12.2.jar:1.12.2]
	at org.junit.platform.engine.support.hierarchical.NodeTestTask.lambda$executeRecursively$8(NodeTestTask.java:146) ~[junit-platform-engine-1.12.2.jar:1.12.2]
	at org.junit.platform.engine.support.hierarchical.Node.around(Node.java:137) ~[junit-platform-engine-1.12.2.jar:1.12.2]
	at org.junit.platform.engine.support.hierarchical.NodeTestTask.lambda$executeRecursively$9(NodeTestTask.java:144) ~[junit-platform-engine-1.12.2.jar:1.12.2]
	at org.junit.platform.engine.support.hierarchical.ThrowableCollector.execute(ThrowableCollector.java:73) ~[junit-platform-engine-1.12.2.jar:1.12.2]
	at org.junit.platform.engine.support.hierarchical.NodeTestTask.executeRecursively(NodeTestTask.java:143) ~[junit-platform-engine-1.12.2.jar:1.12.2]
	at org.junit.platform.engine.support.hierarchical.NodeTestTask.execute(NodeTestTask.java:100) ~[junit-platform-engine-1.12.2.jar:1.12.2]
	at java.base/java.util.ArrayList.forEach(ArrayList.java:1604) ~[na:na]
	at org.junit.platform.engine.support.hierarchical.SameThreadHierarchicalTestExecutorService.invokeAll(SameThreadHierarchicalTestExecutorService.java:41) ~[junit-platform-engine-1.12.2.jar:1.12.2]
	at org.junit.platform.engine.support.hierarchical.NodeTestTask.lambda$executeRecursively$6(NodeTestTask.java:160) ~[junit-platform-engine-1.12.2.jar:1.12.2]
	at org.junit.platform.engine.support.hierarchical.ThrowableCollector.execute(ThrowableCollector.java:73) ~[junit-platform-engine-1.12.2.jar:1.12.2]
	at org.junit.platform.engine.support.hierarchical.NodeTestTask.lambda$executeRecursively$8(NodeTestTask.java:146) ~[junit-platform-engine-1.12.2.jar:1.12.2]
	at org.junit.platform.engine.support.hierarchical.Node.around(Node.java:137) ~[junit-platform-engine-1.12.2.jar:1.12.2]
	at org.junit.platform.engine.support.hierarchical.NodeTestTask.lambda$executeRecursively$9(NodeTestTask.java:144) ~[junit-platform-engine-1.12.2.jar:1.12.2]
	at org.junit.platform.engine.support.hierarchical.ThrowableCollector.execute(ThrowableCollector.java:73) ~[junit-platform-engine-1.12.2.jar:1.12.2]
	at org.junit.platform.engine.support.hierarchical.NodeTestTask.executeRecursively(NodeTestTask.java:143) ~[junit-platform-engine-1.12.2.jar:1.12.2]
	at org.junit.platform.engine.support.hierarchical.NodeTestTask.execute(NodeTestTask.java:100) ~[junit-platform-engine-1.12.2.jar:1.12.2]
	at org.junit.platform.engine.support.hierarchical.SameThreadHierarchicalTestExecutorService.submit(SameThreadHierarchicalTestExecutorService.java:35) ~[junit-platform-engine-1.12.2.jar:1.12.2]
	at org.junit.platform.engine.support.hierarchical.HierarchicalTestExecutor.execute(HierarchicalTestExecutor.java:57) ~[junit-platform-engine-1.12.2.jar:1.12.2]
	at org.junit.platform.engine.support.hierarchical.HierarchicalTestEngine.execute(HierarchicalTestEngine.java:54) ~[junit-platform-engine-1.12.2.jar:1.12.2]
	at org.junit.platform.launcher.core.EngineExecutionOrchestrator.execute(EngineExecutionOrchestrator.java:201) ~[junit-platform-launcher-1.12.2.jar:1.12.2]
	at org.junit.platform.launcher.core.EngineExecutionOrchestrator.execute(EngineExecutionOrchestrator.java:170) ~[junit-platform-launcher-1.12.2.jar:1.12.2]
	at org.junit.platform.launcher.core.EngineExecutionOrchestrator.execute(EngineExecutionOrchestrator.java:94) ~[junit-platform-launcher-1.12.2.jar:1.12.2]
	at org.junit.platform.launcher.core.EngineExecutionOrchestrator.lambda$execute$0(EngineExecutionOrchestrator.java:59) ~[junit-platform-launcher-1.12.2.jar:1.12.2]
	at org.junit.platform.launcher.core.EngineExecutionOrchestrator.withInterceptedStreams(EngineExecutionOrchestrator.java:142) ~[junit-platform-launcher-1.12.2.jar:1.12.2]
	at org.junit.platform.launcher.core.EngineExecutionOrchestrator.execute(EngineExecutionOrchestrator.java:58) ~[junit-platform-launcher-1.12.2.jar:1.12.2]
	at org.junit.platform.launcher.core.DefaultLauncher.execute(DefaultLauncher.java:103) ~[junit-platform-launcher-1.12.2.jar:1.12.2]
	at org.junit.platform.launcher.core.DefaultLauncher.execute(DefaultLauncher.java:85) ~[junit-platform-launcher-1.12.2.jar:1.12.2]
	at org.junit.platform.launcher.core.DelegatingLauncher.execute(DelegatingLauncher.java:47) ~[junit-platform-launcher-1.12.2.jar:1.12.2]
	at org.junit.platform.launcher.core.InterceptingLauncher.lambda$execute$1(InterceptingLauncher.java:39) ~[junit-platform-launcher-1.12.2.jar:1.12.2]
	at org.junit.platform.launcher.core.ClasspathAlignmentCheckingLauncherInterceptor.intercept(ClasspathAlignmentCheckingLauncherInterceptor.java:25) ~[junit-platform-launcher-1.12.2.jar:1.12.2]
	at org.junit.platform.launcher.core.InterceptingLauncher.execute(InterceptingLauncher.java:38) ~[junit-platform-launcher-1.12.2.jar:1.12.2]
	at org.junit.platform.launcher.core.DelegatingLauncher.execute(DelegatingLauncher.java:47) ~[junit-platform-launcher-1.12.2.jar:1.12.2]
	at org.apache.maven.surefire.junitplatform.LauncherAdapter.executeWithoutCancellationToken(LauncherAdapter.java:60) ~[surefire-junit-platform-3.5.4.jar:3.5.4]
	at org.apache.maven.surefire.junitplatform.LauncherAdapter.execute(LauncherAdapter.java:52) ~[surefire-junit-platform-3.5.4.jar:3.5.4]
	at org.apache.maven.surefire.junitplatform.JUnitPlatformProvider.execute(JUnitPlatformProvider.java:203) ~[surefire-junit-platform-3.5.4.jar:3.5.4]
	at org.apache.maven.surefire.junitplatform.JUnitPlatformProvider.invokeAllTests(JUnitPlatformProvider.java:168) ~[surefire-junit-platform-3.5.4.jar:3.5.4]
	at org.apache.maven.surefire.junitplatform.JUnitPlatformProvider.invoke(JUnitPlatformProvider.java:136) ~[surefire-junit-platform-3.5.4.jar:3.5.4]
	at org.apache.maven.surefire.booter.ForkedBooter.runSuitesInProcess(ForkedBooter.java:385) ~[surefire-booter-3.5.4.jar:3.5.4]
	at org.apache.maven.surefire.booter.ForkedBooter.execute(ForkedBooter.java:162) ~[surefire-booter-3.5.4.jar:3.5.4]
	at org.apache.maven.surefire.booter.ForkedBooter.run(ForkedBooter.java:507) ~[surefire-booter-3.5.4.jar:3.5.4]
	at org.apache.maven.surefire.booter.ForkedBooter.main(ForkedBooter.java:495) ~[surefire-booter-3.5.4.jar:3.5.4]

2025-11-16T14:23:32.925+01:00 ERROR 5063 --- [           main] c.p.a.service.CreateScoreService         : Error creating score: 

com.pdgigs.domain.exception.validation.ValidationException: Validation failed for 'file': Invalid file format. Only PDF files are allowed
	at com.pdgigs.domain.exception.validation.FileValidationError.toException(FileValidationError.java:12) ~[classes/:na]
	at com.pdgigs.domain.validator.FileValidator.validatePdfFormat(FileValidator.java:18) ~[classes/:na]
	at com.pdgigs.domain.validator.FileValidator.validateFile(FileValidator.java:38) ~[classes/:na]
	at com.pdgigs.application.service.CreateScoreService.createScore(CreateScoreService.java:24) ~[classes/:na]
	at com.pdgigs.application.service.CreateScoreValidationTest.createScore_NoMagicNumber_ThrowsInvalidFormat(CreateScoreValidationTest.java:71) ~[test-classes/:na]
	at java.base/jdk.internal.reflect.DirectMethodHandleAccessor.invoke(DirectMethodHandleAccessor.java:104) ~[na:na]
	at java.base/java.lang.reflect.Method.invoke(Method.java:565) ~[na:na]
	at org.junit.platform.commons.util.ReflectionUtils.invokeMethod(ReflectionUtils.java:775) ~[junit-platform-commons-1.12.2.jar:1.12.2]
	at org.junit.platform.commons.support.ReflectionSupport.invokeMethod(ReflectionSupport.java:479) ~[junit-platform-commons-1.12.2.jar:1.12.2]
	at org.junit.jupiter.engine.execution.MethodInvocation.proceed(MethodInvocation.java:60) ~[junit-jupiter-engine-5.12.2.jar:5.12.2]
	at org.junit.jupiter.engine.execution.InvocationInterceptorChain$ValidatingInvocation.proceed(InvocationInterceptorChain.java:131) ~[junit-jupiter-engine-5.12.2.jar:5.12.2]
	at org.junit.jupiter.engine.extension.TimeoutExtension.intercept(TimeoutExtension.java:161) ~[junit-jupiter-engine-5.12.2.jar:5.12.2]
	at org.junit.jupiter.engine.extension.TimeoutExtension.interceptTestableMethod(TimeoutExtension.java:152) ~[junit-jupiter-engine-5.12.2.jar:5.12.2]
	at org.junit.jupiter.engine.extension.TimeoutExtension.interceptTestMethod(TimeoutExtension.java:91) ~[junit-jupiter-engine-5.12.2.jar:5.12.2]
	at org.junit.jupiter.engine.execution.InterceptingExecutableInvoker$ReflectiveInterceptorCall.lambda$ofVoidMethod$0(InterceptingExecutableInvoker.java:112) ~[junit-jupiter-engine-5.12.2.jar:5.12.2]
	at org.junit.jupiter.engine.execution.InterceptingExecutableInvoker.lambda$invoke$0(InterceptingExecutableInvoker.java:94) ~[junit-jupiter-engine-5.12.2.jar:5.12.2]
	at org.junit.jupiter.engine.execution.InvocationInterceptorChain$InterceptedInvocation.proceed(InvocationInterceptorChain.java:106) ~[junit-jupiter-engine-5.12.2.jar:5.12.2]
	at org.junit.jupiter.engine.execution.InvocationInterceptorChain.proceed(InvocationInterceptorChain.java:64) ~[junit-jupiter-engine-5.12.2.jar:5.12.2]
	at org.junit.jupiter.engine.execution.InvocationInterceptorChain.chainAndInvoke(InvocationInterceptorChain.java:45) ~[junit-jupiter-engine-5.12.2.jar:5.12.2]
	at org.junit.jupiter.engine.execution.InvocationInterceptorChain.invoke(InvocationInterceptorChain.java:37) ~[junit-jupiter-engine-5.12.2.jar:5.12.2]
	at org.junit.jupiter.engine.execution.InterceptingExecutableInvoker.invoke(InterceptingExecutableInvoker.java:93) ~[junit-jupiter-engine-5.12.2.jar:5.12.2]
	at org.junit.jupiter.engine.execution.InterceptingExecutableInvoker.invoke(InterceptingExecutableInvoker.java:87) ~[junit-jupiter-engine-5.12.2.jar:5.12.2]
	at org.junit.jupiter.engine.descriptor.TestMethodTestDescriptor.lambda$invokeTestMethod$7(TestMethodTestDescriptor.java:216) ~[junit-jupiter-engine-5.12.2.jar:5.12.2]
	at org.junit.platform.engine.support.hierarchical.ThrowableCollector.execute(ThrowableCollector.java:73) ~[junit-platform-engine-1.12.2.jar:1.12.2]
	at org.junit.jupiter.engine.descriptor.TestMethodTestDescriptor.invokeTestMethod(TestMethodTestDescriptor.java:212) ~[junit-jupiter-engine-5.12.2.jar:5.12.2]
	at org.junit.jupiter.engine.descriptor.TestMethodTestDescriptor.execute(TestMethodTestDescriptor.java:137) ~[junit-jupiter-engine-5.12.2.jar:5.12.2]
	at org.junit.jupiter.engine.descriptor.TestMethodTestDescriptor.execute(TestMethodTestDescriptor.java:69) ~[junit-jupiter-engine-5.12.2.jar:5.12.2]
	at org.junit.platform.engine.support.hierarchical.NodeTestTask.lambda$executeRecursively$6(NodeTestTask.java:156) ~[junit-platform-engine-1.12.2.jar:1.12.2]
	at org.junit.platform.engine.support.hierarchical.ThrowableCollector.execute(ThrowableCollector.java:73) ~[junit-platform-engine-1.12.2.jar:1.12.2]
	at org.junit.platform.engine.support.hierarchical.NodeTestTask.lambda$executeRecursively$8(NodeTestTask.java:146) ~[junit-platform-engine-1.12.2.jar:1.12.2]
	at org.junit.platform.engine.support.hierarchical.Node.around(Node.java:137) ~[junit-platform-engine-1.12.2.jar:1.12.2]
	at org.junit.platform.engine.support.hierarchical.NodeTestTask.lambda$executeRecursively$9(NodeTestTask.java:144) ~[junit-platform-engine-1.12.2.jar:1.12.2]
	at org.junit.platform.engine.support.hierarchical.ThrowableCollector.execute(ThrowableCollector.java:73) ~[junit-platform-engine-1.12.2.jar:1.12.2]
	at org.junit.platform.engine.support.hierarchical.NodeTestTask.executeRecursively(NodeTestTask.java:143) ~[junit-platform-engine-1.12.2.jar:1.12.2]
	at org.junit.platform.engine.support.hierarchical.NodeTestTask.execute(NodeTestTask.java:100) ~[junit-platform-engine-1.12.2.jar:1.12.2]
	at java.base/java.util.ArrayList.forEach(ArrayList.java:1604) ~[na:na]
	at org.junit.platform.engine.support.hierarchical.SameThreadHierarchicalTestExecutorService.invokeAll(SameThreadHierarchicalTestExecutorService.java:41) ~[junit-platform-engine-1.12.2.jar:1.12.2]
	at org.junit.platform.engine.support.hierarchical.NodeTestTask.lambda$executeRecursively$6(NodeTestTask.java:160) ~[junit-platform-engine-1.12.2.jar:1.12.2]
	at org.junit.platform.engine.support.hierarchical.ThrowableCollector.execute(ThrowableCollector.java:73) ~[junit-platform-engine-1.12.2.jar:1.12.2]
	at org.junit.platform.engine.support.hierarchical.NodeTestTask.lambda$executeRecursively$8(NodeTestTask.java:146) ~[junit-platform-engine-1.12.2.jar:1.12.2]
	at org.junit.platform.engine.support.hierarchical.Node.around(Node.java:137) ~[junit-platform-engine-1.12.2.jar:1.12.2]
	at org.junit.platform.engine.support.hierarchical.NodeTestTask.lambda$executeRecursively$9(NodeTestTask.java:144) ~[junit-platform-engine-1.12.2.jar:1.12.2]
	at org.junit.platform.engine.support.hierarchical.ThrowableCollector.execute(ThrowableCollector.java:73) ~[junit-platform-engine-1.12.2.jar:1.12.2]
	at org.junit.platform.engine.support.hierarchical.NodeTestTask.executeRecursively(NodeTestTask.java:143) ~[junit-platform-engine-1.12.2.jar:1.12.2]
	at org.junit.platform.engine.support.hierarchical.NodeTestTask.execute(NodeTestTask.java:100) ~[junit-platform-engine-1.12.2.jar:1.12.2]
	at java.base/java.util.ArrayList.forEach(ArrayList.java:1604) ~[na:na]
	at org.junit.platform.engine.support.hierarchical.SameThreadHierarchicalTestExecutorService.invokeAll(SameThreadHierarchicalTestExecutorService.java:41) ~[junit-platform-engine-1.12.2.jar:1.12.2]
	at org.junit.platform.engine.support.hierarchical.NodeTestTask.lambda$executeRecursively$6(NodeTestTask.java:160) ~[junit-platform-engine-1.12.2.jar:1.12.2]
	at org.junit.platform.engine.support.hierarchical.ThrowableCollector.execute(ThrowableCollector.java:73) ~[junit-platform-engine-1.12.2.jar:1.12.2]
	at org.junit.platform.engine.support.hierarchical.NodeTestTask.lambda$executeRecursively$8(NodeTestTask.java:146) ~[junit-platform-engine-1.12.2.jar:1.12.2]
	at org.junit.platform.engine.support.hierarchical.Node.around(Node.java:137) ~[junit-platform-engine-1.12.2.jar:1.12.2]
	at org.junit.platform.engine.support.hierarchical.NodeTestTask.lambda$executeRecursively$9(NodeTestTask.java:144) ~[junit-platform-engine-1.12.2.jar:1.12.2]
	at org.junit.platform.engine.support.hierarchical.ThrowableCollector.execute(ThrowableCollector.java:73) ~[junit-platform-engine-1.12.2.jar:1.12.2]
	at org.junit.platform.engine.support.hierarchical.NodeTestTask.executeRecursively(NodeTestTask.java:143) ~[junit-platform-engine-1.12.2.jar:1.12.2]
	at org.junit.platform.engine.support.hierarchical.NodeTestTask.execute(NodeTestTask.java:100) ~[junit-platform-engine-1.12.2.jar:1.12.2]
	at org.junit.platform.engine.support.hierarchical.SameThreadHierarchicalTestExecutorService.submit(SameThreadHierarchicalTestExecutorService.java:35) ~[junit-platform-engine-1.12.2.jar:1.12.2]
	at org.junit.platform.engine.support.hierarchical.HierarchicalTestExecutor.execute(HierarchicalTestExecutor.java:57) ~[junit-platform-engine-1.12.2.jar:1.12.2]
	at org.junit.platform.engine.support.hierarchical.HierarchicalTestEngine.execute(HierarchicalTestEngine.java:54) ~[junit-platform-engine-1.12.2.jar:1.12.2]
	at org.junit.platform.launcher.core.EngineExecutionOrchestrator.execute(EngineExecutionOrchestrator.java:201) ~[junit-platform-launcher-1.12.2.jar:1.12.2]
	at org.junit.platform.launcher.core.EngineExecutionOrchestrator.execute(EngineExecutionOrchestrator.java:170) ~[junit-platform-launcher-1.12.2.jar:1.12.2]
	at org.junit.platform.launcher.core.EngineExecutionOrchestrator.execute(EngineExecutionOrchestrator.java:94) ~[junit-platform-launcher-1.12.2.jar:1.12.2]
	at org.junit.platform.launcher.core.EngineExecutionOrchestrator.lambda$execute$0(EngineExecutionOrchestrator.java:59) ~[junit-platform-launcher-1.12.2.jar:1.12.2]
	at org.junit.platform.launcher.core.EngineExecutionOrchestrator.withInterceptedStreams(EngineExecutionOrchestrator.java:142) ~[junit-platform-launcher-1.12.2.jar:1.12.2]
	at org.junit.platform.launcher.core.EngineExecutionOrchestrator.execute(EngineExecutionOrchestrator.java:58) ~[junit-platform-launcher-1.12.2.jar:1.12.2]
	at org.junit.platform.launcher.core.DefaultLauncher.execute(DefaultLauncher.java:103) ~[junit-platform-launcher-1.12.2.jar:1.12.2]
	at org.junit.platform.launcher.core.DefaultLauncher.execute(DefaultLauncher.java:85) ~[junit-platform-launcher-1.12.2.jar:1.12.2]
	at org.junit.platform.launcher.core.DelegatingLauncher.execute(DelegatingLauncher.java:47) ~[junit-platform-launcher-1.12.2.jar:1.12.2]
	at org.junit.platform.launcher.core.InterceptingLauncher.lambda$execute$1(InterceptingLauncher.java:39) ~[junit-platform-launcher-1.12.2.jar:1.12.2]
	at org.junit.platform.launcher.core.ClasspathAlignmentCheckingLauncherInterceptor.intercept(ClasspathAlignmentCheckingLauncherInterceptor.java:25) ~[junit-platform-launcher-1.12.2.jar:1.12.2]
	at org.junit.platform.launcher.core.InterceptingLauncher.execute(InterceptingLauncher.java:38) ~[junit-platform-launcher-1.12.2.jar:1.12.2]
	at org.junit.platform.launcher.core.DelegatingLauncher.execute(DelegatingLauncher.java:47) ~[junit-platform-launcher-1.12.2.jar:1.12.2]
	at org.apache.maven.surefire.junitplatform.LauncherAdapter.executeWithoutCancellationToken(LauncherAdapter.java:60) ~[surefire-junit-platform-3.5.4.jar:3.5.4]
	at org.apache.maven.surefire.junitplatform.LauncherAdapter.execute(LauncherAdapter.java:52) ~[surefire-junit-platform-3.5.4.jar:3.5.4]
	at org.apache.maven.surefire.junitplatform.JUnitPlatformProvider.execute(JUnitPlatformProvider.java:203) ~[surefire-junit-platform-3.5.4.jar:3.5.4]
	at org.apache.maven.surefire.junitplatform.JUnitPlatformProvider.invokeAllTests(JUnitPlatformProvider.java:168) ~[surefire-junit-platform-3.5.4.jar:3.5.4]
	at org.apache.maven.surefire.junitplatform.JUnitPlatformProvider.invoke(JUnitPlatformProvider.java:136) ~[surefire-junit-platform-3.5.4.jar:3.5.4]
	at org.apache.maven.surefire.booter.ForkedBooter.runSuitesInProcess(ForkedBooter.java:385) ~[surefire-booter-3.5.4.jar:3.5.4]
	at org.apache.maven.surefire.booter.ForkedBooter.execute(ForkedBooter.java:162) ~[surefire-booter-3.5.4.jar:3.5.4]
	at org.apache.maven.surefire.booter.ForkedBooter.run(ForkedBooter.java:507) ~[surefire-booter-3.5.4.jar:3.5.4]
	at org.apache.maven.surefire.booter.ForkedBooter.main(ForkedBooter.java:495) ~[surefire-booter-3.5.4.jar:3.5.4]

2025-11-16T14:23:32.927+01:00 ERROR 5063 --- [           main] c.p.a.service.CreateScoreService         : Error creating score: 

com.pdgigs.domain.exception.validation.ValidationException: Validation failed for 'file': File cannot be empty
	at com.pdgigs.domain.exception.validation.FileValidationError.toException(FileValidationError.java:12) ~[classes/:na]
	at com.pdgigs.domain.validator.FileValidator.validateFileSize(FileValidator.java:26) ~[classes/:na]
	at com.pdgigs.domain.validator.FileValidator.validateFile(FileValidator.java:37) ~[classes/:na]
	at com.pdgigs.application.service.CreateScoreService.createScore(CreateScoreService.java:24) ~[classes/:na]
	at com.pdgigs.application.service.CreateScoreValidationTest.createScore_NullFile_ThrowsEmpty(CreateScoreValidationTest.java:141) ~[test-classes/:na]
	at java.base/jdk.internal.reflect.DirectMethodHandleAccessor.invoke(DirectMethodHandleAccessor.java:104) ~[na:na]
	at java.base/java.lang.reflect.Method.invoke(Method.java:565) ~[na:na]
	at org.junit.platform.commons.util.ReflectionUtils.invokeMethod(ReflectionUtils.java:775) ~[junit-platform-commons-1.12.2.jar:1.12.2]
	at org.junit.platform.commons.support.ReflectionSupport.invokeMethod(ReflectionSupport.java:479) ~[junit-platform-commons-1.12.2.jar:1.12.2]
	at org.junit.jupiter.engine.execution.MethodInvocation.proceed(MethodInvocation.java:60) ~[junit-jupiter-engine-5.12.2.jar:5.12.2]
	at org.junit.jupiter.engine.execution.InvocationInterceptorChain$ValidatingInvocation.proceed(InvocationInterceptorChain.java:131) ~[junit-jupiter-engine-5.12.2.jar:5.12.2]
	at org.junit.jupiter.engine.extension.TimeoutExtension.intercept(TimeoutExtension.java:161) ~[junit-jupiter-engine-5.12.2.jar:5.12.2]
	at org.junit.jupiter.engine.extension.TimeoutExtension.interceptTestableMethod(TimeoutExtension.java:152) ~[junit-jupiter-engine-5.12.2.jar:5.12.2]
	at org.junit.jupiter.engine.extension.TimeoutExtension.interceptTestMethod(TimeoutExtension.java:91) ~[junit-jupiter-engine-5.12.2.jar:5.12.2]
	at org.junit.jupiter.engine.execution.InterceptingExecutableInvoker$ReflectiveInterceptorCall.lambda$ofVoidMethod$0(InterceptingExecutableInvoker.java:112) ~[junit-jupiter-engine-5.12.2.jar:5.12.2]
	at org.junit.jupiter.engine.execution.InterceptingExecutableInvoker.lambda$invoke$0(InterceptingExecutableInvoker.java:94) ~[junit-jupiter-engine-5.12.2.jar:5.12.2]
	at org.junit.jupiter.engine.execution.InvocationInterceptorChain$InterceptedInvocation.proceed(InvocationInterceptorChain.java:106) ~[junit-jupiter-engine-5.12.2.jar:5.12.2]
	at org.junit.jupiter.engine.execution.InvocationInterceptorChain.proceed(InvocationInterceptorChain.java:64) ~[junit-jupiter-engine-5.12.2.jar:5.12.2]
	at org.junit.jupiter.engine.execution.InvocationInterceptorChain.chainAndInvoke(InvocationInterceptorChain.java:45) ~[junit-jupiter-engine-5.12.2.jar:5.12.2]
	at org.junit.jupiter.engine.execution.InvocationInterceptorChain.invoke(InvocationInterceptorChain.java:37) ~[junit-jupiter-engine-5.12.2.jar:5.12.2]
	at org.junit.jupiter.engine.execution.InterceptingExecutableInvoker.invoke(InterceptingExecutableInvoker.java:93) ~[junit-jupiter-engine-5.12.2.jar:5.12.2]
	at org.junit.jupiter.engine.execution.InterceptingExecutableInvoker.invoke(InterceptingExecutableInvoker.java:87) ~[junit-jupiter-engine-5.12.2.jar:5.12.2]
	at org.junit.jupiter.engine.descriptor.TestMethodTestDescriptor.lambda$invokeTestMethod$7(TestMethodTestDescriptor.java:216) ~[junit-jupiter-engine-5.12.2.jar:5.12.2]
	at org.junit.platform.engine.support.hierarchical.ThrowableCollector.execute(ThrowableCollector.java:73) ~[junit-platform-engine-1.12.2.jar:1.12.2]
	at org.junit.jupiter.engine.descriptor.TestMethodTestDescriptor.invokeTestMethod(TestMethodTestDescriptor.java:212) ~[junit-jupiter-engine-5.12.2.jar:5.12.2]
	at org.junit.jupiter.engine.descriptor.TestMethodTestDescriptor.execute(TestMethodTestDescriptor.java:137) ~[junit-jupiter-engine-5.12.2.jar:5.12.2]
	at org.junit.jupiter.engine.descriptor.TestMethodTestDescriptor.execute(TestMethodTestDescriptor.java:69) ~[junit-jupiter-engine-5.12.2.jar:5.12.2]
	at org.junit.platform.engine.support.hierarchical.NodeTestTask.lambda$executeRecursively$6(NodeTestTask.java:156) ~[junit-platform-engine-1.12.2.jar:1.12.2]
	at org.junit.platform.engine.support.hierarchical.ThrowableCollector.execute(ThrowableCollector.java:73) ~[junit-platform-engine-1.12.2.jar:1.12.2]
	at org.junit.platform.engine.support.hierarchical.NodeTestTask.lambda$executeRecursively$8(NodeTestTask.java:146) ~[junit-platform-engine-1.12.2.jar:1.12.2]
	at org.junit.platform.engine.support.hierarchical.Node.around(Node.java:137) ~[junit-platform-engine-1.12.2.jar:1.12.2]
	at org.junit.platform.engine.support.hierarchical.NodeTestTask.lambda$executeRecursively$9(NodeTestTask.java:144) ~[junit-platform-engine-1.12.2.jar:1.12.2]
	at org.junit.platform.engine.support.hierarchical.ThrowableCollector.execute(ThrowableCollector.java:73) ~[junit-platform-engine-1.12.2.jar:1.12.2]
	at org.junit.platform.engine.support.hierarchical.NodeTestTask.executeRecursively(NodeTestTask.java:143) ~[junit-platform-engine-1.12.2.jar:1.12.2]
	at org.junit.platform.engine.support.hierarchical.NodeTestTask.execute(NodeTestTask.java:100) ~[junit-platform-engine-1.12.2.jar:1.12.2]
	at java.base/java.util.ArrayList.forEach(ArrayList.java:1604) ~[na:na]
	at org.junit.platform.engine.support.hierarchical.SameThreadHierarchicalTestExecutorService.invokeAll(SameThreadHierarchicalTestExecutorService.java:41) ~[junit-platform-engine-1.12.2.jar:1.12.2]
	at org.junit.platform.engine.support.hierarchical.NodeTestTask.lambda$executeRecursively$6(NodeTestTask.java:160) ~[junit-platform-engine-1.12.2.jar:1.12.2]
	at org.junit.platform.engine.support.hierarchical.ThrowableCollector.execute(ThrowableCollector.java:73) ~[junit-platform-engine-1.12.2.jar:1.12.2]
	at org.junit.platform.engine.support.hierarchical.NodeTestTask.lambda$executeRecursively$8(NodeTestTask.java:146) ~[junit-platform-engine-1.12.2.jar:1.12.2]
	at org.junit.platform.engine.support.hierarchical.Node.around(Node.java:137) ~[junit-platform-engine-1.12.2.jar:1.12.2]
	at org.junit.platform.engine.support.hierarchical.NodeTestTask.lambda$executeRecursively$9(NodeTestTask.java:144) ~[junit-platform-engine-1.12.2.jar:1.12.2]
	at org.junit.platform.engine.support.hierarchical.ThrowableCollector.execute(ThrowableCollector.java:73) ~[junit-platform-engine-1.12.2.jar:1.12.2]
	at org.junit.platform.engine.support.hierarchical.NodeTestTask.executeRecursively(NodeTestTask.java:143) ~[junit-platform-engine-1.12.2.jar:1.12.2]
	at org.junit.platform.engine.support.hierarchical.NodeTestTask.execute(NodeTestTask.java:100) ~[junit-platform-engine-1.12.2.jar:1.12.2]
	at java.base/java.util.ArrayList.forEach(ArrayList.java:1604) ~[na:na]
	at org.junit.platform.engine.support.hierarchical.SameThreadHierarchicalTestExecutorService.invokeAll(SameThreadHierarchicalTestExecutorService.java:41) ~[junit-platform-engine-1.12.2.jar:1.12.2]
	at org.junit.platform.engine.support.hierarchical.NodeTestTask.lambda$executeRecursively$6(NodeTestTask.java:160) ~[junit-platform-engine-1.12.2.jar:1.12.2]
	at org.junit.platform.engine.support.hierarchical.ThrowableCollector.execute(ThrowableCollector.java:73) ~[junit-platform-engine-1.12.2.jar:1.12.2]
	at org.junit.platform.engine.support.hierarchical.NodeTestTask.lambda$executeRecursively$8(NodeTestTask.java:146) ~[junit-platform-engine-1.12.2.jar:1.12.2]
	at org.junit.platform.engine.support.hierarchical.Node.around(Node.java:137) ~[junit-platform-engine-1.12.2.jar:1.12.2]
	at org.junit.platform.engine.support.hierarchical.NodeTestTask.lambda$executeRecursively$9(NodeTestTask.java:144) ~[junit-platform-engine-1.12.2.jar:1.12.2]
	at org.junit.platform.engine.support.hierarchical.ThrowableCollector.execute(ThrowableCollector.java:73) ~[junit-platform-engine-1.12.2.jar:1.12.2]
	at org.junit.platform.engine.support.hierarchical.NodeTestTask.executeRecursively(NodeTestTask.java:143) ~[junit-platform-engine-1.12.2.jar:1.12.2]
	at org.junit.platform.engine.support.hierarchical.NodeTestTask.execute(NodeTestTask.java:100) ~[junit-platform-engine-1.12.2.jar:1.12.2]
	at org.junit.platform.engine.support.hierarchical.SameThreadHierarchicalTestExecutorService.submit(SameThreadHierarchicalTestExecutorService.java:35) ~[junit-platform-engine-1.12.2.jar:1.12.2]
	at org.junit.platform.engine.support.hierarchical.HierarchicalTestExecutor.execute(HierarchicalTestExecutor.java:57) ~[junit-platform-engine-1.12.2.jar:1.12.2]
	at org.junit.platform.engine.support.hierarchical.HierarchicalTestEngine.execute(HierarchicalTestEngine.java:54) ~[junit-platform-engine-1.12.2.jar:1.12.2]
	at org.junit.platform.launcher.core.EngineExecutionOrchestrator.execute(EngineExecutionOrchestrator.java:201) ~[junit-platform-launcher-1.12.2.jar:1.12.2]
	at org.junit.platform.launcher.core.EngineExecutionOrchestrator.execute(EngineExecutionOrchestrator.java:170) ~[junit-platform-launcher-1.12.2.jar:1.12.2]
	at org.junit.platform.launcher.core.EngineExecutionOrchestrator.execute(EngineExecutionOrchestrator.java:94) ~[junit-platform-launcher-1.12.2.jar:1.12.2]
	at org.junit.platform.launcher.core.EngineExecutionOrchestrator.lambda$execute$0(EngineExecutionOrchestrator.java:59) ~[junit-platform-launcher-1.12.2.jar:1.12.2]
	at org.junit.platform.launcher.core.EngineExecutionOrchestrator.withInterceptedStreams(EngineExecutionOrchestrator.java:142) ~[junit-platform-launcher-1.12.2.jar:1.12.2]
	at org.junit.platform.launcher.core.EngineExecutionOrchestrator.execute(EngineExecutionOrchestrator.java:58) ~[junit-platform-launcher-1.12.2.jar:1.12.2]
	at org.junit.platform.launcher.core.DefaultLauncher.execute(DefaultLauncher.java:103) ~[junit-platform-launcher-1.12.2.jar:1.12.2]
	at org.junit.platform.launcher.core.DefaultLauncher.execute(DefaultLauncher.java:85) ~[junit-platform-launcher-1.12.2.jar:1.12.2]
	at org.junit.platform.launcher.core.DelegatingLauncher.execute(DelegatingLauncher.java:47) ~[junit-platform-launcher-1.12.2.jar:1.12.2]
	at org.junit.platform.launcher.core.InterceptingLauncher.lambda$execute$1(InterceptingLauncher.java:39) ~[junit-platform-launcher-1.12.2.jar:1.12.2]
	at org.junit.platform.launcher.core.ClasspathAlignmentCheckingLauncherInterceptor.intercept(ClasspathAlignmentCheckingLauncherInterceptor.java:25) ~[junit-platform-launcher-1.12.2.jar:1.12.2]
	at org.junit.platform.launcher.core.InterceptingLauncher.execute(InterceptingLauncher.java:38) ~[junit-platform-launcher-1.12.2.jar:1.12.2]
	at org.junit.platform.launcher.core.DelegatingLauncher.execute(DelegatingLauncher.java:47) ~[junit-platform-launcher-1.12.2.jar:1.12.2]
	at org.apache.maven.surefire.junitplatform.LauncherAdapter.executeWithoutCancellationToken(LauncherAdapter.java:60) ~[surefire-junit-platform-3.5.4.jar:3.5.4]
	at org.apache.maven.surefire.junitplatform.LauncherAdapter.execute(LauncherAdapter.java:52) ~[surefire-junit-platform-3.5.4.jar:3.5.4]
	at org.apache.maven.surefire.junitplatform.JUnitPlatformProvider.execute(JUnitPlatformProvider.java:203) ~[surefire-junit-platform-3.5.4.jar:3.5.4]
	at org.apache.maven.surefire.junitplatform.JUnitPlatformProvider.invokeAllTests(JUnitPlatformProvider.java:168) ~[surefire-junit-platform-3.5.4.jar:3.5.4]
	at org.apache.maven.surefire.junitplatform.JUnitPlatformProvider.invoke(JUnitPlatformProvider.java:136) ~[surefire-junit-platform-3.5.4.jar:3.5.4]
	at org.apache.maven.surefire.booter.ForkedBooter.runSuitesInProcess(ForkedBooter.java:385) ~[surefire-booter-3.5.4.jar:3.5.4]
	at org.apache.maven.surefire.booter.ForkedBooter.execute(ForkedBooter.java:162) ~[surefire-booter-3.5.4.jar:3.5.4]
	at org.apache.maven.surefire.booter.ForkedBooter.run(ForkedBooter.java:507) ~[surefire-booter-3.5.4.jar:3.5.4]
	at org.apache.maven.surefire.booter.ForkedBooter.main(ForkedBooter.java:495) ~[surefire-booter-3.5.4.jar:3.5.4]

2025-11-16T14:23:32.931+01:00 ERROR 5063 --- [           main] c.p.a.service.CreateScoreService         : Error creating score: 

java.lang.NullPointerException: The mapper returned a null Mono
	at java.base/java.util.Objects.requireNonNull(Objects.java:246) ~[na:na]
	at reactor.core.publisher.MonoFlatMap$FlatMapMain.onNext(MonoFlatMap.java:132) ~[reactor-core-3.7.12.jar:3.7.12]
	at reactor.core.publisher.MonoIgnoreThen$ThenIgnoreMain.complete(MonoIgnoreThen.java:294) ~[reactor-core-3.7.12.jar:3.7.12]
	at reactor.core.publisher.MonoIgnoreThen$ThenIgnoreMain.onNext(MonoIgnoreThen.java:188) ~[reactor-core-3.7.12.jar:3.7.12]
	at reactor.core.publisher.MonoIgnoreThen$ThenIgnoreMain.subscribeNext(MonoIgnoreThen.java:237) ~[reactor-core-3.7.12.jar:3.7.12]
	at reactor.core.publisher.MonoIgnoreThen.subscribe(MonoIgnoreThen.java:51) ~[reactor-core-3.7.12.jar:3.7.12]
	at reactor.core.publisher.Mono.subscribe(Mono.java:4576) ~[reactor-core-3.7.12.jar:3.7.12]
	at reactor.test.DefaultStepVerifierBuilder$DefaultStepVerifier.toVerifierAndSubscribe(DefaultStepVerifierBuilder.java:891) ~[reactor-test-3.7.12.jar:3.7.12]
	at reactor.test.DefaultStepVerifierBuilder$DefaultStepVerifier.verify(DefaultStepVerifierBuilder.java:831) ~[reactor-test-3.7.12.jar:3.7.12]
	at reactor.test.DefaultStepVerifierBuilder$DefaultStepVerifier.verify(DefaultStepVerifierBuilder.java:823) ~[reactor-test-3.7.12.jar:3.7.12]
	at com.pdgigs.application.service.CreateScoreValidationTest.createScore_FileExactly10MB_Succeeds(CreateScoreValidationTest.java:113) ~[test-classes/:na]
	at java.base/jdk.internal.reflect.DirectMethodHandleAccessor.invoke(DirectMethodHandleAccessor.java:104) ~[na:na]
	at java.base/java.lang.reflect.Method.invoke(Method.java:565) ~[na:na]
	at org.junit.platform.commons.util.ReflectionUtils.invokeMethod(ReflectionUtils.java:775) ~[junit-platform-commons-1.12.2.jar:1.12.2]
	at org.junit.platform.commons.support.ReflectionSupport.invokeMethod(ReflectionSupport.java:479) ~[junit-platform-commons-1.12.2.jar:1.12.2]
	at org.junit.jupiter.engine.execution.MethodInvocation.proceed(MethodInvocation.java:60) ~[junit-jupiter-engine-5.12.2.jar:5.12.2]
	at org.junit.jupiter.engine.execution.InvocationInterceptorChain$ValidatingInvocation.proceed(InvocationInterceptorChain.java:131) ~[junit-jupiter-engine-5.12.2.jar:5.12.2]
	at org.junit.jupiter.engine.extension.TimeoutExtension.intercept(TimeoutExtension.java:161) ~[junit-jupiter-engine-5.12.2.jar:5.12.2]
	at org.junit.jupiter.engine.extension.TimeoutExtension.interceptTestableMethod(TimeoutExtension.java:152) ~[junit-jupiter-engine-5.12.2.jar:5.12.2]
	at org.junit.jupiter.engine.extension.TimeoutExtension.interceptTestMethod(TimeoutExtension.java:91) ~[junit-jupiter-engine-5.12.2.jar:5.12.2]
	at org.junit.jupiter.engine.execution.InterceptingExecutableInvoker$ReflectiveInterceptorCall.lambda$ofVoidMethod$0(InterceptingExecutableInvoker.java:112) ~[junit-jupiter-engine-5.12.2.jar:5.12.2]
	at org.junit.jupiter.engine.execution.InterceptingExecutableInvoker.lambda$invoke$0(InterceptingExecutableInvoker.java:94) ~[junit-jupiter-engine-5.12.2.jar:5.12.2]
	at org.junit.jupiter.engine.execution.InvocationInterceptorChain$InterceptedInvocation.proceed(InvocationInterceptorChain.java:106) ~[junit-jupiter-engine-5.12.2.jar:5.12.2]
	at org.junit.jupiter.engine.execution.InvocationInterceptorChain.proceed(InvocationInterceptorChain.java:64) ~[junit-jupiter-engine-5.12.2.jar:5.12.2]
	at org.junit.jupiter.engine.execution.InvocationInterceptorChain.chainAndInvoke(InvocationInterceptorChain.java:45) ~[junit-jupiter-engine-5.12.2.jar:5.12.2]
	at org.junit.jupiter.engine.execution.InvocationInterceptorChain.invoke(InvocationInterceptorChain.java:37) ~[junit-jupiter-engine-5.12.2.jar:5.12.2]
	at org.junit.jupiter.engine.execution.InterceptingExecutableInvoker.invoke(InterceptingExecutableInvoker.java:93) ~[junit-jupiter-engine-5.12.2.jar:5.12.2]
	at org.junit.jupiter.engine.execution.InterceptingExecutableInvoker.invoke(InterceptingExecutableInvoker.java:87) ~[junit-jupiter-engine-5.12.2.jar:5.12.2]
	at org.junit.jupiter.engine.descriptor.TestMethodTestDescriptor.lambda$invokeTestMethod$7(TestMethodTestDescriptor.java:216) ~[junit-jupiter-engine-5.12.2.jar:5.12.2]
	at org.junit.platform.engine.support.hierarchical.ThrowableCollector.execute(ThrowableCollector.java:73) ~[junit-platform-engine-1.12.2.jar:1.12.2]
	at org.junit.jupiter.engine.descriptor.TestMethodTestDescriptor.invokeTestMethod(TestMethodTestDescriptor.java:212) ~[junit-jupiter-engine-5.12.2.jar:5.12.2]
	at org.junit.jupiter.engine.descriptor.TestMethodTestDescriptor.execute(TestMethodTestDescriptor.java:137) ~[junit-jupiter-engine-5.12.2.jar:5.12.2]
	at org.junit.jupiter.engine.descriptor.TestMethodTestDescriptor.execute(TestMethodTestDescriptor.java:69) ~[junit-jupiter-engine-5.12.2.jar:5.12.2]
	at org.junit.platform.engine.support.hierarchical.NodeTestTask.lambda$executeRecursively$6(NodeTestTask.java:156) ~[junit-platform-engine-1.12.2.jar:1.12.2]
	at org.junit.platform.engine.support.hierarchical.ThrowableCollector.execute(ThrowableCollector.java:73) ~[junit-platform-engine-1.12.2.jar:1.12.2]
	at org.junit.platform.engine.support.hierarchical.NodeTestTask.lambda$executeRecursively$8(NodeTestTask.java:146) ~[junit-platform-engine-1.12.2.jar:1.12.2]
	at org.junit.platform.engine.support.hierarchical.Node.around(Node.java:137) ~[junit-platform-engine-1.12.2.jar:1.12.2]
	at org.junit.platform.engine.support.hierarchical.NodeTestTask.lambda$executeRecursively$9(NodeTestTask.java:144) ~[junit-platform-engine-1.12.2.jar:1.12.2]
	at org.junit.platform.engine.support.hierarchical.ThrowableCollector.execute(ThrowableCollector.java:73) ~[junit-platform-engine-1.12.2.jar:1.12.2]
	at org.junit.platform.engine.support.hierarchical.NodeTestTask.executeRecursively(NodeTestTask.java:143) ~[junit-platform-engine-1.12.2.jar:1.12.2]
	at org.junit.platform.engine.support.hierarchical.NodeTestTask.execute(NodeTestTask.java:100) ~[junit-platform-engine-1.12.2.jar:1.12.2]
	at java.base/java.util.ArrayList.forEach(ArrayList.java:1604) ~[na:na]
	at org.junit.platform.engine.support.hierarchical.SameThreadHierarchicalTestExecutorService.invokeAll(SameThreadHierarchicalTestExecutorService.java:41) ~[junit-platform-engine-1.12.2.jar:1.12.2]
	at org.junit.platform.engine.support.hierarchical.NodeTestTask.lambda$executeRecursively$6(NodeTestTask.java:160) ~[junit-platform-engine-1.12.2.jar:1.12.2]
	at org.junit.platform.engine.support.hierarchical.ThrowableCollector.execute(ThrowableCollector.java:73) ~[junit-platform-engine-1.12.2.jar:1.12.2]
	at org.junit.platform.engine.support.hierarchical.NodeTestTask.lambda$executeRecursively$8(NodeTestTask.java:146) ~[junit-platform-engine-1.12.2.jar:1.12.2]
	at org.junit.platform.engine.support.hierarchical.Node.around(Node.java:137) ~[junit-platform-engine-1.12.2.jar:1.12.2]
	at org.junit.platform.engine.support.hierarchical.NodeTestTask.lambda$executeRecursively$9(NodeTestTask.java:144) ~[junit-platform-engine-1.12.2.jar:1.12.2]
	at org.junit.platform.engine.support.hierarchical.ThrowableCollector.execute(ThrowableCollector.java:73) ~[junit-platform-engine-1.12.2.jar:1.12.2]
	at org.junit.platform.engine.support.hierarchical.NodeTestTask.executeRecursively(NodeTestTask.java:143) ~[junit-platform-engine-1.12.2.jar:1.12.2]
	at org.junit.platform.engine.support.hierarchical.NodeTestTask.execute(NodeTestTask.java:100) ~[junit-platform-engine-1.12.2.jar:1.12.2]
	at java.base/java.util.ArrayList.forEach(ArrayList.java:1604) ~[na:na]
	at org.junit.platform.engine.support.hierarchical.SameThreadHierarchicalTestExecutorService.invokeAll(SameThreadHierarchicalTestExecutorService.java:41) ~[junit-platform-engine-1.12.2.jar:1.12.2]
	at org.junit.platform.engine.support.hierarchical.NodeTestTask.lambda$executeRecursively$6(NodeTestTask.java:160) ~[junit-platform-engine-1.12.2.jar:1.12.2]
	at org.junit.platform.engine.support.hierarchical.ThrowableCollector.execute(ThrowableCollector.java:73) ~[junit-platform-engine-1.12.2.jar:1.12.2]
	at org.junit.platform.engine.support.hierarchical.NodeTestTask.lambda$executeRecursively$8(NodeTestTask.java:146) ~[junit-platform-engine-1.12.2.jar:1.12.2]
	at org.junit.platform.engine.support.hierarchical.Node.around(Node.java:137) ~[junit-platform-engine-1.12.2.jar:1.12.2]
	at org.junit.platform.engine.support.hierarchical.NodeTestTask.lambda$executeRecursively$9(NodeTestTask.java:144) ~[junit-platform-engine-1.12.2.jar:1.12.2]
	at org.junit.platform.engine.support.hierarchical.ThrowableCollector.execute(ThrowableCollector.java:73) ~[junit-platform-engine-1.12.2.jar:1.12.2]
	at org.junit.platform.engine.support.hierarchical.NodeTestTask.executeRecursively(NodeTestTask.java:143) ~[junit-platform-engine-1.12.2.jar:1.12.2]
	at org.junit.platform.engine.support.hierarchical.NodeTestTask.execute(NodeTestTask.java:100) ~[junit-platform-engine-1.12.2.jar:1.12.2]
	at org.junit.platform.engine.support.hierarchical.SameThreadHierarchicalTestExecutorService.submit(SameThreadHierarchicalTestExecutorService.java:35) ~[junit-platform-engine-1.12.2.jar:1.12.2]
	at org.junit.platform.engine.support.hierarchical.HierarchicalTestExecutor.execute(HierarchicalTestExecutor.java:57) ~[junit-platform-engine-1.12.2.jar:1.12.2]
	at org.junit.platform.engine.support.hierarchical.HierarchicalTestEngine.execute(HierarchicalTestEngine.java:54) ~[junit-platform-engine-1.12.2.jar:1.12.2]
	at org.junit.platform.launcher.core.EngineExecutionOrchestrator.execute(EngineExecutionOrchestrator.java:201) ~[junit-platform-launcher-1.12.2.jar:1.12.2]
	at org.junit.platform.launcher.core.EngineExecutionOrchestrator.execute(EngineExecutionOrchestrator.java:170) ~[junit-platform-launcher-1.12.2.jar:1.12.2]
	at org.junit.platform.launcher.core.EngineExecutionOrchestrator.execute(EngineExecutionOrchestrator.java:94) ~[junit-platform-launcher-1.12.2.jar:1.12.2]
	at org.junit.platform.launcher.core.EngineExecutionOrchestrator.lambda$execute$0(EngineExecutionOrchestrator.java:59) ~[junit-platform-launcher-1.12.2.jar:1.12.2]
	at org.junit.platform.launcher.core.EngineExecutionOrchestrator.withInterceptedStreams(EngineExecutionOrchestrator.java:142) ~[junit-platform-launcher-1.12.2.jar:1.12.2]
	at org.junit.platform.launcher.core.EngineExecutionOrchestrator.execute(EngineExecutionOrchestrator.java:58) ~[junit-platform-launcher-1.12.2.jar:1.12.2]
	at org.junit.platform.launcher.core.DefaultLauncher.execute(DefaultLauncher.java:103) ~[junit-platform-launcher-1.12.2.jar:1.12.2]
	at org.junit.platform.launcher.core.DefaultLauncher.execute(DefaultLauncher.java:85) ~[junit-platform-launcher-1.12.2.jar:1.12.2]
	at org.junit.platform.launcher.core.DelegatingLauncher.execute(DelegatingLauncher.java:47) ~[junit-platform-launcher-1.12.2.jar:1.12.2]
	at org.junit.platform.launcher.core.InterceptingLauncher.lambda$execute$1(InterceptingLauncher.java:39) ~[junit-platform-launcher-1.12.2.jar:1.12.2]
	at org.junit.platform.launcher.core.ClasspathAlignmentCheckingLauncherInterceptor.intercept(ClasspathAlignmentCheckingLauncherInterceptor.java:25) ~[junit-platform-launcher-1.12.2.jar:1.12.2]
	at org.junit.platform.launcher.core.InterceptingLauncher.execute(InterceptingLauncher.java:38) ~[junit-platform-launcher-1.12.2.jar:1.12.2]
	at org.junit.platform.launcher.core.DelegatingLauncher.execute(DelegatingLauncher.java:47) ~[junit-platform-launcher-1.12.2.jar:1.12.2]
	at org.apache.maven.surefire.junitplatform.LauncherAdapter.executeWithoutCancellationToken(LauncherAdapter.java:60) ~[surefire-junit-platform-3.5.4.jar:3.5.4]
	at org.apache.maven.surefire.junitplatform.LauncherAdapter.execute(LauncherAdapter.java:52) ~[surefire-junit-platform-3.5.4.jar:3.5.4]
	at org.apache.maven.surefire.junitplatform.JUnitPlatformProvider.execute(JUnitPlatformProvider.java:203) ~[surefire-junit-platform-3.5.4.jar:3.5.4]
	at org.apache.maven.surefire.junitplatform.JUnitPlatformProvider.invokeAllTests(JUnitPlatformProvider.java:168) ~[surefire-junit-platform-3.5.4.jar:3.5.4]
	at org.apache.maven.surefire.junitplatform.JUnitPlatformProvider.invoke(JUnitPlatformProvider.java:136) ~[surefire-junit-platform-3.5.4.jar:3.5.4]
	at org.apache.maven.surefire.booter.ForkedBooter.runSuitesInProcess(ForkedBooter.java:385) ~[surefire-booter-3.5.4.jar:3.5.4]
	at org.apache.maven.surefire.booter.ForkedBooter.execute(ForkedBooter.java:162) ~[surefire-booter-3.5.4.jar:3.5.4]
	at org.apache.maven.surefire.booter.ForkedBooter.run(ForkedBooter.java:507) ~[surefire-booter-3.5.4.jar:3.5.4]
	at org.apache.maven.surefire.booter.ForkedBooter.main(ForkedBooter.java:495) ~[surefire-booter-3.5.4.jar:3.5.4]

2025-11-16T14:23:32.933+01:00 ERROR 5063 --- [           main] c.p.a.service.CreateScoreService         : Error creating score: 

com.pdgigs.domain.exception.validation.ValidationException: Validation failed for 'file': Invalid file format. Only PDF files are allowed
	at com.pdgigs.domain.exception.validation.FileValidationError.toException(FileValidationError.java:12) ~[classes/:na]
	at com.pdgigs.domain.validator.FileValidator.validatePdfFormat(FileValidator.java:18) ~[classes/:na]
	at com.pdgigs.domain.validator.FileValidator.validateFile(FileValidator.java:38) ~[classes/:na]
	at com.pdgigs.application.service.CreateScoreService.createScore(CreateScoreService.java:24) ~[classes/:na]
	at com.pdgigs.application.service.CreateScoreValidationTest.createScore_NonPdfFile_ThrowsInvalidFormat(CreateScoreValidationTest.java:41) ~[test-classes/:na]
	at java.base/jdk.internal.reflect.DirectMethodHandleAccessor.invoke(DirectMethodHandleAccessor.java:104) ~[na:na]
	at java.base/java.lang.reflect.Method.invoke(Method.java:565) ~[na:na]
	at org.junit.platform.commons.util.ReflectionUtils.invokeMethod(ReflectionUtils.java:775) ~[junit-platform-commons-1.12.2.jar:1.12.2]
	at org.junit.platform.commons.support.ReflectionSupport.invokeMethod(ReflectionSupport.java:479) ~[junit-platform-commons-1.12.2.jar:1.12.2]
	at org.junit.jupiter.engine.execution.MethodInvocation.proceed(MethodInvocation.java:60) ~[junit-jupiter-engine-5.12.2.jar:5.12.2]
	at org.junit.jupiter.engine.execution.InvocationInterceptorChain$ValidatingInvocation.proceed(InvocationInterceptorChain.java:131) ~[junit-jupiter-engine-5.12.2.jar:5.12.2]
	at org.junit.jupiter.engine.extension.TimeoutExtension.intercept(TimeoutExtension.java:161) ~[junit-jupiter-engine-5.12.2.jar:5.12.2]
	at org.junit.jupiter.engine.extension.TimeoutExtension.interceptTestableMethod(TimeoutExtension.java:152) ~[junit-jupiter-engine-5.12.2.jar:5.12.2]
	at org.junit.jupiter.engine.extension.TimeoutExtension.interceptTestMethod(TimeoutExtension.java:91) ~[junit-jupiter-engine-5.12.2.jar:5.12.2]
	at org.junit.jupiter.engine.execution.InterceptingExecutableInvoker$ReflectiveInterceptorCall.lambda$ofVoidMethod$0(InterceptingExecutableInvoker.java:112) ~[junit-jupiter-engine-5.12.2.jar:5.12.2]
	at org.junit.jupiter.engine.execution.InterceptingExecutableInvoker.lambda$invoke$0(InterceptingExecutableInvoker.java:94) ~[junit-jupiter-engine-5.12.2.jar:5.12.2]
	at org.junit.jupiter.engine.execution.InvocationInterceptorChain$InterceptedInvocation.proceed(InvocationInterceptorChain.java:106) ~[junit-jupiter-engine-5.12.2.jar:5.12.2]
	at org.junit.jupiter.engine.execution.InvocationInterceptorChain.proceed(InvocationInterceptorChain.java:64) ~[junit-jupiter-engine-5.12.2.jar:5.12.2]
	at org.junit.jupiter.engine.execution.InvocationInterceptorChain.chainAndInvoke(InvocationInterceptorChain.java:45) ~[junit-jupiter-engine-5.12.2.jar:5.12.2]
	at org.junit.jupiter.engine.execution.InvocationInterceptorChain.invoke(InvocationInterceptorChain.java:37) ~[junit-jupiter-engine-5.12.2.jar:5.12.2]
	at org.junit.jupiter.engine.execution.InterceptingExecutableInvoker.invoke(InterceptingExecutableInvoker.java:93) ~[junit-jupiter-engine-5.12.2.jar:5.12.2]
	at org.junit.jupiter.engine.execution.InterceptingExecutableInvoker.invoke(InterceptingExecutableInvoker.java:87) ~[junit-jupiter-engine-5.12.2.jar:5.12.2]
	at org.junit.jupiter.engine.descriptor.TestMethodTestDescriptor.lambda$invokeTestMethod$7(TestMethodTestDescriptor.java:216) ~[junit-jupiter-engine-5.12.2.jar:5.12.2]
	at org.junit.platform.engine.support.hierarchical.ThrowableCollector.execute(ThrowableCollector.java:73) ~[junit-platform-engine-1.12.2.jar:1.12.2]
	at org.junit.jupiter.engine.descriptor.TestMethodTestDescriptor.invokeTestMethod(TestMethodTestDescriptor.java:212) ~[junit-jupiter-engine-5.12.2.jar:5.12.2]
	at org.junit.jupiter.engine.descriptor.TestMethodTestDescriptor.execute(TestMethodTestDescriptor.java:137) ~[junit-jupiter-engine-5.12.2.jar:5.12.2]
	at org.junit.jupiter.engine.descriptor.TestMethodTestDescriptor.execute(TestMethodTestDescriptor.java:69) ~[junit-jupiter-engine-5.12.2.jar:5.12.2]
	at org.junit.platform.engine.support.hierarchical.NodeTestTask.lambda$executeRecursively$6(NodeTestTask.java:156) ~[junit-platform-engine-1.12.2.jar:1.12.2]
	at org.junit.platform.engine.support.hierarchical.ThrowableCollector.execute(ThrowableCollector.java:73) ~[junit-platform-engine-1.12.2.jar:1.12.2]
	at org.junit.platform.engine.support.hierarchical.NodeTestTask.lambda$executeRecursively$8(NodeTestTask.java:146) ~[junit-platform-engine-1.12.2.jar:1.12.2]
	at org.junit.platform.engine.support.hierarchical.Node.around(Node.java:137) ~[junit-platform-engine-1.12.2.jar:1.12.2]
	at org.junit.platform.engine.support.hierarchical.NodeTestTask.lambda$executeRecursively$9(NodeTestTask.java:144) ~[junit-platform-engine-1.12.2.jar:1.12.2]
	at org.junit.platform.engine.support.hierarchical.ThrowableCollector.execute(ThrowableCollector.java:73) ~[junit-platform-engine-1.12.2.jar:1.12.2]
	at org.junit.platform.engine.support.hierarchical.NodeTestTask.executeRecursively(NodeTestTask.java:143) ~[junit-platform-engine-1.12.2.jar:1.12.2]
	at org.junit.platform.engine.support.hierarchical.NodeTestTask.execute(NodeTestTask.java:100) ~[junit-platform-engine-1.12.2.jar:1.12.2]
	at java.base/java.util.ArrayList.forEach(ArrayList.java:1604) ~[na:na]
	at org.junit.platform.engine.support.hierarchical.SameThreadHierarchicalTestExecutorService.invokeAll(SameThreadHierarchicalTestExecutorService.java:41) ~[junit-platform-engine-1.12.2.jar:1.12.2]
	at org.junit.platform.engine.support.hierarchical.NodeTestTask.lambda$executeRecursively$6(NodeTestTask.java:160) ~[junit-platform-engine-1.12.2.jar:1.12.2]
	at org.junit.platform.engine.support.hierarchical.ThrowableCollector.execute(ThrowableCollector.java:73) ~[junit-platform-engine-1.12.2.jar:1.12.2]
	at org.junit.platform.engine.support.hierarchical.NodeTestTask.lambda$executeRecursively$8(NodeTestTask.java:146) ~[junit-platform-engine-1.12.2.jar:1.12.2]
	at org.junit.platform.engine.support.hierarchical.Node.around(Node.java:137) ~[junit-platform-engine-1.12.2.jar:1.12.2]
	at org.junit.platform.engine.support.hierarchical.NodeTestTask.lambda$executeRecursively$9(NodeTestTask.java:144) ~[junit-platform-engine-1.12.2.jar:1.12.2]
	at org.junit.platform.engine.support.hierarchical.ThrowableCollector.execute(ThrowableCollector.java:73) ~[junit-platform-engine-1.12.2.jar:1.12.2]
	at org.junit.platform.engine.support.hierarchical.NodeTestTask.executeRecursively(NodeTestTask.java:143) ~[junit-platform-engine-1.12.2.jar:1.12.2]
	at org.junit.platform.engine.support.hierarchical.NodeTestTask.execute(NodeTestTask.java:100) ~[junit-platform-engine-1.12.2.jar:1.12.2]
	at java.base/java.util.ArrayList.forEach(ArrayList.java:1604) ~[na:na]
	at org.junit.platform.engine.support.hierarchical.SameThreadHierarchicalTestExecutorService.invokeAll(SameThreadHierarchicalTestExecutorService.java:41) ~[junit-platform-engine-1.12.2.jar:1.12.2]
	at org.junit.platform.engine.support.hierarchical.NodeTestTask.lambda$executeRecursively$6(NodeTestTask.java:160) ~[junit-platform-engine-1.12.2.jar:1.12.2]
	at org.junit.platform.engine.support.hierarchical.ThrowableCollector.execute(ThrowableCollector.java:73) ~[junit-platform-engine-1.12.2.jar:1.12.2]
	at org.junit.platform.engine.support.hierarchical.NodeTestTask.lambda$executeRecursively$8(NodeTestTask.java:146) ~[junit-platform-engine-1.12.2.jar:1.12.2]
	at org.junit.platform.engine.support.hierarchical.Node.around(Node.java:137) ~[junit-platform-engine-1.12.2.jar:1.12.2]
	at org.junit.platform.engine.support.hierarchical.NodeTestTask.lambda$executeRecursively$9(NodeTestTask.java:144) ~[junit-platform-engine-1.12.2.jar:1.12.2]
	at org.junit.platform.engine.support.hierarchical.ThrowableCollector.execute(ThrowableCollector.java:73) ~[junit-platform-engine-1.12.2.jar:1.12.2]
	at org.junit.platform.engine.support.hierarchical.NodeTestTask.executeRecursively(NodeTestTask.java:143) ~[junit-platform-engine-1.12.2.jar:1.12.2]
	at org.junit.platform.engine.support.hierarchical.NodeTestTask.execute(NodeTestTask.java:100) ~[junit-platform-engine-1.12.2.jar:1.12.2]
	at org.junit.platform.engine.support.hierarchical.SameThreadHierarchicalTestExecutorService.submit(SameThreadHierarchicalTestExecutorService.java:35) ~[junit-platform-engine-1.12.2.jar:1.12.2]
	at org.junit.platform.engine.support.hierarchical.HierarchicalTestExecutor.execute(HierarchicalTestExecutor.java:57) ~[junit-platform-engine-1.12.2.jar:1.12.2]
	at org.junit.platform.engine.support.hierarchical.HierarchicalTestEngine.execute(HierarchicalTestEngine.java:54) ~[junit-platform-engine-1.12.2.jar:1.12.2]
	at org.junit.platform.launcher.core.EngineExecutionOrchestrator.execute(EngineExecutionOrchestrator.java:201) ~[junit-platform-launcher-1.12.2.jar:1.12.2]
	at org.junit.platform.launcher.core.EngineExecutionOrchestrator.execute(EngineExecutionOrchestrator.java:170) ~[junit-platform-launcher-1.12.2.jar:1.12.2]
	at org.junit.platform.launcher.core.EngineExecutionOrchestrator.execute(EngineExecutionOrchestrator.java:94) ~[junit-platform-launcher-1.12.2.jar:1.12.2]
	at org.junit.platform.launcher.core.EngineExecutionOrchestrator.lambda$execute$0(EngineExecutionOrchestrator.java:59) ~[junit-platform-launcher-1.12.2.jar:1.12.2]
	at org.junit.platform.launcher.core.EngineExecutionOrchestrator.withInterceptedStreams(EngineExecutionOrchestrator.java:142) ~[junit-platform-launcher-1.12.2.jar:1.12.2]
	at org.junit.platform.launcher.core.EngineExecutionOrchestrator.execute(EngineExecutionOrchestrator.java:58) ~[junit-platform-launcher-1.12.2.jar:1.12.2]
	at org.junit.platform.launcher.core.DefaultLauncher.execute(DefaultLauncher.java:103) ~[junit-platform-launcher-1.12.2.jar:1.12.2]
	at org.junit.platform.launcher.core.DefaultLauncher.execute(DefaultLauncher.java:85) ~[junit-platform-launcher-1.12.2.jar:1.12.2]
	at org.junit.platform.launcher.core.DelegatingLauncher.execute(DelegatingLauncher.java:47) ~[junit-platform-launcher-1.12.2.jar:1.12.2]
	at org.junit.platform.launcher.core.InterceptingLauncher.lambda$execute$1(InterceptingLauncher.java:39) ~[junit-platform-launcher-1.12.2.jar:1.12.2]
	at org.junit.platform.launcher.core.ClasspathAlignmentCheckingLauncherInterceptor.intercept(ClasspathAlignmentCheckingLauncherInterceptor.java:25) ~[junit-platform-launcher-1.12.2.jar:1.12.2]
	at org.junit.platform.launcher.core.InterceptingLauncher.execute(InterceptingLauncher.java:38) ~[junit-platform-launcher-1.12.2.jar:1.12.2]
	at org.junit.platform.launcher.core.DelegatingLauncher.execute(DelegatingLauncher.java:47) ~[junit-platform-launcher-1.12.2.jar:1.12.2]
	at org.apache.maven.surefire.junitplatform.LauncherAdapter.executeWithoutCancellationToken(LauncherAdapter.java:60) ~[surefire-junit-platform-3.5.4.jar:3.5.4]
	at org.apache.maven.surefire.junitplatform.LauncherAdapter.execute(LauncherAdapter.java:52) ~[surefire-junit-platform-3.5.4.jar:3.5.4]
	at org.apache.maven.surefire.junitplatform.JUnitPlatformProvider.execute(JUnitPlatformProvider.java:203) ~[surefire-junit-platform-3.5.4.jar:3.5.4]
	at org.apache.maven.surefire.junitplatform.JUnitPlatformProvider.invokeAllTests(JUnitPlatformProvider.java:168) ~[surefire-junit-platform-3.5.4.jar:3.5.4]
	at org.apache.maven.surefire.junitplatform.JUnitPlatformProvider.invoke(JUnitPlatformProvider.java:136) ~[surefire-junit-platform-3.5.4.jar:3.5.4]
	at org.apache.maven.surefire.booter.ForkedBooter.runSuitesInProcess(ForkedBooter.java:385) ~[surefire-booter-3.5.4.jar:3.5.4]
	at org.apache.maven.surefire.booter.ForkedBooter.execute(ForkedBooter.java:162) ~[surefire-booter-3.5.4.jar:3.5.4]
	at org.apache.maven.surefire.booter.ForkedBooter.run(ForkedBooter.java:507) ~[surefire-booter-3.5.4.jar:3.5.4]
	at org.apache.maven.surefire.booter.ForkedBooter.main(ForkedBooter.java:495) ~[surefire-booter-3.5.4.jar:3.5.4]

[INFO] Tests run: 10, Failures: 0, Errors: 0, Skipped: 0, Time elapsed: 0.027 s -- in CreateScoreService - Validaciones de formato y tamaño
[INFO] Running DeleteScoreService - Eliminación de partituras
2025-11-16T14:23:32.935+01:00  INFO 5063 --- [           main] c.p.a.service.DeleteScoreService         : Score deleted successfully: 507f1f77bcf86cd799439011
2025-11-16T14:23:32.937+01:00 ERROR 5063 --- [           main] c.p.a.service.DeleteScoreService         : Error deleting score: 507f1f77bcf86cd799439011

java.lang.RuntimeException: Database connection lost
	at com.pdgigs.application.service.DeleteScoreServiceTest.deleteScore_RepositoryFindFailure_PropagatesError(DeleteScoreServiceTest.java:111) ~[test-classes/:na]
	at java.base/jdk.internal.reflect.DirectMethodHandleAccessor.invoke(DirectMethodHandleAccessor.java:104) ~[na:na]
	at java.base/java.lang.reflect.Method.invoke(Method.java:565) ~[na:na]
	at org.junit.platform.commons.util.ReflectionUtils.invokeMethod(ReflectionUtils.java:775) ~[junit-platform-commons-1.12.2.jar:1.12.2]
	at org.junit.platform.commons.support.ReflectionSupport.invokeMethod(ReflectionSupport.java:479) ~[junit-platform-commons-1.12.2.jar:1.12.2]
	at org.junit.jupiter.engine.execution.MethodInvocation.proceed(MethodInvocation.java:60) ~[junit-jupiter-engine-5.12.2.jar:5.12.2]
	at org.junit.jupiter.engine.execution.InvocationInterceptorChain$ValidatingInvocation.proceed(InvocationInterceptorChain.java:131) ~[junit-jupiter-engine-5.12.2.jar:5.12.2]
	at org.junit.jupiter.engine.extension.TimeoutExtension.intercept(TimeoutExtension.java:161) ~[junit-jupiter-engine-5.12.2.jar:5.12.2]
	at org.junit.jupiter.engine.extension.TimeoutExtension.interceptTestableMethod(TimeoutExtension.java:152) ~[junit-jupiter-engine-5.12.2.jar:5.12.2]
	at org.junit.jupiter.engine.extension.TimeoutExtension.interceptTestMethod(TimeoutExtension.java:91) ~[junit-jupiter-engine-5.12.2.jar:5.12.2]
	at org.junit.jupiter.engine.execution.InterceptingExecutableInvoker$ReflectiveInterceptorCall.lambda$ofVoidMethod$0(InterceptingExecutableInvoker.java:112) ~[junit-jupiter-engine-5.12.2.jar:5.12.2]
	at org.junit.jupiter.engine.execution.InterceptingExecutableInvoker.lambda$invoke$0(InterceptingExecutableInvoker.java:94) ~[junit-jupiter-engine-5.12.2.jar:5.12.2]
	at org.junit.jupiter.engine.execution.InvocationInterceptorChain$InterceptedInvocation.proceed(InvocationInterceptorChain.java:106) ~[junit-jupiter-engine-5.12.2.jar:5.12.2]
	at org.junit.jupiter.engine.execution.InvocationInterceptorChain.proceed(InvocationInterceptorChain.java:64) ~[junit-jupiter-engine-5.12.2.jar:5.12.2]
	at org.junit.jupiter.engine.execution.InvocationInterceptorChain.chainAndInvoke(InvocationInterceptorChain.java:45) ~[junit-jupiter-engine-5.12.2.jar:5.12.2]
	at org.junit.jupiter.engine.execution.InvocationInterceptorChain.invoke(InvocationInterceptorChain.java:37) ~[junit-jupiter-engine-5.12.2.jar:5.12.2]
	at org.junit.jupiter.engine.execution.InterceptingExecutableInvoker.invoke(InterceptingExecutableInvoker.java:93) ~[junit-jupiter-engine-5.12.2.jar:5.12.2]
	at org.junit.jupiter.engine.execution.InterceptingExecutableInvoker.invoke(InterceptingExecutableInvoker.java:87) ~[junit-jupiter-engine-5.12.2.jar:5.12.2]
	at org.junit.jupiter.engine.descriptor.TestMethodTestDescriptor.lambda$invokeTestMethod$7(TestMethodTestDescriptor.java:216) ~[junit-jupiter-engine-5.12.2.jar:5.12.2]
	at org.junit.platform.engine.support.hierarchical.ThrowableCollector.execute(ThrowableCollector.java:73) ~[junit-platform-engine-1.12.2.jar:1.12.2]
	at org.junit.jupiter.engine.descriptor.TestMethodTestDescriptor.invokeTestMethod(TestMethodTestDescriptor.java:212) ~[junit-jupiter-engine-5.12.2.jar:5.12.2]
	at org.junit.jupiter.engine.descriptor.TestMethodTestDescriptor.execute(TestMethodTestDescriptor.java:137) ~[junit-jupiter-engine-5.12.2.jar:5.12.2]
	at org.junit.jupiter.engine.descriptor.TestMethodTestDescriptor.execute(TestMethodTestDescriptor.java:69) ~[junit-jupiter-engine-5.12.2.jar:5.12.2]
	at org.junit.platform.engine.support.hierarchical.NodeTestTask.lambda$executeRecursively$6(NodeTestTask.java:156) ~[junit-platform-engine-1.12.2.jar:1.12.2]
	at org.junit.platform.engine.support.hierarchical.ThrowableCollector.execute(ThrowableCollector.java:73) ~[junit-platform-engine-1.12.2.jar:1.12.2]
	at org.junit.platform.engine.support.hierarchical.NodeTestTask.lambda$executeRecursively$8(NodeTestTask.java:146) ~[junit-platform-engine-1.12.2.jar:1.12.2]
	at org.junit.platform.engine.support.hierarchical.Node.around(Node.java:137) ~[junit-platform-engine-1.12.2.jar:1.12.2]
	at org.junit.platform.engine.support.hierarchical.NodeTestTask.lambda$executeRecursively$9(NodeTestTask.java:144) ~[junit-platform-engine-1.12.2.jar:1.12.2]
	at org.junit.platform.engine.support.hierarchical.ThrowableCollector.execute(ThrowableCollector.java:73) ~[junit-platform-engine-1.12.2.jar:1.12.2]
	at org.junit.platform.engine.support.hierarchical.NodeTestTask.executeRecursively(NodeTestTask.java:143) ~[junit-platform-engine-1.12.2.jar:1.12.2]
	at org.junit.platform.engine.support.hierarchical.NodeTestTask.execute(NodeTestTask.java:100) ~[junit-platform-engine-1.12.2.jar:1.12.2]
	at java.base/java.util.ArrayList.forEach(ArrayList.java:1604) ~[na:na]
	at org.junit.platform.engine.support.hierarchical.SameThreadHierarchicalTestExecutorService.invokeAll(SameThreadHierarchicalTestExecutorService.java:41) ~[junit-platform-engine-1.12.2.jar:1.12.2]
	at org.junit.platform.engine.support.hierarchical.NodeTestTask.lambda$executeRecursively$6(NodeTestTask.java:160) ~[junit-platform-engine-1.12.2.jar:1.12.2]
	at org.junit.platform.engine.support.hierarchical.ThrowableCollector.execute(ThrowableCollector.java:73) ~[junit-platform-engine-1.12.2.jar:1.12.2]
	at org.junit.platform.engine.support.hierarchical.NodeTestTask.lambda$executeRecursively$8(NodeTestTask.java:146) ~[junit-platform-engine-1.12.2.jar:1.12.2]
	at org.junit.platform.engine.support.hierarchical.Node.around(Node.java:137) ~[junit-platform-engine-1.12.2.jar:1.12.2]
	at org.junit.platform.engine.support.hierarchical.NodeTestTask.lambda$executeRecursively$9(NodeTestTask.java:144) ~[junit-platform-engine-1.12.2.jar:1.12.2]
	at org.junit.platform.engine.support.hierarchical.ThrowableCollector.execute(ThrowableCollector.java:73) ~[junit-platform-engine-1.12.2.jar:1.12.2]
	at org.junit.platform.engine.support.hierarchical.NodeTestTask.executeRecursively(NodeTestTask.java:143) ~[junit-platform-engine-1.12.2.jar:1.12.2]
	at org.junit.platform.engine.support.hierarchical.NodeTestTask.execute(NodeTestTask.java:100) ~[junit-platform-engine-1.12.2.jar:1.12.2]
	at java.base/java.util.ArrayList.forEach(ArrayList.java:1604) ~[na:na]
	at org.junit.platform.engine.support.hierarchical.SameThreadHierarchicalTestExecutorService.invokeAll(SameThreadHierarchicalTestExecutorService.java:41) ~[junit-platform-engine-1.12.2.jar:1.12.2]
	at org.junit.platform.engine.support.hierarchical.NodeTestTask.lambda$executeRecursively$6(NodeTestTask.java:160) ~[junit-platform-engine-1.12.2.jar:1.12.2]
	at org.junit.platform.engine.support.hierarchical.ThrowableCollector.execute(ThrowableCollector.java:73) ~[junit-platform-engine-1.12.2.jar:1.12.2]
	at org.junit.platform.engine.support.hierarchical.NodeTestTask.lambda$executeRecursively$8(NodeTestTask.java:146) ~[junit-platform-engine-1.12.2.jar:1.12.2]
	at org.junit.platform.engine.support.hierarchical.Node.around(Node.java:137) ~[junit-platform-engine-1.12.2.jar:1.12.2]
	at org.junit.platform.engine.support.hierarchical.NodeTestTask.lambda$executeRecursively$9(NodeTestTask.java:144) ~[junit-platform-engine-1.12.2.jar:1.12.2]
	at org.junit.platform.engine.support.hierarchical.ThrowableCollector.execute(ThrowableCollector.java:73) ~[junit-platform-engine-1.12.2.jar:1.12.2]
	at org.junit.platform.engine.support.hierarchical.NodeTestTask.executeRecursively(NodeTestTask.java:143) ~[junit-platform-engine-1.12.2.jar:1.12.2]
	at org.junit.platform.engine.support.hierarchical.NodeTestTask.execute(NodeTestTask.java:100) ~[junit-platform-engine-1.12.2.jar:1.12.2]
	at org.junit.platform.engine.support.hierarchical.SameThreadHierarchicalTestExecutorService.submit(SameThreadHierarchicalTestExecutorService.java:35) ~[junit-platform-engine-1.12.2.jar:1.12.2]
	at org.junit.platform.engine.support.hierarchical.HierarchicalTestExecutor.execute(HierarchicalTestExecutor.java:57) ~[junit-platform-engine-1.12.2.jar:1.12.2]
	at org.junit.platform.engine.support.hierarchical.HierarchicalTestEngine.execute(HierarchicalTestEngine.java:54) ~[junit-platform-engine-1.12.2.jar:1.12.2]
	at org.junit.platform.launcher.core.EngineExecutionOrchestrator.execute(EngineExecutionOrchestrator.java:201) ~[junit-platform-launcher-1.12.2.jar:1.12.2]
	at org.junit.platform.launcher.core.EngineExecutionOrchestrator.execute(EngineExecutionOrchestrator.java:170) ~[junit-platform-launcher-1.12.2.jar:1.12.2]
	at org.junit.platform.launcher.core.EngineExecutionOrchestrator.execute(EngineExecutionOrchestrator.java:94) ~[junit-platform-launcher-1.12.2.jar:1.12.2]
	at org.junit.platform.launcher.core.EngineExecutionOrchestrator.lambda$execute$0(EngineExecutionOrchestrator.java:59) ~[junit-platform-launcher-1.12.2.jar:1.12.2]
	at org.junit.platform.launcher.core.EngineExecutionOrchestrator.withInterceptedStreams(EngineExecutionOrchestrator.java:142) ~[junit-platform-launcher-1.12.2.jar:1.12.2]
	at org.junit.platform.launcher.core.EngineExecutionOrchestrator.execute(EngineExecutionOrchestrator.java:58) ~[junit-platform-launcher-1.12.2.jar:1.12.2]
	at org.junit.platform.launcher.core.DefaultLauncher.execute(DefaultLauncher.java:103) ~[junit-platform-launcher-1.12.2.jar:1.12.2]
	at org.junit.platform.launcher.core.DefaultLauncher.execute(DefaultLauncher.java:85) ~[junit-platform-launcher-1.12.2.jar:1.12.2]
	at org.junit.platform.launcher.core.DelegatingLauncher.execute(DelegatingLauncher.java:47) ~[junit-platform-launcher-1.12.2.jar:1.12.2]
	at org.junit.platform.launcher.core.InterceptingLauncher.lambda$execute$1(InterceptingLauncher.java:39) ~[junit-platform-launcher-1.12.2.jar:1.12.2]
	at org.junit.platform.launcher.core.ClasspathAlignmentCheckingLauncherInterceptor.intercept(ClasspathAlignmentCheckingLauncherInterceptor.java:25) ~[junit-platform-launcher-1.12.2.jar:1.12.2]
	at org.junit.platform.launcher.core.InterceptingLauncher.execute(InterceptingLauncher.java:38) ~[junit-platform-launcher-1.12.2.jar:1.12.2]
	at org.junit.platform.launcher.core.DelegatingLauncher.execute(DelegatingLauncher.java:47) ~[junit-platform-launcher-1.12.2.jar:1.12.2]
	at org.apache.maven.surefire.junitplatform.LauncherAdapter.executeWithoutCancellationToken(LauncherAdapter.java:60) ~[surefire-junit-platform-3.5.4.jar:3.5.4]
	at org.apache.maven.surefire.junitplatform.LauncherAdapter.execute(LauncherAdapter.java:52) ~[surefire-junit-platform-3.5.4.jar:3.5.4]
	at org.apache.maven.surefire.junitplatform.JUnitPlatformProvider.execute(JUnitPlatformProvider.java:203) ~[surefire-junit-platform-3.5.4.jar:3.5.4]
	at org.apache.maven.surefire.junitplatform.JUnitPlatformProvider.invokeAllTests(JUnitPlatformProvider.java:168) ~[surefire-junit-platform-3.5.4.jar:3.5.4]
	at org.apache.maven.surefire.junitplatform.JUnitPlatformProvider.invoke(JUnitPlatformProvider.java:136) ~[surefire-junit-platform-3.5.4.jar:3.5.4]
	at org.apache.maven.surefire.booter.ForkedBooter.runSuitesInProcess(ForkedBooter.java:385) ~[surefire-booter-3.5.4.jar:3.5.4]
	at org.apache.maven.surefire.booter.ForkedBooter.execute(ForkedBooter.java:162) ~[surefire-booter-3.5.4.jar:3.5.4]
	at org.apache.maven.surefire.booter.ForkedBooter.run(ForkedBooter.java:507) ~[surefire-booter-3.5.4.jar:3.5.4]
	at org.apache.maven.surefire.booter.ForkedBooter.main(ForkedBooter.java:495) ~[surefire-booter-3.5.4.jar:3.5.4]

2025-11-16T14:23:32.939+01:00 ERROR 5063 --- [           main] c.p.a.service.DeleteScoreService         : Error deleting score: 507f1f77bcf86cd799439011

java.lang.RuntimeException: Failed to delete from database
	at com.pdgigs.application.service.DeleteScoreServiceTest.deleteScore_RepositoryDeleteFailure_PropagatesError(DeleteScoreServiceTest.java:140) ~[test-classes/:na]
	at java.base/jdk.internal.reflect.DirectMethodHandleAccessor.invoke(DirectMethodHandleAccessor.java:104) ~[na:na]
	at java.base/java.lang.reflect.Method.invoke(Method.java:565) ~[na:na]
	at org.junit.platform.commons.util.ReflectionUtils.invokeMethod(ReflectionUtils.java:775) ~[junit-platform-commons-1.12.2.jar:1.12.2]
	at org.junit.platform.commons.support.ReflectionSupport.invokeMethod(ReflectionSupport.java:479) ~[junit-platform-commons-1.12.2.jar:1.12.2]
	at org.junit.jupiter.engine.execution.MethodInvocation.proceed(MethodInvocation.java:60) ~[junit-jupiter-engine-5.12.2.jar:5.12.2]
	at org.junit.jupiter.engine.execution.InvocationInterceptorChain$ValidatingInvocation.proceed(InvocationInterceptorChain.java:131) ~[junit-jupiter-engine-5.12.2.jar:5.12.2]
	at org.junit.jupiter.engine.extension.TimeoutExtension.intercept(TimeoutExtension.java:161) ~[junit-jupiter-engine-5.12.2.jar:5.12.2]
	at org.junit.jupiter.engine.extension.TimeoutExtension.interceptTestableMethod(TimeoutExtension.java:152) ~[junit-jupiter-engine-5.12.2.jar:5.12.2]
	at org.junit.jupiter.engine.extension.TimeoutExtension.interceptTestMethod(TimeoutExtension.java:91) ~[junit-jupiter-engine-5.12.2.jar:5.12.2]
	at org.junit.jupiter.engine.execution.InterceptingExecutableInvoker$ReflectiveInterceptorCall.lambda$ofVoidMethod$0(InterceptingExecutableInvoker.java:112) ~[junit-jupiter-engine-5.12.2.jar:5.12.2]
	at org.junit.jupiter.engine.execution.InterceptingExecutableInvoker.lambda$invoke$0(InterceptingExecutableInvoker.java:94) ~[junit-jupiter-engine-5.12.2.jar:5.12.2]
	at org.junit.jupiter.engine.execution.InvocationInterceptorChain$InterceptedInvocation.proceed(InvocationInterceptorChain.java:106) ~[junit-jupiter-engine-5.12.2.jar:5.12.2]
	at org.junit.jupiter.engine.execution.InvocationInterceptorChain.proceed(InvocationInterceptorChain.java:64) ~[junit-jupiter-engine-5.12.2.jar:5.12.2]
	at org.junit.jupiter.engine.execution.InvocationInterceptorChain.chainAndInvoke(InvocationInterceptorChain.java:45) ~[junit-jupiter-engine-5.12.2.jar:5.12.2]
	at org.junit.jupiter.engine.execution.InvocationInterceptorChain.invoke(InvocationInterceptorChain.java:37) ~[junit-jupiter-engine-5.12.2.jar:5.12.2]
	at org.junit.jupiter.engine.execution.InterceptingExecutableInvoker.invoke(InterceptingExecutableInvoker.java:93) ~[junit-jupiter-engine-5.12.2.jar:5.12.2]
	at org.junit.jupiter.engine.execution.InterceptingExecutableInvoker.invoke(InterceptingExecutableInvoker.java:87) ~[junit-jupiter-engine-5.12.2.jar:5.12.2]
	at org.junit.jupiter.engine.descriptor.TestMethodTestDescriptor.lambda$invokeTestMethod$7(TestMethodTestDescriptor.java:216) ~[junit-jupiter-engine-5.12.2.jar:5.12.2]
	at org.junit.platform.engine.support.hierarchical.ThrowableCollector.execute(ThrowableCollector.java:73) ~[junit-platform-engine-1.12.2.jar:1.12.2]
	at org.junit.jupiter.engine.descriptor.TestMethodTestDescriptor.invokeTestMethod(TestMethodTestDescriptor.java:212) ~[junit-jupiter-engine-5.12.2.jar:5.12.2]
	at org.junit.jupiter.engine.descriptor.TestMethodTestDescriptor.execute(TestMethodTestDescriptor.java:137) ~[junit-jupiter-engine-5.12.2.jar:5.12.2]
	at org.junit.jupiter.engine.descriptor.TestMethodTestDescriptor.execute(TestMethodTestDescriptor.java:69) ~[junit-jupiter-engine-5.12.2.jar:5.12.2]
	at org.junit.platform.engine.support.hierarchical.NodeTestTask.lambda$executeRecursively$6(NodeTestTask.java:156) ~[junit-platform-engine-1.12.2.jar:1.12.2]
	at org.junit.platform.engine.support.hierarchical.ThrowableCollector.execute(ThrowableCollector.java:73) ~[junit-platform-engine-1.12.2.jar:1.12.2]
	at org.junit.platform.engine.support.hierarchical.NodeTestTask.lambda$executeRecursively$8(NodeTestTask.java:146) ~[junit-platform-engine-1.12.2.jar:1.12.2]
	at org.junit.platform.engine.support.hierarchical.Node.around(Node.java:137) ~[junit-platform-engine-1.12.2.jar:1.12.2]
	at org.junit.platform.engine.support.hierarchical.NodeTestTask.lambda$executeRecursively$9(NodeTestTask.java:144) ~[junit-platform-engine-1.12.2.jar:1.12.2]
	at org.junit.platform.engine.support.hierarchical.ThrowableCollector.execute(ThrowableCollector.java:73) ~[junit-platform-engine-1.12.2.jar:1.12.2]
	at org.junit.platform.engine.support.hierarchical.NodeTestTask.executeRecursively(NodeTestTask.java:143) ~[junit-platform-engine-1.12.2.jar:1.12.2]
	at org.junit.platform.engine.support.hierarchical.NodeTestTask.execute(NodeTestTask.java:100) ~[junit-platform-engine-1.12.2.jar:1.12.2]
	at java.base/java.util.ArrayList.forEach(ArrayList.java:1604) ~[na:na]
	at org.junit.platform.engine.support.hierarchical.SameThreadHierarchicalTestExecutorService.invokeAll(SameThreadHierarchicalTestExecutorService.java:41) ~[junit-platform-engine-1.12.2.jar:1.12.2]
	at org.junit.platform.engine.support.hierarchical.NodeTestTask.lambda$executeRecursively$6(NodeTestTask.java:160) ~[junit-platform-engine-1.12.2.jar:1.12.2]
	at org.junit.platform.engine.support.hierarchical.ThrowableCollector.execute(ThrowableCollector.java:73) ~[junit-platform-engine-1.12.2.jar:1.12.2]
	at org.junit.platform.engine.support.hierarchical.NodeTestTask.lambda$executeRecursively$8(NodeTestTask.java:146) ~[junit-platform-engine-1.12.2.jar:1.12.2]
	at org.junit.platform.engine.support.hierarchical.Node.around(Node.java:137) ~[junit-platform-engine-1.12.2.jar:1.12.2]
	at org.junit.platform.engine.support.hierarchical.NodeTestTask.lambda$executeRecursively$9(NodeTestTask.java:144) ~[junit-platform-engine-1.12.2.jar:1.12.2]
	at org.junit.platform.engine.support.hierarchical.ThrowableCollector.execute(ThrowableCollector.java:73) ~[junit-platform-engine-1.12.2.jar:1.12.2]
	at org.junit.platform.engine.support.hierarchical.NodeTestTask.executeRecursively(NodeTestTask.java:143) ~[junit-platform-engine-1.12.2.jar:1.12.2]
	at org.junit.platform.engine.support.hierarchical.NodeTestTask.execute(NodeTestTask.java:100) ~[junit-platform-engine-1.12.2.jar:1.12.2]
	at java.base/java.util.ArrayList.forEach(ArrayList.java:1604) ~[na:na]
	at org.junit.platform.engine.support.hierarchical.SameThreadHierarchicalTestExecutorService.invokeAll(SameThreadHierarchicalTestExecutorService.java:41) ~[junit-platform-engine-1.12.2.jar:1.12.2]
	at org.junit.platform.engine.support.hierarchical.NodeTestTask.lambda$executeRecursively$6(NodeTestTask.java:160) ~[junit-platform-engine-1.12.2.jar:1.12.2]
	at org.junit.platform.engine.support.hierarchical.ThrowableCollector.execute(ThrowableCollector.java:73) ~[junit-platform-engine-1.12.2.jar:1.12.2]
	at org.junit.platform.engine.support.hierarchical.NodeTestTask.lambda$executeRecursively$8(NodeTestTask.java:146) ~[junit-platform-engine-1.12.2.jar:1.12.2]
	at org.junit.platform.engine.support.hierarchical.Node.around(Node.java:137) ~[junit-platform-engine-1.12.2.jar:1.12.2]
	at org.junit.platform.engine.support.hierarchical.NodeTestTask.lambda$executeRecursively$9(NodeTestTask.java:144) ~[junit-platform-engine-1.12.2.jar:1.12.2]
	at org.junit.platform.engine.support.hierarchical.ThrowableCollector.execute(ThrowableCollector.java:73) ~[junit-platform-engine-1.12.2.jar:1.12.2]
	at org.junit.platform.engine.support.hierarchical.NodeTestTask.executeRecursively(NodeTestTask.java:143) ~[junit-platform-engine-1.12.2.jar:1.12.2]
	at org.junit.platform.engine.support.hierarchical.NodeTestTask.execute(NodeTestTask.java:100) ~[junit-platform-engine-1.12.2.jar:1.12.2]
	at org.junit.platform.engine.support.hierarchical.SameThreadHierarchicalTestExecutorService.submit(SameThreadHierarchicalTestExecutorService.java:35) ~[junit-platform-engine-1.12.2.jar:1.12.2]
	at org.junit.platform.engine.support.hierarchical.HierarchicalTestExecutor.execute(HierarchicalTestExecutor.java:57) ~[junit-platform-engine-1.12.2.jar:1.12.2]
	at org.junit.platform.engine.support.hierarchical.HierarchicalTestEngine.execute(HierarchicalTestEngine.java:54) ~[junit-platform-engine-1.12.2.jar:1.12.2]
	at org.junit.platform.launcher.core.EngineExecutionOrchestrator.execute(EngineExecutionOrchestrator.java:201) ~[junit-platform-launcher-1.12.2.jar:1.12.2]
	at org.junit.platform.launcher.core.EngineExecutionOrchestrator.execute(EngineExecutionOrchestrator.java:170) ~[junit-platform-launcher-1.12.2.jar:1.12.2]
	at org.junit.platform.launcher.core.EngineExecutionOrchestrator.execute(EngineExecutionOrchestrator.java:94) ~[junit-platform-launcher-1.12.2.jar:1.12.2]
	at org.junit.platform.launcher.core.EngineExecutionOrchestrator.lambda$execute$0(EngineExecutionOrchestrator.java:59) ~[junit-platform-launcher-1.12.2.jar:1.12.2]
	at org.junit.platform.launcher.core.EngineExecutionOrchestrator.withInterceptedStreams(EngineExecutionOrchestrator.java:142) ~[junit-platform-launcher-1.12.2.jar:1.12.2]
	at org.junit.platform.launcher.core.EngineExecutionOrchestrator.execute(EngineExecutionOrchestrator.java:58) ~[junit-platform-launcher-1.12.2.jar:1.12.2]
	at org.junit.platform.launcher.core.DefaultLauncher.execute(DefaultLauncher.java:103) ~[junit-platform-launcher-1.12.2.jar:1.12.2]
	at org.junit.platform.launcher.core.DefaultLauncher.execute(DefaultLauncher.java:85) ~[junit-platform-launcher-1.12.2.jar:1.12.2]
	at org.junit.platform.launcher.core.DelegatingLauncher.execute(DelegatingLauncher.java:47) ~[junit-platform-launcher-1.12.2.jar:1.12.2]
	at org.junit.platform.launcher.core.InterceptingLauncher.lambda$execute$1(InterceptingLauncher.java:39) ~[junit-platform-launcher-1.12.2.jar:1.12.2]
	at org.junit.platform.launcher.core.ClasspathAlignmentCheckingLauncherInterceptor.intercept(ClasspathAlignmentCheckingLauncherInterceptor.java:25) ~[junit-platform-launcher-1.12.2.jar:1.12.2]
	at org.junit.platform.launcher.core.InterceptingLauncher.execute(InterceptingLauncher.java:38) ~[junit-platform-launcher-1.12.2.jar:1.12.2]
	at org.junit.platform.launcher.core.DelegatingLauncher.execute(DelegatingLauncher.java:47) ~[junit-platform-launcher-1.12.2.jar:1.12.2]
	at org.apache.maven.surefire.junitplatform.LauncherAdapter.executeWithoutCancellationToken(LauncherAdapter.java:60) ~[surefire-junit-platform-3.5.4.jar:3.5.4]
	at org.apache.maven.surefire.junitplatform.LauncherAdapter.execute(LauncherAdapter.java:52) ~[surefire-junit-platform-3.5.4.jar:3.5.4]
	at org.apache.maven.surefire.junitplatform.JUnitPlatformProvider.execute(JUnitPlatformProvider.java:203) ~[surefire-junit-platform-3.5.4.jar:3.5.4]
	at org.apache.maven.surefire.junitplatform.JUnitPlatformProvider.invokeAllTests(JUnitPlatformProvider.java:168) ~[surefire-junit-platform-3.5.4.jar:3.5.4]
	at org.apache.maven.surefire.junitplatform.JUnitPlatformProvider.invoke(JUnitPlatformProvider.java:136) ~[surefire-junit-platform-3.5.4.jar:3.5.4]
	at org.apache.maven.surefire.booter.ForkedBooter.runSuitesInProcess(ForkedBooter.java:385) ~[surefire-booter-3.5.4.jar:3.5.4]
	at org.apache.maven.surefire.booter.ForkedBooter.execute(ForkedBooter.java:162) ~[surefire-booter-3.5.4.jar:3.5.4]
	at org.apache.maven.surefire.booter.ForkedBooter.run(ForkedBooter.java:507) ~[surefire-booter-3.5.4.jar:3.5.4]
	at org.apache.maven.surefire.booter.ForkedBooter.main(ForkedBooter.java:495) ~[surefire-booter-3.5.4.jar:3.5.4]

2025-11-16T14:23:32.941+01:00 ERROR 5063 --- [           main] c.p.a.service.DeleteScoreService         : Error deleting score: 507f1f77bcf86cd799439099

com.pdgigs.domain.exception.ResourceNotFoundException: Score not found with ID: 507f1f77bcf86cd799439099
	at com.pdgigs.domain.exception.ResourceNotFoundException.score(ResourceNotFoundException.java:10) ~[classes/:na]
	at com.pdgigs.application.service.DeleteScoreService.deleteScore(DeleteScoreService.java:25) ~[classes/:na]
	at com.pdgigs.application.service.DeleteScoreServiceTest.deleteScore_ScoreNotFound_ThrowsResourceNotFoundException(DeleteScoreServiceTest.java:69) ~[test-classes/:na]
	at java.base/jdk.internal.reflect.DirectMethodHandleAccessor.invoke(DirectMethodHandleAccessor.java:104) ~[na:na]
	at java.base/java.lang.reflect.Method.invoke(Method.java:565) ~[na:na]
	at org.junit.platform.commons.util.ReflectionUtils.invokeMethod(ReflectionUtils.java:775) ~[junit-platform-commons-1.12.2.jar:1.12.2]
	at org.junit.platform.commons.support.ReflectionSupport.invokeMethod(ReflectionSupport.java:479) ~[junit-platform-commons-1.12.2.jar:1.12.2]
	at org.junit.jupiter.engine.execution.MethodInvocation.proceed(MethodInvocation.java:60) ~[junit-jupiter-engine-5.12.2.jar:5.12.2]
	at org.junit.jupiter.engine.execution.InvocationInterceptorChain$ValidatingInvocation.proceed(InvocationInterceptorChain.java:131) ~[junit-jupiter-engine-5.12.2.jar:5.12.2]
	at org.junit.jupiter.engine.extension.TimeoutExtension.intercept(TimeoutExtension.java:161) ~[junit-jupiter-engine-5.12.2.jar:5.12.2]
	at org.junit.jupiter.engine.extension.TimeoutExtension.interceptTestableMethod(TimeoutExtension.java:152) ~[junit-jupiter-engine-5.12.2.jar:5.12.2]
	at org.junit.jupiter.engine.extension.TimeoutExtension.interceptTestMethod(TimeoutExtension.java:91) ~[junit-jupiter-engine-5.12.2.jar:5.12.2]
	at org.junit.jupiter.engine.execution.InterceptingExecutableInvoker$ReflectiveInterceptorCall.lambda$ofVoidMethod$0(InterceptingExecutableInvoker.java:112) ~[junit-jupiter-engine-5.12.2.jar:5.12.2]
	at org.junit.jupiter.engine.execution.InterceptingExecutableInvoker.lambda$invoke$0(InterceptingExecutableInvoker.java:94) ~[junit-jupiter-engine-5.12.2.jar:5.12.2]
	at org.junit.jupiter.engine.execution.InvocationInterceptorChain$InterceptedInvocation.proceed(InvocationInterceptorChain.java:106) ~[junit-jupiter-engine-5.12.2.jar:5.12.2]
	at org.junit.jupiter.engine.execution.InvocationInterceptorChain.proceed(InvocationInterceptorChain.java:64) ~[junit-jupiter-engine-5.12.2.jar:5.12.2]
	at org.junit.jupiter.engine.execution.InvocationInterceptorChain.chainAndInvoke(InvocationInterceptorChain.java:45) ~[junit-jupiter-engine-5.12.2.jar:5.12.2]
	at org.junit.jupiter.engine.execution.InvocationInterceptorChain.invoke(InvocationInterceptorChain.java:37) ~[junit-jupiter-engine-5.12.2.jar:5.12.2]
	at org.junit.jupiter.engine.execution.InterceptingExecutableInvoker.invoke(InterceptingExecutableInvoker.java:93) ~[junit-jupiter-engine-5.12.2.jar:5.12.2]
	at org.junit.jupiter.engine.execution.InterceptingExecutableInvoker.invoke(InterceptingExecutableInvoker.java:87) ~[junit-jupiter-engine-5.12.2.jar:5.12.2]
	at org.junit.jupiter.engine.descriptor.TestMethodTestDescriptor.lambda$invokeTestMethod$7(TestMethodTestDescriptor.java:216) ~[junit-jupiter-engine-5.12.2.jar:5.12.2]
	at org.junit.platform.engine.support.hierarchical.ThrowableCollector.execute(ThrowableCollector.java:73) ~[junit-platform-engine-1.12.2.jar:1.12.2]
	at org.junit.jupiter.engine.descriptor.TestMethodTestDescriptor.invokeTestMethod(TestMethodTestDescriptor.java:212) ~[junit-jupiter-engine-5.12.2.jar:5.12.2]
	at org.junit.jupiter.engine.descriptor.TestMethodTestDescriptor.execute(TestMethodTestDescriptor.java:137) ~[junit-jupiter-engine-5.12.2.jar:5.12.2]
	at org.junit.jupiter.engine.descriptor.TestMethodTestDescriptor.execute(TestMethodTestDescriptor.java:69) ~[junit-jupiter-engine-5.12.2.jar:5.12.2]
	at org.junit.platform.engine.support.hierarchical.NodeTestTask.lambda$executeRecursively$6(NodeTestTask.java:156) ~[junit-platform-engine-1.12.2.jar:1.12.2]
	at org.junit.platform.engine.support.hierarchical.ThrowableCollector.execute(ThrowableCollector.java:73) ~[junit-platform-engine-1.12.2.jar:1.12.2]
	at org.junit.platform.engine.support.hierarchical.NodeTestTask.lambda$executeRecursively$8(NodeTestTask.java:146) ~[junit-platform-engine-1.12.2.jar:1.12.2]
	at org.junit.platform.engine.support.hierarchical.Node.around(Node.java:137) ~[junit-platform-engine-1.12.2.jar:1.12.2]
	at org.junit.platform.engine.support.hierarchical.NodeTestTask.lambda$executeRecursively$9(NodeTestTask.java:144) ~[junit-platform-engine-1.12.2.jar:1.12.2]
	at org.junit.platform.engine.support.hierarchical.ThrowableCollector.execute(ThrowableCollector.java:73) ~[junit-platform-engine-1.12.2.jar:1.12.2]
	at org.junit.platform.engine.support.hierarchical.NodeTestTask.executeRecursively(NodeTestTask.java:143) ~[junit-platform-engine-1.12.2.jar:1.12.2]
	at org.junit.platform.engine.support.hierarchical.NodeTestTask.execute(NodeTestTask.java:100) ~[junit-platform-engine-1.12.2.jar:1.12.2]
	at java.base/java.util.ArrayList.forEach(ArrayList.java:1604) ~[na:na]
	at org.junit.platform.engine.support.hierarchical.SameThreadHierarchicalTestExecutorService.invokeAll(SameThreadHierarchicalTestExecutorService.java:41) ~[junit-platform-engine-1.12.2.jar:1.12.2]
	at org.junit.platform.engine.support.hierarchical.NodeTestTask.lambda$executeRecursively$6(NodeTestTask.java:160) ~[junit-platform-engine-1.12.2.jar:1.12.2]
	at org.junit.platform.engine.support.hierarchical.ThrowableCollector.execute(ThrowableCollector.java:73) ~[junit-platform-engine-1.12.2.jar:1.12.2]
	at org.junit.platform.engine.support.hierarchical.NodeTestTask.lambda$executeRecursively$8(NodeTestTask.java:146) ~[junit-platform-engine-1.12.2.jar:1.12.2]
	at org.junit.platform.engine.support.hierarchical.Node.around(Node.java:137) ~[junit-platform-engine-1.12.2.jar:1.12.2]
	at org.junit.platform.engine.support.hierarchical.NodeTestTask.lambda$executeRecursively$9(NodeTestTask.java:144) ~[junit-platform-engine-1.12.2.jar:1.12.2]
	at org.junit.platform.engine.support.hierarchical.ThrowableCollector.execute(ThrowableCollector.java:73) ~[junit-platform-engine-1.12.2.jar:1.12.2]
	at org.junit.platform.engine.support.hierarchical.NodeTestTask.executeRecursively(NodeTestTask.java:143) ~[junit-platform-engine-1.12.2.jar:1.12.2]
	at org.junit.platform.engine.support.hierarchical.NodeTestTask.execute(NodeTestTask.java:100) ~[junit-platform-engine-1.12.2.jar:1.12.2]
	at java.base/java.util.ArrayList.forEach(ArrayList.java:1604) ~[na:na]
	at org.junit.platform.engine.support.hierarchical.SameThreadHierarchicalTestExecutorService.invokeAll(SameThreadHierarchicalTestExecutorService.java:41) ~[junit-platform-engine-1.12.2.jar:1.12.2]
	at org.junit.platform.engine.support.hierarchical.NodeTestTask.lambda$executeRecursively$6(NodeTestTask.java:160) ~[junit-platform-engine-1.12.2.jar:1.12.2]
	at org.junit.platform.engine.support.hierarchical.ThrowableCollector.execute(ThrowableCollector.java:73) ~[junit-platform-engine-1.12.2.jar:1.12.2]
	at org.junit.platform.engine.support.hierarchical.NodeTestTask.lambda$executeRecursively$8(NodeTestTask.java:146) ~[junit-platform-engine-1.12.2.jar:1.12.2]
	at org.junit.platform.engine.support.hierarchical.Node.around(Node.java:137) ~[junit-platform-engine-1.12.2.jar:1.12.2]
	at org.junit.platform.engine.support.hierarchical.NodeTestTask.lambda$executeRecursively$9(NodeTestTask.java:144) ~[junit-platform-engine-1.12.2.jar:1.12.2]
	at org.junit.platform.engine.support.hierarchical.ThrowableCollector.execute(ThrowableCollector.java:73) ~[junit-platform-engine-1.12.2.jar:1.12.2]
	at org.junit.platform.engine.support.hierarchical.NodeTestTask.executeRecursively(NodeTestTask.java:143) ~[junit-platform-engine-1.12.2.jar:1.12.2]
	at org.junit.platform.engine.support.hierarchical.NodeTestTask.execute(NodeTestTask.java:100) ~[junit-platform-engine-1.12.2.jar:1.12.2]
	at org.junit.platform.engine.support.hierarchical.SameThreadHierarchicalTestExecutorService.submit(SameThreadHierarchicalTestExecutorService.java:35) ~[junit-platform-engine-1.12.2.jar:1.12.2]
	at org.junit.platform.engine.support.hierarchical.HierarchicalTestExecutor.execute(HierarchicalTestExecutor.java:57) ~[junit-platform-engine-1.12.2.jar:1.12.2]
	at org.junit.platform.engine.support.hierarchical.HierarchicalTestEngine.execute(HierarchicalTestEngine.java:54) ~[junit-platform-engine-1.12.2.jar:1.12.2]
	at org.junit.platform.launcher.core.EngineExecutionOrchestrator.execute(EngineExecutionOrchestrator.java:201) ~[junit-platform-launcher-1.12.2.jar:1.12.2]
	at org.junit.platform.launcher.core.EngineExecutionOrchestrator.execute(EngineExecutionOrchestrator.java:170) ~[junit-platform-launcher-1.12.2.jar:1.12.2]
	at org.junit.platform.launcher.core.EngineExecutionOrchestrator.execute(EngineExecutionOrchestrator.java:94) ~[junit-platform-launcher-1.12.2.jar:1.12.2]
	at org.junit.platform.launcher.core.EngineExecutionOrchestrator.lambda$execute$0(EngineExecutionOrchestrator.java:59) ~[junit-platform-launcher-1.12.2.jar:1.12.2]
	at org.junit.platform.launcher.core.EngineExecutionOrchestrator.withInterceptedStreams(EngineExecutionOrchestrator.java:142) ~[junit-platform-launcher-1.12.2.jar:1.12.2]
	at org.junit.platform.launcher.core.EngineExecutionOrchestrator.execute(EngineExecutionOrchestrator.java:58) ~[junit-platform-launcher-1.12.2.jar:1.12.2]
	at org.junit.platform.launcher.core.DefaultLauncher.execute(DefaultLauncher.java:103) ~[junit-platform-launcher-1.12.2.jar:1.12.2]
	at org.junit.platform.launcher.core.DefaultLauncher.execute(DefaultLauncher.java:85) ~[junit-platform-launcher-1.12.2.jar:1.12.2]
	at org.junit.platform.launcher.core.DelegatingLauncher.execute(DelegatingLauncher.java:47) ~[junit-platform-launcher-1.12.2.jar:1.12.2]
	at org.junit.platform.launcher.core.InterceptingLauncher.lambda$execute$1(InterceptingLauncher.java:39) ~[junit-platform-launcher-1.12.2.jar:1.12.2]
	at org.junit.platform.launcher.core.ClasspathAlignmentCheckingLauncherInterceptor.intercept(ClasspathAlignmentCheckingLauncherInterceptor.java:25) ~[junit-platform-launcher-1.12.2.jar:1.12.2]
	at org.junit.platform.launcher.core.InterceptingLauncher.execute(InterceptingLauncher.java:38) ~[junit-platform-launcher-1.12.2.jar:1.12.2]
	at org.junit.platform.launcher.core.DelegatingLauncher.execute(DelegatingLauncher.java:47) ~[junit-platform-launcher-1.12.2.jar:1.12.2]
	at org.apache.maven.surefire.junitplatform.LauncherAdapter.executeWithoutCancellationToken(LauncherAdapter.java:60) ~[surefire-junit-platform-3.5.4.jar:3.5.4]
	at org.apache.maven.surefire.junitplatform.LauncherAdapter.execute(LauncherAdapter.java:52) ~[surefire-junit-platform-3.5.4.jar:3.5.4]
	at org.apache.maven.surefire.junitplatform.JUnitPlatformProvider.execute(JUnitPlatformProvider.java:203) ~[surefire-junit-platform-3.5.4.jar:3.5.4]
	at org.apache.maven.surefire.junitplatform.JUnitPlatformProvider.invokeAllTests(JUnitPlatformProvider.java:168) ~[surefire-junit-platform-3.5.4.jar:3.5.4]
	at org.apache.maven.surefire.junitplatform.JUnitPlatformProvider.invoke(JUnitPlatformProvider.java:136) ~[surefire-junit-platform-3.5.4.jar:3.5.4]
	at org.apache.maven.surefire.booter.ForkedBooter.runSuitesInProcess(ForkedBooter.java:385) ~[surefire-booter-3.5.4.jar:3.5.4]
	at org.apache.maven.surefire.booter.ForkedBooter.execute(ForkedBooter.java:162) ~[surefire-booter-3.5.4.jar:3.5.4]
	at org.apache.maven.surefire.booter.ForkedBooter.run(ForkedBooter.java:507) ~[surefire-booter-3.5.4.jar:3.5.4]
	at org.apache.maven.surefire.booter.ForkedBooter.main(ForkedBooter.java:495) ~[surefire-booter-3.5.4.jar:3.5.4]

2025-11-16T14:23:32.945+01:00  INFO 5063 --- [           main] c.p.a.service.DeleteScoreService         : Score deleted successfully: 507f1f77bcf86cd799439011
[INFO] Tests run: 5, Failures: 0, Errors: 0, Skipped: 0, Time elapsed: 0.012 s -- in DeleteScoreService - Eliminación de partituras
[INFO] Running CreateScoreService - Metadata vacía
2025-11-16T14:23:32.949+01:00  INFO 5063 --- [           main] c.p.a.service.CreateScoreService         : Score created successfully with ID: 507f1f77bcf86cd799439011
2025-11-16T14:23:32.954+01:00  INFO 5063 --- [           main] c.p.a.service.CreateScoreService         : Score created successfully with ID: 507f1f77bcf86cd799439011
2025-11-16T14:23:32.958+01:00  INFO 5063 --- [           main] c.p.a.service.CreateScoreService         : Score created successfully with ID: 507f1f77bcf86cd799439011
[INFO] Tests run: 3, Failures: 0, Errors: 0, Skipped: 0, Time elapsed: 0.011 s -- in CreateScoreService - Metadata vacía
[INFO] Running Criterio: Visualización de Metadata Exitosa
2025-11-16T14:23:32.961+01:00  INFO 5063 --- [           main] c.p.a.service.GetScoreMetadataService    : Metadata retrieved for score: 507f1f77bcf86cd799439011
2025-11-16T14:23:32.964+01:00  INFO 5063 --- [           main] c.p.a.service.GetScoreMetadataService    : Metadata retrieved for score: 507f1f77bcf86cd799439011
[INFO] Tests run: 4, Failures: 0, Errors: 0, Skipped: 0, Time elapsed: 0.008 s -- in Criterio: Visualización de Metadata Exitosa
[INFO] Running CreateScoreService - Metadata parcial
2025-11-16T14:23:32.969+01:00  INFO 5063 --- [           main] c.p.a.service.CreateScoreService         : Score created successfully with ID: 507f1f77bcf86cd799439014
2025-11-16T14:23:32.971+01:00  INFO 5063 --- [           main] c.p.a.service.CreateScoreService         : Score created successfully with ID: 507f1f77bcf86cd799439011
2025-11-16T14:23:32.972+01:00  INFO 5063 --- [           main] c.p.a.service.CreateScoreService         : Score created successfully with ID: 507f1f77bcf86cd799439012
2025-11-16T14:23:32.973+01:00  INFO 5063 --- [           main] c.p.a.service.CreateScoreService         : Score created successfully with ID: 507f1f77bcf86cd799439015
2025-11-16T14:23:32.974+01:00  INFO 5063 --- [           main] c.p.a.service.CreateScoreService         : Score created successfully with ID: 507f1f77bcf86cd799439013
[INFO] Tests run: 5, Failures: 0, Errors: 0, Skipped: 0, Time elapsed: 0.006 s -- in CreateScoreService - Metadata parcial
[INFO] Running CreateScoreService - Metadata completa
2025-11-16T14:23:32.976+01:00  INFO 5063 --- [           main] c.p.a.service.CreateScoreService         : Score created successfully with ID: 507f1f77bcf86cd799439011
2025-11-16T14:23:32.977+01:00  INFO 5063 --- [           main] c.p.a.service.CreateScoreService         : Score created successfully with ID: 507f1f77bcf86cd799439011
2025-11-16T14:23:32.980+01:00  INFO 5063 --- [           main] c.p.a.service.CreateScoreService         : Score created successfully with ID: 507f1f77bcf86cd799439011
[INFO] Tests run: 3, Failures: 0, Errors: 0, Skipped: 0, Time elapsed: 0.005 s -- in CreateScoreService - Metadata completa
[INFO] Running UpdateScoreService - Actualización de metadata
2025-11-16T14:23:32.982+01:00  INFO 5063 --- [           main] c.p.a.service.UpdateScoreService         : Metadata updated for score: 507f1f77bcf86cd799439011
2025-11-16T14:23:32.983+01:00  INFO 5063 --- [           main] c.p.a.service.UpdateScoreService         : Metadata updated for score: 507f1f77bcf86cd799439011
2025-11-16T14:23:32.988+01:00  INFO 5063 --- [           main] c.p.a.service.UpdateScoreService         : Metadata updated for score: 507f1f77bcf86cd799439011
2025-11-16T14:23:32.990+01:00  INFO 5063 --- [           main] c.p.a.service.UpdateScoreService         : Metadata updated for score: 507f1f77bcf86cd799439011
2025-11-16T14:23:32.992+01:00  INFO 5063 --- [           main] c.p.a.service.UpdateScoreService         : Metadata updated for score: 507f1f77bcf86cd799439011
[INFO] Tests run: 8, Failures: 0, Errors: 0, Skipped: 0, Time elapsed: 0.012 s -- in UpdateScoreService - Actualización de metadata
[INFO] Running Controller: Validaciones de formato y tamaño
2025-11-16T14:23:32.997+01:00  INFO 5063 --- [           main] t.c.s.AnnotationConfigContextLoaderUtils : Could not detect default configuration classes for test class [com.pdgigs.infrastructure.adapter.input.rest.ScoreControllerValidationTest]: ScoreControllerValidationTest does not declare any static, non-private, non-final, nested classes annotated with @Configuration.
2025-11-16T14:23:33.010+01:00  INFO 5063 --- [           main] .b.t.c.SpringBootTestContextBootstrapper : Found @SpringBootConfiguration com.pdgigs.PdgigsApplication for test class com.pdgigs.infrastructure.adapter.input.rest.ScoreControllerValidationTest
2025-11-16T14:23:33.012+01:00  INFO 5063 --- [           main] o.s.b.d.r.RestartApplicationListener     : Restart disabled due to context in which it is running

  .   ____          _            __ _ _
 /\\ / ___'_ __ _ _(_)_ __  __ _ \ \ \ \
( ( )\___ | '_ | '_| | '_ \/ _` | \ \ \ \
 \\/  ___)| |_)| | | | | || (_| |  ) ) ) )
  '  |____| .__|_| |_|_| |_\__, | / / / /
 =========|_|==============|___/=/_/_/_/

 :: Spring Boot ::                (v3.5.7)

2025-11-16T14:23:33.022+01:00  INFO 5063 --- [           main] .p.i.a.i.r.ScoreControllerValidationTest : Starting ScoreControllerValidationTest using Java 24.0.2 with PID 5063 (started by adol in /Users/adol/IdeaProjects/pdgigs)
2025-11-16T14:23:33.022+01:00  INFO 5063 --- [           main] .p.i.a.i.r.ScoreControllerValidationTest : No active profile set, falling back to 1 default profile: "default"
2025-11-16T14:23:33.103+01:00  INFO 5063 --- [           main] ctiveUserDetailsServiceAutoConfiguration : 

Using generated security password: b786ee0b-abe8-4e14-a4b1-36a6082a9121

2025-11-16T14:23:33.203+01:00  INFO 5063 --- [           main] .p.i.a.i.r.ScoreControllerValidationTest : Started ScoreControllerValidationTest in 0.192 seconds (process running for 1.824)
2025-11-16T14:23:33.267+01:00 ERROR 5063 --- [     parallel-2] c.p.i.a.i.r.e.h.GlobalFallbackHandler    : Unexpected error: argument type mismatch
Controller [com.pdgigs.infrastructure.adapter.input.rest.ScoreControllerUpload]
Method [public reactor.core.publisher.Mono<com.pdgigs.infrastructure.adapter.input.rest.dto.response.ScoreResponse> com.pdgigs.infrastructure.adapter.input.rest.ScoreControllerUpload.uploadScore(org.springframework.http.codec.multipart.FilePart,java.lang.String,java.lang.String,java.lang.String)] with argument values:
 [0] [type=org.springframework.http.codec.multipart.DefaultParts$DefaultFormFieldPart] [value=DefaultFormFieldPart{file}],
[1] [type=java.lang.String] [value=],
[2] [type=java.lang.String] [value=],
[3] [type=java.lang.String] [value=] 

java.lang.IllegalStateException: argument type mismatch
Controller [com.pdgigs.infrastructure.adapter.input.rest.ScoreControllerUpload]
Method [public reactor.core.publisher.Mono<com.pdgigs.infrastructure.adapter.input.rest.dto.response.ScoreResponse> com.pdgigs.infrastructure.adapter.input.rest.ScoreControllerUpload.uploadScore(org.springframework.http.codec.multipart.FilePart,java.lang.String,java.lang.String,java.lang.String)] with argument values:
 [0] [type=org.springframework.http.codec.multipart.DefaultParts$DefaultFormFieldPart] [value=DefaultFormFieldPart{file}],
[1] [type=java.lang.String] [value=],
[2] [type=java.lang.String] [value=],
[3] [type=java.lang.String] [value=] 
	at org.springframework.web.reactive.result.method.InvocableHandlerMethod.lambda$invoke$0(InvocableHandlerMethod.java:214) ~[spring-webflux-6.2.12.jar:6.2.12]
	at reactor.core.publisher.MonoFlatMap$FlatMapMain.onNext(MonoFlatMap.java:132) ~[reactor-core-3.7.12.jar:3.7.12]
	at reactor.core.publisher.MonoZip$ZipCoordinator.signal(MonoZip.java:297) ~[reactor-core-3.7.12.jar:3.7.12]
	at reactor.core.publisher.MonoZip$ZipInner.onNext(MonoZip.java:478) ~[reactor-core-3.7.12.jar:3.7.12]
	at reactor.core.publisher.MonoPeekTerminal$MonoTerminalPeekSubscriber.onNext(MonoPeekTerminal.java:180) ~[reactor-core-3.7.12.jar:3.7.12]
	at reactor.core.publisher.FluxDefaultIfEmpty$DefaultIfEmptySubscriber.onNext(FluxDefaultIfEmpty.java:122) ~[reactor-core-3.7.12.jar:3.7.12]
	at reactor.core.publisher.FluxSwitchIfEmpty$SwitchIfEmptySubscriber.onNext(FluxSwitchIfEmpty.java:74) ~[reactor-core-3.7.12.jar:3.7.12]
	at org.springframework.security.test.context.support.ReactorContextTestExecutionListener$DelegateTestExecutionListener$SecuritySubContext.onNext(ReactorContextTestExecutionListener.java:120) ~[spring-security-test-6.5.6.jar:6.5.6]
	at reactor.core.publisher.MonoSupplier$MonoSupplierSubscription.request(MonoSupplier.java:145) ~[reactor-core-3.7.12.jar:3.7.12]
	at reactor.core.publisher.Operators$MultiSubscriptionSubscriber.set(Operators.java:2366) ~[reactor-core-3.7.12.jar:3.7.12]
	at reactor.core.publisher.Operators$MultiSubscriptionSubscriber.onSubscribe(Operators.java:2240) ~[reactor-core-3.7.12.jar:3.7.12]
	at org.springframework.security.test.context.support.ReactorContextTestExecutionListener$DelegateTestExecutionListener$SecuritySubContext.onSubscribe(ReactorContextTestExecutionListener.java:115) ~[spring-security-test-6.5.6.jar:6.5.6]
	at reactor.core.publisher.MonoSupplier.subscribe(MonoSupplier.java:48) ~[reactor-core-3.7.12.jar:3.7.12]
	at reactor.core.publisher.Mono.subscribe(Mono.java:4576) ~[reactor-core-3.7.12.jar:3.7.12]
	at reactor.core.publisher.FluxSwitchIfEmpty$SwitchIfEmptySubscriber.onComplete(FluxSwitchIfEmpty.java:82) ~[reactor-core-3.7.12.jar:3.7.12]
	at reactor.core.publisher.Operators.complete(Operators.java:137) ~[reactor-core-3.7.12.jar:3.7.12]
	at reactor.core.publisher.FluxFlatMap.trySubscribeScalarMap(FluxFlatMap.java:146) ~[reactor-core-3.7.12.jar:3.7.12]
	at reactor.core.publisher.MonoFlatMap.subscribeOrReturn(MonoFlatMap.java:53) ~[reactor-core-3.7.12.jar:3.7.12]
	at reactor.core.publisher.InternalMonoOperator.subscribe(InternalMonoOperator.java:63) ~[reactor-core-3.7.12.jar:3.7.12]
	at reactor.core.publisher.MonoZip$ZipCoordinator.request(MonoZip.java:220) ~[reactor-core-3.7.12.jar:3.7.12]
	at reactor.core.publisher.MonoFlatMap$FlatMapMain.request(MonoFlatMap.java:194) ~[reactor-core-3.7.12.jar:3.7.12]
	at reactor.core.publisher.MonoIgnoreThen$ThenIgnoreMain.onSubscribe(MonoIgnoreThen.java:135) ~[reactor-core-3.7.12.jar:3.7.12]
	at reactor.core.publisher.MonoFlatMap$FlatMapMain.onSubscribe(MonoFlatMap.java:117) ~[reactor-core-3.7.12.jar:3.7.12]
	at reactor.core.publisher.MonoZip.subscribe(MonoZip.java:129) ~[reactor-core-3.7.12.jar:3.7.12]
	at reactor.core.publisher.InternalMonoOperator.subscribe(InternalMonoOperator.java:76) ~[reactor-core-3.7.12.jar:3.7.12]
	at reactor.core.publisher.MonoDefer.subscribe(MonoDefer.java:53) ~[reactor-core-3.7.12.jar:3.7.12]
	at reactor.core.publisher.MonoIgnoreThen$ThenIgnoreMain.subscribeNext(MonoIgnoreThen.java:241) ~[reactor-core-3.7.12.jar:3.7.12]
	at reactor.core.publisher.MonoIgnoreThen$ThenIgnoreMain.onComplete(MonoIgnoreThen.java:204) ~[reactor-core-3.7.12.jar:3.7.12]
	at org.springframework.security.test.context.support.ReactorContextTestExecutionListener$DelegateTestExecutionListener$SecuritySubContext.onComplete(ReactorContextTestExecutionListener.java:130) ~[spring-security-test-6.5.6.jar:6.5.6]
	at reactor.core.publisher.MonoFlatMap$FlatMapMain.onComplete(MonoFlatMap.java:189) ~[reactor-core-3.7.12.jar:3.7.12]
	at reactor.core.publisher.Operators.complete(Operators.java:137) ~[reactor-core-3.7.12.jar:3.7.12]
	at reactor.core.publisher.MonoZip.subscribe(MonoZip.java:121) ~[reactor-core-3.7.12.jar:3.7.12]
	at reactor.core.publisher.Mono.subscribe(Mono.java:4576) ~[reactor-core-3.7.12.jar:3.7.12]
	at reactor.core.publisher.MonoIgnoreThen$ThenIgnoreMain.subscribeNext(MonoIgnoreThen.java:265) ~[reactor-core-3.7.12.jar:3.7.12]
	at reactor.core.publisher.MonoIgnoreThen.subscribe(MonoIgnoreThen.java:51) ~[reactor-core-3.7.12.jar:3.7.12]
	at reactor.core.publisher.InternalMonoOperator.subscribe(InternalMonoOperator.java:76) ~[reactor-core-3.7.12.jar:3.7.12]
	at reactor.core.publisher.MonoFlatMap$FlatMapMain.onNext(MonoFlatMap.java:165) ~[reactor-core-3.7.12.jar:3.7.12]
	at reactor.core.publisher.FluxOnErrorResume$ResumeSubscriber.onNext(FluxOnErrorResume.java:79) ~[reactor-core-3.7.12.jar:3.7.12]
	at reactor.core.publisher.FluxSwitchIfEmpty$SwitchIfEmptySubscriber.onNext(FluxSwitchIfEmpty.java:74) ~[reactor-core-3.7.12.jar:3.7.12]
	at reactor.core.publisher.MonoNext$NextSubscriber.onNext(MonoNext.java:82) ~[reactor-core-3.7.12.jar:3.7.12]
	at reactor.core.publisher.FluxConcatMapNoPrefetch$FluxConcatMapNoPrefetchSubscriber.innerNext(FluxConcatMapNoPrefetch.java:259) ~[reactor-core-3.7.12.jar:3.7.12]
	at reactor.core.publisher.FluxConcatMap$ConcatMapInner.onNext(FluxConcatMap.java:865) ~[reactor-core-3.7.12.jar:3.7.12]
	at org.springframework.security.test.context.support.ReactorContextTestExecutionListener$DelegateTestExecutionListener$SecuritySubContext.onNext(ReactorContextTestExecutionListener.java:120) ~[spring-security-test-6.5.6.jar:6.5.6]
	at reactor.core.publisher.FluxMapFuseable$MapFuseableSubscriber.onNext(FluxMapFuseable.java:129) ~[reactor-core-3.7.12.jar:3.7.12]
	at reactor.core.publisher.MonoPeekTerminal$MonoTerminalPeekSubscriber.onNext(MonoPeekTerminal.java:180) ~[reactor-core-3.7.12.jar:3.7.12]
	at reactor.core.publisher.Operators$ScalarSubscription.request(Operators.java:2570) ~[reactor-core-3.7.12.jar:3.7.12]
	at reactor.core.publisher.MonoPeekTerminal$MonoTerminalPeekSubscriber.request(MonoPeekTerminal.java:139) ~[reactor-core-3.7.12.jar:3.7.12]
	at reactor.core.publisher.FluxMapFuseable$MapFuseableSubscriber.request(FluxMapFuseable.java:171) ~[reactor-core-3.7.12.jar:3.7.12]
	at reactor.core.publisher.Operators$MultiSubscriptionSubscriber.request(Operators.java:2330) ~[reactor-core-3.7.12.jar:3.7.12]
	at reactor.core.publisher.FluxConcatMapNoPrefetch$FluxConcatMapNoPrefetchSubscriber.request(FluxConcatMapNoPrefetch.java:339) ~[reactor-core-3.7.12.jar:3.7.12]
	at reactor.core.publisher.MonoNext$NextSubscriber.request(MonoNext.java:108) ~[reactor-core-3.7.12.jar:3.7.12]
	at reactor.core.publisher.Operators$MultiSubscriptionSubscriber.set(Operators.java:2366) ~[reactor-core-3.7.12.jar:3.7.12]
	at reactor.core.publisher.Operators$MultiSubscriptionSubscriber.onSubscribe(Operators.java:2240) ~[reactor-core-3.7.12.jar:3.7.12]
	at reactor.core.publisher.MonoNext$NextSubscriber.onSubscribe(MonoNext.java:70) ~[reactor-core-3.7.12.jar:3.7.12]
	at reactor.core.publisher.FluxConcatMapNoPrefetch$FluxConcatMapNoPrefetchSubscriber.onSubscribe(FluxConcatMapNoPrefetch.java:164) ~[reactor-core-3.7.12.jar:3.7.12]
	at reactor.core.publisher.FluxIterable.subscribe(FluxIterable.java:201) ~[reactor-core-3.7.12.jar:3.7.12]
	at reactor.core.publisher.FluxIterable.subscribe(FluxIterable.java:83) ~[reactor-core-3.7.12.jar:3.7.12]
	at reactor.core.publisher.InternalMonoOperator.subscribe(InternalMonoOperator.java:76) ~[reactor-core-3.7.12.jar:3.7.12]
	at reactor.core.publisher.MonoDefer.subscribe(MonoDefer.java:53) ~[reactor-core-3.7.12.jar:3.7.12]
	at reactor.core.publisher.MonoDefer.subscribe(MonoDefer.java:53) ~[reactor-core-3.7.12.jar:3.7.12]
	at reactor.core.publisher.Mono.subscribe(Mono.java:4576) ~[reactor-core-3.7.12.jar:3.7.12]
	at reactor.core.publisher.FluxSwitchIfEmpty$SwitchIfEmptySubscriber.onComplete(FluxSwitchIfEmpty.java:82) ~[reactor-core-3.7.12.jar:3.7.12]
	at reactor.core.publisher.MonoPeekTerminal$MonoTerminalPeekSubscriber.onComplete(MonoPeekTerminal.java:299) ~[reactor-core-3.7.12.jar:3.7.12]
	at reactor.core.publisher.MonoPeekTerminal$MonoTerminalPeekSubscriber.onComplete(MonoPeekTerminal.java:299) ~[reactor-core-3.7.12.jar:3.7.12]
	at reactor.core.publisher.MonoFlatMap$FlatMapMain.onNext(MonoFlatMap.java:155) ~[reactor-core-3.7.12.jar:3.7.12]
	at reactor.core.publisher.FluxSwitchIfEmpty$SwitchIfEmptySubscriber.onNext(FluxSwitchIfEmpty.java:74) ~[reactor-core-3.7.12.jar:3.7.12]
	at reactor.core.publisher.FluxFilter$FilterSubscriber.onNext(FluxFilter.java:113) ~[reactor-core-3.7.12.jar:3.7.12]
	at reactor.core.publisher.FluxDefaultIfEmpty$DefaultIfEmptySubscriber.onNext(FluxDefaultIfEmpty.java:122) ~[reactor-core-3.7.12.jar:3.7.12]
	at reactor.core.publisher.MonoNext$NextSubscriber.onNext(MonoNext.java:82) ~[reactor-core-3.7.12.jar:3.7.12]
	at reactor.core.publisher.FluxConcatMapNoPrefetch$FluxConcatMapNoPrefetchSubscriber.innerNext(FluxConcatMapNoPrefetch.java:259) ~[reactor-core-3.7.12.jar:3.7.12]
	at reactor.core.publisher.FluxConcatMap$ConcatMapInner.onNext(FluxConcatMap.java:865) ~[reactor-core-3.7.12.jar:3.7.12]
	at org.springframework.security.test.context.support.ReactorContextTestExecutionListener$DelegateTestExecutionListener$SecuritySubContext.onNext(ReactorContextTestExecutionListener.java:120) ~[spring-security-test-6.5.6.jar:6.5.6]
	at reactor.core.publisher.MonoFlatMap$FlatMapMain.onNext(MonoFlatMap.java:158) ~[reactor-core-3.7.12.jar:3.7.12]
	at reactor.core.publisher.FluxMap$MapSubscriber.onNext(FluxMap.java:122) ~[reactor-core-3.7.12.jar:3.7.12]
	at reactor.core.publisher.FluxFilter$FilterSubscriber.onNext(FluxFilter.java:113) ~[reactor-core-3.7.12.jar:3.7.12]
	at reactor.core.publisher.FluxPeekFuseable$PeekConditionalSubscriber.onNext(FluxPeekFuseable.java:854) ~[reactor-core-3.7.12.jar:3.7.12]
	at reactor.core.publisher.FluxSwitchIfEmpty$SwitchIfEmptySubscriber.onNext(FluxSwitchIfEmpty.java:74) ~[reactor-core-3.7.12.jar:3.7.12]
	at reactor.core.publisher.MonoNext$NextSubscriber.onNext(MonoNext.java:82) ~[reactor-core-3.7.12.jar:3.7.12]
	at reactor.core.publisher.FluxFilter$FilterSubscriber.onNext(FluxFilter.java:113) ~[reactor-core-3.7.12.jar:3.7.12]
	at reactor.core.publisher.FluxFlatMap$FlatMapMain.drainLoop(FluxFlatMap.java:639) ~[reactor-core-3.7.12.jar:3.7.12]
	at reactor.core.publisher.FluxFlatMap$FlatMapMain.drain(FluxFlatMap.java:592) ~[reactor-core-3.7.12.jar:3.7.12]
	at reactor.core.publisher.FluxFlatMap$FlatMapMain.request(FluxFlatMap.java:349) ~[reactor-core-3.7.12.jar:3.7.12]
	at reactor.core.publisher.FluxFilter$FilterSubscriber.request(FluxFilter.java:186) ~[reactor-core-3.7.12.jar:3.7.12]
	at reactor.core.publisher.MonoNext$NextSubscriber.request(MonoNext.java:108) ~[reactor-core-3.7.12.jar:3.7.12]
	at reactor.core.publisher.Operators$MultiSubscriptionSubscriber.request(Operators.java:2330) ~[reactor-core-3.7.12.jar:3.7.12]
	at reactor.core.publisher.FluxPeekFuseable$PeekConditionalSubscriber.request(FluxPeekFuseable.java:783) ~[reactor-core-3.7.12.jar:3.7.12]
	at reactor.core.publisher.FluxFilter$FilterSubscriber.request(FluxFilter.java:186) ~[reactor-core-3.7.12.jar:3.7.12]
	at reactor.core.publisher.FluxMap$MapSubscriber.request(FluxMap.java:164) ~[reactor-core-3.7.12.jar:3.7.12]
	at reactor.core.publisher.MonoFlatMap$FlatMapMain.request(MonoFlatMap.java:194) ~[reactor-core-3.7.12.jar:3.7.12]
	at reactor.core.publisher.Operators$MultiSubscriptionSubscriber.request(Operators.java:2330) ~[reactor-core-3.7.12.jar:3.7.12]
	at reactor.core.publisher.FluxConcatMapNoPrefetch$FluxConcatMapNoPrefetchSubscriber.request(FluxConcatMapNoPrefetch.java:339) ~[reactor-core-3.7.12.jar:3.7.12]
	at reactor.core.publisher.MonoNext$NextSubscriber.request(MonoNext.java:108) ~[reactor-core-3.7.12.jar:3.7.12]
	at reactor.core.publisher.FluxDefaultIfEmpty$DefaultIfEmptySubscriber.request(FluxDefaultIfEmpty.java:98) ~[reactor-core-3.7.12.jar:3.7.12]
	at reactor.core.publisher.FluxFilter$FilterSubscriber.request(FluxFilter.java:186) ~[reactor-core-3.7.12.jar:3.7.12]
	at reactor.core.publisher.Operators$MultiSubscriptionSubscriber.set(Operators.java:2366) ~[reactor-core-3.7.12.jar:3.7.12]
	at reactor.core.publisher.Operators$MultiSubscriptionSubscriber.onSubscribe(Operators.java:2240) ~[reactor-core-3.7.12.jar:3.7.12]
	at reactor.core.publisher.FluxFilter$FilterSubscriber.onSubscribe(FluxFilter.java:85) ~[reactor-core-3.7.12.jar:3.7.12]
	at reactor.core.publisher.Operators$BaseFluxToMonoOperator.onSubscribe(Operators.java:2050) ~[reactor-core-3.7.12.jar:3.7.12]
	at reactor.core.publisher.MonoNext$NextSubscriber.onSubscribe(MonoNext.java:70) ~[reactor-core-3.7.12.jar:3.7.12]
	at reactor.core.publisher.FluxConcatMapNoPrefetch$FluxConcatMapNoPrefetchSubscriber.onSubscribe(FluxConcatMapNoPrefetch.java:164) ~[reactor-core-3.7.12.jar:3.7.12]
	at reactor.core.publisher.FluxIterable.subscribe(FluxIterable.java:201) ~[reactor-core-3.7.12.jar:3.7.12]
	at reactor.core.publisher.FluxIterable.subscribe(FluxIterable.java:83) ~[reactor-core-3.7.12.jar:3.7.12]
	at reactor.core.publisher.InternalMonoOperator.subscribe(InternalMonoOperator.java:76) ~[reactor-core-3.7.12.jar:3.7.12]
	at reactor.core.publisher.MonoDefer.subscribe(MonoDefer.java:53) ~[reactor-core-3.7.12.jar:3.7.12]
	at reactor.core.publisher.InternalMonoOperator.subscribe(InternalMonoOperator.java:76) ~[reactor-core-3.7.12.jar:3.7.12]
	at reactor.core.publisher.MonoDefer.subscribe(MonoDefer.java:53) ~[reactor-core-3.7.12.jar:3.7.12]
	at reactor.core.publisher.Mono.subscribe(Mono.java:4576) ~[reactor-core-3.7.12.jar:3.7.12]
	at reactor.core.publisher.MonoIgnoreThen$ThenIgnoreMain.subscribeNext(MonoIgnoreThen.java:265) ~[reactor-core-3.7.12.jar:3.7.12]
	at reactor.core.publisher.MonoIgnoreThen.subscribe(MonoIgnoreThen.java:51) ~[reactor-core-3.7.12.jar:3.7.12]
	at reactor.core.publisher.Mono.subscribe(Mono.java:4576) ~[reactor-core-3.7.12.jar:3.7.12]
	at reactor.core.publisher.FluxSwitchIfEmpty$SwitchIfEmptySubscriber.onComplete(FluxSwitchIfEmpty.java:82) ~[reactor-core-3.7.12.jar:3.7.12]
	at reactor.core.publisher.FluxFilter$FilterSubscriber.onComplete(FluxFilter.java:166) ~[reactor-core-3.7.12.jar:3.7.12]
	at reactor.core.publisher.FluxPeekFuseable$PeekConditionalSubscriber.onComplete(FluxPeekFuseable.java:940) ~[reactor-core-3.7.12.jar:3.7.12]
	at reactor.core.publisher.FluxSwitchIfEmpty$SwitchIfEmptySubscriber.onComplete(FluxSwitchIfEmpty.java:85) ~[reactor-core-3.7.12.jar:3.7.12]
	at org.springframework.security.test.context.support.ReactorContextTestExecutionListener$DelegateTestExecutionListener$SecuritySubContext.onComplete(ReactorContextTestExecutionListener.java:130) ~[spring-security-test-6.5.6.jar:6.5.6]
	at reactor.core.publisher.Operators$ScalarSubscription.request(Operators.java:2572) ~[reactor-core-3.7.12.jar:3.7.12]
	at reactor.core.publisher.Operators$MultiSubscriptionSubscriber.set(Operators.java:2366) ~[reactor-core-3.7.12.jar:3.7.12]
	at reactor.core.publisher.Operators$MultiSubscriptionSubscriber.onSubscribe(Operators.java:2240) ~[reactor-core-3.7.12.jar:3.7.12]
	at org.springframework.security.test.context.support.ReactorContextTestExecutionListener$DelegateTestExecutionListener$SecuritySubContext.onSubscribe(ReactorContextTestExecutionListener.java:115) ~[spring-security-test-6.5.6.jar:6.5.6]
	at reactor.core.publisher.MonoJust.subscribe(MonoJust.java:55) ~[reactor-core-3.7.12.jar:3.7.12]
	at reactor.core.publisher.Mono.subscribe(Mono.java:4576) ~[reactor-core-3.7.12.jar:3.7.12]
	at reactor.core.publisher.FluxSwitchIfEmpty$SwitchIfEmptySubscriber.onComplete(FluxSwitchIfEmpty.java:82) ~[reactor-core-3.7.12.jar:3.7.12]
	at reactor.core.publisher.MonoNext$NextSubscriber.onComplete(MonoNext.java:102) ~[reactor-core-3.7.12.jar:3.7.12]
	at reactor.core.publisher.FluxFilter$FilterSubscriber.onComplete(FluxFilter.java:166) ~[reactor-core-3.7.12.jar:3.7.12]
	at reactor.core.publisher.FluxFlatMap$FlatMapMain.checkTerminated(FluxFlatMap.java:850) ~[reactor-core-3.7.12.jar:3.7.12]
	at reactor.core.publisher.FluxFlatMap$FlatMapMain.drainLoop(FluxFlatMap.java:612) ~[reactor-core-3.7.12.jar:3.7.12]
	at reactor.core.publisher.FluxFlatMap$FlatMapMain.drain(FluxFlatMap.java:592) ~[reactor-core-3.7.12.jar:3.7.12]
	at reactor.core.publisher.FluxFlatMap$FlatMapMain.onComplete(FluxFlatMap.java:469) ~[reactor-core-3.7.12.jar:3.7.12]
	at reactor.core.publisher.FluxPeekFuseable$PeekFuseableSubscriber.onComplete(FluxPeekFuseable.java:277) ~[reactor-core-3.7.12.jar:3.7.12]
	at reactor.core.publisher.FluxIterable$IterableSubscription.slowPath(FluxIterable.java:357) ~[reactor-core-3.7.12.jar:3.7.12]
	at reactor.core.publisher.FluxIterable$IterableSubscription.request(FluxIterable.java:294) ~[reactor-core-3.7.12.jar:3.7.12]
	at reactor.core.publisher.FluxPeekFuseable$PeekFuseableSubscriber.request(FluxPeekFuseable.java:144) ~[reactor-core-3.7.12.jar:3.7.12]
	at reactor.core.publisher.FluxFlatMap$FlatMapMain.onSubscribe(FluxFlatMap.java:373) ~[reactor-core-3.7.12.jar:3.7.12]
	at reactor.core.publisher.FluxPeekFuseable$PeekFuseableSubscriber.onSubscribe(FluxPeekFuseable.java:178) ~[reactor-core-3.7.12.jar:3.7.12]
	at reactor.core.publisher.FluxIterable.subscribe(FluxIterable.java:201) ~[reactor-core-3.7.12.jar:3.7.12]
	at reactor.core.publisher.FluxIterable.subscribe(FluxIterable.java:83) ~[reactor-core-3.7.12.jar:3.7.12]
	at reactor.core.publisher.InternalMonoOperator.subscribe(InternalMonoOperator.java:76) ~[reactor-core-3.7.12.jar:3.7.12]
	at reactor.core.publisher.MonoDefer.subscribe(MonoDefer.java:53) ~[reactor-core-3.7.12.jar:3.7.12]
	at reactor.core.publisher.MonoFlatMap$FlatMapMain.onNext(MonoFlatMap.java:165) ~[reactor-core-3.7.12.jar:3.7.12]
	at reactor.core.publisher.Operators$BaseFluxToMonoOperator.completePossiblyEmpty(Operators.java:2096) ~[reactor-core-3.7.12.jar:3.7.12]
	at reactor.core.publisher.FluxDefaultIfEmpty$DefaultIfEmptySubscriber.onComplete(FluxDefaultIfEmpty.java:134) ~[reactor-core-3.7.12.jar:3.7.12]
	at reactor.core.publisher.FluxMap$MapSubscriber.onComplete(FluxMap.java:144) ~[reactor-core-3.7.12.jar:3.7.12]
	at reactor.core.publisher.FluxMap$MapSubscriber.onComplete(FluxMap.java:144) ~[reactor-core-3.7.12.jar:3.7.12]
	at reactor.core.publisher.FluxFilter$FilterSubscriber.onComplete(FluxFilter.java:166) ~[reactor-core-3.7.12.jar:3.7.12]
	at reactor.core.publisher.FluxMap$MapConditionalSubscriber.onComplete(FluxMap.java:275) ~[reactor-core-3.7.12.jar:3.7.12]
	at reactor.core.publisher.Operators$MonoSubscriber.complete(Operators.java:1865) ~[reactor-core-3.7.12.jar:3.7.12]
	at reactor.core.publisher.MonoCacheTime$CoordinatorSubscriber.signalCached(MonoCacheTime.java:337) ~[reactor-core-3.7.12.jar:3.7.12]
	at reactor.core.publisher.MonoCacheTime$CoordinatorSubscriber.onNext(MonoCacheTime.java:354) ~[reactor-core-3.7.12.jar:3.7.12]
	at reactor.core.publisher.FluxPeek$PeekSubscriber.onNext(FluxPeek.java:200) ~[reactor-core-3.7.12.jar:3.7.12]
	at reactor.core.publisher.FluxSwitchIfEmpty$SwitchIfEmptySubscriber.onNext(FluxSwitchIfEmpty.java:74) ~[reactor-core-3.7.12.jar:3.7.12]
	at org.springframework.security.test.context.support.ReactorContextTestExecutionListener$DelegateTestExecutionListener$SecuritySubContext.onNext(ReactorContextTestExecutionListener.java:120) ~[spring-security-test-6.5.6.jar:6.5.6]
	at reactor.core.publisher.MonoPeekTerminal$MonoTerminalPeekSubscriber.onNext(MonoPeekTerminal.java:180) ~[reactor-core-3.7.12.jar:3.7.12]
	at reactor.core.publisher.MonoPublishOn$PublishOnSubscriber.run(MonoPublishOn.java:181) ~[reactor-core-3.7.12.jar:3.7.12]
	at reactor.core.scheduler.SchedulerTask.call(SchedulerTask.java:68) ~[reactor-core-3.7.12.jar:3.7.12]
	at reactor.core.scheduler.SchedulerTask.call(SchedulerTask.java:28) ~[reactor-core-3.7.12.jar:3.7.12]
	at java.base/java.util.concurrent.FutureTask.run(FutureTask.java:328) ~[na:na]
	at java.base/java.util.concurrent.ScheduledThreadPoolExecutor$ScheduledFutureTask.run(ScheduledThreadPoolExecutor.java:309) ~[na:na]
	at java.base/java.util.concurrent.ThreadPoolExecutor.runWorker(ThreadPoolExecutor.java:1095) ~[na:na]
	at java.base/java.util.concurrent.ThreadPoolExecutor$Worker.run(ThreadPoolExecutor.java:619) ~[na:na]
	at java.base/java.lang.Thread.run(Thread.java:1447) ~[na:na]
Caused by: java.lang.IllegalArgumentException: argument type mismatch
	at java.base/jdk.internal.reflect.DirectMethodHandleAccessor.invoke(DirectMethodHandleAccessor.java:108) ~[na:na]
	at java.base/java.lang.reflect.Method.invoke(Method.java:565) ~[na:na]
	at org.springframework.web.reactive.result.method.InvocableHandlerMethod.lambda$invoke$0(InvocableHandlerMethod.java:208) ~[spring-webflux-6.2.12.jar:6.2.12]
	... 159 common frames omitted

2025-11-16T14:23:33.291+01:00 ERROR 5063 --- [           main] o.s.t.w.reactive.server.ExchangeResult   : Request details for assertion failure:

> POST /api/scores
> WebTestClient-Request-Id: [1]
> Content-Type: [multipart/form-data;boundary=nzWbusHflVkmiC6FsdQg1zlmWz_xQLv]

140 bytes of content.

< 500 INTERNAL_SERVER_ERROR Internal Server Error
< Content-Type: [application/json]
< Content-Length: [139]
< Cache-Control: [no-cache, no-store, max-age=0, must-revalidate]
< Pragma: [no-cache]
< Expires: [0]
< X-Content-Type-Options: [nosniff]
< X-Frame-Options: [DENY]
< X-XSS-Protection: [0]
< Referrer-Policy: [no-referrer]

{"message":"Internal server error","status":500,"timestamp":"2025-11-16T14:23:33.268699","path":"/api/scores","errorCode":"INTERNAL_ERROR"}

2025-11-16T14:23:33.362+01:00 ERROR 5063 --- [     parallel-4] c.p.i.a.i.r.e.h.GlobalFallbackHandler    : Unexpected error: Form field value exceeded the memory usage limit of 262144 bytes

org.springframework.core.io.buffer.DataBufferLimitException: Form field value exceeded the memory usage limit of 262144 bytes
	at org.springframework.http.codec.multipart.PartGenerator$FormFieldState.body(PartGenerator.java:303) ~[spring-web-6.2.12.jar:6.2.12]
	at org.springframework.http.codec.multipart.PartGenerator.hookOnNext(PartGenerator.java:124) ~[spring-web-6.2.12.jar:6.2.12]
	at org.springframework.http.codec.multipart.PartGenerator.hookOnNext(PartGenerator.java:60) ~[spring-web-6.2.12.jar:6.2.12]
	at reactor.core.publisher.BaseSubscriber.onNext(BaseSubscriber.java:160) ~[reactor-core-3.7.12.jar:3.7.12]
	at reactor.core.publisher.FluxWindowPredicate$WindowFlux.drainRegular(FluxWindowPredicate.java:670) ~[reactor-core-3.7.12.jar:3.7.12]
	at reactor.core.publisher.FluxWindowPredicate$WindowFlux.drain(FluxWindowPredicate.java:748) ~[reactor-core-3.7.12.jar:3.7.12]
	at reactor.core.publisher.FluxWindowPredicate$WindowFlux.onNext(FluxWindowPredicate.java:790) ~[reactor-core-3.7.12.jar:3.7.12]
	at reactor.core.publisher.FluxWindowPredicate$WindowPredicateMain.onNext(FluxWindowPredicate.java:268) ~[reactor-core-3.7.12.jar:3.7.12]
	at reactor.core.publisher.FluxCreate$BufferAsyncSink.drain(FluxCreate.java:880) ~[reactor-core-3.7.12.jar:3.7.12]
	at reactor.core.publisher.FluxCreate$BufferAsyncSink.next(FluxCreate.java:805) ~[reactor-core-3.7.12.jar:3.7.12]
	at reactor.core.publisher.FluxCreate$SerializedFluxSink.next(FluxCreate.java:163) ~[reactor-core-3.7.12.jar:3.7.12]
	at org.springframework.http.codec.multipart.MultipartParser.emitBody(MultipartParser.java:178) ~[spring-web-6.2.12.jar:6.2.12]
	at org.springframework.http.codec.multipart.MultipartParser$BodyState.flush(MultipartParser.java:602) ~[spring-web-6.2.12.jar:6.2.12]
	at org.springframework.http.codec.multipart.MultipartParser$BodyState.onNext(MultipartParser.java:550) ~[spring-web-6.2.12.jar:6.2.12]
	at org.springframework.http.codec.multipart.MultipartParser.hookOnNext(MultipartParser.java:123) ~[spring-web-6.2.12.jar:6.2.12]
	at org.springframework.http.codec.multipart.MultipartParser.hookOnNext(MultipartParser.java:52) ~[spring-web-6.2.12.jar:6.2.12]
	at reactor.core.publisher.BaseSubscriber.onNext(BaseSubscriber.java:160) ~[reactor-core-3.7.12.jar:3.7.12]
	at reactor.core.publisher.FluxPeekFuseable$PeekFuseableSubscriber.onNext(FluxPeekFuseable.java:210) ~[reactor-core-3.7.12.jar:3.7.12]
	at reactor.core.publisher.FluxPeekFuseable$PeekFuseableSubscriber.onNext(FluxPeekFuseable.java:210) ~[reactor-core-3.7.12.jar:3.7.12]
	at reactor.core.publisher.FluxPeekFuseable$PeekFuseableSubscriber.onNext(FluxPeekFuseable.java:210) ~[reactor-core-3.7.12.jar:3.7.12]
	at reactor.core.publisher.FluxPeekFuseable$PeekFuseableSubscriber.onNext(FluxPeekFuseable.java:210) ~[reactor-core-3.7.12.jar:3.7.12]
	at reactor.core.publisher.FluxPeekFuseable$PeekFuseableSubscriber.onNext(FluxPeekFuseable.java:210) ~[reactor-core-3.7.12.jar:3.7.12]
	at reactor.core.publisher.FluxContextWrite$ContextWriteSubscriber.onNext(FluxContextWrite.java:107) ~[reactor-core-3.7.12.jar:3.7.12]
	at reactor.core.publisher.FluxConcatArray$ConcatArraySubscriber.onNext(FluxConcatArray.java:180) ~[reactor-core-3.7.12.jar:3.7.12]
	at org.springframework.security.test.context.support.ReactorContextTestExecutionListener$DelegateTestExecutionListener$SecuritySubContext.onNext(ReactorContextTestExecutionListener.java:120) ~[spring-security-test-6.5.6.jar:6.5.6]
	at reactor.core.publisher.MonoCallable$MonoCallableSubscription.request(MonoCallable.java:156) ~[reactor-core-3.7.12.jar:3.7.12]
	at reactor.core.publisher.FluxConcatArray$ConcatArraySubscriber.onSubscribe(FluxConcatArray.java:172) ~[reactor-core-3.7.12.jar:3.7.12]
	at org.springframework.security.test.context.support.ReactorContextTestExecutionListener$DelegateTestExecutionListener$SecuritySubContext.onSubscribe(ReactorContextTestExecutionListener.java:115) ~[spring-security-test-6.5.6.jar:6.5.6]
	at reactor.core.publisher.MonoCallable.subscribe(MonoCallable.java:48) ~[reactor-core-3.7.12.jar:3.7.12]
	at reactor.core.publisher.Mono.subscribe(Mono.java:4576) ~[reactor-core-3.7.12.jar:3.7.12]
	at reactor.core.publisher.FluxConcatArray$ConcatArraySubscriber.onComplete(FluxConcatArray.java:238) ~[reactor-core-3.7.12.jar:3.7.12]
	at reactor.core.publisher.FluxConcatArray.subscribe(FluxConcatArray.java:79) ~[reactor-core-3.7.12.jar:3.7.12]
	at reactor.core.publisher.InternalFluxOperator.subscribe(InternalFluxOperator.java:68) ~[reactor-core-3.7.12.jar:3.7.12]
	at org.springframework.http.codec.multipart.MultipartParser.lambda$parse$1(MultipartParser.java:104) ~[spring-web-6.2.12.jar:6.2.12]
	at reactor.core.publisher.FluxCreate.subscribe(FluxCreate.java:97) ~[reactor-core-3.7.12.jar:3.7.12]
	at reactor.core.publisher.InternalFluxOperator.subscribe(InternalFluxOperator.java:68) ~[reactor-core-3.7.12.jar:3.7.12]
	at reactor.core.publisher.FluxDefer.subscribe(FluxDefer.java:54) ~[reactor-core-3.7.12.jar:3.7.12]
	at reactor.core.publisher.InternalMonoOperator.subscribe(InternalMonoOperator.java:76) ~[reactor-core-3.7.12.jar:3.7.12]
	at reactor.core.publisher.MonoCacheTime.subscribeOrReturn(MonoCacheTime.java:143) ~[reactor-core-3.7.12.jar:3.7.12]
	at reactor.core.publisher.InternalMonoOperator.subscribe(InternalMonoOperator.java:63) ~[reactor-core-3.7.12.jar:3.7.12]
	at reactor.core.publisher.MonoZip$ZipCoordinator.request(MonoZip.java:220) ~[reactor-core-3.7.12.jar:3.7.12]
	at reactor.core.publisher.MonoFlatMap$FlatMapMain.request(MonoFlatMap.java:194) ~[reactor-core-3.7.12.jar:3.7.12]
	at reactor.core.publisher.MonoIgnoreThen$ThenIgnoreMain.onSubscribe(MonoIgnoreThen.java:135) ~[reactor-core-3.7.12.jar:3.7.12]
	at reactor.core.publisher.MonoFlatMap$FlatMapMain.onSubscribe(MonoFlatMap.java:117) ~[reactor-core-3.7.12.jar:3.7.12]
	at reactor.core.publisher.MonoZip.subscribe(MonoZip.java:129) ~[reactor-core-3.7.12.jar:3.7.12]
	at reactor.core.publisher.InternalMonoOperator.subscribe(InternalMonoOperator.java:76) ~[reactor-core-3.7.12.jar:3.7.12]
	at reactor.core.publisher.MonoDefer.subscribe(MonoDefer.java:53) ~[reactor-core-3.7.12.jar:3.7.12]
	at reactor.core.publisher.MonoIgnoreThen$ThenIgnoreMain.subscribeNext(MonoIgnoreThen.java:241) ~[reactor-core-3.7.12.jar:3.7.12]
	at reactor.core.publisher.MonoIgnoreThen$ThenIgnoreMain.onComplete(MonoIgnoreThen.java:204) ~[reactor-core-3.7.12.jar:3.7.12]
	at org.springframework.security.test.context.support.ReactorContextTestExecutionListener$DelegateTestExecutionListener$SecuritySubContext.onComplete(ReactorContextTestExecutionListener.java:130) ~[spring-security-test-6.5.6.jar:6.5.6]
	at reactor.core.publisher.MonoFlatMap$FlatMapMain.onComplete(MonoFlatMap.java:189) ~[reactor-core-3.7.12.jar:3.7.12]
	at reactor.core.publisher.Operators.complete(Operators.java:137) ~[reactor-core-3.7.12.jar:3.7.12]
	at reactor.core.publisher.MonoZip.subscribe(MonoZip.java:121) ~[reactor-core-3.7.12.jar:3.7.12]
	at reactor.core.publisher.Mono.subscribe(Mono.java:4576) ~[reactor-core-3.7.12.jar:3.7.12]
	at reactor.core.publisher.MonoIgnoreThen$ThenIgnoreMain.subscribeNext(MonoIgnoreThen.java:265) ~[reactor-core-3.7.12.jar:3.7.12]
	at reactor.core.publisher.MonoIgnoreThen.subscribe(MonoIgnoreThen.java:51) ~[reactor-core-3.7.12.jar:3.7.12]
	at reactor.core.publisher.InternalMonoOperator.subscribe(InternalMonoOperator.java:76) ~[reactor-core-3.7.12.jar:3.7.12]
	at reactor.core.publisher.MonoFlatMap$FlatMapMain.onNext(MonoFlatMap.java:165) ~[reactor-core-3.7.12.jar:3.7.12]
	at reactor.core.publisher.FluxOnErrorResume$ResumeSubscriber.onNext(FluxOnErrorResume.java:79) ~[reactor-core-3.7.12.jar:3.7.12]
	at reactor.core.publisher.FluxSwitchIfEmpty$SwitchIfEmptySubscriber.onNext(FluxSwitchIfEmpty.java:74) ~[reactor-core-3.7.12.jar:3.7.12]
	at reactor.core.publisher.MonoNext$NextSubscriber.onNext(MonoNext.java:82) ~[reactor-core-3.7.12.jar:3.7.12]
	at reactor.core.publisher.FluxConcatMapNoPrefetch$FluxConcatMapNoPrefetchSubscriber.innerNext(FluxConcatMapNoPrefetch.java:259) ~[reactor-core-3.7.12.jar:3.7.12]
	at reactor.core.publisher.FluxConcatMap$ConcatMapInner.onNext(FluxConcatMap.java:865) ~[reactor-core-3.7.12.jar:3.7.12]
	at org.springframework.security.test.context.support.ReactorContextTestExecutionListener$DelegateTestExecutionListener$SecuritySubContext.onNext(ReactorContextTestExecutionListener.java:120) ~[spring-security-test-6.5.6.jar:6.5.6]
	at reactor.core.publisher.FluxMapFuseable$MapFuseableSubscriber.onNext(FluxMapFuseable.java:129) ~[reactor-core-3.7.12.jar:3.7.12]
	at reactor.core.publisher.MonoPeekTerminal$MonoTerminalPeekSubscriber.onNext(MonoPeekTerminal.java:180) ~[reactor-core-3.7.12.jar:3.7.12]
	at reactor.core.publisher.Operators$ScalarSubscription.request(Operators.java:2570) ~[reactor-core-3.7.12.jar:3.7.12]
	at reactor.core.publisher.MonoPeekTerminal$MonoTerminalPeekSubscriber.request(MonoPeekTerminal.java:139) ~[reactor-core-3.7.12.jar:3.7.12]
	at reactor.core.publisher.FluxMapFuseable$MapFuseableSubscriber.request(FluxMapFuseable.java:171) ~[reactor-core-3.7.12.jar:3.7.12]
	at reactor.core.publisher.Operators$MultiSubscriptionSubscriber.request(Operators.java:2330) ~[reactor-core-3.7.12.jar:3.7.12]
	at reactor.core.publisher.FluxConcatMapNoPrefetch$FluxConcatMapNoPrefetchSubscriber.request(FluxConcatMapNoPrefetch.java:339) ~[reactor-core-3.7.12.jar:3.7.12]
	at reactor.core.publisher.MonoNext$NextSubscriber.request(MonoNext.java:108) ~[reactor-core-3.7.12.jar:3.7.12]
	at reactor.core.publisher.Operators$MultiSubscriptionSubscriber.set(Operators.java:2366) ~[reactor-core-3.7.12.jar:3.7.12]
	at reactor.core.publisher.Operators$MultiSubscriptionSubscriber.onSubscribe(Operators.java:2240) ~[reactor-core-3.7.12.jar:3.7.12]
	at reactor.core.publisher.MonoNext$NextSubscriber.onSubscribe(MonoNext.java:70) ~[reactor-core-3.7.12.jar:3.7.12]
	at reactor.core.publisher.FluxConcatMapNoPrefetch$FluxConcatMapNoPrefetchSubscriber.onSubscribe(FluxConcatMapNoPrefetch.java:164) ~[reactor-core-3.7.12.jar:3.7.12]
	at reactor.core.publisher.FluxIterable.subscribe(FluxIterable.java:201) ~[reactor-core-3.7.12.jar:3.7.12]
	at reactor.core.publisher.FluxIterable.subscribe(FluxIterable.java:83) ~[reactor-core-3.7.12.jar:3.7.12]
	at reactor.core.publisher.InternalMonoOperator.subscribe(InternalMonoOperator.java:76) ~[reactor-core-3.7.12.jar:3.7.12]
	at reactor.core.publisher.MonoDefer.subscribe(MonoDefer.java:53) ~[reactor-core-3.7.12.jar:3.7.12]
	at reactor.core.publisher.MonoDefer.subscribe(MonoDefer.java:53) ~[reactor-core-3.7.12.jar:3.7.12]
	at reactor.core.publisher.Mono.subscribe(Mono.java:4576) ~[reactor-core-3.7.12.jar:3.7.12]
	at reactor.core.publisher.FluxSwitchIfEmpty$SwitchIfEmptySubscriber.onComplete(FluxSwitchIfEmpty.java:82) ~[reactor-core-3.7.12.jar:3.7.12]
	at reactor.core.publisher.MonoPeekTerminal$MonoTerminalPeekSubscriber.onComplete(MonoPeekTerminal.java:299) ~[reactor-core-3.7.12.jar:3.7.12]
	at reactor.core.publisher.MonoPeekTerminal$MonoTerminalPeekSubscriber.onComplete(MonoPeekTerminal.java:299) ~[reactor-core-3.7.12.jar:3.7.12]
	at reactor.core.publisher.MonoFlatMap$FlatMapMain.onNext(MonoFlatMap.java:155) ~[reactor-core-3.7.12.jar:3.7.12]
	at reactor.core.publisher.FluxSwitchIfEmpty$SwitchIfEmptySubscriber.onNext(FluxSwitchIfEmpty.java:74) ~[reactor-core-3.7.12.jar:3.7.12]
	at reactor.core.publisher.FluxFilter$FilterSubscriber.onNext(FluxFilter.java:113) ~[reactor-core-3.7.12.jar:3.7.12]
	at reactor.core.publisher.FluxDefaultIfEmpty$DefaultIfEmptySubscriber.onNext(FluxDefaultIfEmpty.java:122) ~[reactor-core-3.7.12.jar:3.7.12]
	at reactor.core.publisher.MonoNext$NextSubscriber.onNext(MonoNext.java:82) ~[reactor-core-3.7.12.jar:3.7.12]
	at reactor.core.publisher.FluxConcatMapNoPrefetch$FluxConcatMapNoPrefetchSubscriber.innerNext(FluxConcatMapNoPrefetch.java:259) ~[reactor-core-3.7.12.jar:3.7.12]
	at reactor.core.publisher.FluxConcatMap$ConcatMapInner.onNext(FluxConcatMap.java:865) ~[reactor-core-3.7.12.jar:3.7.12]
	at org.springframework.security.test.context.support.ReactorContextTestExecutionListener$DelegateTestExecutionListener$SecuritySubContext.onNext(ReactorContextTestExecutionListener.java:120) ~[spring-security-test-6.5.6.jar:6.5.6]
	at reactor.core.publisher.MonoFlatMap$FlatMapMain.onNext(MonoFlatMap.java:158) ~[reactor-core-3.7.12.jar:3.7.12]
	at reactor.core.publisher.FluxMap$MapSubscriber.onNext(FluxMap.java:122) ~[reactor-core-3.7.12.jar:3.7.12]
	at reactor.core.publisher.FluxFilter$FilterSubscriber.onNext(FluxFilter.java:113) ~[reactor-core-3.7.12.jar:3.7.12]
	at reactor.core.publisher.FluxPeekFuseable$PeekConditionalSubscriber.onNext(FluxPeekFuseable.java:854) ~[reactor-core-3.7.12.jar:3.7.12]
	at reactor.core.publisher.FluxSwitchIfEmpty$SwitchIfEmptySubscriber.onNext(FluxSwitchIfEmpty.java:74) ~[reactor-core-3.7.12.jar:3.7.12]
	at reactor.core.publisher.MonoNext$NextSubscriber.onNext(MonoNext.java:82) ~[reactor-core-3.7.12.jar:3.7.12]
	at reactor.core.publisher.FluxFilter$FilterSubscriber.onNext(FluxFilter.java:113) ~[reactor-core-3.7.12.jar:3.7.12]
	at reactor.core.publisher.FluxFlatMap$FlatMapMain.drainLoop(FluxFlatMap.java:639) ~[reactor-core-3.7.12.jar:3.7.12]
	at reactor.core.publisher.FluxFlatMap$FlatMapMain.drain(FluxFlatMap.java:592) ~[reactor-core-3.7.12.jar:3.7.12]
	at reactor.core.publisher.FluxFlatMap$FlatMapMain.request(FluxFlatMap.java:349) ~[reactor-core-3.7.12.jar:3.7.12]
	at reactor.core.publisher.FluxFilter$FilterSubscriber.request(FluxFilter.java:186) ~[reactor-core-3.7.12.jar:3.7.12]
	at reactor.core.publisher.MonoNext$NextSubscriber.request(MonoNext.java:108) ~[reactor-core-3.7.12.jar:3.7.12]
	at reactor.core.publisher.Operators$MultiSubscriptionSubscriber.request(Operators.java:2330) ~[reactor-core-3.7.12.jar:3.7.12]
	at reactor.core.publisher.FluxPeekFuseable$PeekConditionalSubscriber.request(FluxPeekFuseable.java:783) ~[reactor-core-3.7.12.jar:3.7.12]
	at reactor.core.publisher.FluxFilter$FilterSubscriber.request(FluxFilter.java:186) ~[reactor-core-3.7.12.jar:3.7.12]
	at reactor.core.publisher.FluxMap$MapSubscriber.request(FluxMap.java:164) ~[reactor-core-3.7.12.jar:3.7.12]
	at reactor.core.publisher.MonoFlatMap$FlatMapMain.request(MonoFlatMap.java:194) ~[reactor-core-3.7.12.jar:3.7.12]
	at reactor.core.publisher.Operators$MultiSubscriptionSubscriber.request(Operators.java:2330) ~[reactor-core-3.7.12.jar:3.7.12]
	at reactor.core.publisher.FluxConcatMapNoPrefetch$FluxConcatMapNoPrefetchSubscriber.request(FluxConcatMapNoPrefetch.java:339) ~[reactor-core-3.7.12.jar:3.7.12]
	at reactor.core.publisher.MonoNext$NextSubscriber.request(MonoNext.java:108) ~[reactor-core-3.7.12.jar:3.7.12]
	at reactor.core.publisher.FluxDefaultIfEmpty$DefaultIfEmptySubscriber.request(FluxDefaultIfEmpty.java:98) ~[reactor-core-3.7.12.jar:3.7.12]
	at reactor.core.publisher.FluxFilter$FilterSubscriber.request(FluxFilter.java:186) ~[reactor-core-3.7.12.jar:3.7.12]
	at reactor.core.publisher.Operators$MultiSubscriptionSubscriber.set(Operators.java:2366) ~[reactor-core-3.7.12.jar:3.7.12]
	at reactor.core.publisher.Operators$MultiSubscriptionSubscriber.onSubscribe(Operators.java:2240) ~[reactor-core-3.7.12.jar:3.7.12]
	at reactor.core.publisher.FluxFilter$FilterSubscriber.onSubscribe(FluxFilter.java:85) ~[reactor-core-3.7.12.jar:3.7.12]
	at reactor.core.publisher.Operators$BaseFluxToMonoOperator.onSubscribe(Operators.java:2050) ~[reactor-core-3.7.12.jar:3.7.12]
	at reactor.core.publisher.MonoNext$NextSubscriber.onSubscribe(MonoNext.java:70) ~[reactor-core-3.7.12.jar:3.7.12]
	at reactor.core.publisher.FluxConcatMapNoPrefetch$FluxConcatMapNoPrefetchSubscriber.onSubscribe(FluxConcatMapNoPrefetch.java:164) ~[reactor-core-3.7.12.jar:3.7.12]
	at reactor.core.publisher.FluxIterable.subscribe(FluxIterable.java:201) ~[reactor-core-3.7.12.jar:3.7.12]
	at reactor.core.publisher.FluxIterable.subscribe(FluxIterable.java:83) ~[reactor-core-3.7.12.jar:3.7.12]
	at reactor.core.publisher.InternalMonoOperator.subscribe(InternalMonoOperator.java:76) ~[reactor-core-3.7.12.jar:3.7.12]
	at reactor.core.publisher.MonoDefer.subscribe(MonoDefer.java:53) ~[reactor-core-3.7.12.jar:3.7.12]
	at reactor.core.publisher.InternalMonoOperator.subscribe(InternalMonoOperator.java:76) ~[reactor-core-3.7.12.jar:3.7.12]
	at reactor.core.publisher.MonoDefer.subscribe(MonoDefer.java:53) ~[reactor-core-3.7.12.jar:3.7.12]
	at reactor.core.publisher.Mono.subscribe(Mono.java:4576) ~[reactor-core-3.7.12.jar:3.7.12]
	at reactor.core.publisher.MonoIgnoreThen$ThenIgnoreMain.subscribeNext(MonoIgnoreThen.java:265) ~[reactor-core-3.7.12.jar:3.7.12]
	at reactor.core.publisher.MonoIgnoreThen.subscribe(MonoIgnoreThen.java:51) ~[reactor-core-3.7.12.jar:3.7.12]
	at reactor.core.publisher.Mono.subscribe(Mono.java:4576) ~[reactor-core-3.7.12.jar:3.7.12]
	at reactor.core.publisher.FluxSwitchIfEmpty$SwitchIfEmptySubscriber.onComplete(FluxSwitchIfEmpty.java:82) ~[reactor-core-3.7.12.jar:3.7.12]
	at reactor.core.publisher.FluxFilter$FilterSubscriber.onComplete(FluxFilter.java:166) ~[reactor-core-3.7.12.jar:3.7.12]
	at reactor.core.publisher.FluxPeekFuseable$PeekConditionalSubscriber.onComplete(FluxPeekFuseable.java:940) ~[reactor-core-3.7.12.jar:3.7.12]
	at reactor.core.publisher.FluxSwitchIfEmpty$SwitchIfEmptySubscriber.onComplete(FluxSwitchIfEmpty.java:85) ~[reactor-core-3.7.12.jar:3.7.12]
	at org.springframework.security.test.context.support.ReactorContextTestExecutionListener$DelegateTestExecutionListener$SecuritySubContext.onComplete(ReactorContextTestExecutionListener.java:130) ~[spring-security-test-6.5.6.jar:6.5.6]
	at reactor.core.publisher.Operators$ScalarSubscription.request(Operators.java:2572) ~[reactor-core-3.7.12.jar:3.7.12]
	at reactor.core.publisher.Operators$MultiSubscriptionSubscriber.set(Operators.java:2366) ~[reactor-core-3.7.12.jar:3.7.12]
	at reactor.core.publisher.Operators$MultiSubscriptionSubscriber.onSubscribe(Operators.java:2240) ~[reactor-core-3.7.12.jar:3.7.12]
	at org.springframework.security.test.context.support.ReactorContextTestExecutionListener$DelegateTestExecutionListener$SecuritySubContext.onSubscribe(ReactorContextTestExecutionListener.java:115) ~[spring-security-test-6.5.6.jar:6.5.6]
	at reactor.core.publisher.MonoJust.subscribe(MonoJust.java:55) ~[reactor-core-3.7.12.jar:3.7.12]
	at reactor.core.publisher.Mono.subscribe(Mono.java:4576) ~[reactor-core-3.7.12.jar:3.7.12]
	at reactor.core.publisher.FluxSwitchIfEmpty$SwitchIfEmptySubscriber.onComplete(FluxSwitchIfEmpty.java:82) ~[reactor-core-3.7.12.jar:3.7.12]
	at reactor.core.publisher.MonoNext$NextSubscriber.onComplete(MonoNext.java:102) ~[reactor-core-3.7.12.jar:3.7.12]
	at reactor.core.publisher.FluxFilter$FilterSubscriber.onComplete(FluxFilter.java:166) ~[reactor-core-3.7.12.jar:3.7.12]
	at reactor.core.publisher.FluxFlatMap$FlatMapMain.checkTerminated(FluxFlatMap.java:850) ~[reactor-core-3.7.12.jar:3.7.12]
	at reactor.core.publisher.FluxFlatMap$FlatMapMain.drainLoop(FluxFlatMap.java:612) ~[reactor-core-3.7.12.jar:3.7.12]
	at reactor.core.publisher.FluxFlatMap$FlatMapMain.drain(FluxFlatMap.java:592) ~[reactor-core-3.7.12.jar:3.7.12]
	at reactor.core.publisher.FluxFlatMap$FlatMapMain.onComplete(FluxFlatMap.java:469) ~[reactor-core-3.7.12.jar:3.7.12]
	at reactor.core.publisher.FluxPeekFuseable$PeekFuseableSubscriber.onComplete(FluxPeekFuseable.java:277) ~[reactor-core-3.7.12.jar:3.7.12]
	at reactor.core.publisher.FluxIterable$IterableSubscription.slowPath(FluxIterable.java:357) ~[reactor-core-3.7.12.jar:3.7.12]
	at reactor.core.publisher.FluxIterable$IterableSubscription.request(FluxIterable.java:294) ~[reactor-core-3.7.12.jar:3.7.12]
	at reactor.core.publisher.FluxPeekFuseable$PeekFuseableSubscriber.request(FluxPeekFuseable.java:144) ~[reactor-core-3.7.12.jar:3.7.12]
	at reactor.core.publisher.FluxFlatMap$FlatMapMain.onSubscribe(FluxFlatMap.java:373) ~[reactor-core-3.7.12.jar:3.7.12]
	at reactor.core.publisher.FluxPeekFuseable$PeekFuseableSubscriber.onSubscribe(FluxPeekFuseable.java:178) ~[reactor-core-3.7.12.jar:3.7.12]
	at reactor.core.publisher.FluxIterable.subscribe(FluxIterable.java:201) ~[reactor-core-3.7.12.jar:3.7.12]
	at reactor.core.publisher.FluxIterable.subscribe(FluxIterable.java:83) ~[reactor-core-3.7.12.jar:3.7.12]
	at reactor.core.publisher.InternalMonoOperator.subscribe(InternalMonoOperator.java:76) ~[reactor-core-3.7.12.jar:3.7.12]
	at reactor.core.publisher.MonoDefer.subscribe(MonoDefer.java:53) ~[reactor-core-3.7.12.jar:3.7.12]
	at reactor.core.publisher.MonoFlatMap$FlatMapMain.onNext(MonoFlatMap.java:165) ~[reactor-core-3.7.12.jar:3.7.12]
	at reactor.core.publisher.Operators$BaseFluxToMonoOperator.completePossiblyEmpty(Operators.java:2096) ~[reactor-core-3.7.12.jar:3.7.12]
	at reactor.core.publisher.FluxDefaultIfEmpty$DefaultIfEmptySubscriber.onComplete(FluxDefaultIfEmpty.java:134) ~[reactor-core-3.7.12.jar:3.7.12]
	at reactor.core.publisher.FluxMap$MapSubscriber.onComplete(FluxMap.java:144) ~[reactor-core-3.7.12.jar:3.7.12]
	at reactor.core.publisher.FluxMap$MapSubscriber.onComplete(FluxMap.java:144) ~[reactor-core-3.7.12.jar:3.7.12]
	at reactor.core.publisher.FluxFilter$FilterSubscriber.onComplete(FluxFilter.java:166) ~[reactor-core-3.7.12.jar:3.7.12]
	at reactor.core.publisher.FluxMap$MapConditionalSubscriber.onComplete(FluxMap.java:275) ~[reactor-core-3.7.12.jar:3.7.12]
	at reactor.core.publisher.Operators$MonoSubscriber.complete(Operators.java:1865) ~[reactor-core-3.7.12.jar:3.7.12]
	at reactor.core.publisher.MonoCacheTime$CoordinatorSubscriber.signalCached(MonoCacheTime.java:337) ~[reactor-core-3.7.12.jar:3.7.12]
	at reactor.core.publisher.MonoCacheTime$CoordinatorSubscriber.onNext(MonoCacheTime.java:354) ~[reactor-core-3.7.12.jar:3.7.12]
	at reactor.core.publisher.FluxPeek$PeekSubscriber.onNext(FluxPeek.java:200) ~[reactor-core-3.7.12.jar:3.7.12]
	at reactor.core.publisher.FluxSwitchIfEmpty$SwitchIfEmptySubscriber.onNext(FluxSwitchIfEmpty.java:74) ~[reactor-core-3.7.12.jar:3.7.12]
	at org.springframework.security.test.context.support.ReactorContextTestExecutionListener$DelegateTestExecutionListener$SecuritySubContext.onNext(ReactorContextTestExecutionListener.java:120) ~[spring-security-test-6.5.6.jar:6.5.6]
	at reactor.core.publisher.MonoPeekTerminal$MonoTerminalPeekSubscriber.onNext(MonoPeekTerminal.java:180) ~[reactor-core-3.7.12.jar:3.7.12]
	at reactor.core.publisher.MonoPublishOn$PublishOnSubscriber.run(MonoPublishOn.java:181) ~[reactor-core-3.7.12.jar:3.7.12]
	at reactor.core.scheduler.SchedulerTask.call(SchedulerTask.java:68) ~[reactor-core-3.7.12.jar:3.7.12]
	at reactor.core.scheduler.SchedulerTask.call(SchedulerTask.java:28) ~[reactor-core-3.7.12.jar:3.7.12]
	at java.base/java.util.concurrent.FutureTask.run(FutureTask.java:328) ~[na:na]
	at java.base/java.util.concurrent.ScheduledThreadPoolExecutor$ScheduledFutureTask.run(ScheduledThreadPoolExecutor.java:309) ~[na:na]
	at java.base/java.util.concurrent.ThreadPoolExecutor.runWorker(ThreadPoolExecutor.java:1095) ~[na:na]
	at java.base/java.util.concurrent.ThreadPoolExecutor$Worker.run(ThreadPoolExecutor.java:619) ~[na:na]
	at java.base/java.lang.Thread.run(Thread.java:1447) ~[na:na]

2025-11-16T14:23:33.364+01:00 ERROR 5063 --- [           main] o.s.t.w.reactive.server.ExchangeResult   : Request details for assertion failure:

> POST /api/scores
> WebTestClient-Request-Id: [2]
> Content-Type: [multipart/form-data;boundary=NoJXlwCyYXldRSwBFi4yDA6QfD4ID44UeA7]

11534491 bytes of content.

< 500 INTERNAL_SERVER_ERROR Internal Server Error
< Content-Type: [application/json]
< Content-Length: [139]
< Cache-Control: [no-cache, no-store, max-age=0, must-revalidate]
< Pragma: [no-cache]
< Expires: [0]
< X-Content-Type-Options: [nosniff]
< X-Frame-Options: [DENY]
< X-XSS-Protection: [0]
< Referrer-Policy: [no-referrer]

{"message":"Internal server error","status":500,"timestamp":"2025-11-16T14:23:33.363302","path":"/api/scores","errorCode":"INTERNAL_ERROR"}

2025-11-16T14:23:33.369+01:00 ERROR 5063 --- [     parallel-6] c.p.i.a.i.r.e.h.GlobalFallbackHandler    : Unexpected error: argument type mismatch
Controller [com.pdgigs.infrastructure.adapter.input.rest.ScoreControllerUpload]
Method [public reactor.core.publisher.Mono<com.pdgigs.infrastructure.adapter.input.rest.dto.response.ScoreResponse> com.pdgigs.infrastructure.adapter.input.rest.ScoreControllerUpload.uploadScore(org.springframework.http.codec.multipart.FilePart,java.lang.String,java.lang.String,java.lang.String)] with argument values:
 [0] [type=org.springframework.http.codec.multipart.DefaultParts$DefaultFormFieldPart] [value=DefaultFormFieldPart{file}],
[1] [type=java.lang.String] [value=],
[2] [type=java.lang.String] [value=],
[3] [type=java.lang.String] [value=] 

java.lang.IllegalStateException: argument type mismatch
Controller [com.pdgigs.infrastructure.adapter.input.rest.ScoreControllerUpload]
Method [public reactor.core.publisher.Mono<com.pdgigs.infrastructure.adapter.input.rest.dto.response.ScoreResponse> com.pdgigs.infrastructure.adapter.input.rest.ScoreControllerUpload.uploadScore(org.springframework.http.codec.multipart.FilePart,java.lang.String,java.lang.String,java.lang.String)] with argument values:
 [0] [type=org.springframework.http.codec.multipart.DefaultParts$DefaultFormFieldPart] [value=DefaultFormFieldPart{file}],
[1] [type=java.lang.String] [value=],
[2] [type=java.lang.String] [value=],
[3] [type=java.lang.String] [value=] 
	at org.springframework.web.reactive.result.method.InvocableHandlerMethod.lambda$invoke$0(InvocableHandlerMethod.java:214) ~[spring-webflux-6.2.12.jar:6.2.12]
	at reactor.core.publisher.MonoFlatMap$FlatMapMain.onNext(MonoFlatMap.java:132) ~[reactor-core-3.7.12.jar:3.7.12]
	at reactor.core.publisher.MonoZip$ZipCoordinator.signal(MonoZip.java:297) ~[reactor-core-3.7.12.jar:3.7.12]
	at reactor.core.publisher.MonoZip$ZipInner.onNext(MonoZip.java:478) ~[reactor-core-3.7.12.jar:3.7.12]
	at reactor.core.publisher.MonoPeekTerminal$MonoTerminalPeekSubscriber.onNext(MonoPeekTerminal.java:180) ~[reactor-core-3.7.12.jar:3.7.12]
	at reactor.core.publisher.FluxDefaultIfEmpty$DefaultIfEmptySubscriber.onNext(FluxDefaultIfEmpty.java:122) ~[reactor-core-3.7.12.jar:3.7.12]
	at reactor.core.publisher.FluxSwitchIfEmpty$SwitchIfEmptySubscriber.onNext(FluxSwitchIfEmpty.java:74) ~[reactor-core-3.7.12.jar:3.7.12]
	at org.springframework.security.test.context.support.ReactorContextTestExecutionListener$DelegateTestExecutionListener$SecuritySubContext.onNext(ReactorContextTestExecutionListener.java:120) ~[spring-security-test-6.5.6.jar:6.5.6]
	at reactor.core.publisher.MonoSupplier$MonoSupplierSubscription.request(MonoSupplier.java:145) ~[reactor-core-3.7.12.jar:3.7.12]
	at reactor.core.publisher.Operators$MultiSubscriptionSubscriber.set(Operators.java:2366) ~[reactor-core-3.7.12.jar:3.7.12]
	at reactor.core.publisher.Operators$MultiSubscriptionSubscriber.onSubscribe(Operators.java:2240) ~[reactor-core-3.7.12.jar:3.7.12]
	at org.springframework.security.test.context.support.ReactorContextTestExecutionListener$DelegateTestExecutionListener$SecuritySubContext.onSubscribe(ReactorContextTestExecutionListener.java:115) ~[spring-security-test-6.5.6.jar:6.5.6]
	at reactor.core.publisher.MonoSupplier.subscribe(MonoSupplier.java:48) ~[reactor-core-3.7.12.jar:3.7.12]
	at reactor.core.publisher.Mono.subscribe(Mono.java:4576) ~[reactor-core-3.7.12.jar:3.7.12]
	at reactor.core.publisher.FluxSwitchIfEmpty$SwitchIfEmptySubscriber.onComplete(FluxSwitchIfEmpty.java:82) ~[reactor-core-3.7.12.jar:3.7.12]
	at reactor.core.publisher.Operators.complete(Operators.java:137) ~[reactor-core-3.7.12.jar:3.7.12]
	at reactor.core.publisher.FluxFlatMap.trySubscribeScalarMap(FluxFlatMap.java:146) ~[reactor-core-3.7.12.jar:3.7.12]
	at reactor.core.publisher.MonoFlatMap.subscribeOrReturn(MonoFlatMap.java:53) ~[reactor-core-3.7.12.jar:3.7.12]
	at reactor.core.publisher.InternalMonoOperator.subscribe(InternalMonoOperator.java:63) ~[reactor-core-3.7.12.jar:3.7.12]
	at reactor.core.publisher.MonoZip$ZipCoordinator.request(MonoZip.java:220) ~[reactor-core-3.7.12.jar:3.7.12]
	at reactor.core.publisher.MonoFlatMap$FlatMapMain.request(MonoFlatMap.java:194) ~[reactor-core-3.7.12.jar:3.7.12]
	at reactor.core.publisher.MonoIgnoreThen$ThenIgnoreMain.onSubscribe(MonoIgnoreThen.java:135) ~[reactor-core-3.7.12.jar:3.7.12]
	at reactor.core.publisher.MonoFlatMap$FlatMapMain.onSubscribe(MonoFlatMap.java:117) ~[reactor-core-3.7.12.jar:3.7.12]
	at reactor.core.publisher.MonoZip.subscribe(MonoZip.java:129) ~[reactor-core-3.7.12.jar:3.7.12]
	at reactor.core.publisher.InternalMonoOperator.subscribe(InternalMonoOperator.java:76) ~[reactor-core-3.7.12.jar:3.7.12]
	at reactor.core.publisher.MonoDefer.subscribe(MonoDefer.java:53) ~[reactor-core-3.7.12.jar:3.7.12]
	at reactor.core.publisher.MonoIgnoreThen$ThenIgnoreMain.subscribeNext(MonoIgnoreThen.java:241) ~[reactor-core-3.7.12.jar:3.7.12]
	at reactor.core.publisher.MonoIgnoreThen$ThenIgnoreMain.onComplete(MonoIgnoreThen.java:204) ~[reactor-core-3.7.12.jar:3.7.12]
	at org.springframework.security.test.context.support.ReactorContextTestExecutionListener$DelegateTestExecutionListener$SecuritySubContext.onComplete(ReactorContextTestExecutionListener.java:130) ~[spring-security-test-6.5.6.jar:6.5.6]
	at reactor.core.publisher.MonoFlatMap$FlatMapMain.onComplete(MonoFlatMap.java:189) ~[reactor-core-3.7.12.jar:3.7.12]
	at reactor.core.publisher.Operators.complete(Operators.java:137) ~[reactor-core-3.7.12.jar:3.7.12]
	at reactor.core.publisher.MonoZip.subscribe(MonoZip.java:121) ~[reactor-core-3.7.12.jar:3.7.12]
	at reactor.core.publisher.Mono.subscribe(Mono.java:4576) ~[reactor-core-3.7.12.jar:3.7.12]
	at reactor.core.publisher.MonoIgnoreThen$ThenIgnoreMain.subscribeNext(MonoIgnoreThen.java:265) ~[reactor-core-3.7.12.jar:3.7.12]
	at reactor.core.publisher.MonoIgnoreThen.subscribe(MonoIgnoreThen.java:51) ~[reactor-core-3.7.12.jar:3.7.12]
	at reactor.core.publisher.InternalMonoOperator.subscribe(InternalMonoOperator.java:76) ~[reactor-core-3.7.12.jar:3.7.12]
	at reactor.core.publisher.MonoFlatMap$FlatMapMain.onNext(MonoFlatMap.java:165) ~[reactor-core-3.7.12.jar:3.7.12]
	at reactor.core.publisher.FluxOnErrorResume$ResumeSubscriber.onNext(FluxOnErrorResume.java:79) ~[reactor-core-3.7.12.jar:3.7.12]
	at reactor.core.publisher.FluxSwitchIfEmpty$SwitchIfEmptySubscriber.onNext(FluxSwitchIfEmpty.java:74) ~[reactor-core-3.7.12.jar:3.7.12]
	at reactor.core.publisher.MonoNext$NextSubscriber.onNext(MonoNext.java:82) ~[reactor-core-3.7.12.jar:3.7.12]
	at reactor.core.publisher.FluxConcatMapNoPrefetch$FluxConcatMapNoPrefetchSubscriber.innerNext(FluxConcatMapNoPrefetch.java:259) ~[reactor-core-3.7.12.jar:3.7.12]
	at reactor.core.publisher.FluxConcatMap$ConcatMapInner.onNext(FluxConcatMap.java:865) ~[reactor-core-3.7.12.jar:3.7.12]
	at org.springframework.security.test.context.support.ReactorContextTestExecutionListener$DelegateTestExecutionListener$SecuritySubContext.onNext(ReactorContextTestExecutionListener.java:120) ~[spring-security-test-6.5.6.jar:6.5.6]
	at reactor.core.publisher.FluxMapFuseable$MapFuseableSubscriber.onNext(FluxMapFuseable.java:129) ~[reactor-core-3.7.12.jar:3.7.12]
	at reactor.core.publisher.MonoPeekTerminal$MonoTerminalPeekSubscriber.onNext(MonoPeekTerminal.java:180) ~[reactor-core-3.7.12.jar:3.7.12]
	at reactor.core.publisher.Operators$ScalarSubscription.request(Operators.java:2570) ~[reactor-core-3.7.12.jar:3.7.12]
	at reactor.core.publisher.MonoPeekTerminal$MonoTerminalPeekSubscriber.request(MonoPeekTerminal.java:139) ~[reactor-core-3.7.12.jar:3.7.12]
	at reactor.core.publisher.FluxMapFuseable$MapFuseableSubscriber.request(FluxMapFuseable.java:171) ~[reactor-core-3.7.12.jar:3.7.12]
	at reactor.core.publisher.Operators$MultiSubscriptionSubscriber.request(Operators.java:2330) ~[reactor-core-3.7.12.jar:3.7.12]
	at reactor.core.publisher.FluxConcatMapNoPrefetch$FluxConcatMapNoPrefetchSubscriber.request(FluxConcatMapNoPrefetch.java:339) ~[reactor-core-3.7.12.jar:3.7.12]
	at reactor.core.publisher.MonoNext$NextSubscriber.request(MonoNext.java:108) ~[reactor-core-3.7.12.jar:3.7.12]
	at reactor.core.publisher.Operators$MultiSubscriptionSubscriber.set(Operators.java:2366) ~[reactor-core-3.7.12.jar:3.7.12]
	at reactor.core.publisher.Operators$MultiSubscriptionSubscriber.onSubscribe(Operators.java:2240) ~[reactor-core-3.7.12.jar:3.7.12]
	at reactor.core.publisher.MonoNext$NextSubscriber.onSubscribe(MonoNext.java:70) ~[reactor-core-3.7.12.jar:3.7.12]
	at reactor.core.publisher.FluxConcatMapNoPrefetch$FluxConcatMapNoPrefetchSubscriber.onSubscribe(FluxConcatMapNoPrefetch.java:164) ~[reactor-core-3.7.12.jar:3.7.12]
	at reactor.core.publisher.FluxIterable.subscribe(FluxIterable.java:201) ~[reactor-core-3.7.12.jar:3.7.12]
	at reactor.core.publisher.FluxIterable.subscribe(FluxIterable.java:83) ~[reactor-core-3.7.12.jar:3.7.12]
	at reactor.core.publisher.InternalMonoOperator.subscribe(InternalMonoOperator.java:76) ~[reactor-core-3.7.12.jar:3.7.12]
	at reactor.core.publisher.MonoDefer.subscribe(MonoDefer.java:53) ~[reactor-core-3.7.12.jar:3.7.12]
	at reactor.core.publisher.MonoDefer.subscribe(MonoDefer.java:53) ~[reactor-core-3.7.12.jar:3.7.12]
	at reactor.core.publisher.Mono.subscribe(Mono.java:4576) ~[reactor-core-3.7.12.jar:3.7.12]
	at reactor.core.publisher.FluxSwitchIfEmpty$SwitchIfEmptySubscriber.onComplete(FluxSwitchIfEmpty.java:82) ~[reactor-core-3.7.12.jar:3.7.12]
	at reactor.core.publisher.MonoPeekTerminal$MonoTerminalPeekSubscriber.onComplete(MonoPeekTerminal.java:299) ~[reactor-core-3.7.12.jar:3.7.12]
	at reactor.core.publisher.MonoPeekTerminal$MonoTerminalPeekSubscriber.onComplete(MonoPeekTerminal.java:299) ~[reactor-core-3.7.12.jar:3.7.12]
	at reactor.core.publisher.MonoFlatMap$FlatMapMain.onNext(MonoFlatMap.java:155) ~[reactor-core-3.7.12.jar:3.7.12]
	at reactor.core.publisher.FluxSwitchIfEmpty$SwitchIfEmptySubscriber.onNext(FluxSwitchIfEmpty.java:74) ~[reactor-core-3.7.12.jar:3.7.12]
	at reactor.core.publisher.FluxFilter$FilterSubscriber.onNext(FluxFilter.java:113) ~[reactor-core-3.7.12.jar:3.7.12]
	at reactor.core.publisher.FluxDefaultIfEmpty$DefaultIfEmptySubscriber.onNext(FluxDefaultIfEmpty.java:122) ~[reactor-core-3.7.12.jar:3.7.12]
	at reactor.core.publisher.MonoNext$NextSubscriber.onNext(MonoNext.java:82) ~[reactor-core-3.7.12.jar:3.7.12]
	at reactor.core.publisher.FluxConcatMapNoPrefetch$FluxConcatMapNoPrefetchSubscriber.innerNext(FluxConcatMapNoPrefetch.java:259) ~[reactor-core-3.7.12.jar:3.7.12]
	at reactor.core.publisher.FluxConcatMap$ConcatMapInner.onNext(FluxConcatMap.java:865) ~[reactor-core-3.7.12.jar:3.7.12]
	at org.springframework.security.test.context.support.ReactorContextTestExecutionListener$DelegateTestExecutionListener$SecuritySubContext.onNext(ReactorContextTestExecutionListener.java:120) ~[spring-security-test-6.5.6.jar:6.5.6]
	at reactor.core.publisher.MonoFlatMap$FlatMapMain.onNext(MonoFlatMap.java:158) ~[reactor-core-3.7.12.jar:3.7.12]
	at reactor.core.publisher.FluxMap$MapSubscriber.onNext(FluxMap.java:122) ~[reactor-core-3.7.12.jar:3.7.12]
	at reactor.core.publisher.FluxFilter$FilterSubscriber.onNext(FluxFilter.java:113) ~[reactor-core-3.7.12.jar:3.7.12]
	at reactor.core.publisher.FluxPeekFuseable$PeekConditionalSubscriber.onNext(FluxPeekFuseable.java:854) ~[reactor-core-3.7.12.jar:3.7.12]
	at reactor.core.publisher.FluxSwitchIfEmpty$SwitchIfEmptySubscriber.onNext(FluxSwitchIfEmpty.java:74) ~[reactor-core-3.7.12.jar:3.7.12]
	at reactor.core.publisher.MonoNext$NextSubscriber.onNext(MonoNext.java:82) ~[reactor-core-3.7.12.jar:3.7.12]
	at reactor.core.publisher.FluxFilter$FilterSubscriber.onNext(FluxFilter.java:113) ~[reactor-core-3.7.12.jar:3.7.12]
	at reactor.core.publisher.FluxFlatMap$FlatMapMain.drainLoop(FluxFlatMap.java:639) ~[reactor-core-3.7.12.jar:3.7.12]
	at reactor.core.publisher.FluxFlatMap$FlatMapMain.drain(FluxFlatMap.java:592) ~[reactor-core-3.7.12.jar:3.7.12]
	at reactor.core.publisher.FluxFlatMap$FlatMapMain.request(FluxFlatMap.java:349) ~[reactor-core-3.7.12.jar:3.7.12]
	at reactor.core.publisher.FluxFilter$FilterSubscriber.request(FluxFilter.java:186) ~[reactor-core-3.7.12.jar:3.7.12]
	at reactor.core.publisher.MonoNext$NextSubscriber.request(MonoNext.java:108) ~[reactor-core-3.7.12.jar:3.7.12]
	at reactor.core.publisher.Operators$MultiSubscriptionSubscriber.request(Operators.java:2330) ~[reactor-core-3.7.12.jar:3.7.12]
	at reactor.core.publisher.FluxPeekFuseable$PeekConditionalSubscriber.request(FluxPeekFuseable.java:783) ~[reactor-core-3.7.12.jar:3.7.12]
	at reactor.core.publisher.FluxFilter$FilterSubscriber.request(FluxFilter.java:186) ~[reactor-core-3.7.12.jar:3.7.12]
	at reactor.core.publisher.FluxMap$MapSubscriber.request(FluxMap.java:164) ~[reactor-core-3.7.12.jar:3.7.12]
	at reactor.core.publisher.MonoFlatMap$FlatMapMain.request(MonoFlatMap.java:194) ~[reactor-core-3.7.12.jar:3.7.12]
	at reactor.core.publisher.Operators$MultiSubscriptionSubscriber.request(Operators.java:2330) ~[reactor-core-3.7.12.jar:3.7.12]
	at reactor.core.publisher.FluxConcatMapNoPrefetch$FluxConcatMapNoPrefetchSubscriber.request(FluxConcatMapNoPrefetch.java:339) ~[reactor-core-3.7.12.jar:3.7.12]
	at reactor.core.publisher.MonoNext$NextSubscriber.request(MonoNext.java:108) ~[reactor-core-3.7.12.jar:3.7.12]
	at reactor.core.publisher.FluxDefaultIfEmpty$DefaultIfEmptySubscriber.request(FluxDefaultIfEmpty.java:98) ~[reactor-core-3.7.12.jar:3.7.12]
	at reactor.core.publisher.FluxFilter$FilterSubscriber.request(FluxFilter.java:186) ~[reactor-core-3.7.12.jar:3.7.12]
	at reactor.core.publisher.Operators$MultiSubscriptionSubscriber.set(Operators.java:2366) ~[reactor-core-3.7.12.jar:3.7.12]
	at reactor.core.publisher.Operators$MultiSubscriptionSubscriber.onSubscribe(Operators.java:2240) ~[reactor-core-3.7.12.jar:3.7.12]
	at reactor.core.publisher.FluxFilter$FilterSubscriber.onSubscribe(FluxFilter.java:85) ~[reactor-core-3.7.12.jar:3.7.12]
	at reactor.core.publisher.Operators$BaseFluxToMonoOperator.onSubscribe(Operators.java:2050) ~[reactor-core-3.7.12.jar:3.7.12]
	at reactor.core.publisher.MonoNext$NextSubscriber.onSubscribe(MonoNext.java:70) ~[reactor-core-3.7.12.jar:3.7.12]
	at reactor.core.publisher.FluxConcatMapNoPrefetch$FluxConcatMapNoPrefetchSubscriber.onSubscribe(FluxConcatMapNoPrefetch.java:164) ~[reactor-core-3.7.12.jar:3.7.12]
	at reactor.core.publisher.FluxIterable.subscribe(FluxIterable.java:201) ~[reactor-core-3.7.12.jar:3.7.12]
	at reactor.core.publisher.FluxIterable.subscribe(FluxIterable.java:83) ~[reactor-core-3.7.12.jar:3.7.12]
	at reactor.core.publisher.InternalMonoOperator.subscribe(InternalMonoOperator.java:76) ~[reactor-core-3.7.12.jar:3.7.12]
	at reactor.core.publisher.MonoDefer.subscribe(MonoDefer.java:53) ~[reactor-core-3.7.12.jar:3.7.12]
	at reactor.core.publisher.InternalMonoOperator.subscribe(InternalMonoOperator.java:76) ~[reactor-core-3.7.12.jar:3.7.12]
	at reactor.core.publisher.MonoDefer.subscribe(MonoDefer.java:53) ~[reactor-core-3.7.12.jar:3.7.12]
	at reactor.core.publisher.Mono.subscribe(Mono.java:4576) ~[reactor-core-3.7.12.jar:3.7.12]
	at reactor.core.publisher.MonoIgnoreThen$ThenIgnoreMain.subscribeNext(MonoIgnoreThen.java:265) ~[reactor-core-3.7.12.jar:3.7.12]
	at reactor.core.publisher.MonoIgnoreThen.subscribe(MonoIgnoreThen.java:51) ~[reactor-core-3.7.12.jar:3.7.12]
	at reactor.core.publisher.Mono.subscribe(Mono.java:4576) ~[reactor-core-3.7.12.jar:3.7.12]
	at reactor.core.publisher.FluxSwitchIfEmpty$SwitchIfEmptySubscriber.onComplete(FluxSwitchIfEmpty.java:82) ~[reactor-core-3.7.12.jar:3.7.12]
	at reactor.core.publisher.FluxFilter$FilterSubscriber.onComplete(FluxFilter.java:166) ~[reactor-core-3.7.12.jar:3.7.12]
	at reactor.core.publisher.FluxPeekFuseable$PeekConditionalSubscriber.onComplete(FluxPeekFuseable.java:940) ~[reactor-core-3.7.12.jar:3.7.12]
	at reactor.core.publisher.FluxSwitchIfEmpty$SwitchIfEmptySubscriber.onComplete(FluxSwitchIfEmpty.java:85) ~[reactor-core-3.7.12.jar:3.7.12]
	at org.springframework.security.test.context.support.ReactorContextTestExecutionListener$DelegateTestExecutionListener$SecuritySubContext.onComplete(ReactorContextTestExecutionListener.java:130) ~[spring-security-test-6.5.6.jar:6.5.6]
	at reactor.core.publisher.Operators$ScalarSubscription.request(Operators.java:2572) ~[reactor-core-3.7.12.jar:3.7.12]
	at reactor.core.publisher.Operators$MultiSubscriptionSubscriber.set(Operators.java:2366) ~[reactor-core-3.7.12.jar:3.7.12]
	at reactor.core.publisher.Operators$MultiSubscriptionSubscriber.onSubscribe(Operators.java:2240) ~[reactor-core-3.7.12.jar:3.7.12]
	at org.springframework.security.test.context.support.ReactorContextTestExecutionListener$DelegateTestExecutionListener$SecuritySubContext.onSubscribe(ReactorContextTestExecutionListener.java:115) ~[spring-security-test-6.5.6.jar:6.5.6]
	at reactor.core.publisher.MonoJust.subscribe(MonoJust.java:55) ~[reactor-core-3.7.12.jar:3.7.12]
	at reactor.core.publisher.Mono.subscribe(Mono.java:4576) ~[reactor-core-3.7.12.jar:3.7.12]
	at reactor.core.publisher.FluxSwitchIfEmpty$SwitchIfEmptySubscriber.onComplete(FluxSwitchIfEmpty.java:82) ~[reactor-core-3.7.12.jar:3.7.12]
	at reactor.core.publisher.MonoNext$NextSubscriber.onComplete(MonoNext.java:102) ~[reactor-core-3.7.12.jar:3.7.12]
	at reactor.core.publisher.FluxFilter$FilterSubscriber.onComplete(FluxFilter.java:166) ~[reactor-core-3.7.12.jar:3.7.12]
	at reactor.core.publisher.FluxFlatMap$FlatMapMain.checkTerminated(FluxFlatMap.java:850) ~[reactor-core-3.7.12.jar:3.7.12]
	at reactor.core.publisher.FluxFlatMap$FlatMapMain.drainLoop(FluxFlatMap.java:612) ~[reactor-core-3.7.12.jar:3.7.12]
	at reactor.core.publisher.FluxFlatMap$FlatMapMain.drain(FluxFlatMap.java:592) ~[reactor-core-3.7.12.jar:3.7.12]
	at reactor.core.publisher.FluxFlatMap$FlatMapMain.onComplete(FluxFlatMap.java:469) ~[reactor-core-3.7.12.jar:3.7.12]
	at reactor.core.publisher.FluxPeekFuseable$PeekFuseableSubscriber.onComplete(FluxPeekFuseable.java:277) ~[reactor-core-3.7.12.jar:3.7.12]
	at reactor.core.publisher.FluxIterable$IterableSubscription.slowPath(FluxIterable.java:357) ~[reactor-core-3.7.12.jar:3.7.12]
	at reactor.core.publisher.FluxIterable$IterableSubscription.request(FluxIterable.java:294) ~[reactor-core-3.7.12.jar:3.7.12]
	at reactor.core.publisher.FluxPeekFuseable$PeekFuseableSubscriber.request(FluxPeekFuseable.java:144) ~[reactor-core-3.7.12.jar:3.7.12]
	at reactor.core.publisher.FluxFlatMap$FlatMapMain.onSubscribe(FluxFlatMap.java:373) ~[reactor-core-3.7.12.jar:3.7.12]
	at reactor.core.publisher.FluxPeekFuseable$PeekFuseableSubscriber.onSubscribe(FluxPeekFuseable.java:178) ~[reactor-core-3.7.12.jar:3.7.12]
	at reactor.core.publisher.FluxIterable.subscribe(FluxIterable.java:201) ~[reactor-core-3.7.12.jar:3.7.12]
	at reactor.core.publisher.FluxIterable.subscribe(FluxIterable.java:83) ~[reactor-core-3.7.12.jar:3.7.12]
	at reactor.core.publisher.InternalMonoOperator.subscribe(InternalMonoOperator.java:76) ~[reactor-core-3.7.12.jar:3.7.12]
	at reactor.core.publisher.MonoDefer.subscribe(MonoDefer.java:53) ~[reactor-core-3.7.12.jar:3.7.12]
	at reactor.core.publisher.MonoFlatMap$FlatMapMain.onNext(MonoFlatMap.java:165) ~[reactor-core-3.7.12.jar:3.7.12]
	at reactor.core.publisher.Operators$BaseFluxToMonoOperator.completePossiblyEmpty(Operators.java:2096) ~[reactor-core-3.7.12.jar:3.7.12]
	at reactor.core.publisher.FluxDefaultIfEmpty$DefaultIfEmptySubscriber.onComplete(FluxDefaultIfEmpty.java:134) ~[reactor-core-3.7.12.jar:3.7.12]
	at reactor.core.publisher.FluxMap$MapSubscriber.onComplete(FluxMap.java:144) ~[reactor-core-3.7.12.jar:3.7.12]
	at reactor.core.publisher.FluxMap$MapSubscriber.onComplete(FluxMap.java:144) ~[reactor-core-3.7.12.jar:3.7.12]
	at reactor.core.publisher.FluxFilter$FilterSubscriber.onComplete(FluxFilter.java:166) ~[reactor-core-3.7.12.jar:3.7.12]
	at reactor.core.publisher.FluxMap$MapConditionalSubscriber.onComplete(FluxMap.java:275) ~[reactor-core-3.7.12.jar:3.7.12]
	at reactor.core.publisher.Operators$MonoSubscriber.complete(Operators.java:1865) ~[reactor-core-3.7.12.jar:3.7.12]
	at reactor.core.publisher.MonoCacheTime$CoordinatorSubscriber.signalCached(MonoCacheTime.java:337) ~[reactor-core-3.7.12.jar:3.7.12]
	at reactor.core.publisher.MonoCacheTime$CoordinatorSubscriber.onNext(MonoCacheTime.java:354) ~[reactor-core-3.7.12.jar:3.7.12]
	at reactor.core.publisher.FluxPeek$PeekSubscriber.onNext(FluxPeek.java:200) ~[reactor-core-3.7.12.jar:3.7.12]
	at reactor.core.publisher.FluxSwitchIfEmpty$SwitchIfEmptySubscriber.onNext(FluxSwitchIfEmpty.java:74) ~[reactor-core-3.7.12.jar:3.7.12]
	at org.springframework.security.test.context.support.ReactorContextTestExecutionListener$DelegateTestExecutionListener$SecuritySubContext.onNext(ReactorContextTestExecutionListener.java:120) ~[spring-security-test-6.5.6.jar:6.5.6]
	at reactor.core.publisher.MonoPeekTerminal$MonoTerminalPeekSubscriber.onNext(MonoPeekTerminal.java:180) ~[reactor-core-3.7.12.jar:3.7.12]
	at reactor.core.publisher.MonoPublishOn$PublishOnSubscriber.run(MonoPublishOn.java:181) ~[reactor-core-3.7.12.jar:3.7.12]
	at reactor.core.scheduler.SchedulerTask.call(SchedulerTask.java:68) ~[reactor-core-3.7.12.jar:3.7.12]
	at reactor.core.scheduler.SchedulerTask.call(SchedulerTask.java:28) ~[reactor-core-3.7.12.jar:3.7.12]
	at java.base/java.util.concurrent.FutureTask.run(FutureTask.java:328) ~[na:na]
	at java.base/java.util.concurrent.ScheduledThreadPoolExecutor$ScheduledFutureTask.run(ScheduledThreadPoolExecutor.java:309) ~[na:na]
	at java.base/java.util.concurrent.ThreadPoolExecutor.runWorker(ThreadPoolExecutor.java:1095) ~[na:na]
	at java.base/java.util.concurrent.ThreadPoolExecutor$Worker.run(ThreadPoolExecutor.java:619) ~[na:na]
	at java.base/java.lang.Thread.run(Thread.java:1447) ~[na:na]
Caused by: java.lang.IllegalArgumentException: argument type mismatch
	at java.base/jdk.internal.reflect.DirectMethodHandleAccessor.invoke(DirectMethodHandleAccessor.java:108) ~[na:na]
	at java.base/java.lang.reflect.Method.invoke(Method.java:565) ~[na:na]
	at org.springframework.web.reactive.result.method.InvocableHandlerMethod.lambda$invoke$0(InvocableHandlerMethod.java:208) ~[spring-webflux-6.2.12.jar:6.2.12]
	... 159 common frames omitted

2025-11-16T14:23:33.370+01:00 ERROR 5063 --- [           main] o.s.t.w.reactive.server.ExchangeResult   : Request details for assertion failure:

> POST /api/scores
> WebTestClient-Request-Id: [3]
> Content-Type: [multipart/form-data;boundary=m68y1beMzX0sHghzG4qESFMapqYkmJWk]

151 bytes of content.

< 500 INTERNAL_SERVER_ERROR Internal Server Error
< Content-Type: [application/json]
< Content-Length: [139]
< Cache-Control: [no-cache, no-store, max-age=0, must-revalidate]
< Pragma: [no-cache]
< Expires: [0]
< X-Content-Type-Options: [nosniff]
< X-Frame-Options: [DENY]
< X-XSS-Protection: [0]
< Referrer-Policy: [no-referrer]

{"message":"Internal server error","status":500,"timestamp":"2025-11-16T14:23:33.369838","path":"/api/scores","errorCode":"INTERNAL_ERROR"}

[ERROR] Tests run: 3, Failures: 3, Errors: 0, Skipped: 0, Time elapsed: 0.376 s <<< FAILURE! -- in Controller: Validaciones de formato y tamaño
[ERROR] com.pdgigs.infrastructure.adapter.input.rest.ScoreControllerValidationTest.uploadScore_EmptyFile_Returns400 -- Time elapsed: 0.089 s <<< FAILURE!
java.lang.AssertionError: Status expected:<400 BAD_REQUEST> but was:<500 INTERNAL_SERVER_ERROR>
	at org.springframework.test.util.AssertionErrors.fail(AssertionErrors.java:61)
	at org.springframework.test.util.AssertionErrors.assertEquals(AssertionErrors.java:128)
	at org.springframework.test.web.reactive.server.StatusAssertions.lambda$assertStatusAndReturn$4(StatusAssertions.java:236)
	at org.springframework.test.web.reactive.server.ExchangeResult.assertWithDiagnostics(ExchangeResult.java:232)
	at org.springframework.test.web.reactive.server.StatusAssertions.assertStatusAndReturn(StatusAssertions.java:236)
	at org.springframework.test.web.reactive.server.StatusAssertions.isBadRequest(StatusAssertions.java:131)
	at com.pdgigs.infrastructure.adapter.input.rest.ScoreControllerValidationTest.uploadScore_EmptyFile_Returns400(ScoreControllerValidationTest.java:94)
	at java.base/java.lang.reflect.Method.invoke(Method.java:565)
	at java.base/java.util.ArrayList.forEach(ArrayList.java:1604)
	at java.base/java.util.ArrayList.forEach(ArrayList.java:1604)

[ERROR] com.pdgigs.infrastructure.adapter.input.rest.ScoreControllerValidationTest.uploadScore_FileTooLarge_Returns413 -- Time elapsed: 0.070 s <<< FAILURE!
java.lang.AssertionError: Status expected:<413 PAYLOAD_TOO_LARGE> but was:<500 INTERNAL_SERVER_ERROR>
	at org.springframework.test.util.AssertionErrors.fail(AssertionErrors.java:61)
	at org.springframework.test.util.AssertionErrors.assertEquals(AssertionErrors.java:128)
	at org.springframework.test.web.reactive.server.StatusAssertions.lambda$isEqualTo$0(StatusAssertions.java:53)
	at org.springframework.test.web.reactive.server.ExchangeResult.assertWithDiagnostics(ExchangeResult.java:232)
	at org.springframework.test.web.reactive.server.StatusAssertions.isEqualTo(StatusAssertions.java:53)
	at com.pdgigs.infrastructure.adapter.input.rest.ScoreControllerValidationTest.uploadScore_FileTooLarge_Returns413(ScoreControllerValidationTest.java:73)
	at java.base/java.lang.reflect.Method.invoke(Method.java:565)
	at java.base/java.util.ArrayList.forEach(ArrayList.java:1604)
	at java.base/java.util.ArrayList.forEach(ArrayList.java:1604)

[ERROR] com.pdgigs.infrastructure.adapter.input.rest.ScoreControllerValidationTest.uploadScore_InvalidFormat_Returns415 -- Time elapsed: 0.006 s <<< FAILURE!
java.lang.AssertionError: Status expected:<415 UNSUPPORTED_MEDIA_TYPE> but was:<500 INTERNAL_SERVER_ERROR>
	at org.springframework.test.util.AssertionErrors.fail(AssertionErrors.java:61)
	at org.springframework.test.util.AssertionErrors.assertEquals(AssertionErrors.java:128)
	at org.springframework.test.web.reactive.server.StatusAssertions.lambda$isEqualTo$0(StatusAssertions.java:53)
	at org.springframework.test.web.reactive.server.ExchangeResult.assertWithDiagnostics(ExchangeResult.java:232)
	at org.springframework.test.web.reactive.server.StatusAssertions.isEqualTo(StatusAssertions.java:53)
	at com.pdgigs.infrastructure.adapter.input.rest.ScoreControllerValidationTest.uploadScore_InvalidFormat_Returns415(ScoreControllerValidationTest.java:49)
	at java.base/java.lang.reflect.Method.invoke(Method.java:565)
	at java.base/java.util.ArrayList.forEach(ArrayList.java:1604)
	at java.base/java.util.ArrayList.forEach(ArrayList.java:1604)

[INFO] Running Controller: Eliminación de partituras
2025-11-16T14:23:33.373+01:00  INFO 5063 --- [           main] t.c.s.AnnotationConfigContextLoaderUtils : Could not detect default configuration classes for test class [com.pdgigs.infrastructure.adapter.input.rest.ScoreControllerDeleteTest]: ScoreControllerDeleteTest does not declare any static, non-private, non-final, nested classes annotated with @Configuration.
2025-11-16T14:23:33.376+01:00  INFO 5063 --- [           main] .b.t.c.SpringBootTestContextBootstrapper : Found @SpringBootConfiguration com.pdgigs.PdgigsApplication for test class com.pdgigs.infrastructure.adapter.input.rest.ScoreControllerDeleteTest
2025-11-16T14:23:33.377+01:00  INFO 5063 --- [           main] o.s.b.d.r.RestartApplicationListener     : Restart disabled due to context in which it is running

  .   ____          _            __ _ _
 /\\ / ___'_ __ _ _(_)_ __  __ _ \ \ \ \
( ( )\___ | '_ | '_| | '_ \/ _` | \ \ \ \
 \\/  ___)| |_)| | | | | || (_| |  ) ) ) )
  '  |____| .__|_| |_|_| |_\__, | / / / /
 =========|_|==============|___/=/_/_/_/

 :: Spring Boot ::                (v3.5.7)

2025-11-16T14:23:33.385+01:00  INFO 5063 --- [           main] c.p.i.a.i.r.ScoreControllerDeleteTest    : Starting ScoreControllerDeleteTest using Java 24.0.2 with PID 5063 (started by adol in /Users/adol/IdeaProjects/pdgigs)
2025-11-16T14:23:33.385+01:00  INFO 5063 --- [           main] c.p.i.a.i.r.ScoreControllerDeleteTest    : No active profile set, falling back to 1 default profile: "default"
2025-11-16T14:23:33.440+01:00  INFO 5063 --- [           main] ctiveUserDetailsServiceAutoConfiguration : 

Using generated security password: 3991c671-357e-40f1-865f-5cbabdf75c8c

2025-11-16T14:23:33.458+01:00  INFO 5063 --- [           main] c.p.i.a.i.r.ScoreControllerDeleteTest    : Started ScoreControllerDeleteTest in 0.081 seconds (process running for 2.078)
2025-11-16T14:23:33.462+01:00  INFO 5063 --- [     parallel-8] c.p.i.a.i.rest.ScoreControllerDelete     : Received request to delete score with ID: 507f1f77bcf86cd799439099
2025-11-16T14:23:33.463+01:00 ERROR 5063 --- [     parallel-8] c.p.i.a.i.rest.ScoreControllerDelete     : Error deleting score with ID: 507f1f77bcf86cd799439099

com.pdgigs.domain.exception.ResourceNotFoundException: Score not found with ID: 507f1f77bcf86cd799439099
	at com.pdgigs.domain.exception.ResourceNotFoundException.score(ResourceNotFoundException.java:10) ~[classes/:na]
	at com.pdgigs.infrastructure.adapter.input.rest.ScoreControllerDeleteTest.deleteScore_ScoreNotFound_Returns404(ScoreControllerDeleteTest.java:55) ~[test-classes/:na]
	at java.base/jdk.internal.reflect.DirectMethodHandleAccessor.invoke(DirectMethodHandleAccessor.java:104) ~[na:na]
	at java.base/java.lang.reflect.Method.invoke(Method.java:565) ~[na:na]
	at org.junit.platform.commons.util.ReflectionUtils.invokeMethod(ReflectionUtils.java:775) ~[junit-platform-commons-1.12.2.jar:1.12.2]
	at org.junit.platform.commons.support.ReflectionSupport.invokeMethod(ReflectionSupport.java:479) ~[junit-platform-commons-1.12.2.jar:1.12.2]
	at org.junit.jupiter.engine.execution.MethodInvocation.proceed(MethodInvocation.java:60) ~[junit-jupiter-engine-5.12.2.jar:5.12.2]
	at org.junit.jupiter.engine.execution.InvocationInterceptorChain$ValidatingInvocation.proceed(InvocationInterceptorChain.java:131) ~[junit-jupiter-engine-5.12.2.jar:5.12.2]
	at org.junit.jupiter.engine.extension.TimeoutExtension.intercept(TimeoutExtension.java:161) ~[junit-jupiter-engine-5.12.2.jar:5.12.2]
	at org.junit.jupiter.engine.extension.TimeoutExtension.interceptTestableMethod(TimeoutExtension.java:152) ~[junit-jupiter-engine-5.12.2.jar:5.12.2]
	at org.junit.jupiter.engine.extension.TimeoutExtension.interceptTestMethod(TimeoutExtension.java:91) ~[junit-jupiter-engine-5.12.2.jar:5.12.2]
	at org.junit.jupiter.engine.execution.InterceptingExecutableInvoker$ReflectiveInterceptorCall.lambda$ofVoidMethod$0(InterceptingExecutableInvoker.java:112) ~[junit-jupiter-engine-5.12.2.jar:5.12.2]
	at org.junit.jupiter.engine.execution.InterceptingExecutableInvoker.lambda$invoke$0(InterceptingExecutableInvoker.java:94) ~[junit-jupiter-engine-5.12.2.jar:5.12.2]
	at org.junit.jupiter.engine.execution.InvocationInterceptorChain$InterceptedInvocation.proceed(InvocationInterceptorChain.java:106) ~[junit-jupiter-engine-5.12.2.jar:5.12.2]
	at org.junit.jupiter.engine.execution.InvocationInterceptorChain.proceed(InvocationInterceptorChain.java:64) ~[junit-jupiter-engine-5.12.2.jar:5.12.2]
	at org.junit.jupiter.engine.execution.InvocationInterceptorChain.chainAndInvoke(InvocationInterceptorChain.java:45) ~[junit-jupiter-engine-5.12.2.jar:5.12.2]
	at org.junit.jupiter.engine.execution.InvocationInterceptorChain.invoke(InvocationInterceptorChain.java:37) ~[junit-jupiter-engine-5.12.2.jar:5.12.2]
	at org.junit.jupiter.engine.execution.InterceptingExecutableInvoker.invoke(InterceptingExecutableInvoker.java:93) ~[junit-jupiter-engine-5.12.2.jar:5.12.2]
	at org.junit.jupiter.engine.execution.InterceptingExecutableInvoker.invoke(InterceptingExecutableInvoker.java:87) ~[junit-jupiter-engine-5.12.2.jar:5.12.2]
	at org.junit.jupiter.engine.descriptor.TestMethodTestDescriptor.lambda$invokeTestMethod$7(TestMethodTestDescriptor.java:216) ~[junit-jupiter-engine-5.12.2.jar:5.12.2]
	at org.junit.platform.engine.support.hierarchical.ThrowableCollector.execute(ThrowableCollector.java:73) ~[junit-platform-engine-1.12.2.jar:1.12.2]
	at org.junit.jupiter.engine.descriptor.TestMethodTestDescriptor.invokeTestMethod(TestMethodTestDescriptor.java:212) ~[junit-jupiter-engine-5.12.2.jar:5.12.2]
	at org.junit.jupiter.engine.descriptor.TestMethodTestDescriptor.execute(TestMethodTestDescriptor.java:137) ~[junit-jupiter-engine-5.12.2.jar:5.12.2]
	at org.junit.jupiter.engine.descriptor.TestMethodTestDescriptor.execute(TestMethodTestDescriptor.java:69) ~[junit-jupiter-engine-5.12.2.jar:5.12.2]
	at org.junit.platform.engine.support.hierarchical.NodeTestTask.lambda$executeRecursively$6(NodeTestTask.java:156) ~[junit-platform-engine-1.12.2.jar:1.12.2]
	at org.junit.platform.engine.support.hierarchical.ThrowableCollector.execute(ThrowableCollector.java:73) ~[junit-platform-engine-1.12.2.jar:1.12.2]
	at org.junit.platform.engine.support.hierarchical.NodeTestTask.lambda$executeRecursively$8(NodeTestTask.java:146) ~[junit-platform-engine-1.12.2.jar:1.12.2]
	at org.junit.platform.engine.support.hierarchical.Node.around(Node.java:137) ~[junit-platform-engine-1.12.2.jar:1.12.2]
	at org.junit.platform.engine.support.hierarchical.NodeTestTask.lambda$executeRecursively$9(NodeTestTask.java:144) ~[junit-platform-engine-1.12.2.jar:1.12.2]
	at org.junit.platform.engine.support.hierarchical.ThrowableCollector.execute(ThrowableCollector.java:73) ~[junit-platform-engine-1.12.2.jar:1.12.2]
	at org.junit.platform.engine.support.hierarchical.NodeTestTask.executeRecursively(NodeTestTask.java:143) ~[junit-platform-engine-1.12.2.jar:1.12.2]
	at org.junit.platform.engine.support.hierarchical.NodeTestTask.execute(NodeTestTask.java:100) ~[junit-platform-engine-1.12.2.jar:1.12.2]
	at java.base/java.util.ArrayList.forEach(ArrayList.java:1604) ~[na:na]
	at org.junit.platform.engine.support.hierarchical.SameThreadHierarchicalTestExecutorService.invokeAll(SameThreadHierarchicalTestExecutorService.java:41) ~[junit-platform-engine-1.12.2.jar:1.12.2]
	at org.junit.platform.engine.support.hierarchical.NodeTestTask.lambda$executeRecursively$6(NodeTestTask.java:160) ~[junit-platform-engine-1.12.2.jar:1.12.2]
	at org.junit.platform.engine.support.hierarchical.ThrowableCollector.execute(ThrowableCollector.java:73) ~[junit-platform-engine-1.12.2.jar:1.12.2]
	at org.junit.platform.engine.support.hierarchical.NodeTestTask.lambda$executeRecursively$8(NodeTestTask.java:146) ~[junit-platform-engine-1.12.2.jar:1.12.2]
	at org.junit.platform.engine.support.hierarchical.Node.around(Node.java:137) ~[junit-platform-engine-1.12.2.jar:1.12.2]
	at org.junit.platform.engine.support.hierarchical.NodeTestTask.lambda$executeRecursively$9(NodeTestTask.java:144) ~[junit-platform-engine-1.12.2.jar:1.12.2]
	at org.junit.platform.engine.support.hierarchical.ThrowableCollector.execute(ThrowableCollector.java:73) ~[junit-platform-engine-1.12.2.jar:1.12.2]
	at org.junit.platform.engine.support.hierarchical.NodeTestTask.executeRecursively(NodeTestTask.java:143) ~[junit-platform-engine-1.12.2.jar:1.12.2]
	at org.junit.platform.engine.support.hierarchical.NodeTestTask.execute(NodeTestTask.java:100) ~[junit-platform-engine-1.12.2.jar:1.12.2]
	at java.base/java.util.ArrayList.forEach(ArrayList.java:1604) ~[na:na]
	at org.junit.platform.engine.support.hierarchical.SameThreadHierarchicalTestExecutorService.invokeAll(SameThreadHierarchicalTestExecutorService.java:41) ~[junit-platform-engine-1.12.2.jar:1.12.2]
	at org.junit.platform.engine.support.hierarchical.NodeTestTask.lambda$executeRecursively$6(NodeTestTask.java:160) ~[junit-platform-engine-1.12.2.jar:1.12.2]
	at org.junit.platform.engine.support.hierarchical.ThrowableCollector.execute(ThrowableCollector.java:73) ~[junit-platform-engine-1.12.2.jar:1.12.2]
	at org.junit.platform.engine.support.hierarchical.NodeTestTask.lambda$executeRecursively$8(NodeTestTask.java:146) ~[junit-platform-engine-1.12.2.jar:1.12.2]
	at org.junit.platform.engine.support.hierarchical.Node.around(Node.java:137) ~[junit-platform-engine-1.12.2.jar:1.12.2]
	at org.junit.platform.engine.support.hierarchical.NodeTestTask.lambda$executeRecursively$9(NodeTestTask.java:144) ~[junit-platform-engine-1.12.2.jar:1.12.2]
	at org.junit.platform.engine.support.hierarchical.ThrowableCollector.execute(ThrowableCollector.java:73) ~[junit-platform-engine-1.12.2.jar:1.12.2]
	at org.junit.platform.engine.support.hierarchical.NodeTestTask.executeRecursively(NodeTestTask.java:143) ~[junit-platform-engine-1.12.2.jar:1.12.2]
	at org.junit.platform.engine.support.hierarchical.NodeTestTask.execute(NodeTestTask.java:100) ~[junit-platform-engine-1.12.2.jar:1.12.2]
	at org.junit.platform.engine.support.hierarchical.SameThreadHierarchicalTestExecutorService.submit(SameThreadHierarchicalTestExecutorService.java:35) ~[junit-platform-engine-1.12.2.jar:1.12.2]
	at org.junit.platform.engine.support.hierarchical.HierarchicalTestExecutor.execute(HierarchicalTestExecutor.java:57) ~[junit-platform-engine-1.12.2.jar:1.12.2]
	at org.junit.platform.engine.support.hierarchical.HierarchicalTestEngine.execute(HierarchicalTestEngine.java:54) ~[junit-platform-engine-1.12.2.jar:1.12.2]
	at org.junit.platform.launcher.core.EngineExecutionOrchestrator.execute(EngineExecutionOrchestrator.java:201) ~[junit-platform-launcher-1.12.2.jar:1.12.2]
	at org.junit.platform.launcher.core.EngineExecutionOrchestrator.execute(EngineExecutionOrchestrator.java:170) ~[junit-platform-launcher-1.12.2.jar:1.12.2]
	at org.junit.platform.launcher.core.EngineExecutionOrchestrator.execute(EngineExecutionOrchestrator.java:94) ~[junit-platform-launcher-1.12.2.jar:1.12.2]
	at org.junit.platform.launcher.core.EngineExecutionOrchestrator.lambda$execute$0(EngineExecutionOrchestrator.java:59) ~[junit-platform-launcher-1.12.2.jar:1.12.2]
	at org.junit.platform.launcher.core.EngineExecutionOrchestrator.withInterceptedStreams(EngineExecutionOrchestrator.java:142) ~[junit-platform-launcher-1.12.2.jar:1.12.2]
	at org.junit.platform.launcher.core.EngineExecutionOrchestrator.execute(EngineExecutionOrchestrator.java:58) ~[junit-platform-launcher-1.12.2.jar:1.12.2]
	at org.junit.platform.launcher.core.DefaultLauncher.execute(DefaultLauncher.java:103) ~[junit-platform-launcher-1.12.2.jar:1.12.2]
	at org.junit.platform.launcher.core.DefaultLauncher.execute(DefaultLauncher.java:85) ~[junit-platform-launcher-1.12.2.jar:1.12.2]
	at org.junit.platform.launcher.core.DelegatingLauncher.execute(DelegatingLauncher.java:47) ~[junit-platform-launcher-1.12.2.jar:1.12.2]
	at org.junit.platform.launcher.core.InterceptingLauncher.lambda$execute$1(InterceptingLauncher.java:39) ~[junit-platform-launcher-1.12.2.jar:1.12.2]
	at org.junit.platform.launcher.core.ClasspathAlignmentCheckingLauncherInterceptor.intercept(ClasspathAlignmentCheckingLauncherInterceptor.java:25) ~[junit-platform-launcher-1.12.2.jar:1.12.2]
	at org.junit.platform.launcher.core.InterceptingLauncher.execute(InterceptingLauncher.java:38) ~[junit-platform-launcher-1.12.2.jar:1.12.2]
	at org.junit.platform.launcher.core.DelegatingLauncher.execute(DelegatingLauncher.java:47) ~[junit-platform-launcher-1.12.2.jar:1.12.2]
	at org.apache.maven.surefire.junitplatform.LauncherAdapter.executeWithoutCancellationToken(LauncherAdapter.java:60) ~[surefire-junit-platform-3.5.4.jar:3.5.4]
	at org.apache.maven.surefire.junitplatform.LauncherAdapter.execute(LauncherAdapter.java:52) ~[surefire-junit-platform-3.5.4.jar:3.5.4]
	at org.apache.maven.surefire.junitplatform.JUnitPlatformProvider.execute(JUnitPlatformProvider.java:203) ~[surefire-junit-platform-3.5.4.jar:3.5.4]
	at org.apache.maven.surefire.junitplatform.JUnitPlatformProvider.invokeAllTests(JUnitPlatformProvider.java:168) ~[surefire-junit-platform-3.5.4.jar:3.5.4]
	at org.apache.maven.surefire.junitplatform.JUnitPlatformProvider.invoke(JUnitPlatformProvider.java:136) ~[surefire-junit-platform-3.5.4.jar:3.5.4]
	at org.apache.maven.surefire.booter.ForkedBooter.runSuitesInProcess(ForkedBooter.java:385) ~[surefire-booter-3.5.4.jar:3.5.4]
	at org.apache.maven.surefire.booter.ForkedBooter.execute(ForkedBooter.java:162) ~[surefire-booter-3.5.4.jar:3.5.4]
	at org.apache.maven.surefire.booter.ForkedBooter.run(ForkedBooter.java:507) ~[surefire-booter-3.5.4.jar:3.5.4]
	at org.apache.maven.surefire.booter.ForkedBooter.main(ForkedBooter.java:495) ~[surefire-booter-3.5.4.jar:3.5.4]

2025-11-16T14:23:33.464+01:00 ERROR 5063 --- [     parallel-8] c.p.i.a.i.r.e.h.DomainExceptionHandler   : Resource not found: Score not found with ID: 507f1f77bcf86cd799439099
2025-11-16T14:23:33.484+01:00  INFO 5063 --- [     parallel-2] c.p.i.a.i.rest.ScoreControllerDelete     : Received request to delete score with ID: 507f1f77bcf86cd799439011
2025-11-16T14:23:33.485+01:00  INFO 5063 --- [     parallel-2] c.p.i.a.i.rest.ScoreControllerDelete     : Score with ID 507f1f77bcf86cd799439011 deleted successfully
2025-11-16T14:23:33.489+01:00  INFO 5063 --- [     parallel-4] c.p.i.a.i.rest.ScoreControllerDelete     : Received request to delete score with ID: 507f1f77bcf86cd799439011
2025-11-16T14:23:33.489+01:00 ERROR 5063 --- [     parallel-4] c.p.i.a.i.rest.ScoreControllerDelete     : Error deleting score with ID: 507f1f77bcf86cd799439011

java.lang.RuntimeException: Database connection lost
	at com.pdgigs.infrastructure.adapter.input.rest.ScoreControllerDeleteTest.deleteScore_InternalError_Returns500(ScoreControllerDeleteTest.java:90) ~[test-classes/:na]
	at java.base/jdk.internal.reflect.DirectMethodHandleAccessor.invoke(DirectMethodHandleAccessor.java:104) ~[na:na]
	at java.base/java.lang.reflect.Method.invoke(Method.java:565) ~[na:na]
	at org.junit.platform.commons.util.ReflectionUtils.invokeMethod(ReflectionUtils.java:775) ~[junit-platform-commons-1.12.2.jar:1.12.2]
	at org.junit.platform.commons.support.ReflectionSupport.invokeMethod(ReflectionSupport.java:479) ~[junit-platform-commons-1.12.2.jar:1.12.2]
	at org.junit.jupiter.engine.execution.MethodInvocation.proceed(MethodInvocation.java:60) ~[junit-jupiter-engine-5.12.2.jar:5.12.2]
	at org.junit.jupiter.engine.execution.InvocationInterceptorChain$ValidatingInvocation.proceed(InvocationInterceptorChain.java:131) ~[junit-jupiter-engine-5.12.2.jar:5.12.2]
	at org.junit.jupiter.engine.extension.TimeoutExtension.intercept(TimeoutExtension.java:161) ~[junit-jupiter-engine-5.12.2.jar:5.12.2]
	at org.junit.jupiter.engine.extension.TimeoutExtension.interceptTestableMethod(TimeoutExtension.java:152) ~[junit-jupiter-engine-5.12.2.jar:5.12.2]
	at org.junit.jupiter.engine.extension.TimeoutExtension.interceptTestMethod(TimeoutExtension.java:91) ~[junit-jupiter-engine-5.12.2.jar:5.12.2]
	at org.junit.jupiter.engine.execution.InterceptingExecutableInvoker$ReflectiveInterceptorCall.lambda$ofVoidMethod$0(InterceptingExecutableInvoker.java:112) ~[junit-jupiter-engine-5.12.2.jar:5.12.2]
	at org.junit.jupiter.engine.execution.InterceptingExecutableInvoker.lambda$invoke$0(InterceptingExecutableInvoker.java:94) ~[junit-jupiter-engine-5.12.2.jar:5.12.2]
	at org.junit.jupiter.engine.execution.InvocationInterceptorChain$InterceptedInvocation.proceed(InvocationInterceptorChain.java:106) ~[junit-jupiter-engine-5.12.2.jar:5.12.2]
	at org.junit.jupiter.engine.execution.InvocationInterceptorChain.proceed(InvocationInterceptorChain.java:64) ~[junit-jupiter-engine-5.12.2.jar:5.12.2]
	at org.junit.jupiter.engine.execution.InvocationInterceptorChain.chainAndInvoke(InvocationInterceptorChain.java:45) ~[junit-jupiter-engine-5.12.2.jar:5.12.2]
	at org.junit.jupiter.engine.execution.InvocationInterceptorChain.invoke(InvocationInterceptorChain.java:37) ~[junit-jupiter-engine-5.12.2.jar:5.12.2]
	at org.junit.jupiter.engine.execution.InterceptingExecutableInvoker.invoke(InterceptingExecutableInvoker.java:93) ~[junit-jupiter-engine-5.12.2.jar:5.12.2]
	at org.junit.jupiter.engine.execution.InterceptingExecutableInvoker.invoke(InterceptingExecutableInvoker.java:87) ~[junit-jupiter-engine-5.12.2.jar:5.12.2]
	at org.junit.jupiter.engine.descriptor.TestMethodTestDescriptor.lambda$invokeTestMethod$7(TestMethodTestDescriptor.java:216) ~[junit-jupiter-engine-5.12.2.jar:5.12.2]
	at org.junit.platform.engine.support.hierarchical.ThrowableCollector.execute(ThrowableCollector.java:73) ~[junit-platform-engine-1.12.2.jar:1.12.2]
	at org.junit.jupiter.engine.descriptor.TestMethodTestDescriptor.invokeTestMethod(TestMethodTestDescriptor.java:212) ~[junit-jupiter-engine-5.12.2.jar:5.12.2]
	at org.junit.jupiter.engine.descriptor.TestMethodTestDescriptor.execute(TestMethodTestDescriptor.java:137) ~[junit-jupiter-engine-5.12.2.jar:5.12.2]
	at org.junit.jupiter.engine.descriptor.TestMethodTestDescriptor.execute(TestMethodTestDescriptor.java:69) ~[junit-jupiter-engine-5.12.2.jar:5.12.2]
	at org.junit.platform.engine.support.hierarchical.NodeTestTask.lambda$executeRecursively$6(NodeTestTask.java:156) ~[junit-platform-engine-1.12.2.jar:1.12.2]
	at org.junit.platform.engine.support.hierarchical.ThrowableCollector.execute(ThrowableCollector.java:73) ~[junit-platform-engine-1.12.2.jar:1.12.2]
	at org.junit.platform.engine.support.hierarchical.NodeTestTask.lambda$executeRecursively$8(NodeTestTask.java:146) ~[junit-platform-engine-1.12.2.jar:1.12.2]
	at org.junit.platform.engine.support.hierarchical.Node.around(Node.java:137) ~[junit-platform-engine-1.12.2.jar:1.12.2]
	at org.junit.platform.engine.support.hierarchical.NodeTestTask.lambda$executeRecursively$9(NodeTestTask.java:144) ~[junit-platform-engine-1.12.2.jar:1.12.2]
	at org.junit.platform.engine.support.hierarchical.ThrowableCollector.execute(ThrowableCollector.java:73) ~[junit-platform-engine-1.12.2.jar:1.12.2]
	at org.junit.platform.engine.support.hierarchical.NodeTestTask.executeRecursively(NodeTestTask.java:143) ~[junit-platform-engine-1.12.2.jar:1.12.2]
	at org.junit.platform.engine.support.hierarchical.NodeTestTask.execute(NodeTestTask.java:100) ~[junit-platform-engine-1.12.2.jar:1.12.2]
	at java.base/java.util.ArrayList.forEach(ArrayList.java:1604) ~[na:na]
	at org.junit.platform.engine.support.hierarchical.SameThreadHierarchicalTestExecutorService.invokeAll(SameThreadHierarchicalTestExecutorService.java:41) ~[junit-platform-engine-1.12.2.jar:1.12.2]
	at org.junit.platform.engine.support.hierarchical.NodeTestTask.lambda$executeRecursively$6(NodeTestTask.java:160) ~[junit-platform-engine-1.12.2.jar:1.12.2]
	at org.junit.platform.engine.support.hierarchical.ThrowableCollector.execute(ThrowableCollector.java:73) ~[junit-platform-engine-1.12.2.jar:1.12.2]
	at org.junit.platform.engine.support.hierarchical.NodeTestTask.lambda$executeRecursively$8(NodeTestTask.java:146) ~[junit-platform-engine-1.12.2.jar:1.12.2]
	at org.junit.platform.engine.support.hierarchical.Node.around(Node.java:137) ~[junit-platform-engine-1.12.2.jar:1.12.2]
	at org.junit.platform.engine.support.hierarchical.NodeTestTask.lambda$executeRecursively$9(NodeTestTask.java:144) ~[junit-platform-engine-1.12.2.jar:1.12.2]
	at org.junit.platform.engine.support.hierarchical.ThrowableCollector.execute(ThrowableCollector.java:73) ~[junit-platform-engine-1.12.2.jar:1.12.2]
	at org.junit.platform.engine.support.hierarchical.NodeTestTask.executeRecursively(NodeTestTask.java:143) ~[junit-platform-engine-1.12.2.jar:1.12.2]
	at org.junit.platform.engine.support.hierarchical.NodeTestTask.execute(NodeTestTask.java:100) ~[junit-platform-engine-1.12.2.jar:1.12.2]
	at java.base/java.util.ArrayList.forEach(ArrayList.java:1604) ~[na:na]
	at org.junit.platform.engine.support.hierarchical.SameThreadHierarchicalTestExecutorService.invokeAll(SameThreadHierarchicalTestExecutorService.java:41) ~[junit-platform-engine-1.12.2.jar:1.12.2]
	at org.junit.platform.engine.support.hierarchical.NodeTestTask.lambda$executeRecursively$6(NodeTestTask.java:160) ~[junit-platform-engine-1.12.2.jar:1.12.2]
	at org.junit.platform.engine.support.hierarchical.ThrowableCollector.execute(ThrowableCollector.java:73) ~[junit-platform-engine-1.12.2.jar:1.12.2]
	at org.junit.platform.engine.support.hierarchical.NodeTestTask.lambda$executeRecursively$8(NodeTestTask.java:146) ~[junit-platform-engine-1.12.2.jar:1.12.2]
	at org.junit.platform.engine.support.hierarchical.Node.around(Node.java:137) ~[junit-platform-engine-1.12.2.jar:1.12.2]
	at org.junit.platform.engine.support.hierarchical.NodeTestTask.lambda$executeRecursively$9(NodeTestTask.java:144) ~[junit-platform-engine-1.12.2.jar:1.12.2]
	at org.junit.platform.engine.support.hierarchical.ThrowableCollector.execute(ThrowableCollector.java:73) ~[junit-platform-engine-1.12.2.jar:1.12.2]
	at org.junit.platform.engine.support.hierarchical.NodeTestTask.executeRecursively(NodeTestTask.java:143) ~[junit-platform-engine-1.12.2.jar:1.12.2]
	at org.junit.platform.engine.support.hierarchical.NodeTestTask.execute(NodeTestTask.java:100) ~[junit-platform-engine-1.12.2.jar:1.12.2]
	at org.junit.platform.engine.support.hierarchical.SameThreadHierarchicalTestExecutorService.submit(SameThreadHierarchicalTestExecutorService.java:35) ~[junit-platform-engine-1.12.2.jar:1.12.2]
	at org.junit.platform.engine.support.hierarchical.HierarchicalTestExecutor.execute(HierarchicalTestExecutor.java:57) ~[junit-platform-engine-1.12.2.jar:1.12.2]
	at org.junit.platform.engine.support.hierarchical.HierarchicalTestEngine.execute(HierarchicalTestEngine.java:54) ~[junit-platform-engine-1.12.2.jar:1.12.2]
	at org.junit.platform.launcher.core.EngineExecutionOrchestrator.execute(EngineExecutionOrchestrator.java:201) ~[junit-platform-launcher-1.12.2.jar:1.12.2]
	at org.junit.platform.launcher.core.EngineExecutionOrchestrator.execute(EngineExecutionOrchestrator.java:170) ~[junit-platform-launcher-1.12.2.jar:1.12.2]
	at org.junit.platform.launcher.core.EngineExecutionOrchestrator.execute(EngineExecutionOrchestrator.java:94) ~[junit-platform-launcher-1.12.2.jar:1.12.2]
	at org.junit.platform.launcher.core.EngineExecutionOrchestrator.lambda$execute$0(EngineExecutionOrchestrator.java:59) ~[junit-platform-launcher-1.12.2.jar:1.12.2]
	at org.junit.platform.launcher.core.EngineExecutionOrchestrator.withInterceptedStreams(EngineExecutionOrchestrator.java:142) ~[junit-platform-launcher-1.12.2.jar:1.12.2]
	at org.junit.platform.launcher.core.EngineExecutionOrchestrator.execute(EngineExecutionOrchestrator.java:58) ~[junit-platform-launcher-1.12.2.jar:1.12.2]
	at org.junit.platform.launcher.core.DefaultLauncher.execute(DefaultLauncher.java:103) ~[junit-platform-launcher-1.12.2.jar:1.12.2]
	at org.junit.platform.launcher.core.DefaultLauncher.execute(DefaultLauncher.java:85) ~[junit-platform-launcher-1.12.2.jar:1.12.2]
	at org.junit.platform.launcher.core.DelegatingLauncher.execute(DelegatingLauncher.java:47) ~[junit-platform-launcher-1.12.2.jar:1.12.2]
	at org.junit.platform.launcher.core.InterceptingLauncher.lambda$execute$1(InterceptingLauncher.java:39) ~[junit-platform-launcher-1.12.2.jar:1.12.2]
	at org.junit.platform.launcher.core.ClasspathAlignmentCheckingLauncherInterceptor.intercept(ClasspathAlignmentCheckingLauncherInterceptor.java:25) ~[junit-platform-launcher-1.12.2.jar:1.12.2]
	at org.junit.platform.launcher.core.InterceptingLauncher.execute(InterceptingLauncher.java:38) ~[junit-platform-launcher-1.12.2.jar:1.12.2]
	at org.junit.platform.launcher.core.DelegatingLauncher.execute(DelegatingLauncher.java:47) ~[junit-platform-launcher-1.12.2.jar:1.12.2]
	at org.apache.maven.surefire.junitplatform.LauncherAdapter.executeWithoutCancellationToken(LauncherAdapter.java:60) ~[surefire-junit-platform-3.5.4.jar:3.5.4]
	at org.apache.maven.surefire.junitplatform.LauncherAdapter.execute(LauncherAdapter.java:52) ~[surefire-junit-platform-3.5.4.jar:3.5.4]
	at org.apache.maven.surefire.junitplatform.JUnitPlatformProvider.execute(JUnitPlatformProvider.java:203) ~[surefire-junit-platform-3.5.4.jar:3.5.4]
	at org.apache.maven.surefire.junitplatform.JUnitPlatformProvider.invokeAllTests(JUnitPlatformProvider.java:168) ~[surefire-junit-platform-3.5.4.jar:3.5.4]
	at org.apache.maven.surefire.junitplatform.JUnitPlatformProvider.invoke(JUnitPlatformProvider.java:136) ~[surefire-junit-platform-3.5.4.jar:3.5.4]
	at org.apache.maven.surefire.booter.ForkedBooter.runSuitesInProcess(ForkedBooter.java:385) ~[surefire-booter-3.5.4.jar:3.5.4]
	at org.apache.maven.surefire.booter.ForkedBooter.execute(ForkedBooter.java:162) ~[surefire-booter-3.5.4.jar:3.5.4]
	at org.apache.maven.surefire.booter.ForkedBooter.run(ForkedBooter.java:507) ~[surefire-booter-3.5.4.jar:3.5.4]
	at org.apache.maven.surefire.booter.ForkedBooter.main(ForkedBooter.java:495) ~[surefire-booter-3.5.4.jar:3.5.4]

2025-11-16T14:23:33.490+01:00 ERROR 5063 --- [     parallel-4] c.p.i.a.i.r.e.h.GlobalFallbackHandler    : Unexpected error: Database connection lost

java.lang.RuntimeException: Database connection lost
	at com.pdgigs.infrastructure.adapter.input.rest.ScoreControllerDeleteTest.deleteScore_InternalError_Returns500(ScoreControllerDeleteTest.java:90) ~[test-classes/:na]
	at java.base/jdk.internal.reflect.DirectMethodHandleAccessor.invoke(DirectMethodHandleAccessor.java:104) ~[na:na]
	at java.base/java.lang.reflect.Method.invoke(Method.java:565) ~[na:na]
	at org.junit.platform.commons.util.ReflectionUtils.invokeMethod(ReflectionUtils.java:775) ~[junit-platform-commons-1.12.2.jar:1.12.2]
	at org.junit.platform.commons.support.ReflectionSupport.invokeMethod(ReflectionSupport.java:479) ~[junit-platform-commons-1.12.2.jar:1.12.2]
	at org.junit.jupiter.engine.execution.MethodInvocation.proceed(MethodInvocation.java:60) ~[junit-jupiter-engine-5.12.2.jar:5.12.2]
	at org.junit.jupiter.engine.execution.InvocationInterceptorChain$ValidatingInvocation.proceed(InvocationInterceptorChain.java:131) ~[junit-jupiter-engine-5.12.2.jar:5.12.2]
	at org.junit.jupiter.engine.extension.TimeoutExtension.intercept(TimeoutExtension.java:161) ~[junit-jupiter-engine-5.12.2.jar:5.12.2]
	at org.junit.jupiter.engine.extension.TimeoutExtension.interceptTestableMethod(TimeoutExtension.java:152) ~[junit-jupiter-engine-5.12.2.jar:5.12.2]
	at org.junit.jupiter.engine.extension.TimeoutExtension.interceptTestMethod(TimeoutExtension.java:91) ~[junit-jupiter-engine-5.12.2.jar:5.12.2]
	at org.junit.jupiter.engine.execution.InterceptingExecutableInvoker$ReflectiveInterceptorCall.lambda$ofVoidMethod$0(InterceptingExecutableInvoker.java:112) ~[junit-jupiter-engine-5.12.2.jar:5.12.2]
	at org.junit.jupiter.engine.execution.InterceptingExecutableInvoker.lambda$invoke$0(InterceptingExecutableInvoker.java:94) ~[junit-jupiter-engine-5.12.2.jar:5.12.2]
	at org.junit.jupiter.engine.execution.InvocationInterceptorChain$InterceptedInvocation.proceed(InvocationInterceptorChain.java:106) ~[junit-jupiter-engine-5.12.2.jar:5.12.2]
	at org.junit.jupiter.engine.execution.InvocationInterceptorChain.proceed(InvocationInterceptorChain.java:64) ~[junit-jupiter-engine-5.12.2.jar:5.12.2]
	at org.junit.jupiter.engine.execution.InvocationInterceptorChain.chainAndInvoke(InvocationInterceptorChain.java:45) ~[junit-jupiter-engine-5.12.2.jar:5.12.2]
	at org.junit.jupiter.engine.execution.InvocationInterceptorChain.invoke(InvocationInterceptorChain.java:37) ~[junit-jupiter-engine-5.12.2.jar:5.12.2]
	at org.junit.jupiter.engine.execution.InterceptingExecutableInvoker.invoke(InterceptingExecutableInvoker.java:93) ~[junit-jupiter-engine-5.12.2.jar:5.12.2]
	at org.junit.jupiter.engine.execution.InterceptingExecutableInvoker.invoke(InterceptingExecutableInvoker.java:87) ~[junit-jupiter-engine-5.12.2.jar:5.12.2]
	at org.junit.jupiter.engine.descriptor.TestMethodTestDescriptor.lambda$invokeTestMethod$7(TestMethodTestDescriptor.java:216) ~[junit-jupiter-engine-5.12.2.jar:5.12.2]
	at org.junit.platform.engine.support.hierarchical.ThrowableCollector.execute(ThrowableCollector.java:73) ~[junit-platform-engine-1.12.2.jar:1.12.2]
	at org.junit.jupiter.engine.descriptor.TestMethodTestDescriptor.invokeTestMethod(TestMethodTestDescriptor.java:212) ~[junit-jupiter-engine-5.12.2.jar:5.12.2]
	at org.junit.jupiter.engine.descriptor.TestMethodTestDescriptor.execute(TestMethodTestDescriptor.java:137) ~[junit-jupiter-engine-5.12.2.jar:5.12.2]
	at org.junit.jupiter.engine.descriptor.TestMethodTestDescriptor.execute(TestMethodTestDescriptor.java:69) ~[junit-jupiter-engine-5.12.2.jar:5.12.2]
	at org.junit.platform.engine.support.hierarchical.NodeTestTask.lambda$executeRecursively$6(NodeTestTask.java:156) ~[junit-platform-engine-1.12.2.jar:1.12.2]
	at org.junit.platform.engine.support.hierarchical.ThrowableCollector.execute(ThrowableCollector.java:73) ~[junit-platform-engine-1.12.2.jar:1.12.2]
	at org.junit.platform.engine.support.hierarchical.NodeTestTask.lambda$executeRecursively$8(NodeTestTask.java:146) ~[junit-platform-engine-1.12.2.jar:1.12.2]
	at org.junit.platform.engine.support.hierarchical.Node.around(Node.java:137) ~[junit-platform-engine-1.12.2.jar:1.12.2]
	at org.junit.platform.engine.support.hierarchical.NodeTestTask.lambda$executeRecursively$9(NodeTestTask.java:144) ~[junit-platform-engine-1.12.2.jar:1.12.2]
	at org.junit.platform.engine.support.hierarchical.ThrowableCollector.execute(ThrowableCollector.java:73) ~[junit-platform-engine-1.12.2.jar:1.12.2]
	at org.junit.platform.engine.support.hierarchical.NodeTestTask.executeRecursively(NodeTestTask.java:143) ~[junit-platform-engine-1.12.2.jar:1.12.2]
	at org.junit.platform.engine.support.hierarchical.NodeTestTask.execute(NodeTestTask.java:100) ~[junit-platform-engine-1.12.2.jar:1.12.2]
	at java.base/java.util.ArrayList.forEach(ArrayList.java:1604) ~[na:na]
	at org.junit.platform.engine.support.hierarchical.SameThreadHierarchicalTestExecutorService.invokeAll(SameThreadHierarchicalTestExecutorService.java:41) ~[junit-platform-engine-1.12.2.jar:1.12.2]
	at org.junit.platform.engine.support.hierarchical.NodeTestTask.lambda$executeRecursively$6(NodeTestTask.java:160) ~[junit-platform-engine-1.12.2.jar:1.12.2]
	at org.junit.platform.engine.support.hierarchical.ThrowableCollector.execute(ThrowableCollector.java:73) ~[junit-platform-engine-1.12.2.jar:1.12.2]
	at org.junit.platform.engine.support.hierarchical.NodeTestTask.lambda$executeRecursively$8(NodeTestTask.java:146) ~[junit-platform-engine-1.12.2.jar:1.12.2]
	at org.junit.platform.engine.support.hierarchical.Node.around(Node.java:137) ~[junit-platform-engine-1.12.2.jar:1.12.2]
	at org.junit.platform.engine.support.hierarchical.NodeTestTask.lambda$executeRecursively$9(NodeTestTask.java:144) ~[junit-platform-engine-1.12.2.jar:1.12.2]
	at org.junit.platform.engine.support.hierarchical.ThrowableCollector.execute(ThrowableCollector.java:73) ~[junit-platform-engine-1.12.2.jar:1.12.2]
	at org.junit.platform.engine.support.hierarchical.NodeTestTask.executeRecursively(NodeTestTask.java:143) ~[junit-platform-engine-1.12.2.jar:1.12.2]
	at org.junit.platform.engine.support.hierarchical.NodeTestTask.execute(NodeTestTask.java:100) ~[junit-platform-engine-1.12.2.jar:1.12.2]
	at java.base/java.util.ArrayList.forEach(ArrayList.java:1604) ~[na:na]
	at org.junit.platform.engine.support.hierarchical.SameThreadHierarchicalTestExecutorService.invokeAll(SameThreadHierarchicalTestExecutorService.java:41) ~[junit-platform-engine-1.12.2.jar:1.12.2]
	at org.junit.platform.engine.support.hierarchical.NodeTestTask.lambda$executeRecursively$6(NodeTestTask.java:160) ~[junit-platform-engine-1.12.2.jar:1.12.2]
	at org.junit.platform.engine.support.hierarchical.ThrowableCollector.execute(ThrowableCollector.java:73) ~[junit-platform-engine-1.12.2.jar:1.12.2]
	at org.junit.platform.engine.support.hierarchical.NodeTestTask.lambda$executeRecursively$8(NodeTestTask.java:146) ~[junit-platform-engine-1.12.2.jar:1.12.2]
	at org.junit.platform.engine.support.hierarchical.Node.around(Node.java:137) ~[junit-platform-engine-1.12.2.jar:1.12.2]
	at org.junit.platform.engine.support.hierarchical.NodeTestTask.lambda$executeRecursively$9(NodeTestTask.java:144) ~[junit-platform-engine-1.12.2.jar:1.12.2]
	at org.junit.platform.engine.support.hierarchical.ThrowableCollector.execute(ThrowableCollector.java:73) ~[junit-platform-engine-1.12.2.jar:1.12.2]
	at org.junit.platform.engine.support.hierarchical.NodeTestTask.executeRecursively(NodeTestTask.java:143) ~[junit-platform-engine-1.12.2.jar:1.12.2]
	at org.junit.platform.engine.support.hierarchical.NodeTestTask.execute(NodeTestTask.java:100) ~[junit-platform-engine-1.12.2.jar:1.12.2]
	at org.junit.platform.engine.support.hierarchical.SameThreadHierarchicalTestExecutorService.submit(SameThreadHierarchicalTestExecutorService.java:35) ~[junit-platform-engine-1.12.2.jar:1.12.2]
	at org.junit.platform.engine.support.hierarchical.HierarchicalTestExecutor.execute(HierarchicalTestExecutor.java:57) ~[junit-platform-engine-1.12.2.jar:1.12.2]
	at org.junit.platform.engine.support.hierarchical.HierarchicalTestEngine.execute(HierarchicalTestEngine.java:54) ~[junit-platform-engine-1.12.2.jar:1.12.2]
	at org.junit.platform.launcher.core.EngineExecutionOrchestrator.execute(EngineExecutionOrchestrator.java:201) ~[junit-platform-launcher-1.12.2.jar:1.12.2]
	at org.junit.platform.launcher.core.EngineExecutionOrchestrator.execute(EngineExecutionOrchestrator.java:170) ~[junit-platform-launcher-1.12.2.jar:1.12.2]
	at org.junit.platform.launcher.core.EngineExecutionOrchestrator.execute(EngineExecutionOrchestrator.java:94) ~[junit-platform-launcher-1.12.2.jar:1.12.2]
	at org.junit.platform.launcher.core.EngineExecutionOrchestrator.lambda$execute$0(EngineExecutionOrchestrator.java:59) ~[junit-platform-launcher-1.12.2.jar:1.12.2]
	at org.junit.platform.launcher.core.EngineExecutionOrchestrator.withInterceptedStreams(EngineExecutionOrchestrator.java:142) ~[junit-platform-launcher-1.12.2.jar:1.12.2]
	at org.junit.platform.launcher.core.EngineExecutionOrchestrator.execute(EngineExecutionOrchestrator.java:58) ~[junit-platform-launcher-1.12.2.jar:1.12.2]
	at org.junit.platform.launcher.core.DefaultLauncher.execute(DefaultLauncher.java:103) ~[junit-platform-launcher-1.12.2.jar:1.12.2]
	at org.junit.platform.launcher.core.DefaultLauncher.execute(DefaultLauncher.java:85) ~[junit-platform-launcher-1.12.2.jar:1.12.2]
	at org.junit.platform.launcher.core.DelegatingLauncher.execute(DelegatingLauncher.java:47) ~[junit-platform-launcher-1.12.2.jar:1.12.2]
	at org.junit.platform.launcher.core.InterceptingLauncher.lambda$execute$1(InterceptingLauncher.java:39) ~[junit-platform-launcher-1.12.2.jar:1.12.2]
	at org.junit.platform.launcher.core.ClasspathAlignmentCheckingLauncherInterceptor.intercept(ClasspathAlignmentCheckingLauncherInterceptor.java:25) ~[junit-platform-launcher-1.12.2.jar:1.12.2]
	at org.junit.platform.launcher.core.InterceptingLauncher.execute(InterceptingLauncher.java:38) ~[junit-platform-launcher-1.12.2.jar:1.12.2]
	at org.junit.platform.launcher.core.DelegatingLauncher.execute(DelegatingLauncher.java:47) ~[junit-platform-launcher-1.12.2.jar:1.12.2]
	at org.apache.maven.surefire.junitplatform.LauncherAdapter.executeWithoutCancellationToken(LauncherAdapter.java:60) ~[surefire-junit-platform-3.5.4.jar:3.5.4]
	at org.apache.maven.surefire.junitplatform.LauncherAdapter.execute(LauncherAdapter.java:52) ~[surefire-junit-platform-3.5.4.jar:3.5.4]
	at org.apache.maven.surefire.junitplatform.JUnitPlatformProvider.execute(JUnitPlatformProvider.java:203) ~[surefire-junit-platform-3.5.4.jar:3.5.4]
	at org.apache.maven.surefire.junitplatform.JUnitPlatformProvider.invokeAllTests(JUnitPlatformProvider.java:168) ~[surefire-junit-platform-3.5.4.jar:3.5.4]
	at org.apache.maven.surefire.junitplatform.JUnitPlatformProvider.invoke(JUnitPlatformProvider.java:136) ~[surefire-junit-platform-3.5.4.jar:3.5.4]
	at org.apache.maven.surefire.booter.ForkedBooter.runSuitesInProcess(ForkedBooter.java:385) ~[surefire-booter-3.5.4.jar:3.5.4]
	at org.apache.maven.surefire.booter.ForkedBooter.execute(ForkedBooter.java:162) ~[surefire-booter-3.5.4.jar:3.5.4]
	at org.apache.maven.surefire.booter.ForkedBooter.run(ForkedBooter.java:507) ~[surefire-booter-3.5.4.jar:3.5.4]
	at org.apache.maven.surefire.booter.ForkedBooter.main(ForkedBooter.java:495) ~[surefire-booter-3.5.4.jar:3.5.4]

2025-11-16T14:23:33.493+01:00  INFO 5063 --- [     parallel-6] c.p.i.a.i.rest.ScoreControllerDelete     : Received request to delete score with ID: INVALID_ID
2025-11-16T14:23:33.494+01:00 ERROR 5063 --- [     parallel-6] c.p.i.a.i.rest.ScoreControllerDelete     : Error deleting score with ID: INVALID_ID

java.lang.IllegalArgumentException: Invalid score ID format
	at com.pdgigs.infrastructure.adapter.input.rest.ScoreControllerDeleteTest.deleteScore_InvalidId_Returns400(ScoreControllerDeleteTest.java:76) ~[test-classes/:na]
	at java.base/jdk.internal.reflect.DirectMethodHandleAccessor.invoke(DirectMethodHandleAccessor.java:104) ~[na:na]
	at java.base/java.lang.reflect.Method.invoke(Method.java:565) ~[na:na]
	at org.junit.platform.commons.util.ReflectionUtils.invokeMethod(ReflectionUtils.java:775) ~[junit-platform-commons-1.12.2.jar:1.12.2]
	at org.junit.platform.commons.support.ReflectionSupport.invokeMethod(ReflectionSupport.java:479) ~[junit-platform-commons-1.12.2.jar:1.12.2]
	at org.junit.jupiter.engine.execution.MethodInvocation.proceed(MethodInvocation.java:60) ~[junit-jupiter-engine-5.12.2.jar:5.12.2]
	at org.junit.jupiter.engine.execution.InvocationInterceptorChain$ValidatingInvocation.proceed(InvocationInterceptorChain.java:131) ~[junit-jupiter-engine-5.12.2.jar:5.12.2]
	at org.junit.jupiter.engine.extension.TimeoutExtension.intercept(TimeoutExtension.java:161) ~[junit-jupiter-engine-5.12.2.jar:5.12.2]
	at org.junit.jupiter.engine.extension.TimeoutExtension.interceptTestableMethod(TimeoutExtension.java:152) ~[junit-jupiter-engine-5.12.2.jar:5.12.2]
	at org.junit.jupiter.engine.extension.TimeoutExtension.interceptTestMethod(TimeoutExtension.java:91) ~[junit-jupiter-engine-5.12.2.jar:5.12.2]
	at org.junit.jupiter.engine.execution.InterceptingExecutableInvoker$ReflectiveInterceptorCall.lambda$ofVoidMethod$0(InterceptingExecutableInvoker.java:112) ~[junit-jupiter-engine-5.12.2.jar:5.12.2]
	at org.junit.jupiter.engine.execution.InterceptingExecutableInvoker.lambda$invoke$0(InterceptingExecutableInvoker.java:94) ~[junit-jupiter-engine-5.12.2.jar:5.12.2]
	at org.junit.jupiter.engine.execution.InvocationInterceptorChain$InterceptedInvocation.proceed(InvocationInterceptorChain.java:106) ~[junit-jupiter-engine-5.12.2.jar:5.12.2]
	at org.junit.jupiter.engine.execution.InvocationInterceptorChain.proceed(InvocationInterceptorChain.java:64) ~[junit-jupiter-engine-5.12.2.jar:5.12.2]
	at org.junit.jupiter.engine.execution.InvocationInterceptorChain.chainAndInvoke(InvocationInterceptorChain.java:45) ~[junit-jupiter-engine-5.12.2.jar:5.12.2]
	at org.junit.jupiter.engine.execution.InvocationInterceptorChain.invoke(InvocationInterceptorChain.java:37) ~[junit-jupiter-engine-5.12.2.jar:5.12.2]
	at org.junit.jupiter.engine.execution.InterceptingExecutableInvoker.invoke(InterceptingExecutableInvoker.java:93) ~[junit-jupiter-engine-5.12.2.jar:5.12.2]
	at org.junit.jupiter.engine.execution.InterceptingExecutableInvoker.invoke(InterceptingExecutableInvoker.java:87) ~[junit-jupiter-engine-5.12.2.jar:5.12.2]
	at org.junit.jupiter.engine.descriptor.TestMethodTestDescriptor.lambda$invokeTestMethod$7(TestMethodTestDescriptor.java:216) ~[junit-jupiter-engine-5.12.2.jar:5.12.2]
	at org.junit.platform.engine.support.hierarchical.ThrowableCollector.execute(ThrowableCollector.java:73) ~[junit-platform-engine-1.12.2.jar:1.12.2]
	at org.junit.jupiter.engine.descriptor.TestMethodTestDescriptor.invokeTestMethod(TestMethodTestDescriptor.java:212) ~[junit-jupiter-engine-5.12.2.jar:5.12.2]
	at org.junit.jupiter.engine.descriptor.TestMethodTestDescriptor.execute(TestMethodTestDescriptor.java:137) ~[junit-jupiter-engine-5.12.2.jar:5.12.2]
	at org.junit.jupiter.engine.descriptor.TestMethodTestDescriptor.execute(TestMethodTestDescriptor.java:69) ~[junit-jupiter-engine-5.12.2.jar:5.12.2]
	at org.junit.platform.engine.support.hierarchical.NodeTestTask.lambda$executeRecursively$6(NodeTestTask.java:156) ~[junit-platform-engine-1.12.2.jar:1.12.2]
	at org.junit.platform.engine.support.hierarchical.ThrowableCollector.execute(ThrowableCollector.java:73) ~[junit-platform-engine-1.12.2.jar:1.12.2]
	at org.junit.platform.engine.support.hierarchical.NodeTestTask.lambda$executeRecursively$8(NodeTestTask.java:146) ~[junit-platform-engine-1.12.2.jar:1.12.2]
	at org.junit.platform.engine.support.hierarchical.Node.around(Node.java:137) ~[junit-platform-engine-1.12.2.jar:1.12.2]
	at org.junit.platform.engine.support.hierarchical.NodeTestTask.lambda$executeRecursively$9(NodeTestTask.java:144) ~[junit-platform-engine-1.12.2.jar:1.12.2]
	at org.junit.platform.engine.support.hierarchical.ThrowableCollector.execute(ThrowableCollector.java:73) ~[junit-platform-engine-1.12.2.jar:1.12.2]
	at org.junit.platform.engine.support.hierarchical.NodeTestTask.executeRecursively(NodeTestTask.java:143) ~[junit-platform-engine-1.12.2.jar:1.12.2]
	at org.junit.platform.engine.support.hierarchical.NodeTestTask.execute(NodeTestTask.java:100) ~[junit-platform-engine-1.12.2.jar:1.12.2]
	at java.base/java.util.ArrayList.forEach(ArrayList.java:1604) ~[na:na]
	at org.junit.platform.engine.support.hierarchical.SameThreadHierarchicalTestExecutorService.invokeAll(SameThreadHierarchicalTestExecutorService.java:41) ~[junit-platform-engine-1.12.2.jar:1.12.2]
	at org.junit.platform.engine.support.hierarchical.NodeTestTask.lambda$executeRecursively$6(NodeTestTask.java:160) ~[junit-platform-engine-1.12.2.jar:1.12.2]
	at org.junit.platform.engine.support.hierarchical.ThrowableCollector.execute(ThrowableCollector.java:73) ~[junit-platform-engine-1.12.2.jar:1.12.2]
	at org.junit.platform.engine.support.hierarchical.NodeTestTask.lambda$executeRecursively$8(NodeTestTask.java:146) ~[junit-platform-engine-1.12.2.jar:1.12.2]
	at org.junit.platform.engine.support.hierarchical.Node.around(Node.java:137) ~[junit-platform-engine-1.12.2.jar:1.12.2]
	at org.junit.platform.engine.support.hierarchical.NodeTestTask.lambda$executeRecursively$9(NodeTestTask.java:144) ~[junit-platform-engine-1.12.2.jar:1.12.2]
	at org.junit.platform.engine.support.hierarchical.ThrowableCollector.execute(ThrowableCollector.java:73) ~[junit-platform-engine-1.12.2.jar:1.12.2]
	at org.junit.platform.engine.support.hierarchical.NodeTestTask.executeRecursively(NodeTestTask.java:143) ~[junit-platform-engine-1.12.2.jar:1.12.2]
	at org.junit.platform.engine.support.hierarchical.NodeTestTask.execute(NodeTestTask.java:100) ~[junit-platform-engine-1.12.2.jar:1.12.2]
	at java.base/java.util.ArrayList.forEach(ArrayList.java:1604) ~[na:na]
	at org.junit.platform.engine.support.hierarchical.SameThreadHierarchicalTestExecutorService.invokeAll(SameThreadHierarchicalTestExecutorService.java:41) ~[junit-platform-engine-1.12.2.jar:1.12.2]
	at org.junit.platform.engine.support.hierarchical.NodeTestTask.lambda$executeRecursively$6(NodeTestTask.java:160) ~[junit-platform-engine-1.12.2.jar:1.12.2]
	at org.junit.platform.engine.support.hierarchical.ThrowableCollector.execute(ThrowableCollector.java:73) ~[junit-platform-engine-1.12.2.jar:1.12.2]
	at org.junit.platform.engine.support.hierarchical.NodeTestTask.lambda$executeRecursively$8(NodeTestTask.java:146) ~[junit-platform-engine-1.12.2.jar:1.12.2]
	at org.junit.platform.engine.support.hierarchical.Node.around(Node.java:137) ~[junit-platform-engine-1.12.2.jar:1.12.2]
	at org.junit.platform.engine.support.hierarchical.NodeTestTask.lambda$executeRecursively$9(NodeTestTask.java:144) ~[junit-platform-engine-1.12.2.jar:1.12.2]
	at org.junit.platform.engine.support.hierarchical.ThrowableCollector.execute(ThrowableCollector.java:73) ~[junit-platform-engine-1.12.2.jar:1.12.2]
	at org.junit.platform.engine.support.hierarchical.NodeTestTask.executeRecursively(NodeTestTask.java:143) ~[junit-platform-engine-1.12.2.jar:1.12.2]
	at org.junit.platform.engine.support.hierarchical.NodeTestTask.execute(NodeTestTask.java:100) ~[junit-platform-engine-1.12.2.jar:1.12.2]
	at org.junit.platform.engine.support.hierarchical.SameThreadHierarchicalTestExecutorService.submit(SameThreadHierarchicalTestExecutorService.java:35) ~[junit-platform-engine-1.12.2.jar:1.12.2]
	at org.junit.platform.engine.support.hierarchical.HierarchicalTestExecutor.execute(HierarchicalTestExecutor.java:57) ~[junit-platform-engine-1.12.2.jar:1.12.2]
	at org.junit.platform.engine.support.hierarchical.HierarchicalTestEngine.execute(HierarchicalTestEngine.java:54) ~[junit-platform-engine-1.12.2.jar:1.12.2]
	at org.junit.platform.launcher.core.EngineExecutionOrchestrator.execute(EngineExecutionOrchestrator.java:201) ~[junit-platform-launcher-1.12.2.jar:1.12.2]
	at org.junit.platform.launcher.core.EngineExecutionOrchestrator.execute(EngineExecutionOrchestrator.java:170) ~[junit-platform-launcher-1.12.2.jar:1.12.2]
	at org.junit.platform.launcher.core.EngineExecutionOrchestrator.execute(EngineExecutionOrchestrator.java:94) ~[junit-platform-launcher-1.12.2.jar:1.12.2]
	at org.junit.platform.launcher.core.EngineExecutionOrchestrator.lambda$execute$0(EngineExecutionOrchestrator.java:59) ~[junit-platform-launcher-1.12.2.jar:1.12.2]
	at org.junit.platform.launcher.core.EngineExecutionOrchestrator.withInterceptedStreams(EngineExecutionOrchestrator.java:142) ~[junit-platform-launcher-1.12.2.jar:1.12.2]
	at org.junit.platform.launcher.core.EngineExecutionOrchestrator.execute(EngineExecutionOrchestrator.java:58) ~[junit-platform-launcher-1.12.2.jar:1.12.2]
	at org.junit.platform.launcher.core.DefaultLauncher.execute(DefaultLauncher.java:103) ~[junit-platform-launcher-1.12.2.jar:1.12.2]
	at org.junit.platform.launcher.core.DefaultLauncher.execute(DefaultLauncher.java:85) ~[junit-platform-launcher-1.12.2.jar:1.12.2]
	at org.junit.platform.launcher.core.DelegatingLauncher.execute(DelegatingLauncher.java:47) ~[junit-platform-launcher-1.12.2.jar:1.12.2]
	at org.junit.platform.launcher.core.InterceptingLauncher.lambda$execute$1(InterceptingLauncher.java:39) ~[junit-platform-launcher-1.12.2.jar:1.12.2]
	at org.junit.platform.launcher.core.ClasspathAlignmentCheckingLauncherInterceptor.intercept(ClasspathAlignmentCheckingLauncherInterceptor.java:25) ~[junit-platform-launcher-1.12.2.jar:1.12.2]
	at org.junit.platform.launcher.core.InterceptingLauncher.execute(InterceptingLauncher.java:38) ~[junit-platform-launcher-1.12.2.jar:1.12.2]
	at org.junit.platform.launcher.core.DelegatingLauncher.execute(DelegatingLauncher.java:47) ~[junit-platform-launcher-1.12.2.jar:1.12.2]
	at org.apache.maven.surefire.junitplatform.LauncherAdapter.executeWithoutCancellationToken(LauncherAdapter.java:60) ~[surefire-junit-platform-3.5.4.jar:3.5.4]
	at org.apache.maven.surefire.junitplatform.LauncherAdapter.execute(LauncherAdapter.java:52) ~[surefire-junit-platform-3.5.4.jar:3.5.4]
	at org.apache.maven.surefire.junitplatform.JUnitPlatformProvider.execute(JUnitPlatformProvider.java:203) ~[surefire-junit-platform-3.5.4.jar:3.5.4]
	at org.apache.maven.surefire.junitplatform.JUnitPlatformProvider.invokeAllTests(JUnitPlatformProvider.java:168) ~[surefire-junit-platform-3.5.4.jar:3.5.4]
	at org.apache.maven.surefire.junitplatform.JUnitPlatformProvider.invoke(JUnitPlatformProvider.java:136) ~[surefire-junit-platform-3.5.4.jar:3.5.4]
	at org.apache.maven.surefire.booter.ForkedBooter.runSuitesInProcess(ForkedBooter.java:385) ~[surefire-booter-3.5.4.jar:3.5.4]
	at org.apache.maven.surefire.booter.ForkedBooter.execute(ForkedBooter.java:162) ~[surefire-booter-3.5.4.jar:3.5.4]
	at org.apache.maven.surefire.booter.ForkedBooter.run(ForkedBooter.java:507) ~[surefire-booter-3.5.4.jar:3.5.4]
	at org.apache.maven.surefire.booter.ForkedBooter.main(ForkedBooter.java:495) ~[surefire-booter-3.5.4.jar:3.5.4]

2025-11-16T14:23:33.494+01:00 ERROR 5063 --- [     parallel-6] c.p.i.a.i.r.e.h.GlobalFallbackHandler    : Unexpected error: Invalid score ID format

java.lang.IllegalArgumentException: Invalid score ID format
	at com.pdgigs.infrastructure.adapter.input.rest.ScoreControllerDeleteTest.deleteScore_InvalidId_Returns400(ScoreControllerDeleteTest.java:76) ~[test-classes/:na]
	at java.base/jdk.internal.reflect.DirectMethodHandleAccessor.invoke(DirectMethodHandleAccessor.java:104) ~[na:na]
	at java.base/java.lang.reflect.Method.invoke(Method.java:565) ~[na:na]
	at org.junit.platform.commons.util.ReflectionUtils.invokeMethod(ReflectionUtils.java:775) ~[junit-platform-commons-1.12.2.jar:1.12.2]
	at org.junit.platform.commons.support.ReflectionSupport.invokeMethod(ReflectionSupport.java:479) ~[junit-platform-commons-1.12.2.jar:1.12.2]
	at org.junit.jupiter.engine.execution.MethodInvocation.proceed(MethodInvocation.java:60) ~[junit-jupiter-engine-5.12.2.jar:5.12.2]
	at org.junit.jupiter.engine.execution.InvocationInterceptorChain$ValidatingInvocation.proceed(InvocationInterceptorChain.java:131) ~[junit-jupiter-engine-5.12.2.jar:5.12.2]
	at org.junit.jupiter.engine.extension.TimeoutExtension.intercept(TimeoutExtension.java:161) ~[junit-jupiter-engine-5.12.2.jar:5.12.2]
	at org.junit.jupiter.engine.extension.TimeoutExtension.interceptTestableMethod(TimeoutExtension.java:152) ~[junit-jupiter-engine-5.12.2.jar:5.12.2]
	at org.junit.jupiter.engine.extension.TimeoutExtension.interceptTestMethod(TimeoutExtension.java:91) ~[junit-jupiter-engine-5.12.2.jar:5.12.2]
	at org.junit.jupiter.engine.execution.InterceptingExecutableInvoker$ReflectiveInterceptorCall.lambda$ofVoidMethod$0(InterceptingExecutableInvoker.java:112) ~[junit-jupiter-engine-5.12.2.jar:5.12.2]
	at org.junit.jupiter.engine.execution.InterceptingExecutableInvoker.lambda$invoke$0(InterceptingExecutableInvoker.java:94) ~[junit-jupiter-engine-5.12.2.jar:5.12.2]
	at org.junit.jupiter.engine.execution.InvocationInterceptorChain$InterceptedInvocation.proceed(InvocationInterceptorChain.java:106) ~[junit-jupiter-engine-5.12.2.jar:5.12.2]
	at org.junit.jupiter.engine.execution.InvocationInterceptorChain.proceed(InvocationInterceptorChain.java:64) ~[junit-jupiter-engine-5.12.2.jar:5.12.2]
	at org.junit.jupiter.engine.execution.InvocationInterceptorChain.chainAndInvoke(InvocationInterceptorChain.java:45) ~[junit-jupiter-engine-5.12.2.jar:5.12.2]
	at org.junit.jupiter.engine.execution.InvocationInterceptorChain.invoke(InvocationInterceptorChain.java:37) ~[junit-jupiter-engine-5.12.2.jar:5.12.2]
	at org.junit.jupiter.engine.execution.InterceptingExecutableInvoker.invoke(InterceptingExecutableInvoker.java:93) ~[junit-jupiter-engine-5.12.2.jar:5.12.2]
	at org.junit.jupiter.engine.execution.InterceptingExecutableInvoker.invoke(InterceptingExecutableInvoker.java:87) ~[junit-jupiter-engine-5.12.2.jar:5.12.2]
	at org.junit.jupiter.engine.descriptor.TestMethodTestDescriptor.lambda$invokeTestMethod$7(TestMethodTestDescriptor.java:216) ~[junit-jupiter-engine-5.12.2.jar:5.12.2]
	at org.junit.platform.engine.support.hierarchical.ThrowableCollector.execute(ThrowableCollector.java:73) ~[junit-platform-engine-1.12.2.jar:1.12.2]
	at org.junit.jupiter.engine.descriptor.TestMethodTestDescriptor.invokeTestMethod(TestMethodTestDescriptor.java:212) ~[junit-jupiter-engine-5.12.2.jar:5.12.2]
	at org.junit.jupiter.engine.descriptor.TestMethodTestDescriptor.execute(TestMethodTestDescriptor.java:137) ~[junit-jupiter-engine-5.12.2.jar:5.12.2]
	at org.junit.jupiter.engine.descriptor.TestMethodTestDescriptor.execute(TestMethodTestDescriptor.java:69) ~[junit-jupiter-engine-5.12.2.jar:5.12.2]
	at org.junit.platform.engine.support.hierarchical.NodeTestTask.lambda$executeRecursively$6(NodeTestTask.java:156) ~[junit-platform-engine-1.12.2.jar:1.12.2]
	at org.junit.platform.engine.support.hierarchical.ThrowableCollector.execute(ThrowableCollector.java:73) ~[junit-platform-engine-1.12.2.jar:1.12.2]
	at org.junit.platform.engine.support.hierarchical.NodeTestTask.lambda$executeRecursively$8(NodeTestTask.java:146) ~[junit-platform-engine-1.12.2.jar:1.12.2]
	at org.junit.platform.engine.support.hierarchical.Node.around(Node.java:137) ~[junit-platform-engine-1.12.2.jar:1.12.2]
	at org.junit.platform.engine.support.hierarchical.NodeTestTask.lambda$executeRecursively$9(NodeTestTask.java:144) ~[junit-platform-engine-1.12.2.jar:1.12.2]
	at org.junit.platform.engine.support.hierarchical.ThrowableCollector.execute(ThrowableCollector.java:73) ~[junit-platform-engine-1.12.2.jar:1.12.2]
	at org.junit.platform.engine.support.hierarchical.NodeTestTask.executeRecursively(NodeTestTask.java:143) ~[junit-platform-engine-1.12.2.jar:1.12.2]
	at org.junit.platform.engine.support.hierarchical.NodeTestTask.execute(NodeTestTask.java:100) ~[junit-platform-engine-1.12.2.jar:1.12.2]
	at java.base/java.util.ArrayList.forEach(ArrayList.java:1604) ~[na:na]
	at org.junit.platform.engine.support.hierarchical.SameThreadHierarchicalTestExecutorService.invokeAll(SameThreadHierarchicalTestExecutorService.java:41) ~[junit-platform-engine-1.12.2.jar:1.12.2]
	at org.junit.platform.engine.support.hierarchical.NodeTestTask.lambda$executeRecursively$6(NodeTestTask.java:160) ~[junit-platform-engine-1.12.2.jar:1.12.2]
	at org.junit.platform.engine.support.hierarchical.ThrowableCollector.execute(ThrowableCollector.java:73) ~[junit-platform-engine-1.12.2.jar:1.12.2]
	at org.junit.platform.engine.support.hierarchical.NodeTestTask.lambda$executeRecursively$8(NodeTestTask.java:146) ~[junit-platform-engine-1.12.2.jar:1.12.2]
	at org.junit.platform.engine.support.hierarchical.Node.around(Node.java:137) ~[junit-platform-engine-1.12.2.jar:1.12.2]
	at org.junit.platform.engine.support.hierarchical.NodeTestTask.lambda$executeRecursively$9(NodeTestTask.java:144) ~[junit-platform-engine-1.12.2.jar:1.12.2]
	at org.junit.platform.engine.support.hierarchical.ThrowableCollector.execute(ThrowableCollector.java:73) ~[junit-platform-engine-1.12.2.jar:1.12.2]
	at org.junit.platform.engine.support.hierarchical.NodeTestTask.executeRecursively(NodeTestTask.java:143) ~[junit-platform-engine-1.12.2.jar:1.12.2]
	at org.junit.platform.engine.support.hierarchical.NodeTestTask.execute(NodeTestTask.java:100) ~[junit-platform-engine-1.12.2.jar:1.12.2]
	at java.base/java.util.ArrayList.forEach(ArrayList.java:1604) ~[na:na]
	at org.junit.platform.engine.support.hierarchical.SameThreadHierarchicalTestExecutorService.invokeAll(SameThreadHierarchicalTestExecutorService.java:41) ~[junit-platform-engine-1.12.2.jar:1.12.2]
	at org.junit.platform.engine.support.hierarchical.NodeTestTask.lambda$executeRecursively$6(NodeTestTask.java:160) ~[junit-platform-engine-1.12.2.jar:1.12.2]
	at org.junit.platform.engine.support.hierarchical.ThrowableCollector.execute(ThrowableCollector.java:73) ~[junit-platform-engine-1.12.2.jar:1.12.2]
	at org.junit.platform.engine.support.hierarchical.NodeTestTask.lambda$executeRecursively$8(NodeTestTask.java:146) ~[junit-platform-engine-1.12.2.jar:1.12.2]
	at org.junit.platform.engine.support.hierarchical.Node.around(Node.java:137) ~[junit-platform-engine-1.12.2.jar:1.12.2]
	at org.junit.platform.engine.support.hierarchical.NodeTestTask.lambda$executeRecursively$9(NodeTestTask.java:144) ~[junit-platform-engine-1.12.2.jar:1.12.2]
	at org.junit.platform.engine.support.hierarchical.ThrowableCollector.execute(ThrowableCollector.java:73) ~[junit-platform-engine-1.12.2.jar:1.12.2]
	at org.junit.platform.engine.support.hierarchical.NodeTestTask.executeRecursively(NodeTestTask.java:143) ~[junit-platform-engine-1.12.2.jar:1.12.2]
	at org.junit.platform.engine.support.hierarchical.NodeTestTask.execute(NodeTestTask.java:100) ~[junit-platform-engine-1.12.2.jar:1.12.2]
	at org.junit.platform.engine.support.hierarchical.SameThreadHierarchicalTestExecutorService.submit(SameThreadHierarchicalTestExecutorService.java:35) ~[junit-platform-engine-1.12.2.jar:1.12.2]
	at org.junit.platform.engine.support.hierarchical.HierarchicalTestExecutor.execute(HierarchicalTestExecutor.java:57) ~[junit-platform-engine-1.12.2.jar:1.12.2]
	at org.junit.platform.engine.support.hierarchical.HierarchicalTestEngine.execute(HierarchicalTestEngine.java:54) ~[junit-platform-engine-1.12.2.jar:1.12.2]
	at org.junit.platform.launcher.core.EngineExecutionOrchestrator.execute(EngineExecutionOrchestrator.java:201) ~[junit-platform-launcher-1.12.2.jar:1.12.2]
	at org.junit.platform.launcher.core.EngineExecutionOrchestrator.execute(EngineExecutionOrchestrator.java:170) ~[junit-platform-launcher-1.12.2.jar:1.12.2]
	at org.junit.platform.launcher.core.EngineExecutionOrchestrator.execute(EngineExecutionOrchestrator.java:94) ~[junit-platform-launcher-1.12.2.jar:1.12.2]
	at org.junit.platform.launcher.core.EngineExecutionOrchestrator.lambda$execute$0(EngineExecutionOrchestrator.java:59) ~[junit-platform-launcher-1.12.2.jar:1.12.2]
	at org.junit.platform.launcher.core.EngineExecutionOrchestrator.withInterceptedStreams(EngineExecutionOrchestrator.java:142) ~[junit-platform-launcher-1.12.2.jar:1.12.2]
	at org.junit.platform.launcher.core.EngineExecutionOrchestrator.execute(EngineExecutionOrchestrator.java:58) ~[junit-platform-launcher-1.12.2.jar:1.12.2]
	at org.junit.platform.launcher.core.DefaultLauncher.execute(DefaultLauncher.java:103) ~[junit-platform-launcher-1.12.2.jar:1.12.2]
	at org.junit.platform.launcher.core.DefaultLauncher.execute(DefaultLauncher.java:85) ~[junit-platform-launcher-1.12.2.jar:1.12.2]
	at org.junit.platform.launcher.core.DelegatingLauncher.execute(DelegatingLauncher.java:47) ~[junit-platform-launcher-1.12.2.jar:1.12.2]
	at org.junit.platform.launcher.core.InterceptingLauncher.lambda$execute$1(InterceptingLauncher.java:39) ~[junit-platform-launcher-1.12.2.jar:1.12.2]
	at org.junit.platform.launcher.core.ClasspathAlignmentCheckingLauncherInterceptor.intercept(ClasspathAlignmentCheckingLauncherInterceptor.java:25) ~[junit-platform-launcher-1.12.2.jar:1.12.2]
	at org.junit.platform.launcher.core.InterceptingLauncher.execute(InterceptingLauncher.java:38) ~[junit-platform-launcher-1.12.2.jar:1.12.2]
	at org.junit.platform.launcher.core.DelegatingLauncher.execute(DelegatingLauncher.java:47) ~[junit-platform-launcher-1.12.2.jar:1.12.2]
	at org.apache.maven.surefire.junitplatform.LauncherAdapter.executeWithoutCancellationToken(LauncherAdapter.java:60) ~[surefire-junit-platform-3.5.4.jar:3.5.4]
	at org.apache.maven.surefire.junitplatform.LauncherAdapter.execute(LauncherAdapter.java:52) ~[surefire-junit-platform-3.5.4.jar:3.5.4]
	at org.apache.maven.surefire.junitplatform.JUnitPlatformProvider.execute(JUnitPlatformProvider.java:203) ~[surefire-junit-platform-3.5.4.jar:3.5.4]
	at org.apache.maven.surefire.junitplatform.JUnitPlatformProvider.invokeAllTests(JUnitPlatformProvider.java:168) ~[surefire-junit-platform-3.5.4.jar:3.5.4]
	at org.apache.maven.surefire.junitplatform.JUnitPlatformProvider.invoke(JUnitPlatformProvider.java:136) ~[surefire-junit-platform-3.5.4.jar:3.5.4]
	at org.apache.maven.surefire.booter.ForkedBooter.runSuitesInProcess(ForkedBooter.java:385) ~[surefire-booter-3.5.4.jar:3.5.4]
	at org.apache.maven.surefire.booter.ForkedBooter.execute(ForkedBooter.java:162) ~[surefire-booter-3.5.4.jar:3.5.4]
	at org.apache.maven.surefire.booter.ForkedBooter.run(ForkedBooter.java:507) ~[surefire-booter-3.5.4.jar:3.5.4]
	at org.apache.maven.surefire.booter.ForkedBooter.main(ForkedBooter.java:495) ~[surefire-booter-3.5.4.jar:3.5.4]

2025-11-16T14:23:33.495+01:00 ERROR 5063 --- [           main] o.s.t.w.reactive.server.ExchangeResult   : Request details for assertion failure:

> DELETE /api/scores/INVALID_ID
> WebTestClient-Request-Id: [4]

No content

< 500 INTERNAL_SERVER_ERROR Internal Server Error
< Content-Type: [application/json]
< Content-Length: [150]
< Cache-Control: [no-cache, no-store, max-age=0, must-revalidate]
< Pragma: [no-cache]
< Expires: [0]
< X-Content-Type-Options: [nosniff]
< X-Frame-Options: [DENY]
< X-XSS-Protection: [0]
< Referrer-Policy: [no-referrer]

{"message":"Internal server error","status":500,"timestamp":"2025-11-16T14:23:33.494942","path":"/api/scores/INVALID_ID","errorCode":"INTERNAL_ERROR"}

[ERROR] Tests run: 4, Failures: 1, Errors: 0, Skipped: 0, Time elapsed: 0.125 s <<< FAILURE! -- in Controller: Eliminación de partituras
[ERROR] com.pdgigs.infrastructure.adapter.input.rest.ScoreControllerDeleteTest.deleteScore_InvalidId_Returns400 -- Time elapsed: 0.004 s <<< FAILURE!
java.lang.AssertionError: Status expected:<400 BAD_REQUEST> but was:<500 INTERNAL_SERVER_ERROR>
	at org.springframework.test.util.AssertionErrors.fail(AssertionErrors.java:61)
	at org.springframework.test.util.AssertionErrors.assertEquals(AssertionErrors.java:128)
	at org.springframework.test.web.reactive.server.StatusAssertions.lambda$assertStatusAndReturn$4(StatusAssertions.java:236)
	at org.springframework.test.web.reactive.server.ExchangeResult.assertWithDiagnostics(ExchangeResult.java:232)
	at org.springframework.test.web.reactive.server.StatusAssertions.assertStatusAndReturn(StatusAssertions.java:236)
	at org.springframework.test.web.reactive.server.StatusAssertions.isBadRequest(StatusAssertions.java:131)
	at com.pdgigs.infrastructure.adapter.input.rest.ScoreControllerDeleteTest.deleteScore_InvalidId_Returns400(ScoreControllerDeleteTest.java:83)
	at java.base/java.lang.reflect.Method.invoke(Method.java:565)
	at java.base/java.util.ArrayList.forEach(ArrayList.java:1604)
	at java.base/java.util.ArrayList.forEach(ArrayList.java:1604)

[INFO] Running Controller: Descarga de partituras PDF
2025-11-16T14:23:33.498+01:00  INFO 5063 --- [           main] t.c.s.AnnotationConfigContextLoaderUtils : Could not detect default configuration classes for test class [com.pdgigs.infrastructure.adapter.input.rest.ScoreControllerDownloadTest]: ScoreControllerDownloadTest does not declare any static, non-private, non-final, nested classes annotated with @Configuration.
2025-11-16T14:23:33.500+01:00  INFO 5063 --- [           main] .b.t.c.SpringBootTestContextBootstrapper : Found @SpringBootConfiguration com.pdgigs.PdgigsApplication for test class com.pdgigs.infrastructure.adapter.input.rest.ScoreControllerDownloadTest
2025-11-16T14:23:33.502+01:00  INFO 5063 --- [           main] o.s.b.d.r.RestartApplicationListener     : Restart disabled due to context in which it is running

  .   ____          _            __ _ _
 /\\ / ___'_ __ _ _(_)_ __  __ _ \ \ \ \
( ( )\___ | '_ | '_| | '_ \/ _` | \ \ \ \
 \\/  ___)| |_)| | | | | || (_| |  ) ) ) )
  '  |____| .__|_| |_|_| |_\__, | / / / /
 =========|_|==============|___/=/_/_/_/

 :: Spring Boot ::                (v3.5.7)

2025-11-16T14:23:33.508+01:00  INFO 5063 --- [           main] c.p.i.a.i.r.ScoreControllerDownloadTest  : Starting ScoreControllerDownloadTest using Java 24.0.2 with PID 5063 (started by adol in /Users/adol/IdeaProjects/pdgigs)
2025-11-16T14:23:33.508+01:00  INFO 5063 --- [           main] c.p.i.a.i.r.ScoreControllerDownloadTest  : No active profile set, falling back to 1 default profile: "default"
2025-11-16T14:23:33.553+01:00  INFO 5063 --- [           main] ctiveUserDetailsServiceAutoConfiguration : 

Using generated security password: 5e24bf15-f87e-41f9-a370-e9032e564494

2025-11-16T14:23:33.568+01:00  INFO 5063 --- [           main] c.p.i.a.i.r.ScoreControllerDownloadTest  : Started ScoreControllerDownloadTest in 0.066 seconds (process running for 2.189)
2025-11-16T14:23:33.572+01:00  INFO 5063 --- [     parallel-8] c.p.i.a.i.rest.ScoreControllerDownload   : Downloading PDF for score with ID: 507f1f77bcf86cd799439099
2025-11-16T14:23:33.573+01:00 ERROR 5063 --- [     parallel-8] c.p.i.a.i.rest.ScoreControllerDownload   : Error downloading PDF for ID: 507f1f77bcf86cd799439099

com.pdgigs.domain.exception.ResourceNotFoundException: Score not found with ID: 507f1f77bcf86cd799439099
	at com.pdgigs.domain.exception.ResourceNotFoundException.score(ResourceNotFoundException.java:10) ~[classes/:na]
	at com.pdgigs.infrastructure.adapter.input.rest.ScoreControllerDownloadTest.downloadScorePdf_ScoreNotFound_Returns404(ScoreControllerDownloadTest.java:79) ~[test-classes/:na]
	at java.base/jdk.internal.reflect.DirectMethodHandleAccessor.invoke(DirectMethodHandleAccessor.java:104) ~[na:na]
	at java.base/java.lang.reflect.Method.invoke(Method.java:565) ~[na:na]
	at org.junit.platform.commons.util.ReflectionUtils.invokeMethod(ReflectionUtils.java:775) ~[junit-platform-commons-1.12.2.jar:1.12.2]
	at org.junit.platform.commons.support.ReflectionSupport.invokeMethod(ReflectionSupport.java:479) ~[junit-platform-commons-1.12.2.jar:1.12.2]
	at org.junit.jupiter.engine.execution.MethodInvocation.proceed(MethodInvocation.java:60) ~[junit-jupiter-engine-5.12.2.jar:5.12.2]
	at org.junit.jupiter.engine.execution.InvocationInterceptorChain$ValidatingInvocation.proceed(InvocationInterceptorChain.java:131) ~[junit-jupiter-engine-5.12.2.jar:5.12.2]
	at org.junit.jupiter.engine.extension.TimeoutExtension.intercept(TimeoutExtension.java:161) ~[junit-jupiter-engine-5.12.2.jar:5.12.2]
	at org.junit.jupiter.engine.extension.TimeoutExtension.interceptTestableMethod(TimeoutExtension.java:152) ~[junit-jupiter-engine-5.12.2.jar:5.12.2]
	at org.junit.jupiter.engine.extension.TimeoutExtension.interceptTestMethod(TimeoutExtension.java:91) ~[junit-jupiter-engine-5.12.2.jar:5.12.2]
	at org.junit.jupiter.engine.execution.InterceptingExecutableInvoker$ReflectiveInterceptorCall.lambda$ofVoidMethod$0(InterceptingExecutableInvoker.java:112) ~[junit-jupiter-engine-5.12.2.jar:5.12.2]
	at org.junit.jupiter.engine.execution.InterceptingExecutableInvoker.lambda$invoke$0(InterceptingExecutableInvoker.java:94) ~[junit-jupiter-engine-5.12.2.jar:5.12.2]
	at org.junit.jupiter.engine.execution.InvocationInterceptorChain$InterceptedInvocation.proceed(InvocationInterceptorChain.java:106) ~[junit-jupiter-engine-5.12.2.jar:5.12.2]
	at org.junit.jupiter.engine.execution.InvocationInterceptorChain.proceed(InvocationInterceptorChain.java:64) ~[junit-jupiter-engine-5.12.2.jar:5.12.2]
	at org.junit.jupiter.engine.execution.InvocationInterceptorChain.chainAndInvoke(InvocationInterceptorChain.java:45) ~[junit-jupiter-engine-5.12.2.jar:5.12.2]
	at org.junit.jupiter.engine.execution.InvocationInterceptorChain.invoke(InvocationInterceptorChain.java:37) ~[junit-jupiter-engine-5.12.2.jar:5.12.2]
	at org.junit.jupiter.engine.execution.InterceptingExecutableInvoker.invoke(InterceptingExecutableInvoker.java:93) ~[junit-jupiter-engine-5.12.2.jar:5.12.2]
	at org.junit.jupiter.engine.execution.InterceptingExecutableInvoker.invoke(InterceptingExecutableInvoker.java:87) ~[junit-jupiter-engine-5.12.2.jar:5.12.2]
	at org.junit.jupiter.engine.descriptor.TestMethodTestDescriptor.lambda$invokeTestMethod$7(TestMethodTestDescriptor.java:216) ~[junit-jupiter-engine-5.12.2.jar:5.12.2]
	at org.junit.platform.engine.support.hierarchical.ThrowableCollector.execute(ThrowableCollector.java:73) ~[junit-platform-engine-1.12.2.jar:1.12.2]
	at org.junit.jupiter.engine.descriptor.TestMethodTestDescriptor.invokeTestMethod(TestMethodTestDescriptor.java:212) ~[junit-jupiter-engine-5.12.2.jar:5.12.2]
	at org.junit.jupiter.engine.descriptor.TestMethodTestDescriptor.execute(TestMethodTestDescriptor.java:137) ~[junit-jupiter-engine-5.12.2.jar:5.12.2]
	at org.junit.jupiter.engine.descriptor.TestMethodTestDescriptor.execute(TestMethodTestDescriptor.java:69) ~[junit-jupiter-engine-5.12.2.jar:5.12.2]
	at org.junit.platform.engine.support.hierarchical.NodeTestTask.lambda$executeRecursively$6(NodeTestTask.java:156) ~[junit-platform-engine-1.12.2.jar:1.12.2]
	at org.junit.platform.engine.support.hierarchical.ThrowableCollector.execute(ThrowableCollector.java:73) ~[junit-platform-engine-1.12.2.jar:1.12.2]
	at org.junit.platform.engine.support.hierarchical.NodeTestTask.lambda$executeRecursively$8(NodeTestTask.java:146) ~[junit-platform-engine-1.12.2.jar:1.12.2]
	at org.junit.platform.engine.support.hierarchical.Node.around(Node.java:137) ~[junit-platform-engine-1.12.2.jar:1.12.2]
	at org.junit.platform.engine.support.hierarchical.NodeTestTask.lambda$executeRecursively$9(NodeTestTask.java:144) ~[junit-platform-engine-1.12.2.jar:1.12.2]
	at org.junit.platform.engine.support.hierarchical.ThrowableCollector.execute(ThrowableCollector.java:73) ~[junit-platform-engine-1.12.2.jar:1.12.2]
	at org.junit.platform.engine.support.hierarchical.NodeTestTask.executeRecursively(NodeTestTask.java:143) ~[junit-platform-engine-1.12.2.jar:1.12.2]
	at org.junit.platform.engine.support.hierarchical.NodeTestTask.execute(NodeTestTask.java:100) ~[junit-platform-engine-1.12.2.jar:1.12.2]
	at java.base/java.util.ArrayList.forEach(ArrayList.java:1604) ~[na:na]
	at org.junit.platform.engine.support.hierarchical.SameThreadHierarchicalTestExecutorService.invokeAll(SameThreadHierarchicalTestExecutorService.java:41) ~[junit-platform-engine-1.12.2.jar:1.12.2]
	at org.junit.platform.engine.support.hierarchical.NodeTestTask.lambda$executeRecursively$6(NodeTestTask.java:160) ~[junit-platform-engine-1.12.2.jar:1.12.2]
	at org.junit.platform.engine.support.hierarchical.ThrowableCollector.execute(ThrowableCollector.java:73) ~[junit-platform-engine-1.12.2.jar:1.12.2]
	at org.junit.platform.engine.support.hierarchical.NodeTestTask.lambda$executeRecursively$8(NodeTestTask.java:146) ~[junit-platform-engine-1.12.2.jar:1.12.2]
	at org.junit.platform.engine.support.hierarchical.Node.around(Node.java:137) ~[junit-platform-engine-1.12.2.jar:1.12.2]
	at org.junit.platform.engine.support.hierarchical.NodeTestTask.lambda$executeRecursively$9(NodeTestTask.java:144) ~[junit-platform-engine-1.12.2.jar:1.12.2]
	at org.junit.platform.engine.support.hierarchical.ThrowableCollector.execute(ThrowableCollector.java:73) ~[junit-platform-engine-1.12.2.jar:1.12.2]
	at org.junit.platform.engine.support.hierarchical.NodeTestTask.executeRecursively(NodeTestTask.java:143) ~[junit-platform-engine-1.12.2.jar:1.12.2]
	at org.junit.platform.engine.support.hierarchical.NodeTestTask.execute(NodeTestTask.java:100) ~[junit-platform-engine-1.12.2.jar:1.12.2]
	at java.base/java.util.ArrayList.forEach(ArrayList.java:1604) ~[na:na]
	at org.junit.platform.engine.support.hierarchical.SameThreadHierarchicalTestExecutorService.invokeAll(SameThreadHierarchicalTestExecutorService.java:41) ~[junit-platform-engine-1.12.2.jar:1.12.2]
	at org.junit.platform.engine.support.hierarchical.NodeTestTask.lambda$executeRecursively$6(NodeTestTask.java:160) ~[junit-platform-engine-1.12.2.jar:1.12.2]
	at org.junit.platform.engine.support.hierarchical.ThrowableCollector.execute(ThrowableCollector.java:73) ~[junit-platform-engine-1.12.2.jar:1.12.2]
	at org.junit.platform.engine.support.hierarchical.NodeTestTask.lambda$executeRecursively$8(NodeTestTask.java:146) ~[junit-platform-engine-1.12.2.jar:1.12.2]
	at org.junit.platform.engine.support.hierarchical.Node.around(Node.java:137) ~[junit-platform-engine-1.12.2.jar:1.12.2]
	at org.junit.platform.engine.support.hierarchical.NodeTestTask.lambda$executeRecursively$9(NodeTestTask.java:144) ~[junit-platform-engine-1.12.2.jar:1.12.2]
	at org.junit.platform.engine.support.hierarchical.ThrowableCollector.execute(ThrowableCollector.java:73) ~[junit-platform-engine-1.12.2.jar:1.12.2]
	at org.junit.platform.engine.support.hierarchical.NodeTestTask.executeRecursively(NodeTestTask.java:143) ~[junit-platform-engine-1.12.2.jar:1.12.2]
	at org.junit.platform.engine.support.hierarchical.NodeTestTask.execute(NodeTestTask.java:100) ~[junit-platform-engine-1.12.2.jar:1.12.2]
	at org.junit.platform.engine.support.hierarchical.SameThreadHierarchicalTestExecutorService.submit(SameThreadHierarchicalTestExecutorService.java:35) ~[junit-platform-engine-1.12.2.jar:1.12.2]
	at org.junit.platform.engine.support.hierarchical.HierarchicalTestExecutor.execute(HierarchicalTestExecutor.java:57) ~[junit-platform-engine-1.12.2.jar:1.12.2]
	at org.junit.platform.engine.support.hierarchical.HierarchicalTestEngine.execute(HierarchicalTestEngine.java:54) ~[junit-platform-engine-1.12.2.jar:1.12.2]
	at org.junit.platform.launcher.core.EngineExecutionOrchestrator.execute(EngineExecutionOrchestrator.java:201) ~[junit-platform-launcher-1.12.2.jar:1.12.2]
	at org.junit.platform.launcher.core.EngineExecutionOrchestrator.execute(EngineExecutionOrchestrator.java:170) ~[junit-platform-launcher-1.12.2.jar:1.12.2]
	at org.junit.platform.launcher.core.EngineExecutionOrchestrator.execute(EngineExecutionOrchestrator.java:94) ~[junit-platform-launcher-1.12.2.jar:1.12.2]
	at org.junit.platform.launcher.core.EngineExecutionOrchestrator.lambda$execute$0(EngineExecutionOrchestrator.java:59) ~[junit-platform-launcher-1.12.2.jar:1.12.2]
	at org.junit.platform.launcher.core.EngineExecutionOrchestrator.withInterceptedStreams(EngineExecutionOrchestrator.java:142) ~[junit-platform-launcher-1.12.2.jar:1.12.2]
	at org.junit.platform.launcher.core.EngineExecutionOrchestrator.execute(EngineExecutionOrchestrator.java:58) ~[junit-platform-launcher-1.12.2.jar:1.12.2]
	at org.junit.platform.launcher.core.DefaultLauncher.execute(DefaultLauncher.java:103) ~[junit-platform-launcher-1.12.2.jar:1.12.2]
	at org.junit.platform.launcher.core.DefaultLauncher.execute(DefaultLauncher.java:85) ~[junit-platform-launcher-1.12.2.jar:1.12.2]
	at org.junit.platform.launcher.core.DelegatingLauncher.execute(DelegatingLauncher.java:47) ~[junit-platform-launcher-1.12.2.jar:1.12.2]
	at org.junit.platform.launcher.core.InterceptingLauncher.lambda$execute$1(InterceptingLauncher.java:39) ~[junit-platform-launcher-1.12.2.jar:1.12.2]
	at org.junit.platform.launcher.core.ClasspathAlignmentCheckingLauncherInterceptor.intercept(ClasspathAlignmentCheckingLauncherInterceptor.java:25) ~[junit-platform-launcher-1.12.2.jar:1.12.2]
	at org.junit.platform.launcher.core.InterceptingLauncher.execute(InterceptingLauncher.java:38) ~[junit-platform-launcher-1.12.2.jar:1.12.2]
	at org.junit.platform.launcher.core.DelegatingLauncher.execute(DelegatingLauncher.java:47) ~[junit-platform-launcher-1.12.2.jar:1.12.2]
	at org.apache.maven.surefire.junitplatform.LauncherAdapter.executeWithoutCancellationToken(LauncherAdapter.java:60) ~[surefire-junit-platform-3.5.4.jar:3.5.4]
	at org.apache.maven.surefire.junitplatform.LauncherAdapter.execute(LauncherAdapter.java:52) ~[surefire-junit-platform-3.5.4.jar:3.5.4]
	at org.apache.maven.surefire.junitplatform.JUnitPlatformProvider.execute(JUnitPlatformProvider.java:203) ~[surefire-junit-platform-3.5.4.jar:3.5.4]
	at org.apache.maven.surefire.junitplatform.JUnitPlatformProvider.invokeAllTests(JUnitPlatformProvider.java:168) ~[surefire-junit-platform-3.5.4.jar:3.5.4]
	at org.apache.maven.surefire.junitplatform.JUnitPlatformProvider.invoke(JUnitPlatformProvider.java:136) ~[surefire-junit-platform-3.5.4.jar:3.5.4]
	at org.apache.maven.surefire.booter.ForkedBooter.runSuitesInProcess(ForkedBooter.java:385) ~[surefire-booter-3.5.4.jar:3.5.4]
	at org.apache.maven.surefire.booter.ForkedBooter.execute(ForkedBooter.java:162) ~[surefire-booter-3.5.4.jar:3.5.4]
	at org.apache.maven.surefire.booter.ForkedBooter.run(ForkedBooter.java:507) ~[surefire-booter-3.5.4.jar:3.5.4]
	at org.apache.maven.surefire.booter.ForkedBooter.main(ForkedBooter.java:495) ~[surefire-booter-3.5.4.jar:3.5.4]

2025-11-16T14:23:33.574+01:00 ERROR 5063 --- [     parallel-8] c.p.i.a.i.r.e.h.DomainExceptionHandler   : Resource not found: Score not found with ID: 507f1f77bcf86cd799439099
2025-11-16T14:23:33.578+01:00  INFO 5063 --- [     parallel-2] c.p.i.a.i.rest.ScoreControllerDownload   : Downloading PDF for score with ID: INVALID_ID
2025-11-16T14:23:33.579+01:00 ERROR 5063 --- [     parallel-2] c.p.i.a.i.rest.ScoreControllerDownload   : Error downloading PDF for ID: INVALID_ID

java.lang.IllegalArgumentException: Invalid score ID format
	at com.pdgigs.infrastructure.adapter.input.rest.ScoreControllerDownloadTest.downloadScorePdf_InvalidId_Returns400(ScoreControllerDownloadTest.java:149) ~[test-classes/:na]
	at java.base/jdk.internal.reflect.DirectMethodHandleAccessor.invoke(DirectMethodHandleAccessor.java:104) ~[na:na]
	at java.base/java.lang.reflect.Method.invoke(Method.java:565) ~[na:na]
	at org.junit.platform.commons.util.ReflectionUtils.invokeMethod(ReflectionUtils.java:775) ~[junit-platform-commons-1.12.2.jar:1.12.2]
	at org.junit.platform.commons.support.ReflectionSupport.invokeMethod(ReflectionSupport.java:479) ~[junit-platform-commons-1.12.2.jar:1.12.2]
	at org.junit.jupiter.engine.execution.MethodInvocation.proceed(MethodInvocation.java:60) ~[junit-jupiter-engine-5.12.2.jar:5.12.2]
	at org.junit.jupiter.engine.execution.InvocationInterceptorChain$ValidatingInvocation.proceed(InvocationInterceptorChain.java:131) ~[junit-jupiter-engine-5.12.2.jar:5.12.2]
	at org.junit.jupiter.engine.extension.TimeoutExtension.intercept(TimeoutExtension.java:161) ~[junit-jupiter-engine-5.12.2.jar:5.12.2]
	at org.junit.jupiter.engine.extension.TimeoutExtension.interceptTestableMethod(TimeoutExtension.java:152) ~[junit-jupiter-engine-5.12.2.jar:5.12.2]
	at org.junit.jupiter.engine.extension.TimeoutExtension.interceptTestMethod(TimeoutExtension.java:91) ~[junit-jupiter-engine-5.12.2.jar:5.12.2]
	at org.junit.jupiter.engine.execution.InterceptingExecutableInvoker$ReflectiveInterceptorCall.lambda$ofVoidMethod$0(InterceptingExecutableInvoker.java:112) ~[junit-jupiter-engine-5.12.2.jar:5.12.2]
	at org.junit.jupiter.engine.execution.InterceptingExecutableInvoker.lambda$invoke$0(InterceptingExecutableInvoker.java:94) ~[junit-jupiter-engine-5.12.2.jar:5.12.2]
	at org.junit.jupiter.engine.execution.InvocationInterceptorChain$InterceptedInvocation.proceed(InvocationInterceptorChain.java:106) ~[junit-jupiter-engine-5.12.2.jar:5.12.2]
	at org.junit.jupiter.engine.execution.InvocationInterceptorChain.proceed(InvocationInterceptorChain.java:64) ~[junit-jupiter-engine-5.12.2.jar:5.12.2]
	at org.junit.jupiter.engine.execution.InvocationInterceptorChain.chainAndInvoke(InvocationInterceptorChain.java:45) ~[junit-jupiter-engine-5.12.2.jar:5.12.2]
	at org.junit.jupiter.engine.execution.InvocationInterceptorChain.invoke(InvocationInterceptorChain.java:37) ~[junit-jupiter-engine-5.12.2.jar:5.12.2]
	at org.junit.jupiter.engine.execution.InterceptingExecutableInvoker.invoke(InterceptingExecutableInvoker.java:93) ~[junit-jupiter-engine-5.12.2.jar:5.12.2]
	at org.junit.jupiter.engine.execution.InterceptingExecutableInvoker.invoke(InterceptingExecutableInvoker.java:87) ~[junit-jupiter-engine-5.12.2.jar:5.12.2]
	at org.junit.jupiter.engine.descriptor.TestMethodTestDescriptor.lambda$invokeTestMethod$7(TestMethodTestDescriptor.java:216) ~[junit-jupiter-engine-5.12.2.jar:5.12.2]
	at org.junit.platform.engine.support.hierarchical.ThrowableCollector.execute(ThrowableCollector.java:73) ~[junit-platform-engine-1.12.2.jar:1.12.2]
	at org.junit.jupiter.engine.descriptor.TestMethodTestDescriptor.invokeTestMethod(TestMethodTestDescriptor.java:212) ~[junit-jupiter-engine-5.12.2.jar:5.12.2]
	at org.junit.jupiter.engine.descriptor.TestMethodTestDescriptor.execute(TestMethodTestDescriptor.java:137) ~[junit-jupiter-engine-5.12.2.jar:5.12.2]
	at org.junit.jupiter.engine.descriptor.TestMethodTestDescriptor.execute(TestMethodTestDescriptor.java:69) ~[junit-jupiter-engine-5.12.2.jar:5.12.2]
	at org.junit.platform.engine.support.hierarchical.NodeTestTask.lambda$executeRecursively$6(NodeTestTask.java:156) ~[junit-platform-engine-1.12.2.jar:1.12.2]
	at org.junit.platform.engine.support.hierarchical.ThrowableCollector.execute(ThrowableCollector.java:73) ~[junit-platform-engine-1.12.2.jar:1.12.2]
	at org.junit.platform.engine.support.hierarchical.NodeTestTask.lambda$executeRecursively$8(NodeTestTask.java:146) ~[junit-platform-engine-1.12.2.jar:1.12.2]
	at org.junit.platform.engine.support.hierarchical.Node.around(Node.java:137) ~[junit-platform-engine-1.12.2.jar:1.12.2]
	at org.junit.platform.engine.support.hierarchical.NodeTestTask.lambda$executeRecursively$9(NodeTestTask.java:144) ~[junit-platform-engine-1.12.2.jar:1.12.2]
	at org.junit.platform.engine.support.hierarchical.ThrowableCollector.execute(ThrowableCollector.java:73) ~[junit-platform-engine-1.12.2.jar:1.12.2]
	at org.junit.platform.engine.support.hierarchical.NodeTestTask.executeRecursively(NodeTestTask.java:143) ~[junit-platform-engine-1.12.2.jar:1.12.2]
	at org.junit.platform.engine.support.hierarchical.NodeTestTask.execute(NodeTestTask.java:100) ~[junit-platform-engine-1.12.2.jar:1.12.2]
	at java.base/java.util.ArrayList.forEach(ArrayList.java:1604) ~[na:na]
	at org.junit.platform.engine.support.hierarchical.SameThreadHierarchicalTestExecutorService.invokeAll(SameThreadHierarchicalTestExecutorService.java:41) ~[junit-platform-engine-1.12.2.jar:1.12.2]
	at org.junit.platform.engine.support.hierarchical.NodeTestTask.lambda$executeRecursively$6(NodeTestTask.java:160) ~[junit-platform-engine-1.12.2.jar:1.12.2]
	at org.junit.platform.engine.support.hierarchical.ThrowableCollector.execute(ThrowableCollector.java:73) ~[junit-platform-engine-1.12.2.jar:1.12.2]
	at org.junit.platform.engine.support.hierarchical.NodeTestTask.lambda$executeRecursively$8(NodeTestTask.java:146) ~[junit-platform-engine-1.12.2.jar:1.12.2]
	at org.junit.platform.engine.support.hierarchical.Node.around(Node.java:137) ~[junit-platform-engine-1.12.2.jar:1.12.2]
	at org.junit.platform.engine.support.hierarchical.NodeTestTask.lambda$executeRecursively$9(NodeTestTask.java:144) ~[junit-platform-engine-1.12.2.jar:1.12.2]
	at org.junit.platform.engine.support.hierarchical.ThrowableCollector.execute(ThrowableCollector.java:73) ~[junit-platform-engine-1.12.2.jar:1.12.2]
	at org.junit.platform.engine.support.hierarchical.NodeTestTask.executeRecursively(NodeTestTask.java:143) ~[junit-platform-engine-1.12.2.jar:1.12.2]
	at org.junit.platform.engine.support.hierarchical.NodeTestTask.execute(NodeTestTask.java:100) ~[junit-platform-engine-1.12.2.jar:1.12.2]
	at java.base/java.util.ArrayList.forEach(ArrayList.java:1604) ~[na:na]
	at org.junit.platform.engine.support.hierarchical.SameThreadHierarchicalTestExecutorService.invokeAll(SameThreadHierarchicalTestExecutorService.java:41) ~[junit-platform-engine-1.12.2.jar:1.12.2]
	at org.junit.platform.engine.support.hierarchical.NodeTestTask.lambda$executeRecursively$6(NodeTestTask.java:160) ~[junit-platform-engine-1.12.2.jar:1.12.2]
	at org.junit.platform.engine.support.hierarchical.ThrowableCollector.execute(ThrowableCollector.java:73) ~[junit-platform-engine-1.12.2.jar:1.12.2]
	at org.junit.platform.engine.support.hierarchical.NodeTestTask.lambda$executeRecursively$8(NodeTestTask.java:146) ~[junit-platform-engine-1.12.2.jar:1.12.2]
	at org.junit.platform.engine.support.hierarchical.Node.around(Node.java:137) ~[junit-platform-engine-1.12.2.jar:1.12.2]
	at org.junit.platform.engine.support.hierarchical.NodeTestTask.lambda$executeRecursively$9(NodeTestTask.java:144) ~[junit-platform-engine-1.12.2.jar:1.12.2]
	at org.junit.platform.engine.support.hierarchical.ThrowableCollector.execute(ThrowableCollector.java:73) ~[junit-platform-engine-1.12.2.jar:1.12.2]
	at org.junit.platform.engine.support.hierarchical.NodeTestTask.executeRecursively(NodeTestTask.java:143) ~[junit-platform-engine-1.12.2.jar:1.12.2]
	at org.junit.platform.engine.support.hierarchical.NodeTestTask.execute(NodeTestTask.java:100) ~[junit-platform-engine-1.12.2.jar:1.12.2]
	at org.junit.platform.engine.support.hierarchical.SameThreadHierarchicalTestExecutorService.submit(SameThreadHierarchicalTestExecutorService.java:35) ~[junit-platform-engine-1.12.2.jar:1.12.2]
	at org.junit.platform.engine.support.hierarchical.HierarchicalTestExecutor.execute(HierarchicalTestExecutor.java:57) ~[junit-platform-engine-1.12.2.jar:1.12.2]
	at org.junit.platform.engine.support.hierarchical.HierarchicalTestEngine.execute(HierarchicalTestEngine.java:54) ~[junit-platform-engine-1.12.2.jar:1.12.2]
	at org.junit.platform.launcher.core.EngineExecutionOrchestrator.execute(EngineExecutionOrchestrator.java:201) ~[junit-platform-launcher-1.12.2.jar:1.12.2]
	at org.junit.platform.launcher.core.EngineExecutionOrchestrator.execute(EngineExecutionOrchestrator.java:170) ~[junit-platform-launcher-1.12.2.jar:1.12.2]
	at org.junit.platform.launcher.core.EngineExecutionOrchestrator.execute(EngineExecutionOrchestrator.java:94) ~[junit-platform-launcher-1.12.2.jar:1.12.2]
	at org.junit.platform.launcher.core.EngineExecutionOrchestrator.lambda$execute$0(EngineExecutionOrchestrator.java:59) ~[junit-platform-launcher-1.12.2.jar:1.12.2]
	at org.junit.platform.launcher.core.EngineExecutionOrchestrator.withInterceptedStreams(EngineExecutionOrchestrator.java:142) ~[junit-platform-launcher-1.12.2.jar:1.12.2]
	at org.junit.platform.launcher.core.EngineExecutionOrchestrator.execute(EngineExecutionOrchestrator.java:58) ~[junit-platform-launcher-1.12.2.jar:1.12.2]
	at org.junit.platform.launcher.core.DefaultLauncher.execute(DefaultLauncher.java:103) ~[junit-platform-launcher-1.12.2.jar:1.12.2]
	at org.junit.platform.launcher.core.DefaultLauncher.execute(DefaultLauncher.java:85) ~[junit-platform-launcher-1.12.2.jar:1.12.2]
	at org.junit.platform.launcher.core.DelegatingLauncher.execute(DelegatingLauncher.java:47) ~[junit-platform-launcher-1.12.2.jar:1.12.2]
	at org.junit.platform.launcher.core.InterceptingLauncher.lambda$execute$1(InterceptingLauncher.java:39) ~[junit-platform-launcher-1.12.2.jar:1.12.2]
	at org.junit.platform.launcher.core.ClasspathAlignmentCheckingLauncherInterceptor.intercept(ClasspathAlignmentCheckingLauncherInterceptor.java:25) ~[junit-platform-launcher-1.12.2.jar:1.12.2]
	at org.junit.platform.launcher.core.InterceptingLauncher.execute(InterceptingLauncher.java:38) ~[junit-platform-launcher-1.12.2.jar:1.12.2]
	at org.junit.platform.launcher.core.DelegatingLauncher.execute(DelegatingLauncher.java:47) ~[junit-platform-launcher-1.12.2.jar:1.12.2]
	at org.apache.maven.surefire.junitplatform.LauncherAdapter.executeWithoutCancellationToken(LauncherAdapter.java:60) ~[surefire-junit-platform-3.5.4.jar:3.5.4]
	at org.apache.maven.surefire.junitplatform.LauncherAdapter.execute(LauncherAdapter.java:52) ~[surefire-junit-platform-3.5.4.jar:3.5.4]
	at org.apache.maven.surefire.junitplatform.JUnitPlatformProvider.execute(JUnitPlatformProvider.java:203) ~[surefire-junit-platform-3.5.4.jar:3.5.4]
	at org.apache.maven.surefire.junitplatform.JUnitPlatformProvider.invokeAllTests(JUnitPlatformProvider.java:168) ~[surefire-junit-platform-3.5.4.jar:3.5.4]
	at org.apache.maven.surefire.junitplatform.JUnitPlatformProvider.invoke(JUnitPlatformProvider.java:136) ~[surefire-junit-platform-3.5.4.jar:3.5.4]
	at org.apache.maven.surefire.booter.ForkedBooter.runSuitesInProcess(ForkedBooter.java:385) ~[surefire-booter-3.5.4.jar:3.5.4]
	at org.apache.maven.surefire.booter.ForkedBooter.execute(ForkedBooter.java:162) ~[surefire-booter-3.5.4.jar:3.5.4]
	at org.apache.maven.surefire.booter.ForkedBooter.run(ForkedBooter.java:507) ~[surefire-booter-3.5.4.jar:3.5.4]
	at org.apache.maven.surefire.booter.ForkedBooter.main(ForkedBooter.java:495) ~[surefire-booter-3.5.4.jar:3.5.4]

2025-11-16T14:23:33.579+01:00 ERROR 5063 --- [     parallel-2] c.p.i.a.i.r.e.h.GlobalFallbackHandler    : Unexpected error: Invalid score ID format

java.lang.IllegalArgumentException: Invalid score ID format
	at com.pdgigs.infrastructure.adapter.input.rest.ScoreControllerDownloadTest.downloadScorePdf_InvalidId_Returns400(ScoreControllerDownloadTest.java:149) ~[test-classes/:na]
	Suppressed: reactor.core.publisher.FluxOnAssembly$OnAssemblyException: 
Error has been observed at the following site(s):
	*__checkpoint ⇢ Handler com.pdgigs.infrastructure.adapter.input.rest.ScoreControllerDownload#downloadScorePdf(String) [DispatcherHandler]
Original Stack Trace:
		at com.pdgigs.infrastructure.adapter.input.rest.ScoreControllerDownloadTest.downloadScorePdf_InvalidId_Returns400(ScoreControllerDownloadTest.java:149) ~[test-classes/:na]
		at java.base/jdk.internal.reflect.DirectMethodHandleAccessor.invoke(DirectMethodHandleAccessor.java:104) ~[na:na]
		at java.base/java.lang.reflect.Method.invoke(Method.java:565) ~[na:na]
		at org.junit.platform.commons.util.ReflectionUtils.invokeMethod(ReflectionUtils.java:775) ~[junit-platform-commons-1.12.2.jar:1.12.2]
		at org.junit.platform.commons.support.ReflectionSupport.invokeMethod(ReflectionSupport.java:479) ~[junit-platform-commons-1.12.2.jar:1.12.2]
		at org.junit.jupiter.engine.execution.MethodInvocation.proceed(MethodInvocation.java:60) ~[junit-jupiter-engine-5.12.2.jar:5.12.2]
		at org.junit.jupiter.engine.execution.InvocationInterceptorChain$ValidatingInvocation.proceed(InvocationInterceptorChain.java:131) ~[junit-jupiter-engine-5.12.2.jar:5.12.2]
		at org.junit.jupiter.engine.extension.TimeoutExtension.intercept(TimeoutExtension.java:161) ~[junit-jupiter-engine-5.12.2.jar:5.12.2]
		at org.junit.jupiter.engine.extension.TimeoutExtension.interceptTestableMethod(TimeoutExtension.java:152) ~[junit-jupiter-engine-5.12.2.jar:5.12.2]
		at org.junit.jupiter.engine.extension.TimeoutExtension.interceptTestMethod(TimeoutExtension.java:91) ~[junit-jupiter-engine-5.12.2.jar:5.12.2]
		at org.junit.jupiter.engine.execution.InterceptingExecutableInvoker$ReflectiveInterceptorCall.lambda$ofVoidMethod$0(InterceptingExecutableInvoker.java:112) ~[junit-jupiter-engine-5.12.2.jar:5.12.2]
		at org.junit.jupiter.engine.execution.InterceptingExecutableInvoker.lambda$invoke$0(InterceptingExecutableInvoker.java:94) ~[junit-jupiter-engine-5.12.2.jar:5.12.2]
		at org.junit.jupiter.engine.execution.InvocationInterceptorChain$InterceptedInvocation.proceed(InvocationInterceptorChain.java:106) ~[junit-jupiter-engine-5.12.2.jar:5.12.2]
		at org.junit.jupiter.engine.execution.InvocationInterceptorChain.proceed(InvocationInterceptorChain.java:64) ~[junit-jupiter-engine-5.12.2.jar:5.12.2]
		at org.junit.jupiter.engine.execution.InvocationInterceptorChain.chainAndInvoke(InvocationInterceptorChain.java:45) ~[junit-jupiter-engine-5.12.2.jar:5.12.2]
		at org.junit.jupiter.engine.execution.InvocationInterceptorChain.invoke(InvocationInterceptorChain.java:37) ~[junit-jupiter-engine-5.12.2.jar:5.12.2]
		at org.junit.jupiter.engine.execution.InterceptingExecutableInvoker.invoke(InterceptingExecutableInvoker.java:93) ~[junit-jupiter-engine-5.12.2.jar:5.12.2]
		at org.junit.jupiter.engine.execution.InterceptingExecutableInvoker.invoke(InterceptingExecutableInvoker.java:87) ~[junit-jupiter-engine-5.12.2.jar:5.12.2]
		at org.junit.jupiter.engine.descriptor.TestMethodTestDescriptor.lambda$invokeTestMethod$7(TestMethodTestDescriptor.java:216) ~[junit-jupiter-engine-5.12.2.jar:5.12.2]
		at org.junit.platform.engine.support.hierarchical.ThrowableCollector.execute(ThrowableCollector.java:73) ~[junit-platform-engine-1.12.2.jar:1.12.2]
		at org.junit.jupiter.engine.descriptor.TestMethodTestDescriptor.invokeTestMethod(TestMethodTestDescriptor.java:212) ~[junit-jupiter-engine-5.12.2.jar:5.12.2]
		at org.junit.jupiter.engine.descriptor.TestMethodTestDescriptor.execute(TestMethodTestDescriptor.java:137) ~[junit-jupiter-engine-5.12.2.jar:5.12.2]
		at org.junit.jupiter.engine.descriptor.TestMethodTestDescriptor.execute(TestMethodTestDescriptor.java:69) ~[junit-jupiter-engine-5.12.2.jar:5.12.2]
		at org.junit.platform.engine.support.hierarchical.NodeTestTask.lambda$executeRecursively$6(NodeTestTask.java:156) ~[junit-platform-engine-1.12.2.jar:1.12.2]
		at org.junit.platform.engine.support.hierarchical.ThrowableCollector.execute(ThrowableCollector.java:73) ~[junit-platform-engine-1.12.2.jar:1.12.2]
		at org.junit.platform.engine.support.hierarchical.NodeTestTask.lambda$executeRecursively$8(NodeTestTask.java:146) ~[junit-platform-engine-1.12.2.jar:1.12.2]
		at org.junit.platform.engine.support.hierarchical.Node.around(Node.java:137) ~[junit-platform-engine-1.12.2.jar:1.12.2]
		at org.junit.platform.engine.support.hierarchical.NodeTestTask.lambda$executeRecursively$9(NodeTestTask.java:144) ~[junit-platform-engine-1.12.2.jar:1.12.2]
		at org.junit.platform.engine.support.hierarchical.ThrowableCollector.execute(ThrowableCollector.java:73) ~[junit-platform-engine-1.12.2.jar:1.12.2]
		at org.junit.platform.engine.support.hierarchical.NodeTestTask.executeRecursively(NodeTestTask.java:143) ~[junit-platform-engine-1.12.2.jar:1.12.2]
		at org.junit.platform.engine.support.hierarchical.NodeTestTask.execute(NodeTestTask.java:100) ~[junit-platform-engine-1.12.2.jar:1.12.2]
		at java.base/java.util.ArrayList.forEach(ArrayList.java:1604) ~[na:na]
		at org.junit.platform.engine.support.hierarchical.SameThreadHierarchicalTestExecutorService.invokeAll(SameThreadHierarchicalTestExecutorService.java:41) ~[junit-platform-engine-1.12.2.jar:1.12.2]
		at org.junit.platform.engine.support.hierarchical.NodeTestTask.lambda$executeRecursively$6(NodeTestTask.java:160) ~[junit-platform-engine-1.12.2.jar:1.12.2]
		at org.junit.platform.engine.support.hierarchical.ThrowableCollector.execute(ThrowableCollector.java:73) ~[junit-platform-engine-1.12.2.jar:1.12.2]
		at org.junit.platform.engine.support.hierarchical.NodeTestTask.lambda$executeRecursively$8(NodeTestTask.java:146) ~[junit-platform-engine-1.12.2.jar:1.12.2]
		at org.junit.platform.engine.support.hierarchical.Node.around(Node.java:137) ~[junit-platform-engine-1.12.2.jar:1.12.2]
		at org.junit.platform.engine.support.hierarchical.NodeTestTask.lambda$executeRecursively$9(NodeTestTask.java:144) ~[junit-platform-engine-1.12.2.jar:1.12.2]
		at org.junit.platform.engine.support.hierarchical.ThrowableCollector.execute(ThrowableCollector.java:73) ~[junit-platform-engine-1.12.2.jar:1.12.2]
		at org.junit.platform.engine.support.hierarchical.NodeTestTask.executeRecursively(NodeTestTask.java:143) ~[junit-platform-engine-1.12.2.jar:1.12.2]
		at org.junit.platform.engine.support.hierarchical.NodeTestTask.execute(NodeTestTask.java:100) ~[junit-platform-engine-1.12.2.jar:1.12.2]
		at java.base/java.util.ArrayList.forEach(ArrayList.java:1604) ~[na:na]
		at org.junit.platform.engine.support.hierarchical.SameThreadHierarchicalTestExecutorService.invokeAll(SameThreadHierarchicalTestExecutorService.java:41) ~[junit-platform-engine-1.12.2.jar:1.12.2]
		at org.junit.platform.engine.support.hierarchical.NodeTestTask.lambda$executeRecursively$6(NodeTestTask.java:160) ~[junit-platform-engine-1.12.2.jar:1.12.2]
		at org.junit.platform.engine.support.hierarchical.ThrowableCollector.execute(ThrowableCollector.java:73) ~[junit-platform-engine-1.12.2.jar:1.12.2]
		at org.junit.platform.engine.support.hierarchical.NodeTestTask.lambda$executeRecursively$8(NodeTestTask.java:146) ~[junit-platform-engine-1.12.2.jar:1.12.2]
		at org.junit.platform.engine.support.hierarchical.Node.around(Node.java:137) ~[junit-platform-engine-1.12.2.jar:1.12.2]
		at org.junit.platform.engine.support.hierarchical.NodeTestTask.lambda$executeRecursively$9(NodeTestTask.java:144) ~[junit-platform-engine-1.12.2.jar:1.12.2]
		at org.junit.platform.engine.support.hierarchical.ThrowableCollector.execute(ThrowableCollector.java:73) ~[junit-platform-engine-1.12.2.jar:1.12.2]
		at org.junit.platform.engine.support.hierarchical.NodeTestTask.executeRecursively(NodeTestTask.java:143) ~[junit-platform-engine-1.12.2.jar:1.12.2]
		at org.junit.platform.engine.support.hierarchical.NodeTestTask.execute(NodeTestTask.java:100) ~[junit-platform-engine-1.12.2.jar:1.12.2]
		at org.junit.platform.engine.support.hierarchical.SameThreadHierarchicalTestExecutorService.submit(SameThreadHierarchicalTestExecutorService.java:35) ~[junit-platform-engine-1.12.2.jar:1.12.2]
		at org.junit.platform.engine.support.hierarchical.HierarchicalTestExecutor.execute(HierarchicalTestExecutor.java:57) ~[junit-platform-engine-1.12.2.jar:1.12.2]
		at org.junit.platform.engine.support.hierarchical.HierarchicalTestEngine.execute(HierarchicalTestEngine.java:54) ~[junit-platform-engine-1.12.2.jar:1.12.2]
		at org.junit.platform.launcher.core.EngineExecutionOrchestrator.execute(EngineExecutionOrchestrator.java:201) ~[junit-platform-launcher-1.12.2.jar:1.12.2]
		at org.junit.platform.launcher.core.EngineExecutionOrchestrator.execute(EngineExecutionOrchestrator.java:170) ~[junit-platform-launcher-1.12.2.jar:1.12.2]
		at org.junit.platform.launcher.core.EngineExecutionOrchestrator.execute(EngineExecutionOrchestrator.java:94) ~[junit-platform-launcher-1.12.2.jar:1.12.2]
		at org.junit.platform.launcher.core.EngineExecutionOrchestrator.lambda$execute$0(EngineExecutionOrchestrator.java:59) ~[junit-platform-launcher-1.12.2.jar:1.12.2]
		at org.junit.platform.launcher.core.EngineExecutionOrchestrator.withInterceptedStreams(EngineExecutionOrchestrator.java:142) ~[junit-platform-launcher-1.12.2.jar:1.12.2]
		at org.junit.platform.launcher.core.EngineExecutionOrchestrator.execute(EngineExecutionOrchestrator.java:58) ~[junit-platform-launcher-1.12.2.jar:1.12.2]
		at org.junit.platform.launcher.core.DefaultLauncher.execute(DefaultLauncher.java:103) ~[junit-platform-launcher-1.12.2.jar:1.12.2]
		at org.junit.platform.launcher.core.DefaultLauncher.execute(DefaultLauncher.java:85) ~[junit-platform-launcher-1.12.2.jar:1.12.2]
		at org.junit.platform.launcher.core.DelegatingLauncher.execute(DelegatingLauncher.java:47) ~[junit-platform-launcher-1.12.2.jar:1.12.2]
		at org.junit.platform.launcher.core.InterceptingLauncher.lambda$execute$1(InterceptingLauncher.java:39) ~[junit-platform-launcher-1.12.2.jar:1.12.2]
		at org.junit.platform.launcher.core.ClasspathAlignmentCheckingLauncherInterceptor.intercept(ClasspathAlignmentCheckingLauncherInterceptor.java:25) ~[junit-platform-launcher-1.12.2.jar:1.12.2]
		at org.junit.platform.launcher.core.InterceptingLauncher.execute(InterceptingLauncher.java:38) ~[junit-platform-launcher-1.12.2.jar:1.12.2]
		at org.junit.platform.launcher.core.DelegatingLauncher.execute(DelegatingLauncher.java:47) ~[junit-platform-launcher-1.12.2.jar:1.12.2]
		at org.apache.maven.surefire.junitplatform.LauncherAdapter.executeWithoutCancellationToken(LauncherAdapter.java:60) ~[surefire-junit-platform-3.5.4.jar:3.5.4]
		at org.apache.maven.surefire.junitplatform.LauncherAdapter.execute(LauncherAdapter.java:52) ~[surefire-junit-platform-3.5.4.jar:3.5.4]
		at org.apache.maven.surefire.junitplatform.JUnitPlatformProvider.execute(JUnitPlatformProvider.java:203) ~[surefire-junit-platform-3.5.4.jar:3.5.4]
		at org.apache.maven.surefire.junitplatform.JUnitPlatformProvider.invokeAllTests(JUnitPlatformProvider.java:168) ~[surefire-junit-platform-3.5.4.jar:3.5.4]
		at org.apache.maven.surefire.junitplatform.JUnitPlatformProvider.invoke(JUnitPlatformProvider.java:136) ~[surefire-junit-platform-3.5.4.jar:3.5.4]
		at org.apache.maven.surefire.booter.ForkedBooter.runSuitesInProcess(ForkedBooter.java:385) ~[surefire-booter-3.5.4.jar:3.5.4]
		at org.apache.maven.surefire.booter.ForkedBooter.execute(ForkedBooter.java:162) ~[surefire-booter-3.5.4.jar:3.5.4]
		at org.apache.maven.surefire.booter.ForkedBooter.run(ForkedBooter.java:507) ~[surefire-booter-3.5.4.jar:3.5.4]
		at org.apache.maven.surefire.booter.ForkedBooter.main(ForkedBooter.java:495) ~[surefire-booter-3.5.4.jar:3.5.4]

2025-11-16T14:23:33.582+01:00 ERROR 5063 --- [           main] o.s.t.w.reactive.server.ExchangeResult   : Request details for assertion failure:

> GET /api/scores/INVALID_ID/download
> WebTestClient-Request-Id: [1]

No content

< 500 INTERNAL_SERVER_ERROR Internal Server Error
< Content-Type: [application/json]
< Content-Length: [158]
< Cache-Control: [no-cache, no-store, max-age=0, must-revalidate]
< Pragma: [no-cache]
< Expires: [0]
< X-Content-Type-Options: [nosniff]
< X-Frame-Options: [DENY]
< X-XSS-Protection: [0]
< Referrer-Policy: [no-referrer]

{"message":"Internal server error","status":500,"timestamp":"2025-11-16T14:23:33.58144","path":"/api/scores/INVALID_ID/download","errorCode":"INTERNAL_ERROR"}

2025-11-16T14:23:33.629+01:00  INFO 5063 --- [     parallel-4] c.p.i.a.i.rest.ScoreControllerDownload   : Downloading PDF for score with ID: 507f1f77bcf86cd799439011
2025-11-16T14:23:33.630+01:00  INFO 5063 --- [     parallel-4] c.p.i.a.i.rest.ScoreControllerDownload   : PDF downloaded successfully for ID: 507f1f77bcf86cd799439011
2025-11-16T14:23:33.647+01:00  INFO 5063 --- [     parallel-6] c.p.i.a.i.rest.ScoreControllerDownload   : Downloading PDF for score with ID: 507f1f77bcf86cd799439011
2025-11-16T14:23:33.647+01:00 ERROR 5063 --- [     parallel-6] c.p.i.a.i.rest.ScoreControllerDownload   : Error downloading PDF for ID: 507f1f77bcf86cd799439011

java.lang.RuntimeException: Database connection lost
	at com.pdgigs.infrastructure.adapter.input.rest.ScoreControllerDownloadTest.downloadScorePdf_InternalError_Returns500(ScoreControllerDownloadTest.java:165) ~[test-classes/:na]
	at java.base/jdk.internal.reflect.DirectMethodHandleAccessor.invoke(DirectMethodHandleAccessor.java:104) ~[na:na]
	at java.base/java.lang.reflect.Method.invoke(Method.java:565) ~[na:na]
	at org.junit.platform.commons.util.ReflectionUtils.invokeMethod(ReflectionUtils.java:775) ~[junit-platform-commons-1.12.2.jar:1.12.2]
	at org.junit.platform.commons.support.ReflectionSupport.invokeMethod(ReflectionSupport.java:479) ~[junit-platform-commons-1.12.2.jar:1.12.2]
	at org.junit.jupiter.engine.execution.MethodInvocation.proceed(MethodInvocation.java:60) ~[junit-jupiter-engine-5.12.2.jar:5.12.2]
	at org.junit.jupiter.engine.execution.InvocationInterceptorChain$ValidatingInvocation.proceed(InvocationInterceptorChain.java:131) ~[junit-jupiter-engine-5.12.2.jar:5.12.2]
	at org.junit.jupiter.engine.extension.TimeoutExtension.intercept(TimeoutExtension.java:161) ~[junit-jupiter-engine-5.12.2.jar:5.12.2]
	at org.junit.jupiter.engine.extension.TimeoutExtension.interceptTestableMethod(TimeoutExtension.java:152) ~[junit-jupiter-engine-5.12.2.jar:5.12.2]
	at org.junit.jupiter.engine.extension.TimeoutExtension.interceptTestMethod(TimeoutExtension.java:91) ~[junit-jupiter-engine-5.12.2.jar:5.12.2]
	at org.junit.jupiter.engine.execution.InterceptingExecutableInvoker$ReflectiveInterceptorCall.lambda$ofVoidMethod$0(InterceptingExecutableInvoker.java:112) ~[junit-jupiter-engine-5.12.2.jar:5.12.2]
	at org.junit.jupiter.engine.execution.InterceptingExecutableInvoker.lambda$invoke$0(InterceptingExecutableInvoker.java:94) ~[junit-jupiter-engine-5.12.2.jar:5.12.2]
	at org.junit.jupiter.engine.execution.InvocationInterceptorChain$InterceptedInvocation.proceed(InvocationInterceptorChain.java:106) ~[junit-jupiter-engine-5.12.2.jar:5.12.2]
	at org.junit.jupiter.engine.execution.InvocationInterceptorChain.proceed(InvocationInterceptorChain.java:64) ~[junit-jupiter-engine-5.12.2.jar:5.12.2]
	at org.junit.jupiter.engine.execution.InvocationInterceptorChain.chainAndInvoke(InvocationInterceptorChain.java:45) ~[junit-jupiter-engine-5.12.2.jar:5.12.2]
	at org.junit.jupiter.engine.execution.InvocationInterceptorChain.invoke(InvocationInterceptorChain.java:37) ~[junit-jupiter-engine-5.12.2.jar:5.12.2]
	at org.junit.jupiter.engine.execution.InterceptingExecutableInvoker.invoke(InterceptingExecutableInvoker.java:93) ~[junit-jupiter-engine-5.12.2.jar:5.12.2]
	at org.junit.jupiter.engine.execution.InterceptingExecutableInvoker.invoke(InterceptingExecutableInvoker.java:87) ~[junit-jupiter-engine-5.12.2.jar:5.12.2]
	at org.junit.jupiter.engine.descriptor.TestMethodTestDescriptor.lambda$invokeTestMethod$7(TestMethodTestDescriptor.java:216) ~[junit-jupiter-engine-5.12.2.jar:5.12.2]
	at org.junit.platform.engine.support.hierarchical.ThrowableCollector.execute(ThrowableCollector.java:73) ~[junit-platform-engine-1.12.2.jar:1.12.2]
	at org.junit.jupiter.engine.descriptor.TestMethodTestDescriptor.invokeTestMethod(TestMethodTestDescriptor.java:212) ~[junit-jupiter-engine-5.12.2.jar:5.12.2]
	at org.junit.jupiter.engine.descriptor.TestMethodTestDescriptor.execute(TestMethodTestDescriptor.java:137) ~[junit-jupiter-engine-5.12.2.jar:5.12.2]
	at org.junit.jupiter.engine.descriptor.TestMethodTestDescriptor.execute(TestMethodTestDescriptor.java:69) ~[junit-jupiter-engine-5.12.2.jar:5.12.2]
	at org.junit.platform.engine.support.hierarchical.NodeTestTask.lambda$executeRecursively$6(NodeTestTask.java:156) ~[junit-platform-engine-1.12.2.jar:1.12.2]
	at org.junit.platform.engine.support.hierarchical.ThrowableCollector.execute(ThrowableCollector.java:73) ~[junit-platform-engine-1.12.2.jar:1.12.2]
	at org.junit.platform.engine.support.hierarchical.NodeTestTask.lambda$executeRecursively$8(NodeTestTask.java:146) ~[junit-platform-engine-1.12.2.jar:1.12.2]
	at org.junit.platform.engine.support.hierarchical.Node.around(Node.java:137) ~[junit-platform-engine-1.12.2.jar:1.12.2]
	at org.junit.platform.engine.support.hierarchical.NodeTestTask.lambda$executeRecursively$9(NodeTestTask.java:144) ~[junit-platform-engine-1.12.2.jar:1.12.2]
	at org.junit.platform.engine.support.hierarchical.ThrowableCollector.execute(ThrowableCollector.java:73) ~[junit-platform-engine-1.12.2.jar:1.12.2]
	at org.junit.platform.engine.support.hierarchical.NodeTestTask.executeRecursively(NodeTestTask.java:143) ~[junit-platform-engine-1.12.2.jar:1.12.2]
	at org.junit.platform.engine.support.hierarchical.NodeTestTask.execute(NodeTestTask.java:100) ~[junit-platform-engine-1.12.2.jar:1.12.2]
	at java.base/java.util.ArrayList.forEach(ArrayList.java:1604) ~[na:na]
	at org.junit.platform.engine.support.hierarchical.SameThreadHierarchicalTestExecutorService.invokeAll(SameThreadHierarchicalTestExecutorService.java:41) ~[junit-platform-engine-1.12.2.jar:1.12.2]
	at org.junit.platform.engine.support.hierarchical.NodeTestTask.lambda$executeRecursively$6(NodeTestTask.java:160) ~[junit-platform-engine-1.12.2.jar:1.12.2]
	at org.junit.platform.engine.support.hierarchical.ThrowableCollector.execute(ThrowableCollector.java:73) ~[junit-platform-engine-1.12.2.jar:1.12.2]
	at org.junit.platform.engine.support.hierarchical.NodeTestTask.lambda$executeRecursively$8(NodeTestTask.java:146) ~[junit-platform-engine-1.12.2.jar:1.12.2]
	at org.junit.platform.engine.support.hierarchical.Node.around(Node.java:137) ~[junit-platform-engine-1.12.2.jar:1.12.2]
	at org.junit.platform.engine.support.hierarchical.NodeTestTask.lambda$executeRecursively$9(NodeTestTask.java:144) ~[junit-platform-engine-1.12.2.jar:1.12.2]
	at org.junit.platform.engine.support.hierarchical.ThrowableCollector.execute(ThrowableCollector.java:73) ~[junit-platform-engine-1.12.2.jar:1.12.2]
	at org.junit.platform.engine.support.hierarchical.NodeTestTask.executeRecursively(NodeTestTask.java:143) ~[junit-platform-engine-1.12.2.jar:1.12.2]
	at org.junit.platform.engine.support.hierarchical.NodeTestTask.execute(NodeTestTask.java:100) ~[junit-platform-engine-1.12.2.jar:1.12.2]
	at java.base/java.util.ArrayList.forEach(ArrayList.java:1604) ~[na:na]
	at org.junit.platform.engine.support.hierarchical.SameThreadHierarchicalTestExecutorService.invokeAll(SameThreadHierarchicalTestExecutorService.java:41) ~[junit-platform-engine-1.12.2.jar:1.12.2]
	at org.junit.platform.engine.support.hierarchical.NodeTestTask.lambda$executeRecursively$6(NodeTestTask.java:160) ~[junit-platform-engine-1.12.2.jar:1.12.2]
	at org.junit.platform.engine.support.hierarchical.ThrowableCollector.execute(ThrowableCollector.java:73) ~[junit-platform-engine-1.12.2.jar:1.12.2]
	at org.junit.platform.engine.support.hierarchical.NodeTestTask.lambda$executeRecursively$8(NodeTestTask.java:146) ~[junit-platform-engine-1.12.2.jar:1.12.2]
	at org.junit.platform.engine.support.hierarchical.Node.around(Node.java:137) ~[junit-platform-engine-1.12.2.jar:1.12.2]
	at org.junit.platform.engine.support.hierarchical.NodeTestTask.lambda$executeRecursively$9(NodeTestTask.java:144) ~[junit-platform-engine-1.12.2.jar:1.12.2]
	at org.junit.platform.engine.support.hierarchical.ThrowableCollector.execute(ThrowableCollector.java:73) ~[junit-platform-engine-1.12.2.jar:1.12.2]
	at org.junit.platform.engine.support.hierarchical.NodeTestTask.executeRecursively(NodeTestTask.java:143) ~[junit-platform-engine-1.12.2.jar:1.12.2]
	at org.junit.platform.engine.support.hierarchical.NodeTestTask.execute(NodeTestTask.java:100) ~[junit-platform-engine-1.12.2.jar:1.12.2]
	at org.junit.platform.engine.support.hierarchical.SameThreadHierarchicalTestExecutorService.submit(SameThreadHierarchicalTestExecutorService.java:35) ~[junit-platform-engine-1.12.2.jar:1.12.2]
	at org.junit.platform.engine.support.hierarchical.HierarchicalTestExecutor.execute(HierarchicalTestExecutor.java:57) ~[junit-platform-engine-1.12.2.jar:1.12.2]
	at org.junit.platform.engine.support.hierarchical.HierarchicalTestEngine.execute(HierarchicalTestEngine.java:54) ~[junit-platform-engine-1.12.2.jar:1.12.2]
	at org.junit.platform.launcher.core.EngineExecutionOrchestrator.execute(EngineExecutionOrchestrator.java:201) ~[junit-platform-launcher-1.12.2.jar:1.12.2]
	at org.junit.platform.launcher.core.EngineExecutionOrchestrator.execute(EngineExecutionOrchestrator.java:170) ~[junit-platform-launcher-1.12.2.jar:1.12.2]
	at org.junit.platform.launcher.core.EngineExecutionOrchestrator.execute(EngineExecutionOrchestrator.java:94) ~[junit-platform-launcher-1.12.2.jar:1.12.2]
	at org.junit.platform.launcher.core.EngineExecutionOrchestrator.lambda$execute$0(EngineExecutionOrchestrator.java:59) ~[junit-platform-launcher-1.12.2.jar:1.12.2]
	at org.junit.platform.launcher.core.EngineExecutionOrchestrator.withInterceptedStreams(EngineExecutionOrchestrator.java:142) ~[junit-platform-launcher-1.12.2.jar:1.12.2]
	at org.junit.platform.launcher.core.EngineExecutionOrchestrator.execute(EngineExecutionOrchestrator.java:58) ~[junit-platform-launcher-1.12.2.jar:1.12.2]
	at org.junit.platform.launcher.core.DefaultLauncher.execute(DefaultLauncher.java:103) ~[junit-platform-launcher-1.12.2.jar:1.12.2]
	at org.junit.platform.launcher.core.DefaultLauncher.execute(DefaultLauncher.java:85) ~[junit-platform-launcher-1.12.2.jar:1.12.2]
	at org.junit.platform.launcher.core.DelegatingLauncher.execute(DelegatingLauncher.java:47) ~[junit-platform-launcher-1.12.2.jar:1.12.2]
	at org.junit.platform.launcher.core.InterceptingLauncher.lambda$execute$1(InterceptingLauncher.java:39) ~[junit-platform-launcher-1.12.2.jar:1.12.2]
	at org.junit.platform.launcher.core.ClasspathAlignmentCheckingLauncherInterceptor.intercept(ClasspathAlignmentCheckingLauncherInterceptor.java:25) ~[junit-platform-launcher-1.12.2.jar:1.12.2]
	at org.junit.platform.launcher.core.InterceptingLauncher.execute(InterceptingLauncher.java:38) ~[junit-platform-launcher-1.12.2.jar:1.12.2]
	at org.junit.platform.launcher.core.DelegatingLauncher.execute(DelegatingLauncher.java:47) ~[junit-platform-launcher-1.12.2.jar:1.12.2]
	at org.apache.maven.surefire.junitplatform.LauncherAdapter.executeWithoutCancellationToken(LauncherAdapter.java:60) ~[surefire-junit-platform-3.5.4.jar:3.5.4]
	at org.apache.maven.surefire.junitplatform.LauncherAdapter.execute(LauncherAdapter.java:52) ~[surefire-junit-platform-3.5.4.jar:3.5.4]
	at org.apache.maven.surefire.junitplatform.JUnitPlatformProvider.execute(JUnitPlatformProvider.java:203) ~[surefire-junit-platform-3.5.4.jar:3.5.4]
	at org.apache.maven.surefire.junitplatform.JUnitPlatformProvider.invokeAllTests(JUnitPlatformProvider.java:168) ~[surefire-junit-platform-3.5.4.jar:3.5.4]
	at org.apache.maven.surefire.junitplatform.JUnitPlatformProvider.invoke(JUnitPlatformProvider.java:136) ~[surefire-junit-platform-3.5.4.jar:3.5.4]
	at org.apache.maven.surefire.booter.ForkedBooter.runSuitesInProcess(ForkedBooter.java:385) ~[surefire-booter-3.5.4.jar:3.5.4]
	at org.apache.maven.surefire.booter.ForkedBooter.execute(ForkedBooter.java:162) ~[surefire-booter-3.5.4.jar:3.5.4]
	at org.apache.maven.surefire.booter.ForkedBooter.run(ForkedBooter.java:507) ~[surefire-booter-3.5.4.jar:3.5.4]
	at org.apache.maven.surefire.booter.ForkedBooter.main(ForkedBooter.java:495) ~[surefire-booter-3.5.4.jar:3.5.4]

2025-11-16T14:23:33.648+01:00 ERROR 5063 --- [     parallel-6] c.p.i.a.i.r.e.h.GlobalFallbackHandler    : Unexpected error: Database connection lost

java.lang.RuntimeException: Database connection lost
	at com.pdgigs.infrastructure.adapter.input.rest.ScoreControllerDownloadTest.downloadScorePdf_InternalError_Returns500(ScoreControllerDownloadTest.java:165) ~[test-classes/:na]
	Suppressed: reactor.core.publisher.FluxOnAssembly$OnAssemblyException: 
Error has been observed at the following site(s):
	*__checkpoint ⇢ Handler com.pdgigs.infrastructure.adapter.input.rest.ScoreControllerDownload#downloadScorePdf(String) [DispatcherHandler]
Original Stack Trace:
		at com.pdgigs.infrastructure.adapter.input.rest.ScoreControllerDownloadTest.downloadScorePdf_InternalError_Returns500(ScoreControllerDownloadTest.java:165) ~[test-classes/:na]
		at java.base/jdk.internal.reflect.DirectMethodHandleAccessor.invoke(DirectMethodHandleAccessor.java:104) ~[na:na]
		at java.base/java.lang.reflect.Method.invoke(Method.java:565) ~[na:na]
		at org.junit.platform.commons.util.ReflectionUtils.invokeMethod(ReflectionUtils.java:775) ~[junit-platform-commons-1.12.2.jar:1.12.2]
		at org.junit.platform.commons.support.ReflectionSupport.invokeMethod(ReflectionSupport.java:479) ~[junit-platform-commons-1.12.2.jar:1.12.2]
		at org.junit.jupiter.engine.execution.MethodInvocation.proceed(MethodInvocation.java:60) ~[junit-jupiter-engine-5.12.2.jar:5.12.2]
		at org.junit.jupiter.engine.execution.InvocationInterceptorChain$ValidatingInvocation.proceed(InvocationInterceptorChain.java:131) ~[junit-jupiter-engine-5.12.2.jar:5.12.2]
		at org.junit.jupiter.engine.extension.TimeoutExtension.intercept(TimeoutExtension.java:161) ~[junit-jupiter-engine-5.12.2.jar:5.12.2]
		at org.junit.jupiter.engine.extension.TimeoutExtension.interceptTestableMethod(TimeoutExtension.java:152) ~[junit-jupiter-engine-5.12.2.jar:5.12.2]
		at org.junit.jupiter.engine.extension.TimeoutExtension.interceptTestMethod(TimeoutExtension.java:91) ~[junit-jupiter-engine-5.12.2.jar:5.12.2]
		at org.junit.jupiter.engine.execution.InterceptingExecutableInvoker$ReflectiveInterceptorCall.lambda$ofVoidMethod$0(InterceptingExecutableInvoker.java:112) ~[junit-jupiter-engine-5.12.2.jar:5.12.2]
		at org.junit.jupiter.engine.execution.InterceptingExecutableInvoker.lambda$invoke$0(InterceptingExecutableInvoker.java:94) ~[junit-jupiter-engine-5.12.2.jar:5.12.2]
		at org.junit.jupiter.engine.execution.InvocationInterceptorChain$InterceptedInvocation.proceed(InvocationInterceptorChain.java:106) ~[junit-jupiter-engine-5.12.2.jar:5.12.2]
		at org.junit.jupiter.engine.execution.InvocationInterceptorChain.proceed(InvocationInterceptorChain.java:64) ~[junit-jupiter-engine-5.12.2.jar:5.12.2]
		at org.junit.jupiter.engine.execution.InvocationInterceptorChain.chainAndInvoke(InvocationInterceptorChain.java:45) ~[junit-jupiter-engine-5.12.2.jar:5.12.2]
		at org.junit.jupiter.engine.execution.InvocationInterceptorChain.invoke(InvocationInterceptorChain.java:37) ~[junit-jupiter-engine-5.12.2.jar:5.12.2]
		at org.junit.jupiter.engine.execution.InterceptingExecutableInvoker.invoke(InterceptingExecutableInvoker.java:93) ~[junit-jupiter-engine-5.12.2.jar:5.12.2]
		at org.junit.jupiter.engine.execution.InterceptingExecutableInvoker.invoke(InterceptingExecutableInvoker.java:87) ~[junit-jupiter-engine-5.12.2.jar:5.12.2]
		at org.junit.jupiter.engine.descriptor.TestMethodTestDescriptor.lambda$invokeTestMethod$7(TestMethodTestDescriptor.java:216) ~[junit-jupiter-engine-5.12.2.jar:5.12.2]
		at org.junit.platform.engine.support.hierarchical.ThrowableCollector.execute(ThrowableCollector.java:73) ~[junit-platform-engine-1.12.2.jar:1.12.2]
		at org.junit.jupiter.engine.descriptor.TestMethodTestDescriptor.invokeTestMethod(TestMethodTestDescriptor.java:212) ~[junit-jupiter-engine-5.12.2.jar:5.12.2]
		at org.junit.jupiter.engine.descriptor.TestMethodTestDescriptor.execute(TestMethodTestDescriptor.java:137) ~[junit-jupiter-engine-5.12.2.jar:5.12.2]
		at org.junit.jupiter.engine.descriptor.TestMethodTestDescriptor.execute(TestMethodTestDescriptor.java:69) ~[junit-jupiter-engine-5.12.2.jar:5.12.2]
		at org.junit.platform.engine.support.hierarchical.NodeTestTask.lambda$executeRecursively$6(NodeTestTask.java:156) ~[junit-platform-engine-1.12.2.jar:1.12.2]
		at org.junit.platform.engine.support.hierarchical.ThrowableCollector.execute(ThrowableCollector.java:73) ~[junit-platform-engine-1.12.2.jar:1.12.2]
		at org.junit.platform.engine.support.hierarchical.NodeTestTask.lambda$executeRecursively$8(NodeTestTask.java:146) ~[junit-platform-engine-1.12.2.jar:1.12.2]
		at org.junit.platform.engine.support.hierarchical.Node.around(Node.java:137) ~[junit-platform-engine-1.12.2.jar:1.12.2]
		at org.junit.platform.engine.support.hierarchical.NodeTestTask.lambda$executeRecursively$9(NodeTestTask.java:144) ~[junit-platform-engine-1.12.2.jar:1.12.2]
		at org.junit.platform.engine.support.hierarchical.ThrowableCollector.execute(ThrowableCollector.java:73) ~[junit-platform-engine-1.12.2.jar:1.12.2]
		at org.junit.platform.engine.support.hierarchical.NodeTestTask.executeRecursively(NodeTestTask.java:143) ~[junit-platform-engine-1.12.2.jar:1.12.2]
		at org.junit.platform.engine.support.hierarchical.NodeTestTask.execute(NodeTestTask.java:100) ~[junit-platform-engine-1.12.2.jar:1.12.2]
		at java.base/java.util.ArrayList.forEach(ArrayList.java:1604) ~[na:na]
		at org.junit.platform.engine.support.hierarchical.SameThreadHierarchicalTestExecutorService.invokeAll(SameThreadHierarchicalTestExecutorService.java:41) ~[junit-platform-engine-1.12.2.jar:1.12.2]
		at org.junit.platform.engine.support.hierarchical.NodeTestTask.lambda$executeRecursively$6(NodeTestTask.java:160) ~[junit-platform-engine-1.12.2.jar:1.12.2]
		at org.junit.platform.engine.support.hierarchical.ThrowableCollector.execute(ThrowableCollector.java:73) ~[junit-platform-engine-1.12.2.jar:1.12.2]
		at org.junit.platform.engine.support.hierarchical.NodeTestTask.lambda$executeRecursively$8(NodeTestTask.java:146) ~[junit-platform-engine-1.12.2.jar:1.12.2]
		at org.junit.platform.engine.support.hierarchical.Node.around(Node.java:137) ~[junit-platform-engine-1.12.2.jar:1.12.2]
		at org.junit.platform.engine.support.hierarchical.NodeTestTask.lambda$executeRecursively$9(NodeTestTask.java:144) ~[junit-platform-engine-1.12.2.jar:1.12.2]
		at org.junit.platform.engine.support.hierarchical.ThrowableCollector.execute(ThrowableCollector.java:73) ~[junit-platform-engine-1.12.2.jar:1.12.2]
		at org.junit.platform.engine.support.hierarchical.NodeTestTask.executeRecursively(NodeTestTask.java:143) ~[junit-platform-engine-1.12.2.jar:1.12.2]
		at org.junit.platform.engine.support.hierarchical.NodeTestTask.execute(NodeTestTask.java:100) ~[junit-platform-engine-1.12.2.jar:1.12.2]
		at java.base/java.util.ArrayList.forEach(ArrayList.java:1604) ~[na:na]
		at org.junit.platform.engine.support.hierarchical.SameThreadHierarchicalTestExecutorService.invokeAll(SameThreadHierarchicalTestExecutorService.java:41) ~[junit-platform-engine-1.12.2.jar:1.12.2]
		at org.junit.platform.engine.support.hierarchical.NodeTestTask.lambda$executeRecursively$6(NodeTestTask.java:160) ~[junit-platform-engine-1.12.2.jar:1.12.2]
		at org.junit.platform.engine.support.hierarchical.ThrowableCollector.execute(ThrowableCollector.java:73) ~[junit-platform-engine-1.12.2.jar:1.12.2]
		at org.junit.platform.engine.support.hierarchical.NodeTestTask.lambda$executeRecursively$8(NodeTestTask.java:146) ~[junit-platform-engine-1.12.2.jar:1.12.2]
		at org.junit.platform.engine.support.hierarchical.Node.around(Node.java:137) ~[junit-platform-engine-1.12.2.jar:1.12.2]
		at org.junit.platform.engine.support.hierarchical.NodeTestTask.lambda$executeRecursively$9(NodeTestTask.java:144) ~[junit-platform-engine-1.12.2.jar:1.12.2]
		at org.junit.platform.engine.support.hierarchical.ThrowableCollector.execute(ThrowableCollector.java:73) ~[junit-platform-engine-1.12.2.jar:1.12.2]
		at org.junit.platform.engine.support.hierarchical.NodeTestTask.executeRecursively(NodeTestTask.java:143) ~[junit-platform-engine-1.12.2.jar:1.12.2]
		at org.junit.platform.engine.support.hierarchical.NodeTestTask.execute(NodeTestTask.java:100) ~[junit-platform-engine-1.12.2.jar:1.12.2]
		at org.junit.platform.engine.support.hierarchical.SameThreadHierarchicalTestExecutorService.submit(SameThreadHierarchicalTestExecutorService.java:35) ~[junit-platform-engine-1.12.2.jar:1.12.2]
		at org.junit.platform.engine.support.hierarchical.HierarchicalTestExecutor.execute(HierarchicalTestExecutor.java:57) ~[junit-platform-engine-1.12.2.jar:1.12.2]
		at org.junit.platform.engine.support.hierarchical.HierarchicalTestEngine.execute(HierarchicalTestEngine.java:54) ~[junit-platform-engine-1.12.2.jar:1.12.2]
		at org.junit.platform.launcher.core.EngineExecutionOrchestrator.execute(EngineExecutionOrchestrator.java:201) ~[junit-platform-launcher-1.12.2.jar:1.12.2]
		at org.junit.platform.launcher.core.EngineExecutionOrchestrator.execute(EngineExecutionOrchestrator.java:170) ~[junit-platform-launcher-1.12.2.jar:1.12.2]
		at org.junit.platform.launcher.core.EngineExecutionOrchestrator.execute(EngineExecutionOrchestrator.java:94) ~[junit-platform-launcher-1.12.2.jar:1.12.2]
		at org.junit.platform.launcher.core.EngineExecutionOrchestrator.lambda$execute$0(EngineExecutionOrchestrator.java:59) ~[junit-platform-launcher-1.12.2.jar:1.12.2]
		at org.junit.platform.launcher.core.EngineExecutionOrchestrator.withInterceptedStreams(EngineExecutionOrchestrator.java:142) ~[junit-platform-launcher-1.12.2.jar:1.12.2]
		at org.junit.platform.launcher.core.EngineExecutionOrchestrator.execute(EngineExecutionOrchestrator.java:58) ~[junit-platform-launcher-1.12.2.jar:1.12.2]
		at org.junit.platform.launcher.core.DefaultLauncher.execute(DefaultLauncher.java:103) ~[junit-platform-launcher-1.12.2.jar:1.12.2]
		at org.junit.platform.launcher.core.DefaultLauncher.execute(DefaultLauncher.java:85) ~[junit-platform-launcher-1.12.2.jar:1.12.2]
		at org.junit.platform.launcher.core.DelegatingLauncher.execute(DelegatingLauncher.java:47) ~[junit-platform-launcher-1.12.2.jar:1.12.2]
		at org.junit.platform.launcher.core.InterceptingLauncher.lambda$execute$1(InterceptingLauncher.java:39) ~[junit-platform-launcher-1.12.2.jar:1.12.2]
		at org.junit.platform.launcher.core.ClasspathAlignmentCheckingLauncherInterceptor.intercept(ClasspathAlignmentCheckingLauncherInterceptor.java:25) ~[junit-platform-launcher-1.12.2.jar:1.12.2]
		at org.junit.platform.launcher.core.InterceptingLauncher.execute(InterceptingLauncher.java:38) ~[junit-platform-launcher-1.12.2.jar:1.12.2]
		at org.junit.platform.launcher.core.DelegatingLauncher.execute(DelegatingLauncher.java:47) ~[junit-platform-launcher-1.12.2.jar:1.12.2]
		at org.apache.maven.surefire.junitplatform.LauncherAdapter.executeWithoutCancellationToken(LauncherAdapter.java:60) ~[surefire-junit-platform-3.5.4.jar:3.5.4]
		at org.apache.maven.surefire.junitplatform.LauncherAdapter.execute(LauncherAdapter.java:52) ~[surefire-junit-platform-3.5.4.jar:3.5.4]
		at org.apache.maven.surefire.junitplatform.JUnitPlatformProvider.execute(JUnitPlatformProvider.java:203) ~[surefire-junit-platform-3.5.4.jar:3.5.4]
		at org.apache.maven.surefire.junitplatform.JUnitPlatformProvider.invokeAllTests(JUnitPlatformProvider.java:168) ~[surefire-junit-platform-3.5.4.jar:3.5.4]
		at org.apache.maven.surefire.junitplatform.JUnitPlatformProvider.invoke(JUnitPlatformProvider.java:136) ~[surefire-junit-platform-3.5.4.jar:3.5.4]
		at org.apache.maven.surefire.booter.ForkedBooter.runSuitesInProcess(ForkedBooter.java:385) ~[surefire-booter-3.5.4.jar:3.5.4]
		at org.apache.maven.surefire.booter.ForkedBooter.execute(ForkedBooter.java:162) ~[surefire-booter-3.5.4.jar:3.5.4]
		at org.apache.maven.surefire.booter.ForkedBooter.run(ForkedBooter.java:507) ~[surefire-booter-3.5.4.jar:3.5.4]
		at org.apache.maven.surefire.booter.ForkedBooter.main(ForkedBooter.java:495) ~[surefire-booter-3.5.4.jar:3.5.4]

2025-11-16T14:23:33.654+01:00  INFO 5063 --- [     parallel-8] c.p.i.a.i.rest.ScoreControllerDownload   : Downloading PDF for score with ID: 507f1f77bcf86cd799439011
2025-11-16T14:23:33.654+01:00  INFO 5063 --- [     parallel-8] c.p.i.a.i.rest.ScoreControllerDownload   : PDF downloaded successfully for ID: 507f1f77bcf86cd799439011
2025-11-16T14:23:33.658+01:00  INFO 5063 --- [     parallel-2] c.p.i.a.i.rest.ScoreControllerDownload   : Downloading PDF for score with ID: 507f1f77bcf86cd799439011
2025-11-16T14:23:33.658+01:00  INFO 5063 --- [     parallel-2] c.p.i.a.i.rest.ScoreControllerDownload   : PDF downloaded successfully for ID: 507f1f77bcf86cd799439011
2025-11-16T14:23:33.662+01:00  INFO 5063 --- [     parallel-4] c.p.i.a.i.rest.ScoreControllerDownload   : Downloading PDF for score with ID: 507f1f77bcf86cd799439011
2025-11-16T14:23:33.663+01:00  INFO 5063 --- [     parallel-4] c.p.i.a.i.rest.ScoreControllerDownload   : PDF downloaded successfully for ID: 507f1f77bcf86cd799439011
[ERROR] Tests run: 7, Failures: 1, Errors: 0, Skipped: 0, Time elapsed: 0.168 s <<< FAILURE! -- in Controller: Descarga de partituras PDF
[ERROR] com.pdgigs.infrastructure.adapter.input.rest.ScoreControllerDownloadTest.downloadScorePdf_InvalidId_Returns400 -- Time elapsed: 0.007 s <<< FAILURE!
java.lang.AssertionError: Status expected:<400 BAD_REQUEST> but was:<500 INTERNAL_SERVER_ERROR>
	at org.springframework.test.util.AssertionErrors.fail(AssertionErrors.java:61)
	at org.springframework.test.util.AssertionErrors.assertEquals(AssertionErrors.java:128)
	at org.springframework.test.web.reactive.server.StatusAssertions.lambda$assertStatusAndReturn$4(StatusAssertions.java:236)
	at org.springframework.test.web.reactive.server.ExchangeResult.assertWithDiagnostics(ExchangeResult.java:232)
	at org.springframework.test.web.reactive.server.StatusAssertions.assertStatusAndReturn(StatusAssertions.java:236)
	at org.springframework.test.web.reactive.server.StatusAssertions.isBadRequest(StatusAssertions.java:131)
	at com.pdgigs.infrastructure.adapter.input.rest.ScoreControllerDownloadTest.downloadScorePdf_InvalidId_Returns400(ScoreControllerDownloadTest.java:156)
	at java.base/java.lang.reflect.Method.invoke(Method.java:565)
	at java.base/java.util.ArrayList.forEach(ArrayList.java:1604)
	at java.base/java.util.ArrayList.forEach(ArrayList.java:1604)

[INFO] Running Controller: Actualización de metadata
2025-11-16T14:23:33.666+01:00  INFO 5063 --- [           main] t.c.s.AnnotationConfigContextLoaderUtils : Could not detect default configuration classes for test class [com.pdgigs.infrastructure.adapter.input.rest.ScoreControllerUpdateTest]: ScoreControllerUpdateTest does not declare any static, non-private, non-final, nested classes annotated with @Configuration.
2025-11-16T14:23:33.669+01:00  INFO 5063 --- [           main] .b.t.c.SpringBootTestContextBootstrapper : Found @SpringBootConfiguration com.pdgigs.PdgigsApplication for test class com.pdgigs.infrastructure.adapter.input.rest.ScoreControllerUpdateTest
2025-11-16T14:23:33.670+01:00  INFO 5063 --- [           main] o.s.b.d.r.RestartApplicationListener     : Restart disabled due to context in which it is running

  .   ____          _            __ _ _
 /\\ / ___'_ __ _ _(_)_ __  __ _ \ \ \ \
( ( )\___ | '_ | '_| | '_ \/ _` | \ \ \ \
 \\/  ___)| |_)| | | | | || (_| |  ) ) ) )
  '  |____| .__|_| |_|_| |_\__, | / / / /
 =========|_|==============|___/=/_/_/_/

 :: Spring Boot ::                (v3.5.7)

2025-11-16T14:23:33.678+01:00  INFO 5063 --- [           main] c.p.i.a.i.r.ScoreControllerUpdateTest    : Starting ScoreControllerUpdateTest using Java 24.0.2 with PID 5063 (started by adol in /Users/adol/IdeaProjects/pdgigs)
2025-11-16T14:23:33.678+01:00  INFO 5063 --- [           main] c.p.i.a.i.r.ScoreControllerUpdateTest    : No active profile set, falling back to 1 default profile: "default"
2025-11-16T14:23:33.727+01:00  INFO 5063 --- [           main] ctiveUserDetailsServiceAutoConfiguration : 

Using generated security password: 5b448f3c-6a11-45c4-95cf-776746097cdc

2025-11-16T14:23:33.740+01:00  INFO 5063 --- [           main] c.p.i.a.i.r.ScoreControllerUpdateTest    : Started ScoreControllerUpdateTest in 0.07 seconds (process running for 2.361)
2025-11-16T14:23:33.763+01:00  INFO 5063 --- [     parallel-6] c.p.i.a.i.rest.ScoreControllerUpdate     : Updating metadata for score with ID: 507f1f77bcf86cd799439011 - Request: UpdateScoreRequest[title=null, author=Mozart, musicalStyle=Clásico]
2025-11-16T14:23:33.764+01:00  INFO 5063 --- [     parallel-6] c.p.i.a.i.rest.ScoreControllerUpdate     : Metadata updated successfully for ID: 507f1f77bcf86cd799439011
2025-11-16T14:23:33.768+01:00  INFO 5063 --- [     parallel-8] c.p.i.a.i.rest.ScoreControllerUpdate     : Updating metadata for score with ID: INVALID_ID - Request: UpdateScoreRequest[title=Título, author=null, musicalStyle=null]
2025-11-16T14:23:33.768+01:00 ERROR 5063 --- [     parallel-8] c.p.i.a.i.rest.ScoreControllerUpdate     : Error updating metadata for ID: INVALID_ID

java.lang.IllegalArgumentException: Invalid score ID format
	at com.pdgigs.infrastructure.adapter.input.rest.ScoreControllerUpdateTest.updateScore_InvalidId_Returns400(ScoreControllerUpdateTest.java:165) ~[test-classes/:na]
	at java.base/jdk.internal.reflect.DirectMethodHandleAccessor.invoke(DirectMethodHandleAccessor.java:104) ~[na:na]
	at java.base/java.lang.reflect.Method.invoke(Method.java:565) ~[na:na]
	at org.junit.platform.commons.util.ReflectionUtils.invokeMethod(ReflectionUtils.java:775) ~[junit-platform-commons-1.12.2.jar:1.12.2]
	at org.junit.platform.commons.support.ReflectionSupport.invokeMethod(ReflectionSupport.java:479) ~[junit-platform-commons-1.12.2.jar:1.12.2]
	at org.junit.jupiter.engine.execution.MethodInvocation.proceed(MethodInvocation.java:60) ~[junit-jupiter-engine-5.12.2.jar:5.12.2]
	at org.junit.jupiter.engine.execution.InvocationInterceptorChain$ValidatingInvocation.proceed(InvocationInterceptorChain.java:131) ~[junit-jupiter-engine-5.12.2.jar:5.12.2]
	at org.junit.jupiter.engine.extension.TimeoutExtension.intercept(TimeoutExtension.java:161) ~[junit-jupiter-engine-5.12.2.jar:5.12.2]
	at org.junit.jupiter.engine.extension.TimeoutExtension.interceptTestableMethod(TimeoutExtension.java:152) ~[junit-jupiter-engine-5.12.2.jar:5.12.2]
	at org.junit.jupiter.engine.extension.TimeoutExtension.interceptTestMethod(TimeoutExtension.java:91) ~[junit-jupiter-engine-5.12.2.jar:5.12.2]
	at org.junit.jupiter.engine.execution.InterceptingExecutableInvoker$ReflectiveInterceptorCall.lambda$ofVoidMethod$0(InterceptingExecutableInvoker.java:112) ~[junit-jupiter-engine-5.12.2.jar:5.12.2]
	at org.junit.jupiter.engine.execution.InterceptingExecutableInvoker.lambda$invoke$0(InterceptingExecutableInvoker.java:94) ~[junit-jupiter-engine-5.12.2.jar:5.12.2]
	at org.junit.jupiter.engine.execution.InvocationInterceptorChain$InterceptedInvocation.proceed(InvocationInterceptorChain.java:106) ~[junit-jupiter-engine-5.12.2.jar:5.12.2]
	at org.junit.jupiter.engine.execution.InvocationInterceptorChain.proceed(InvocationInterceptorChain.java:64) ~[junit-jupiter-engine-5.12.2.jar:5.12.2]
	at org.junit.jupiter.engine.execution.InvocationInterceptorChain.chainAndInvoke(InvocationInterceptorChain.java:45) ~[junit-jupiter-engine-5.12.2.jar:5.12.2]
	at org.junit.jupiter.engine.execution.InvocationInterceptorChain.invoke(InvocationInterceptorChain.java:37) ~[junit-jupiter-engine-5.12.2.jar:5.12.2]
	at org.junit.jupiter.engine.execution.InterceptingExecutableInvoker.invoke(InterceptingExecutableInvoker.java:93) ~[junit-jupiter-engine-5.12.2.jar:5.12.2]
	at org.junit.jupiter.engine.execution.InterceptingExecutableInvoker.invoke(InterceptingExecutableInvoker.java:87) ~[junit-jupiter-engine-5.12.2.jar:5.12.2]
	at org.junit.jupiter.engine.descriptor.TestMethodTestDescriptor.lambda$invokeTestMethod$7(TestMethodTestDescriptor.java:216) ~[junit-jupiter-engine-5.12.2.jar:5.12.2]
	at org.junit.platform.engine.support.hierarchical.ThrowableCollector.execute(ThrowableCollector.java:73) ~[junit-platform-engine-1.12.2.jar:1.12.2]
	at org.junit.jupiter.engine.descriptor.TestMethodTestDescriptor.invokeTestMethod(TestMethodTestDescriptor.java:212) ~[junit-jupiter-engine-5.12.2.jar:5.12.2]
	at org.junit.jupiter.engine.descriptor.TestMethodTestDescriptor.execute(TestMethodTestDescriptor.java:137) ~[junit-jupiter-engine-5.12.2.jar:5.12.2]
	at org.junit.jupiter.engine.descriptor.TestMethodTestDescriptor.execute(TestMethodTestDescriptor.java:69) ~[junit-jupiter-engine-5.12.2.jar:5.12.2]
	at org.junit.platform.engine.support.hierarchical.NodeTestTask.lambda$executeRecursively$6(NodeTestTask.java:156) ~[junit-platform-engine-1.12.2.jar:1.12.2]
	at org.junit.platform.engine.support.hierarchical.ThrowableCollector.execute(ThrowableCollector.java:73) ~[junit-platform-engine-1.12.2.jar:1.12.2]
	at org.junit.platform.engine.support.hierarchical.NodeTestTask.lambda$executeRecursively$8(NodeTestTask.java:146) ~[junit-platform-engine-1.12.2.jar:1.12.2]
	at org.junit.platform.engine.support.hierarchical.Node.around(Node.java:137) ~[junit-platform-engine-1.12.2.jar:1.12.2]
	at org.junit.platform.engine.support.hierarchical.NodeTestTask.lambda$executeRecursively$9(NodeTestTask.java:144) ~[junit-platform-engine-1.12.2.jar:1.12.2]
	at org.junit.platform.engine.support.hierarchical.ThrowableCollector.execute(ThrowableCollector.java:73) ~[junit-platform-engine-1.12.2.jar:1.12.2]
	at org.junit.platform.engine.support.hierarchical.NodeTestTask.executeRecursively(NodeTestTask.java:143) ~[junit-platform-engine-1.12.2.jar:1.12.2]
	at org.junit.platform.engine.support.hierarchical.NodeTestTask.execute(NodeTestTask.java:100) ~[junit-platform-engine-1.12.2.jar:1.12.2]
	at java.base/java.util.ArrayList.forEach(ArrayList.java:1604) ~[na:na]
	at org.junit.platform.engine.support.hierarchical.SameThreadHierarchicalTestExecutorService.invokeAll(SameThreadHierarchicalTestExecutorService.java:41) ~[junit-platform-engine-1.12.2.jar:1.12.2]
	at org.junit.platform.engine.support.hierarchical.NodeTestTask.lambda$executeRecursively$6(NodeTestTask.java:160) ~[junit-platform-engine-1.12.2.jar:1.12.2]
	at org.junit.platform.engine.support.hierarchical.ThrowableCollector.execute(ThrowableCollector.java:73) ~[junit-platform-engine-1.12.2.jar:1.12.2]
	at org.junit.platform.engine.support.hierarchical.NodeTestTask.lambda$executeRecursively$8(NodeTestTask.java:146) ~[junit-platform-engine-1.12.2.jar:1.12.2]
	at org.junit.platform.engine.support.hierarchical.Node.around(Node.java:137) ~[junit-platform-engine-1.12.2.jar:1.12.2]
	at org.junit.platform.engine.support.hierarchical.NodeTestTask.lambda$executeRecursively$9(NodeTestTask.java:144) ~[junit-platform-engine-1.12.2.jar:1.12.2]
	at org.junit.platform.engine.support.hierarchical.ThrowableCollector.execute(ThrowableCollector.java:73) ~[junit-platform-engine-1.12.2.jar:1.12.2]
	at org.junit.platform.engine.support.hierarchical.NodeTestTask.executeRecursively(NodeTestTask.java:143) ~[junit-platform-engine-1.12.2.jar:1.12.2]
	at org.junit.platform.engine.support.hierarchical.NodeTestTask.execute(NodeTestTask.java:100) ~[junit-platform-engine-1.12.2.jar:1.12.2]
	at java.base/java.util.ArrayList.forEach(ArrayList.java:1604) ~[na:na]
	at org.junit.platform.engine.support.hierarchical.SameThreadHierarchicalTestExecutorService.invokeAll(SameThreadHierarchicalTestExecutorService.java:41) ~[junit-platform-engine-1.12.2.jar:1.12.2]
	at org.junit.platform.engine.support.hierarchical.NodeTestTask.lambda$executeRecursively$6(NodeTestTask.java:160) ~[junit-platform-engine-1.12.2.jar:1.12.2]
	at org.junit.platform.engine.support.hierarchical.ThrowableCollector.execute(ThrowableCollector.java:73) ~[junit-platform-engine-1.12.2.jar:1.12.2]
	at org.junit.platform.engine.support.hierarchical.NodeTestTask.lambda$executeRecursively$8(NodeTestTask.java:146) ~[junit-platform-engine-1.12.2.jar:1.12.2]
	at org.junit.platform.engine.support.hierarchical.Node.around(Node.java:137) ~[junit-platform-engine-1.12.2.jar:1.12.2]
	at org.junit.platform.engine.support.hierarchical.NodeTestTask.lambda$executeRecursively$9(NodeTestTask.java:144) ~[junit-platform-engine-1.12.2.jar:1.12.2]
	at org.junit.platform.engine.support.hierarchical.ThrowableCollector.execute(ThrowableCollector.java:73) ~[junit-platform-engine-1.12.2.jar:1.12.2]
	at org.junit.platform.engine.support.hierarchical.NodeTestTask.executeRecursively(NodeTestTask.java:143) ~[junit-platform-engine-1.12.2.jar:1.12.2]
	at org.junit.platform.engine.support.hierarchical.NodeTestTask.execute(NodeTestTask.java:100) ~[junit-platform-engine-1.12.2.jar:1.12.2]
	at org.junit.platform.engine.support.hierarchical.SameThreadHierarchicalTestExecutorService.submit(SameThreadHierarchicalTestExecutorService.java:35) ~[junit-platform-engine-1.12.2.jar:1.12.2]
	at org.junit.platform.engine.support.hierarchical.HierarchicalTestExecutor.execute(HierarchicalTestExecutor.java:57) ~[junit-platform-engine-1.12.2.jar:1.12.2]
	at org.junit.platform.engine.support.hierarchical.HierarchicalTestEngine.execute(HierarchicalTestEngine.java:54) ~[junit-platform-engine-1.12.2.jar:1.12.2]
	at org.junit.platform.launcher.core.EngineExecutionOrchestrator.execute(EngineExecutionOrchestrator.java:201) ~[junit-platform-launcher-1.12.2.jar:1.12.2]
	at org.junit.platform.launcher.core.EngineExecutionOrchestrator.execute(EngineExecutionOrchestrator.java:170) ~[junit-platform-launcher-1.12.2.jar:1.12.2]
	at org.junit.platform.launcher.core.EngineExecutionOrchestrator.execute(EngineExecutionOrchestrator.java:94) ~[junit-platform-launcher-1.12.2.jar:1.12.2]
	at org.junit.platform.launcher.core.EngineExecutionOrchestrator.lambda$execute$0(EngineExecutionOrchestrator.java:59) ~[junit-platform-launcher-1.12.2.jar:1.12.2]
	at org.junit.platform.launcher.core.EngineExecutionOrchestrator.withInterceptedStreams(EngineExecutionOrchestrator.java:142) ~[junit-platform-launcher-1.12.2.jar:1.12.2]
	at org.junit.platform.launcher.core.EngineExecutionOrchestrator.execute(EngineExecutionOrchestrator.java:58) ~[junit-platform-launcher-1.12.2.jar:1.12.2]
	at org.junit.platform.launcher.core.DefaultLauncher.execute(DefaultLauncher.java:103) ~[junit-platform-launcher-1.12.2.jar:1.12.2]
	at org.junit.platform.launcher.core.DefaultLauncher.execute(DefaultLauncher.java:85) ~[junit-platform-launcher-1.12.2.jar:1.12.2]
	at org.junit.platform.launcher.core.DelegatingLauncher.execute(DelegatingLauncher.java:47) ~[junit-platform-launcher-1.12.2.jar:1.12.2]
	at org.junit.platform.launcher.core.InterceptingLauncher.lambda$execute$1(InterceptingLauncher.java:39) ~[junit-platform-launcher-1.12.2.jar:1.12.2]
	at org.junit.platform.launcher.core.ClasspathAlignmentCheckingLauncherInterceptor.intercept(ClasspathAlignmentCheckingLauncherInterceptor.java:25) ~[junit-platform-launcher-1.12.2.jar:1.12.2]
	at org.junit.platform.launcher.core.InterceptingLauncher.execute(InterceptingLauncher.java:38) ~[junit-platform-launcher-1.12.2.jar:1.12.2]
	at org.junit.platform.launcher.core.DelegatingLauncher.execute(DelegatingLauncher.java:47) ~[junit-platform-launcher-1.12.2.jar:1.12.2]
	at org.apache.maven.surefire.junitplatform.LauncherAdapter.executeWithoutCancellationToken(LauncherAdapter.java:60) ~[surefire-junit-platform-3.5.4.jar:3.5.4]
	at org.apache.maven.surefire.junitplatform.LauncherAdapter.execute(LauncherAdapter.java:52) ~[surefire-junit-platform-3.5.4.jar:3.5.4]
	at org.apache.maven.surefire.junitplatform.JUnitPlatformProvider.execute(JUnitPlatformProvider.java:203) ~[surefire-junit-platform-3.5.4.jar:3.5.4]
	at org.apache.maven.surefire.junitplatform.JUnitPlatformProvider.invokeAllTests(JUnitPlatformProvider.java:168) ~[surefire-junit-platform-3.5.4.jar:3.5.4]
	at org.apache.maven.surefire.junitplatform.JUnitPlatformProvider.invoke(JUnitPlatformProvider.java:136) ~[surefire-junit-platform-3.5.4.jar:3.5.4]
	at org.apache.maven.surefire.booter.ForkedBooter.runSuitesInProcess(ForkedBooter.java:385) ~[surefire-booter-3.5.4.jar:3.5.4]
	at org.apache.maven.surefire.booter.ForkedBooter.execute(ForkedBooter.java:162) ~[surefire-booter-3.5.4.jar:3.5.4]
	at org.apache.maven.surefire.booter.ForkedBooter.run(ForkedBooter.java:507) ~[surefire-booter-3.5.4.jar:3.5.4]
	at org.apache.maven.surefire.booter.ForkedBooter.main(ForkedBooter.java:495) ~[surefire-booter-3.5.4.jar:3.5.4]

2025-11-16T14:23:33.769+01:00 ERROR 5063 --- [     parallel-8] c.p.i.a.i.r.e.h.GlobalFallbackHandler    : Unexpected error: Invalid score ID format

java.lang.IllegalArgumentException: Invalid score ID format
	at com.pdgigs.infrastructure.adapter.input.rest.ScoreControllerUpdateTest.updateScore_InvalidId_Returns400(ScoreControllerUpdateTest.java:165) ~[test-classes/:na]
	Suppressed: reactor.core.publisher.FluxOnAssembly$OnAssemblyException: 
Error has been observed at the following site(s):
	*__checkpoint ⇢ Handler com.pdgigs.infrastructure.adapter.input.rest.ScoreControllerUpdate#updateScoreMetadata(String, UpdateScoreRequest) [DispatcherHandler]
Original Stack Trace:
		at com.pdgigs.infrastructure.adapter.input.rest.ScoreControllerUpdateTest.updateScore_InvalidId_Returns400(ScoreControllerUpdateTest.java:165) ~[test-classes/:na]
		at java.base/jdk.internal.reflect.DirectMethodHandleAccessor.invoke(DirectMethodHandleAccessor.java:104) ~[na:na]
		at java.base/java.lang.reflect.Method.invoke(Method.java:565) ~[na:na]
		at org.junit.platform.commons.util.ReflectionUtils.invokeMethod(ReflectionUtils.java:775) ~[junit-platform-commons-1.12.2.jar:1.12.2]
		at org.junit.platform.commons.support.ReflectionSupport.invokeMethod(ReflectionSupport.java:479) ~[junit-platform-commons-1.12.2.jar:1.12.2]
		at org.junit.jupiter.engine.execution.MethodInvocation.proceed(MethodInvocation.java:60) ~[junit-jupiter-engine-5.12.2.jar:5.12.2]
		at org.junit.jupiter.engine.execution.InvocationInterceptorChain$ValidatingInvocation.proceed(InvocationInterceptorChain.java:131) ~[junit-jupiter-engine-5.12.2.jar:5.12.2]
		at org.junit.jupiter.engine.extension.TimeoutExtension.intercept(TimeoutExtension.java:161) ~[junit-jupiter-engine-5.12.2.jar:5.12.2]
		at org.junit.jupiter.engine.extension.TimeoutExtension.interceptTestableMethod(TimeoutExtension.java:152) ~[junit-jupiter-engine-5.12.2.jar:5.12.2]
		at org.junit.jupiter.engine.extension.TimeoutExtension.interceptTestMethod(TimeoutExtension.java:91) ~[junit-jupiter-engine-5.12.2.jar:5.12.2]
		at org.junit.jupiter.engine.execution.InterceptingExecutableInvoker$ReflectiveInterceptorCall.lambda$ofVoidMethod$0(InterceptingExecutableInvoker.java:112) ~[junit-jupiter-engine-5.12.2.jar:5.12.2]
		at org.junit.jupiter.engine.execution.InterceptingExecutableInvoker.lambda$invoke$0(InterceptingExecutableInvoker.java:94) ~[junit-jupiter-engine-5.12.2.jar:5.12.2]
		at org.junit.jupiter.engine.execution.InvocationInterceptorChain$InterceptedInvocation.proceed(InvocationInterceptorChain.java:106) ~[junit-jupiter-engine-5.12.2.jar:5.12.2]
		at org.junit.jupiter.engine.execution.InvocationInterceptorChain.proceed(InvocationInterceptorChain.java:64) ~[junit-jupiter-engine-5.12.2.jar:5.12.2]
		at org.junit.jupiter.engine.execution.InvocationInterceptorChain.chainAndInvoke(InvocationInterceptorChain.java:45) ~[junit-jupiter-engine-5.12.2.jar:5.12.2]
		at org.junit.jupiter.engine.execution.InvocationInterceptorChain.invoke(InvocationInterceptorChain.java:37) ~[junit-jupiter-engine-5.12.2.jar:5.12.2]
		at org.junit.jupiter.engine.execution.InterceptingExecutableInvoker.invoke(InterceptingExecutableInvoker.java:93) ~[junit-jupiter-engine-5.12.2.jar:5.12.2]
		at org.junit.jupiter.engine.execution.InterceptingExecutableInvoker.invoke(InterceptingExecutableInvoker.java:87) ~[junit-jupiter-engine-5.12.2.jar:5.12.2]
		at org.junit.jupiter.engine.descriptor.TestMethodTestDescriptor.lambda$invokeTestMethod$7(TestMethodTestDescriptor.java:216) ~[junit-jupiter-engine-5.12.2.jar:5.12.2]
		at org.junit.platform.engine.support.hierarchical.ThrowableCollector.execute(ThrowableCollector.java:73) ~[junit-platform-engine-1.12.2.jar:1.12.2]
		at org.junit.jupiter.engine.descriptor.TestMethodTestDescriptor.invokeTestMethod(TestMethodTestDescriptor.java:212) ~[junit-jupiter-engine-5.12.2.jar:5.12.2]
		at org.junit.jupiter.engine.descriptor.TestMethodTestDescriptor.execute(TestMethodTestDescriptor.java:137) ~[junit-jupiter-engine-5.12.2.jar:5.12.2]
		at org.junit.jupiter.engine.descriptor.TestMethodTestDescriptor.execute(TestMethodTestDescriptor.java:69) ~[junit-jupiter-engine-5.12.2.jar:5.12.2]
		at org.junit.platform.engine.support.hierarchical.NodeTestTask.lambda$executeRecursively$6(NodeTestTask.java:156) ~[junit-platform-engine-1.12.2.jar:1.12.2]
		at org.junit.platform.engine.support.hierarchical.ThrowableCollector.execute(ThrowableCollector.java:73) ~[junit-platform-engine-1.12.2.jar:1.12.2]
		at org.junit.platform.engine.support.hierarchical.NodeTestTask.lambda$executeRecursively$8(NodeTestTask.java:146) ~[junit-platform-engine-1.12.2.jar:1.12.2]
		at org.junit.platform.engine.support.hierarchical.Node.around(Node.java:137) ~[junit-platform-engine-1.12.2.jar:1.12.2]
		at org.junit.platform.engine.support.hierarchical.NodeTestTask.lambda$executeRecursively$9(NodeTestTask.java:144) ~[junit-platform-engine-1.12.2.jar:1.12.2]
		at org.junit.platform.engine.support.hierarchical.ThrowableCollector.execute(ThrowableCollector.java:73) ~[junit-platform-engine-1.12.2.jar:1.12.2]
		at org.junit.platform.engine.support.hierarchical.NodeTestTask.executeRecursively(NodeTestTask.java:143) ~[junit-platform-engine-1.12.2.jar:1.12.2]
		at org.junit.platform.engine.support.hierarchical.NodeTestTask.execute(NodeTestTask.java:100) ~[junit-platform-engine-1.12.2.jar:1.12.2]
		at java.base/java.util.ArrayList.forEach(ArrayList.java:1604) ~[na:na]
		at org.junit.platform.engine.support.hierarchical.SameThreadHierarchicalTestExecutorService.invokeAll(SameThreadHierarchicalTestExecutorService.java:41) ~[junit-platform-engine-1.12.2.jar:1.12.2]
		at org.junit.platform.engine.support.hierarchical.NodeTestTask.lambda$executeRecursively$6(NodeTestTask.java:160) ~[junit-platform-engine-1.12.2.jar:1.12.2]
		at org.junit.platform.engine.support.hierarchical.ThrowableCollector.execute(ThrowableCollector.java:73) ~[junit-platform-engine-1.12.2.jar:1.12.2]
		at org.junit.platform.engine.support.hierarchical.NodeTestTask.lambda$executeRecursively$8(NodeTestTask.java:146) ~[junit-platform-engine-1.12.2.jar:1.12.2]
		at org.junit.platform.engine.support.hierarchical.Node.around(Node.java:137) ~[junit-platform-engine-1.12.2.jar:1.12.2]
		at org.junit.platform.engine.support.hierarchical.NodeTestTask.lambda$executeRecursively$9(NodeTestTask.java:144) ~[junit-platform-engine-1.12.2.jar:1.12.2]
		at org.junit.platform.engine.support.hierarchical.ThrowableCollector.execute(ThrowableCollector.java:73) ~[junit-platform-engine-1.12.2.jar:1.12.2]
		at org.junit.platform.engine.support.hierarchical.NodeTestTask.executeRecursively(NodeTestTask.java:143) ~[junit-platform-engine-1.12.2.jar:1.12.2]
		at org.junit.platform.engine.support.hierarchical.NodeTestTask.execute(NodeTestTask.java:100) ~[junit-platform-engine-1.12.2.jar:1.12.2]
		at java.base/java.util.ArrayList.forEach(ArrayList.java:1604) ~[na:na]
		at org.junit.platform.engine.support.hierarchical.SameThreadHierarchicalTestExecutorService.invokeAll(SameThreadHierarchicalTestExecutorService.java:41) ~[junit-platform-engine-1.12.2.jar:1.12.2]
		at org.junit.platform.engine.support.hierarchical.NodeTestTask.lambda$executeRecursively$6(NodeTestTask.java:160) ~[junit-platform-engine-1.12.2.jar:1.12.2]
		at org.junit.platform.engine.support.hierarchical.ThrowableCollector.execute(ThrowableCollector.java:73) ~[junit-platform-engine-1.12.2.jar:1.12.2]
		at org.junit.platform.engine.support.hierarchical.NodeTestTask.lambda$executeRecursively$8(NodeTestTask.java:146) ~[junit-platform-engine-1.12.2.jar:1.12.2]
		at org.junit.platform.engine.support.hierarchical.Node.around(Node.java:137) ~[junit-platform-engine-1.12.2.jar:1.12.2]
		at org.junit.platform.engine.support.hierarchical.NodeTestTask.lambda$executeRecursively$9(NodeTestTask.java:144) ~[junit-platform-engine-1.12.2.jar:1.12.2]
		at org.junit.platform.engine.support.hierarchical.ThrowableCollector.execute(ThrowableCollector.java:73) ~[junit-platform-engine-1.12.2.jar:1.12.2]
		at org.junit.platform.engine.support.hierarchical.NodeTestTask.executeRecursively(NodeTestTask.java:143) ~[junit-platform-engine-1.12.2.jar:1.12.2]
		at org.junit.platform.engine.support.hierarchical.NodeTestTask.execute(NodeTestTask.java:100) ~[junit-platform-engine-1.12.2.jar:1.12.2]
		at org.junit.platform.engine.support.hierarchical.SameThreadHierarchicalTestExecutorService.submit(SameThreadHierarchicalTestExecutorService.java:35) ~[junit-platform-engine-1.12.2.jar:1.12.2]
		at org.junit.platform.engine.support.hierarchical.HierarchicalTestExecutor.execute(HierarchicalTestExecutor.java:57) ~[junit-platform-engine-1.12.2.jar:1.12.2]
		at org.junit.platform.engine.support.hierarchical.HierarchicalTestEngine.execute(HierarchicalTestEngine.java:54) ~[junit-platform-engine-1.12.2.jar:1.12.2]
		at org.junit.platform.launcher.core.EngineExecutionOrchestrator.execute(EngineExecutionOrchestrator.java:201) ~[junit-platform-launcher-1.12.2.jar:1.12.2]
		at org.junit.platform.launcher.core.EngineExecutionOrchestrator.execute(EngineExecutionOrchestrator.java:170) ~[junit-platform-launcher-1.12.2.jar:1.12.2]
		at org.junit.platform.launcher.core.EngineExecutionOrchestrator.execute(EngineExecutionOrchestrator.java:94) ~[junit-platform-launcher-1.12.2.jar:1.12.2]
		at org.junit.platform.launcher.core.EngineExecutionOrchestrator.lambda$execute$0(EngineExecutionOrchestrator.java:59) ~[junit-platform-launcher-1.12.2.jar:1.12.2]
		at org.junit.platform.launcher.core.EngineExecutionOrchestrator.withInterceptedStreams(EngineExecutionOrchestrator.java:142) ~[junit-platform-launcher-1.12.2.jar:1.12.2]
		at org.junit.platform.launcher.core.EngineExecutionOrchestrator.execute(EngineExecutionOrchestrator.java:58) ~[junit-platform-launcher-1.12.2.jar:1.12.2]
		at org.junit.platform.launcher.core.DefaultLauncher.execute(DefaultLauncher.java:103) ~[junit-platform-launcher-1.12.2.jar:1.12.2]
		at org.junit.platform.launcher.core.DefaultLauncher.execute(DefaultLauncher.java:85) ~[junit-platform-launcher-1.12.2.jar:1.12.2]
		at org.junit.platform.launcher.core.DelegatingLauncher.execute(DelegatingLauncher.java:47) ~[junit-platform-launcher-1.12.2.jar:1.12.2]
		at org.junit.platform.launcher.core.InterceptingLauncher.lambda$execute$1(InterceptingLauncher.java:39) ~[junit-platform-launcher-1.12.2.jar:1.12.2]
		at org.junit.platform.launcher.core.ClasspathAlignmentCheckingLauncherInterceptor.intercept(ClasspathAlignmentCheckingLauncherInterceptor.java:25) ~[junit-platform-launcher-1.12.2.jar:1.12.2]
		at org.junit.platform.launcher.core.InterceptingLauncher.execute(InterceptingLauncher.java:38) ~[junit-platform-launcher-1.12.2.jar:1.12.2]
		at org.junit.platform.launcher.core.DelegatingLauncher.execute(DelegatingLauncher.java:47) ~[junit-platform-launcher-1.12.2.jar:1.12.2]
		at org.apache.maven.surefire.junitplatform.LauncherAdapter.executeWithoutCancellationToken(LauncherAdapter.java:60) ~[surefire-junit-platform-3.5.4.jar:3.5.4]
		at org.apache.maven.surefire.junitplatform.LauncherAdapter.execute(LauncherAdapter.java:52) ~[surefire-junit-platform-3.5.4.jar:3.5.4]
		at org.apache.maven.surefire.junitplatform.JUnitPlatformProvider.execute(JUnitPlatformProvider.java:203) ~[surefire-junit-platform-3.5.4.jar:3.5.4]
		at org.apache.maven.surefire.junitplatform.JUnitPlatformProvider.invokeAllTests(JUnitPlatformProvider.java:168) ~[surefire-junit-platform-3.5.4.jar:3.5.4]
		at org.apache.maven.surefire.junitplatform.JUnitPlatformProvider.invoke(JUnitPlatformProvider.java:136) ~[surefire-junit-platform-3.5.4.jar:3.5.4]
		at org.apache.maven.surefire.booter.ForkedBooter.runSuitesInProcess(ForkedBooter.java:385) ~[surefire-booter-3.5.4.jar:3.5.4]
		at org.apache.maven.surefire.booter.ForkedBooter.execute(ForkedBooter.java:162) ~[surefire-booter-3.5.4.jar:3.5.4]
		at org.apache.maven.surefire.booter.ForkedBooter.run(ForkedBooter.java:507) ~[surefire-booter-3.5.4.jar:3.5.4]
		at org.apache.maven.surefire.booter.ForkedBooter.main(ForkedBooter.java:495) ~[surefire-booter-3.5.4.jar:3.5.4]

2025-11-16T14:23:33.771+01:00 ERROR 5063 --- [           main] o.s.t.w.reactive.server.ExchangeResult   : Request details for assertion failure:

> PATCH /api/scores/INVALID_ID
> WebTestClient-Request-Id: [2]
> Content-Type: [application/json]
> Content-Length: [53]

{"title":"Título","author":null,"musicalStyle":null}

< 500 INTERNAL_SERVER_ERROR Internal Server Error
< Content-Type: [application/json]
< Content-Length: [150]
< Cache-Control: [no-cache, no-store, max-age=0, must-revalidate]
< Pragma: [no-cache]
< Expires: [0]
< X-Content-Type-Options: [nosniff]
< X-Frame-Options: [DENY]
< X-XSS-Protection: [0]
< Referrer-Policy: [no-referrer]

{"message":"Internal server error","status":500,"timestamp":"2025-11-16T14:23:33.770446","path":"/api/scores/INVALID_ID","errorCode":"INTERNAL_ERROR"}

2025-11-16T14:23:33.774+01:00  INFO 5063 --- [     parallel-2] c.p.i.a.i.rest.ScoreControllerUpdate     : Updating metadata for score with ID: 507f1f77bcf86cd799439099 - Request: UpdateScoreRequest[title=Nuevo Título, author=null, musicalStyle=null]
2025-11-16T14:23:33.774+01:00 ERROR 5063 --- [     parallel-2] c.p.i.a.i.rest.ScoreControllerUpdate     : Error updating metadata for ID: 507f1f77bcf86cd799439099

com.pdgigs.domain.exception.ResourceNotFoundException: Score not found with ID: 507f1f77bcf86cd799439099
	at com.pdgigs.domain.exception.ResourceNotFoundException.score(ResourceNotFoundException.java:10) ~[classes/:na]
	at com.pdgigs.infrastructure.adapter.input.rest.ScoreControllerUpdateTest.updateScore_ScoreNotFound_Returns404(ScoreControllerUpdateTest.java:119) ~[test-classes/:na]
	at java.base/jdk.internal.reflect.DirectMethodHandleAccessor.invoke(DirectMethodHandleAccessor.java:104) ~[na:na]
	at java.base/java.lang.reflect.Method.invoke(Method.java:565) ~[na:na]
	at org.junit.platform.commons.util.ReflectionUtils.invokeMethod(ReflectionUtils.java:775) ~[junit-platform-commons-1.12.2.jar:1.12.2]
	at org.junit.platform.commons.support.ReflectionSupport.invokeMethod(ReflectionSupport.java:479) ~[junit-platform-commons-1.12.2.jar:1.12.2]
	at org.junit.jupiter.engine.execution.MethodInvocation.proceed(MethodInvocation.java:60) ~[junit-jupiter-engine-5.12.2.jar:5.12.2]
	at org.junit.jupiter.engine.execution.InvocationInterceptorChain$ValidatingInvocation.proceed(InvocationInterceptorChain.java:131) ~[junit-jupiter-engine-5.12.2.jar:5.12.2]
	at org.junit.jupiter.engine.extension.TimeoutExtension.intercept(TimeoutExtension.java:161) ~[junit-jupiter-engine-5.12.2.jar:5.12.2]
	at org.junit.jupiter.engine.extension.TimeoutExtension.interceptTestableMethod(TimeoutExtension.java:152) ~[junit-jupiter-engine-5.12.2.jar:5.12.2]
	at org.junit.jupiter.engine.extension.TimeoutExtension.interceptTestMethod(TimeoutExtension.java:91) ~[junit-jupiter-engine-5.12.2.jar:5.12.2]
	at org.junit.jupiter.engine.execution.InterceptingExecutableInvoker$ReflectiveInterceptorCall.lambda$ofVoidMethod$0(InterceptingExecutableInvoker.java:112) ~[junit-jupiter-engine-5.12.2.jar:5.12.2]
	at org.junit.jupiter.engine.execution.InterceptingExecutableInvoker.lambda$invoke$0(InterceptingExecutableInvoker.java:94) ~[junit-jupiter-engine-5.12.2.jar:5.12.2]
	at org.junit.jupiter.engine.execution.InvocationInterceptorChain$InterceptedInvocation.proceed(InvocationInterceptorChain.java:106) ~[junit-jupiter-engine-5.12.2.jar:5.12.2]
	at org.junit.jupiter.engine.execution.InvocationInterceptorChain.proceed(InvocationInterceptorChain.java:64) ~[junit-jupiter-engine-5.12.2.jar:5.12.2]
	at org.junit.jupiter.engine.execution.InvocationInterceptorChain.chainAndInvoke(InvocationInterceptorChain.java:45) ~[junit-jupiter-engine-5.12.2.jar:5.12.2]
	at org.junit.jupiter.engine.execution.InvocationInterceptorChain.invoke(InvocationInterceptorChain.java:37) ~[junit-jupiter-engine-5.12.2.jar:5.12.2]
	at org.junit.jupiter.engine.execution.InterceptingExecutableInvoker.invoke(InterceptingExecutableInvoker.java:93) ~[junit-jupiter-engine-5.12.2.jar:5.12.2]
	at org.junit.jupiter.engine.execution.InterceptingExecutableInvoker.invoke(InterceptingExecutableInvoker.java:87) ~[junit-jupiter-engine-5.12.2.jar:5.12.2]
	at org.junit.jupiter.engine.descriptor.TestMethodTestDescriptor.lambda$invokeTestMethod$7(TestMethodTestDescriptor.java:216) ~[junit-jupiter-engine-5.12.2.jar:5.12.2]
	at org.junit.platform.engine.support.hierarchical.ThrowableCollector.execute(ThrowableCollector.java:73) ~[junit-platform-engine-1.12.2.jar:1.12.2]
	at org.junit.jupiter.engine.descriptor.TestMethodTestDescriptor.invokeTestMethod(TestMethodTestDescriptor.java:212) ~[junit-jupiter-engine-5.12.2.jar:5.12.2]
	at org.junit.jupiter.engine.descriptor.TestMethodTestDescriptor.execute(TestMethodTestDescriptor.java:137) ~[junit-jupiter-engine-5.12.2.jar:5.12.2]
	at org.junit.jupiter.engine.descriptor.TestMethodTestDescriptor.execute(TestMethodTestDescriptor.java:69) ~[junit-jupiter-engine-5.12.2.jar:5.12.2]
	at org.junit.platform.engine.support.hierarchical.NodeTestTask.lambda$executeRecursively$6(NodeTestTask.java:156) ~[junit-platform-engine-1.12.2.jar:1.12.2]
	at org.junit.platform.engine.support.hierarchical.ThrowableCollector.execute(ThrowableCollector.java:73) ~[junit-platform-engine-1.12.2.jar:1.12.2]
	at org.junit.platform.engine.support.hierarchical.NodeTestTask.lambda$executeRecursively$8(NodeTestTask.java:146) ~[junit-platform-engine-1.12.2.jar:1.12.2]
	at org.junit.platform.engine.support.hierarchical.Node.around(Node.java:137) ~[junit-platform-engine-1.12.2.jar:1.12.2]
	at org.junit.platform.engine.support.hierarchical.NodeTestTask.lambda$executeRecursively$9(NodeTestTask.java:144) ~[junit-platform-engine-1.12.2.jar:1.12.2]
	at org.junit.platform.engine.support.hierarchical.ThrowableCollector.execute(ThrowableCollector.java:73) ~[junit-platform-engine-1.12.2.jar:1.12.2]
	at org.junit.platform.engine.support.hierarchical.NodeTestTask.executeRecursively(NodeTestTask.java:143) ~[junit-platform-engine-1.12.2.jar:1.12.2]
	at org.junit.platform.engine.support.hierarchical.NodeTestTask.execute(NodeTestTask.java:100) ~[junit-platform-engine-1.12.2.jar:1.12.2]
	at java.base/java.util.ArrayList.forEach(ArrayList.java:1604) ~[na:na]
	at org.junit.platform.engine.support.hierarchical.SameThreadHierarchicalTestExecutorService.invokeAll(SameThreadHierarchicalTestExecutorService.java:41) ~[junit-platform-engine-1.12.2.jar:1.12.2]
	at org.junit.platform.engine.support.hierarchical.NodeTestTask.lambda$executeRecursively$6(NodeTestTask.java:160) ~[junit-platform-engine-1.12.2.jar:1.12.2]
	at org.junit.platform.engine.support.hierarchical.ThrowableCollector.execute(ThrowableCollector.java:73) ~[junit-platform-engine-1.12.2.jar:1.12.2]
	at org.junit.platform.engine.support.hierarchical.NodeTestTask.lambda$executeRecursively$8(NodeTestTask.java:146) ~[junit-platform-engine-1.12.2.jar:1.12.2]
	at org.junit.platform.engine.support.hierarchical.Node.around(Node.java:137) ~[junit-platform-engine-1.12.2.jar:1.12.2]
	at org.junit.platform.engine.support.hierarchical.NodeTestTask.lambda$executeRecursively$9(NodeTestTask.java:144) ~[junit-platform-engine-1.12.2.jar:1.12.2]
	at org.junit.platform.engine.support.hierarchical.ThrowableCollector.execute(ThrowableCollector.java:73) ~[junit-platform-engine-1.12.2.jar:1.12.2]
	at org.junit.platform.engine.support.hierarchical.NodeTestTask.executeRecursively(NodeTestTask.java:143) ~[junit-platform-engine-1.12.2.jar:1.12.2]
	at org.junit.platform.engine.support.hierarchical.NodeTestTask.execute(NodeTestTask.java:100) ~[junit-platform-engine-1.12.2.jar:1.12.2]
	at java.base/java.util.ArrayList.forEach(ArrayList.java:1604) ~[na:na]
	at org.junit.platform.engine.support.hierarchical.SameThreadHierarchicalTestExecutorService.invokeAll(SameThreadHierarchicalTestExecutorService.java:41) ~[junit-platform-engine-1.12.2.jar:1.12.2]
	at org.junit.platform.engine.support.hierarchical.NodeTestTask.lambda$executeRecursively$6(NodeTestTask.java:160) ~[junit-platform-engine-1.12.2.jar:1.12.2]
	at org.junit.platform.engine.support.hierarchical.ThrowableCollector.execute(ThrowableCollector.java:73) ~[junit-platform-engine-1.12.2.jar:1.12.2]
	at org.junit.platform.engine.support.hierarchical.NodeTestTask.lambda$executeRecursively$8(NodeTestTask.java:146) ~[junit-platform-engine-1.12.2.jar:1.12.2]
	at org.junit.platform.engine.support.hierarchical.Node.around(Node.java:137) ~[junit-platform-engine-1.12.2.jar:1.12.2]
	at org.junit.platform.engine.support.hierarchical.NodeTestTask.lambda$executeRecursively$9(NodeTestTask.java:144) ~[junit-platform-engine-1.12.2.jar:1.12.2]
	at org.junit.platform.engine.support.hierarchical.ThrowableCollector.execute(ThrowableCollector.java:73) ~[junit-platform-engine-1.12.2.jar:1.12.2]
	at org.junit.platform.engine.support.hierarchical.NodeTestTask.executeRecursively(NodeTestTask.java:143) ~[junit-platform-engine-1.12.2.jar:1.12.2]
	at org.junit.platform.engine.support.hierarchical.NodeTestTask.execute(NodeTestTask.java:100) ~[junit-platform-engine-1.12.2.jar:1.12.2]
	at org.junit.platform.engine.support.hierarchical.SameThreadHierarchicalTestExecutorService.submit(SameThreadHierarchicalTestExecutorService.java:35) ~[junit-platform-engine-1.12.2.jar:1.12.2]
	at org.junit.platform.engine.support.hierarchical.HierarchicalTestExecutor.execute(HierarchicalTestExecutor.java:57) ~[junit-platform-engine-1.12.2.jar:1.12.2]
	at org.junit.platform.engine.support.hierarchical.HierarchicalTestEngine.execute(HierarchicalTestEngine.java:54) ~[junit-platform-engine-1.12.2.jar:1.12.2]
	at org.junit.platform.launcher.core.EngineExecutionOrchestrator.execute(EngineExecutionOrchestrator.java:201) ~[junit-platform-launcher-1.12.2.jar:1.12.2]
	at org.junit.platform.launcher.core.EngineExecutionOrchestrator.execute(EngineExecutionOrchestrator.java:170) ~[junit-platform-launcher-1.12.2.jar:1.12.2]
	at org.junit.platform.launcher.core.EngineExecutionOrchestrator.execute(EngineExecutionOrchestrator.java:94) ~[junit-platform-launcher-1.12.2.jar:1.12.2]
	at org.junit.platform.launcher.core.EngineExecutionOrchestrator.lambda$execute$0(EngineExecutionOrchestrator.java:59) ~[junit-platform-launcher-1.12.2.jar:1.12.2]
	at org.junit.platform.launcher.core.EngineExecutionOrchestrator.withInterceptedStreams(EngineExecutionOrchestrator.java:142) ~[junit-platform-launcher-1.12.2.jar:1.12.2]
	at org.junit.platform.launcher.core.EngineExecutionOrchestrator.execute(EngineExecutionOrchestrator.java:58) ~[junit-platform-launcher-1.12.2.jar:1.12.2]
	at org.junit.platform.launcher.core.DefaultLauncher.execute(DefaultLauncher.java:103) ~[junit-platform-launcher-1.12.2.jar:1.12.2]
	at org.junit.platform.launcher.core.DefaultLauncher.execute(DefaultLauncher.java:85) ~[junit-platform-launcher-1.12.2.jar:1.12.2]
	at org.junit.platform.launcher.core.DelegatingLauncher.execute(DelegatingLauncher.java:47) ~[junit-platform-launcher-1.12.2.jar:1.12.2]
	at org.junit.platform.launcher.core.InterceptingLauncher.lambda$execute$1(InterceptingLauncher.java:39) ~[junit-platform-launcher-1.12.2.jar:1.12.2]
	at org.junit.platform.launcher.core.ClasspathAlignmentCheckingLauncherInterceptor.intercept(ClasspathAlignmentCheckingLauncherInterceptor.java:25) ~[junit-platform-launcher-1.12.2.jar:1.12.2]
	at org.junit.platform.launcher.core.InterceptingLauncher.execute(InterceptingLauncher.java:38) ~[junit-platform-launcher-1.12.2.jar:1.12.2]
	at org.junit.platform.launcher.core.DelegatingLauncher.execute(DelegatingLauncher.java:47) ~[junit-platform-launcher-1.12.2.jar:1.12.2]
	at org.apache.maven.surefire.junitplatform.LauncherAdapter.executeWithoutCancellationToken(LauncherAdapter.java:60) ~[surefire-junit-platform-3.5.4.jar:3.5.4]
	at org.apache.maven.surefire.junitplatform.LauncherAdapter.execute(LauncherAdapter.java:52) ~[surefire-junit-platform-3.5.4.jar:3.5.4]
	at org.apache.maven.surefire.junitplatform.JUnitPlatformProvider.execute(JUnitPlatformProvider.java:203) ~[surefire-junit-platform-3.5.4.jar:3.5.4]
	at org.apache.maven.surefire.junitplatform.JUnitPlatformProvider.invokeAllTests(JUnitPlatformProvider.java:168) ~[surefire-junit-platform-3.5.4.jar:3.5.4]
	at org.apache.maven.surefire.junitplatform.JUnitPlatformProvider.invoke(JUnitPlatformProvider.java:136) ~[surefire-junit-platform-3.5.4.jar:3.5.4]
	at org.apache.maven.surefire.booter.ForkedBooter.runSuitesInProcess(ForkedBooter.java:385) ~[surefire-booter-3.5.4.jar:3.5.4]
	at org.apache.maven.surefire.booter.ForkedBooter.execute(ForkedBooter.java:162) ~[surefire-booter-3.5.4.jar:3.5.4]
	at org.apache.maven.surefire.booter.ForkedBooter.run(ForkedBooter.java:507) ~[surefire-booter-3.5.4.jar:3.5.4]
	at org.apache.maven.surefire.booter.ForkedBooter.main(ForkedBooter.java:495) ~[surefire-booter-3.5.4.jar:3.5.4]

2025-11-16T14:23:33.775+01:00 ERROR 5063 --- [     parallel-2] c.p.i.a.i.r.e.h.DomainExceptionHandler   : Resource not found: Score not found with ID: 507f1f77bcf86cd799439099
2025-11-16T14:23:33.778+01:00  INFO 5063 --- [     parallel-4] c.p.i.a.i.rest.ScoreControllerUpdate     : Updating metadata for score with ID: 507f1f77bcf86cd799439011 - Request: UpdateScoreRequest[title=   , author=null, musicalStyle=null]
2025-11-16T14:23:33.779+01:00 ERROR 5063 --- [     parallel-4] c.p.i.a.i.rest.ScoreControllerUpdate     : Error updating metadata for ID: 507f1f77bcf86cd799439011

com.pdgigs.domain.exception.validation.ValidationException: Validation failed for 'title': Title cannot be blank
	at com.pdgigs.domain.exception.validation.ScoreValidationError.toException(ScoreValidationError.java:16) ~[classes/:na]
	at com.pdgigs.infrastructure.adapter.input.rest.ScoreControllerUpdateTest.updateScore_BlankTitle_Returns400(ScoreControllerUpdateTest.java:144) ~[test-classes/:na]
	at java.base/jdk.internal.reflect.DirectMethodHandleAccessor.invoke(DirectMethodHandleAccessor.java:104) ~[na:na]
	at java.base/java.lang.reflect.Method.invoke(Method.java:565) ~[na:na]
	at org.junit.platform.commons.util.ReflectionUtils.invokeMethod(ReflectionUtils.java:775) ~[junit-platform-commons-1.12.2.jar:1.12.2]
	at org.junit.platform.commons.support.ReflectionSupport.invokeMethod(ReflectionSupport.java:479) ~[junit-platform-commons-1.12.2.jar:1.12.2]
	at org.junit.jupiter.engine.execution.MethodInvocation.proceed(MethodInvocation.java:60) ~[junit-jupiter-engine-5.12.2.jar:5.12.2]
	at org.junit.jupiter.engine.execution.InvocationInterceptorChain$ValidatingInvocation.proceed(InvocationInterceptorChain.java:131) ~[junit-jupiter-engine-5.12.2.jar:5.12.2]
	at org.junit.jupiter.engine.extension.TimeoutExtension.intercept(TimeoutExtension.java:161) ~[junit-jupiter-engine-5.12.2.jar:5.12.2]
	at org.junit.jupiter.engine.extension.TimeoutExtension.interceptTestableMethod(TimeoutExtension.java:152) ~[junit-jupiter-engine-5.12.2.jar:5.12.2]
	at org.junit.jupiter.engine.extension.TimeoutExtension.interceptTestMethod(TimeoutExtension.java:91) ~[junit-jupiter-engine-5.12.2.jar:5.12.2]
	at org.junit.jupiter.engine.execution.InterceptingExecutableInvoker$ReflectiveInterceptorCall.lambda$ofVoidMethod$0(InterceptingExecutableInvoker.java:112) ~[junit-jupiter-engine-5.12.2.jar:5.12.2]
	at org.junit.jupiter.engine.execution.InterceptingExecutableInvoker.lambda$invoke$0(InterceptingExecutableInvoker.java:94) ~[junit-jupiter-engine-5.12.2.jar:5.12.2]
	at org.junit.jupiter.engine.execution.InvocationInterceptorChain$InterceptedInvocation.proceed(InvocationInterceptorChain.java:106) ~[junit-jupiter-engine-5.12.2.jar:5.12.2]
	at org.junit.jupiter.engine.execution.InvocationInterceptorChain.proceed(InvocationInterceptorChain.java:64) ~[junit-jupiter-engine-5.12.2.jar:5.12.2]
	at org.junit.jupiter.engine.execution.InvocationInterceptorChain.chainAndInvoke(InvocationInterceptorChain.java:45) ~[junit-jupiter-engine-5.12.2.jar:5.12.2]
	at org.junit.jupiter.engine.execution.InvocationInterceptorChain.invoke(InvocationInterceptorChain.java:37) ~[junit-jupiter-engine-5.12.2.jar:5.12.2]
	at org.junit.jupiter.engine.execution.InterceptingExecutableInvoker.invoke(InterceptingExecutableInvoker.java:93) ~[junit-jupiter-engine-5.12.2.jar:5.12.2]
	at org.junit.jupiter.engine.execution.InterceptingExecutableInvoker.invoke(InterceptingExecutableInvoker.java:87) ~[junit-jupiter-engine-5.12.2.jar:5.12.2]
	at org.junit.jupiter.engine.descriptor.TestMethodTestDescriptor.lambda$invokeTestMethod$7(TestMethodTestDescriptor.java:216) ~[junit-jupiter-engine-5.12.2.jar:5.12.2]
	at org.junit.platform.engine.support.hierarchical.ThrowableCollector.execute(ThrowableCollector.java:73) ~[junit-platform-engine-1.12.2.jar:1.12.2]
	at org.junit.jupiter.engine.descriptor.TestMethodTestDescriptor.invokeTestMethod(TestMethodTestDescriptor.java:212) ~[junit-jupiter-engine-5.12.2.jar:5.12.2]
	at org.junit.jupiter.engine.descriptor.TestMethodTestDescriptor.execute(TestMethodTestDescriptor.java:137) ~[junit-jupiter-engine-5.12.2.jar:5.12.2]
	at org.junit.jupiter.engine.descriptor.TestMethodTestDescriptor.execute(TestMethodTestDescriptor.java:69) ~[junit-jupiter-engine-5.12.2.jar:5.12.2]
	at org.junit.platform.engine.support.hierarchical.NodeTestTask.lambda$executeRecursively$6(NodeTestTask.java:156) ~[junit-platform-engine-1.12.2.jar:1.12.2]
	at org.junit.platform.engine.support.hierarchical.ThrowableCollector.execute(ThrowableCollector.java:73) ~[junit-platform-engine-1.12.2.jar:1.12.2]
	at org.junit.platform.engine.support.hierarchical.NodeTestTask.lambda$executeRecursively$8(NodeTestTask.java:146) ~[junit-platform-engine-1.12.2.jar:1.12.2]
	at org.junit.platform.engine.support.hierarchical.Node.around(Node.java:137) ~[junit-platform-engine-1.12.2.jar:1.12.2]
	at org.junit.platform.engine.support.hierarchical.NodeTestTask.lambda$executeRecursively$9(NodeTestTask.java:144) ~[junit-platform-engine-1.12.2.jar:1.12.2]
	at org.junit.platform.engine.support.hierarchical.ThrowableCollector.execute(ThrowableCollector.java:73) ~[junit-platform-engine-1.12.2.jar:1.12.2]
	at org.junit.platform.engine.support.hierarchical.NodeTestTask.executeRecursively(NodeTestTask.java:143) ~[junit-platform-engine-1.12.2.jar:1.12.2]
	at org.junit.platform.engine.support.hierarchical.NodeTestTask.execute(NodeTestTask.java:100) ~[junit-platform-engine-1.12.2.jar:1.12.2]
	at java.base/java.util.ArrayList.forEach(ArrayList.java:1604) ~[na:na]
	at org.junit.platform.engine.support.hierarchical.SameThreadHierarchicalTestExecutorService.invokeAll(SameThreadHierarchicalTestExecutorService.java:41) ~[junit-platform-engine-1.12.2.jar:1.12.2]
	at org.junit.platform.engine.support.hierarchical.NodeTestTask.lambda$executeRecursively$6(NodeTestTask.java:160) ~[junit-platform-engine-1.12.2.jar:1.12.2]
	at org.junit.platform.engine.support.hierarchical.ThrowableCollector.execute(ThrowableCollector.java:73) ~[junit-platform-engine-1.12.2.jar:1.12.2]
	at org.junit.platform.engine.support.hierarchical.NodeTestTask.lambda$executeRecursively$8(NodeTestTask.java:146) ~[junit-platform-engine-1.12.2.jar:1.12.2]
	at org.junit.platform.engine.support.hierarchical.Node.around(Node.java:137) ~[junit-platform-engine-1.12.2.jar:1.12.2]
	at org.junit.platform.engine.support.hierarchical.NodeTestTask.lambda$executeRecursively$9(NodeTestTask.java:144) ~[junit-platform-engine-1.12.2.jar:1.12.2]
	at org.junit.platform.engine.support.hierarchical.ThrowableCollector.execute(ThrowableCollector.java:73) ~[junit-platform-engine-1.12.2.jar:1.12.2]
	at org.junit.platform.engine.support.hierarchical.NodeTestTask.executeRecursively(NodeTestTask.java:143) ~[junit-platform-engine-1.12.2.jar:1.12.2]
	at org.junit.platform.engine.support.hierarchical.NodeTestTask.execute(NodeTestTask.java:100) ~[junit-platform-engine-1.12.2.jar:1.12.2]
	at java.base/java.util.ArrayList.forEach(ArrayList.java:1604) ~[na:na]
	at org.junit.platform.engine.support.hierarchical.SameThreadHierarchicalTestExecutorService.invokeAll(SameThreadHierarchicalTestExecutorService.java:41) ~[junit-platform-engine-1.12.2.jar:1.12.2]
	at org.junit.platform.engine.support.hierarchical.NodeTestTask.lambda$executeRecursively$6(NodeTestTask.java:160) ~[junit-platform-engine-1.12.2.jar:1.12.2]
	at org.junit.platform.engine.support.hierarchical.ThrowableCollector.execute(ThrowableCollector.java:73) ~[junit-platform-engine-1.12.2.jar:1.12.2]
	at org.junit.platform.engine.support.hierarchical.NodeTestTask.lambda$executeRecursively$8(NodeTestTask.java:146) ~[junit-platform-engine-1.12.2.jar:1.12.2]
	at org.junit.platform.engine.support.hierarchical.Node.around(Node.java:137) ~[junit-platform-engine-1.12.2.jar:1.12.2]
	at org.junit.platform.engine.support.hierarchical.NodeTestTask.lambda$executeRecursively$9(NodeTestTask.java:144) ~[junit-platform-engine-1.12.2.jar:1.12.2]
	at org.junit.platform.engine.support.hierarchical.ThrowableCollector.execute(ThrowableCollector.java:73) ~[junit-platform-engine-1.12.2.jar:1.12.2]
	at org.junit.platform.engine.support.hierarchical.NodeTestTask.executeRecursively(NodeTestTask.java:143) ~[junit-platform-engine-1.12.2.jar:1.12.2]
	at org.junit.platform.engine.support.hierarchical.NodeTestTask.execute(NodeTestTask.java:100) ~[junit-platform-engine-1.12.2.jar:1.12.2]
	at org.junit.platform.engine.support.hierarchical.SameThreadHierarchicalTestExecutorService.submit(SameThreadHierarchicalTestExecutorService.java:35) ~[junit-platform-engine-1.12.2.jar:1.12.2]
	at org.junit.platform.engine.support.hierarchical.HierarchicalTestExecutor.execute(HierarchicalTestExecutor.java:57) ~[junit-platform-engine-1.12.2.jar:1.12.2]
	at org.junit.platform.engine.support.hierarchical.HierarchicalTestEngine.execute(HierarchicalTestEngine.java:54) ~[junit-platform-engine-1.12.2.jar:1.12.2]
	at org.junit.platform.launcher.core.EngineExecutionOrchestrator.execute(EngineExecutionOrchestrator.java:201) ~[junit-platform-launcher-1.12.2.jar:1.12.2]
	at org.junit.platform.launcher.core.EngineExecutionOrchestrator.execute(EngineExecutionOrchestrator.java:170) ~[junit-platform-launcher-1.12.2.jar:1.12.2]
	at org.junit.platform.launcher.core.EngineExecutionOrchestrator.execute(EngineExecutionOrchestrator.java:94) ~[junit-platform-launcher-1.12.2.jar:1.12.2]
	at org.junit.platform.launcher.core.EngineExecutionOrchestrator.lambda$execute$0(EngineExecutionOrchestrator.java:59) ~[junit-platform-launcher-1.12.2.jar:1.12.2]
	at org.junit.platform.launcher.core.EngineExecutionOrchestrator.withInterceptedStreams(EngineExecutionOrchestrator.java:142) ~[junit-platform-launcher-1.12.2.jar:1.12.2]
	at org.junit.platform.launcher.core.EngineExecutionOrchestrator.execute(EngineExecutionOrchestrator.java:58) ~[junit-platform-launcher-1.12.2.jar:1.12.2]
	at org.junit.platform.launcher.core.DefaultLauncher.execute(DefaultLauncher.java:103) ~[junit-platform-launcher-1.12.2.jar:1.12.2]
	at org.junit.platform.launcher.core.DefaultLauncher.execute(DefaultLauncher.java:85) ~[junit-platform-launcher-1.12.2.jar:1.12.2]
	at org.junit.platform.launcher.core.DelegatingLauncher.execute(DelegatingLauncher.java:47) ~[junit-platform-launcher-1.12.2.jar:1.12.2]
	at org.junit.platform.launcher.core.InterceptingLauncher.lambda$execute$1(InterceptingLauncher.java:39) ~[junit-platform-launcher-1.12.2.jar:1.12.2]
	at org.junit.platform.launcher.core.ClasspathAlignmentCheckingLauncherInterceptor.intercept(ClasspathAlignmentCheckingLauncherInterceptor.java:25) ~[junit-platform-launcher-1.12.2.jar:1.12.2]
	at org.junit.platform.launcher.core.InterceptingLauncher.execute(InterceptingLauncher.java:38) ~[junit-platform-launcher-1.12.2.jar:1.12.2]
	at org.junit.platform.launcher.core.DelegatingLauncher.execute(DelegatingLauncher.java:47) ~[junit-platform-launcher-1.12.2.jar:1.12.2]
	at org.apache.maven.surefire.junitplatform.LauncherAdapter.executeWithoutCancellationToken(LauncherAdapter.java:60) ~[surefire-junit-platform-3.5.4.jar:3.5.4]
	at org.apache.maven.surefire.junitplatform.LauncherAdapter.execute(LauncherAdapter.java:52) ~[surefire-junit-platform-3.5.4.jar:3.5.4]
	at org.apache.maven.surefire.junitplatform.JUnitPlatformProvider.execute(JUnitPlatformProvider.java:203) ~[surefire-junit-platform-3.5.4.jar:3.5.4]
	at org.apache.maven.surefire.junitplatform.JUnitPlatformProvider.invokeAllTests(JUnitPlatformProvider.java:168) ~[surefire-junit-platform-3.5.4.jar:3.5.4]
	at org.apache.maven.surefire.junitplatform.JUnitPlatformProvider.invoke(JUnitPlatformProvider.java:136) ~[surefire-junit-platform-3.5.4.jar:3.5.4]
	at org.apache.maven.surefire.booter.ForkedBooter.runSuitesInProcess(ForkedBooter.java:385) ~[surefire-booter-3.5.4.jar:3.5.4]
	at org.apache.maven.surefire.booter.ForkedBooter.execute(ForkedBooter.java:162) ~[surefire-booter-3.5.4.jar:3.5.4]
	at org.apache.maven.surefire.booter.ForkedBooter.run(ForkedBooter.java:507) ~[surefire-booter-3.5.4.jar:3.5.4]
	at org.apache.maven.surefire.booter.ForkedBooter.main(ForkedBooter.java:495) ~[surefire-booter-3.5.4.jar:3.5.4]

2025-11-16T14:23:33.780+01:00 ERROR 5063 --- [     parallel-4] c.p.i.a.i.r.e.h.DomainExceptionHandler   : Validation error: Validation failed for 'title': Title cannot be blank
2025-11-16T14:23:33.784+01:00  INFO 5063 --- [     parallel-6] c.p.i.a.i.rest.ScoreControllerUpdate     : Updating metadata for score with ID: 507f1f77bcf86cd799439011 - Request: UpdateScoreRequest[title=Sinfonía No. 40, author=Mozart, musicalStyle=Clásico]
2025-11-16T14:23:33.784+01:00  INFO 5063 --- [     parallel-6] c.p.i.a.i.rest.ScoreControllerUpdate     : Metadata updated successfully for ID: 507f1f77bcf86cd799439011
2025-11-16T14:23:33.788+01:00  INFO 5063 --- [     parallel-8] c.p.i.a.i.rest.ScoreControllerUpdate     : Updating metadata for score with ID: 507f1f77bcf86cd799439011 - Request: UpdateScoreRequest[title=null, author=null, musicalStyle=null]
2025-11-16T14:23:33.788+01:00  INFO 5063 --- [     parallel-8] c.p.i.a.i.rest.ScoreControllerUpdate     : Metadata updated successfully for ID: 507f1f77bcf86cd799439011
2025-11-16T14:23:33.791+01:00  INFO 5063 --- [     parallel-2] c.p.i.a.i.rest.ScoreControllerUpdate     : Updating metadata for score with ID: 507f1f77bcf86cd799439011 - Request: UpdateScoreRequest[title=Concierto de Brandenburgo, author=null, musicalStyle=null]
2025-11-16T14:23:33.792+01:00  INFO 5063 --- [     parallel-2] c.p.i.a.i.rest.ScoreControllerUpdate     : Metadata updated successfully for ID: 507f1f77bcf86cd799439011
[ERROR] Tests run: 7, Failures: 1, Errors: 0, Skipped: 0, Time elapsed: 0.127 s <<< FAILURE! -- in Controller: Actualización de metadata
[ERROR] com.pdgigs.infrastructure.adapter.input.rest.ScoreControllerUpdateTest.updateScore_InvalidId_Returns400 -- Time elapsed: 0.006 s <<< FAILURE!
java.lang.AssertionError: Status expected:<400 BAD_REQUEST> but was:<500 INTERNAL_SERVER_ERROR>
	at org.springframework.test.util.AssertionErrors.fail(AssertionErrors.java:61)
	at org.springframework.test.util.AssertionErrors.assertEquals(AssertionErrors.java:128)
	at org.springframework.test.web.reactive.server.StatusAssertions.lambda$assertStatusAndReturn$4(StatusAssertions.java:236)
	at org.springframework.test.web.reactive.server.ExchangeResult.assertWithDiagnostics(ExchangeResult.java:232)
	at org.springframework.test.web.reactive.server.StatusAssertions.assertStatusAndReturn(StatusAssertions.java:236)
	at org.springframework.test.web.reactive.server.StatusAssertions.isBadRequest(StatusAssertions.java:131)
	at com.pdgigs.infrastructure.adapter.input.rest.ScoreControllerUpdateTest.updateScore_InvalidId_Returns400(ScoreControllerUpdateTest.java:176)
	at java.base/java.lang.reflect.Method.invoke(Method.java:565)
	at java.base/java.util.ArrayList.forEach(ArrayList.java:1604)
	at java.base/java.util.ArrayList.forEach(ArrayList.java:1604)

[INFO] Running Criterio 6: Almacenamiento en MongoDB
2025-11-16T14:23:33.799+01:00  INFO 5063 --- [           main] t.c.s.AnnotationConfigContextLoaderUtils : Could not detect default configuration classes for test class [com.pdgigs.infrastructure.adapter.output.persistence.ScoreRepositoryAdapterTest]: ScoreRepositoryAdapterTest does not declare any static, non-private, non-final, nested classes annotated with @Configuration.
2025-11-16T14:23:33.807+01:00  INFO 5063 --- [           main] .b.t.c.SpringBootTestContextBootstrapper : Found @SpringBootConfiguration com.pdgigs.PdgigsApplication for test class com.pdgigs.infrastructure.adapter.output.persistence.ScoreRepositoryAdapterTest
2025-11-16T14:23:33.820+01:00  INFO 5063 --- [           main] org.testcontainers.images.PullPolicy     : Image pull policy will be performed by: DefaultPullPolicy()
2025-11-16T14:23:33.820+01:00  INFO 5063 --- [           main] o.t.utility.ImageNameSubstitutor         : Image name substitution will be performed by: DefaultImageNameSubstitutor (composite of 'ConfigurationFileImageNameSubstitutor' and 'PrefixingImageNameSubstitutor')
2025-11-16T14:23:33.889+01:00  INFO 5063 --- [           main] o.t.d.DockerClientProviderStrategy       : Loaded org.testcontainers.dockerclient.UnixSocketClientProviderStrategy from ~/.testcontainers.properties, will try it first
2025-11-16T14:23:33.974+01:00  INFO 5063 --- [           main] o.t.d.DockerClientProviderStrategy       : Found Docker environment with local Unix socket (unix:///var/run/docker.sock)
2025-11-16T14:23:33.975+01:00  INFO 5063 --- [           main] org.testcontainers.DockerClientFactory   : Docker host IP address is localhost
2025-11-16T14:23:33.984+01:00  INFO 5063 --- [           main] org.testcontainers.DockerClientFactory   : Connected to docker: 
  Server Version: 28.5.1
  API Version: 1.51
  Operating System: Docker Desktop
  Total Memory: 7837 MB
2025-11-16T14:23:34.028+01:00  INFO 5063 --- [           main] tc.testcontainers/ryuk:0.5.1             : Creating container for image: testcontainers/ryuk:0.5.1
2025-11-16T14:23:34.197+01:00  INFO 5063 --- [           main] tc.testcontainers/ryuk:0.5.1             : Container testcontainers/ryuk:0.5.1 is starting: 22af0b0d5b87935910deda6b7e79db8524d60fced60156539e97804f1f0f83fa
2025-11-16T14:23:34.334+01:00  INFO 5063 --- [           main] tc.testcontainers/ryuk:0.5.1             : Container testcontainers/ryuk:0.5.1 started in PT0.306127S
2025-11-16T14:23:34.336+01:00  INFO 5063 --- [           main] o.t.utility.RyukResourceReaper           : Ryuk started - will monitor and terminate Testcontainers containers on JVM exit
2025-11-16T14:23:34.336+01:00  INFO 5063 --- [           main] org.testcontainers.DockerClientFactory   : Checking the system...
2025-11-16T14:23:34.336+01:00  INFO 5063 --- [           main] org.testcontainers.DockerClientFactory   : ✔︎ Docker server version should be at least 1.6.0
2025-11-16T14:23:34.337+01:00  INFO 5063 --- [           main] tc.mongo:7.0                             : Creating container for image: mongo:7.0
2025-11-16T14:23:34.358+01:00  INFO 5063 --- [           main] tc.mongo:7.0                             : Container mongo:7.0 is starting: ebe1364746ae64ddd34f692f45be28867638611418003b50128361b4f74d1025
2025-11-16T14:23:34.924+01:00  INFO 5063 --- [           main] tc.mongo:7.0                             : Container mongo:7.0 started in PT0.58698S
2025-11-16T14:23:35.420+01:00  INFO 5063 --- [           main] o.s.b.d.r.RestartApplicationListener     : Restart disabled due to context in which it is running

  .   ____          _            __ _ _
 /\\ / ___'_ __ _ _(_)_ __  __ _ \ \ \ \
( ( )\___ | '_ | '_| | '_ \/ _` | \ \ \ \
 \\/  ___)| |_)| | | | | || (_| |  ) ) ) )
  '  |____| .__|_| |_|_| |_\__, | / / / /
 =========|_|==============|___/=/_/_/_/

 :: Spring Boot ::                (v3.5.7)

2025-11-16T14:23:35.437+01:00  INFO 5063 --- [           main] c.p.i.a.o.p.ScoreRepositoryAdapterTest   : Starting ScoreRepositoryAdapterTest using Java 24.0.2 with PID 5063 (started by adol in /Users/adol/IdeaProjects/pdgigs)
2025-11-16T14:23:35.437+01:00  INFO 5063 --- [           main] c.p.i.a.o.p.ScoreRepositoryAdapterTest   : No active profile set, falling back to 1 default profile: "default"
2025-11-16T14:23:35.461+01:00  INFO 5063 --- [           main] .s.d.r.c.RepositoryConfigurationDelegate : Bootstrapping Spring Data Reactive MongoDB repositories in DEFAULT mode.
2025-11-16T14:23:35.466+01:00  INFO 5063 --- [           main] .s.d.r.c.RepositoryConfigurationDelegate : Finished Spring Data repository scanning in 4 ms. Found 1 Reactive MongoDB repository interface.
2025-11-16T14:23:35.478+01:00  INFO 5063 --- [           main] org.mongodb.driver.client                : MongoClient with metadata {"driver": {"name": "mongo-java-driver|reactive-streams|spring-boot", "version": "5.5.2"}, "os": {"type": "Darwin", "name": "Mac OS X", "architecture": "aarch64", "version": "26.1"}, "platform": "Java/Homebrew/24.0.2"} created with settings MongoClientSettings{readPreference=primary, writeConcern=WriteConcern{w=null, wTimeout=null ms, journal=null}, retryWrites=true, retryReads=true, readConcern=ReadConcern{level=null}, credential=null, transportSettings=NettyTransportSettings{eventLoopGroup=io.netty.channel.nio.NioEventLoopGroup@30b35687, socketChannelClass=null, allocator=null, sslContext=null}, commandListeners=[], codecRegistry=ProvidersCodecRegistry{codecProviders=[ValueCodecProvider{}, BsonValueCodecProvider{}, DBRefCodecProvider{}, DBObjectCodecProvider{}, DocumentCodecProvider{}, CollectionCodecProvider{}, IterableCodecProvider{}, MapCodecProvider{}, GeoJsonCodecProvider{}, GridFSFileCodecProvider{}, Jsr310CodecProvider{}, JsonObjectCodecProvider{}, BsonCodecProvider{}, EnumCodecProvider{}, com.mongodb.client.model.mql.ExpressionCodecProvider@272778ae, com.mongodb.Jep395RecordCodecProvider@2cccf134, com.mongodb.KotlinCodecProvider@3c18942]}, loggerSettings=LoggerSettings{maxDocumentLength=1000}, clusterSettings={hosts=[localhost:51496], srvServiceName=mongodb, mode=SINGLE, requiredClusterType=UNKNOWN, requiredReplicaSetName='null', serverSelector='null', clusterListeners='[]', serverSelectionTimeout='30000 ms', localThreshold='15 ms'}, socketSettings=SocketSettings{connectTimeoutMS=10000, readTimeoutMS=0, receiveBufferSize=0, proxySettings=ProxySettings{host=null, port=null, username=null, password=null}}, heartbeatSocketSettings=SocketSettings{connectTimeoutMS=10000, readTimeoutMS=10000, receiveBufferSize=0, proxySettings=ProxySettings{host=null, port=null, username=null, password=null}}, connectionPoolSettings=ConnectionPoolSettings{maxSize=100, minSize=0, maxWaitTimeMS=120000, maxConnectionLifeTimeMS=0, maxConnectionIdleTimeMS=0, maintenanceInitialDelayMS=0, maintenanceFrequencyMS=60000, connectionPoolListeners=[], maxConnecting=2}, serverSettings=ServerSettings{heartbeatFrequencyMS=10000, minHeartbeatFrequencyMS=500, serverMonitoringMode=AUTO, serverListeners='[]', serverMonitorListeners='[]'}, sslSettings=SslSettings{enabled=false, invalidHostNameAllowed=false, context=null}, applicationName='null', compressorList=[], uuidRepresentation=JAVA_LEGACY, serverApi=null, autoEncryptionSettings=null, dnsClient=null, inetAddressResolver=null, contextProvider=null, timeoutMS=null}
2025-11-16T14:23:35.485+01:00  INFO 5063 --- [localhost:51496] org.mongodb.driver.cluster               : Monitor thread successfully connected to server with description ServerDescription{address=localhost:51496, type=REPLICA_SET_PRIMARY, cryptd=false, state=CONNECTED, ok=true, minWireVersion=0, maxWireVersion=21, maxDocumentSize=16777216, logicalSessionTimeoutMinutes=30, roundTripTimeNanos=3787334, minRoundTripTimeNanos=0, setName='docker-rs', canonicalAddress=ebe1364746ae:27017, hosts=[ebe1364746ae:27017], passives=[], arbiters=[], primary='ebe1364746ae:27017', tagSet=TagSet{[]}, electionId=7fffffff0000000000000001, setVersion=1, topologyVersion=TopologyVersion{processId=6919d056c9e2aa2bb3fb4a54, counter=6}, lastWriteDate=Sun Nov 16 14:23:35 CET 2025, lastUpdateTimeNanos=45074069535791}
2025-11-16T14:23:35.487+01:00  INFO 5063 --- [           main] c.p.i.a.o.p.ScoreRepositoryAdapterTest   : Started ScoreRepositoryAdapterTest in 0.067 seconds (process running for 4.108)
2025-11-16T14:23:35.561+01:00  INFO 5063 --- [localhost:51496] org.mongodb.driver.cluster               : Exception in monitor thread while connecting to server localhost:51496

com.mongodb.MongoSocketReadException: Exception receiving message
	at com.mongodb.internal.connection.InternalStreamConnection.translateReadException(InternalStreamConnection.java:809) ~[mongodb-driver-core-5.5.2.jar:na]
	at com.mongodb.internal.connection.InternalStreamConnection.receiveResponseBuffers(InternalStreamConnection.java:857) ~[mongodb-driver-core-5.5.2.jar:na]
	at com.mongodb.internal.connection.InternalStreamConnection.receiveCommandMessageResponse(InternalStreamConnection.java:517) ~[mongodb-driver-core-5.5.2.jar:na]
	at com.mongodb.internal.connection.InternalStreamConnection.receive(InternalStreamConnection.java:469) ~[mongodb-driver-core-5.5.2.jar:na]
	at com.mongodb.internal.connection.DefaultServerMonitor$ServerMonitor.lookupServerDescription(DefaultServerMonitor.java:249) ~[mongodb-driver-core-5.5.2.jar:na]
	at com.mongodb.internal.connection.DefaultServerMonitor$ServerMonitor.run(DefaultServerMonitor.java:176) ~[mongodb-driver-core-5.5.2.jar:na]
Caused by: java.io.IOException: The connection to the server was closed
	at com.mongodb.internal.connection.netty.NettyStream$OpenChannelFutureListener.lambda$operationComplete$0(NettyStream.java:527) ~[mongodb-driver-core-5.5.2.jar:na]
	at io.netty.util.concurrent.DefaultPromise.notifyListener0(DefaultPromise.java:604) ~[netty-common-4.1.128.Final.jar:4.1.128.Final]
	at io.netty.util.concurrent.DefaultPromise.notifyListenersNow(DefaultPromise.java:571) ~[netty-common-4.1.128.Final.jar:4.1.128.Final]
	at io.netty.util.concurrent.DefaultPromise.notifyListeners(DefaultPromise.java:506) ~[netty-common-4.1.128.Final.jar:4.1.128.Final]
	at io.netty.util.concurrent.DefaultPromise.setValue0(DefaultPromise.java:650) ~[netty-common-4.1.128.Final.jar:4.1.128.Final]
	at io.netty.util.concurrent.DefaultPromise.setSuccess0(DefaultPromise.java:639) ~[netty-common-4.1.128.Final.jar:4.1.128.Final]
	at io.netty.util.concurrent.DefaultPromise.trySuccess(DefaultPromise.java:119) ~[netty-common-4.1.128.Final.jar:4.1.128.Final]
	at io.netty.channel.DefaultChannelPromise.trySuccess(DefaultChannelPromise.java:84) ~[netty-transport-4.1.128.Final.jar:4.1.128.Final]
	at io.netty.channel.AbstractChannel$CloseFuture.setClosed(AbstractChannel.java:1161) ~[netty-transport-4.1.128.Final.jar:4.1.128.Final]
	at io.netty.channel.AbstractChannel$AbstractUnsafe.doClose0(AbstractChannel.java:753) ~[netty-transport-4.1.128.Final.jar:4.1.128.Final]
	at io.netty.channel.AbstractChannel$AbstractUnsafe.close(AbstractChannel.java:729) ~[netty-transport-4.1.128.Final.jar:4.1.128.Final]
	at io.netty.channel.AbstractChannel$AbstractUnsafe.close(AbstractChannel.java:619) ~[netty-transport-4.1.128.Final.jar:4.1.128.Final]
	at io.netty.channel.nio.AbstractNioByteChannel$NioByteUnsafe.closeOnRead(AbstractNioByteChannel.java:105) ~[netty-transport-4.1.128.Final.jar:4.1.128.Final]
	at io.netty.channel.nio.AbstractNioByteChannel$NioByteUnsafe.read(AbstractNioByteChannel.java:174) ~[netty-transport-4.1.128.Final.jar:4.1.128.Final]
	at io.netty.channel.nio.NioEventLoop.processSelectedKey(NioEventLoop.java:796) ~[netty-transport-4.1.128.Final.jar:4.1.128.Final]
	at io.netty.channel.nio.NioEventLoop.processSelectedKeysOptimized(NioEventLoop.java:732) ~[netty-transport-4.1.128.Final.jar:4.1.128.Final]
	at io.netty.channel.nio.NioEventLoop.processSelectedKeys(NioEventLoop.java:658) ~[netty-transport-4.1.128.Final.jar:4.1.128.Final]
	at io.netty.channel.nio.NioEventLoop.run(NioEventLoop.java:562) ~[netty-transport-4.1.128.Final.jar:4.1.128.Final]
	at io.netty.util.concurrent.SingleThreadEventExecutor$4.run(SingleThreadEventExecutor.java:998) ~[netty-common-4.1.128.Final.jar:4.1.128.Final]
	at io.netty.util.internal.ThreadExecutorMap$2.run(ThreadExecutorMap.java:74) ~[netty-common-4.1.128.Final.jar:4.1.128.Final]
	at io.netty.util.concurrent.FastThreadLocalRunnable.run(FastThreadLocalRunnable.java:30) ~[netty-common-4.1.128.Final.jar:4.1.128.Final]
	at java.base/java.lang.Thread.run(Thread.java:1447) ~[na:na]

[INFO] Tests run: 2, Failures: 0, Errors: 0, Skipped: 0, Time elapsed: 1.880 s -- in Criterio 6: Almacenamiento en MongoDB
[DEBUG] Closing the fork 1 after saying GoodBye.
[INFO] 
[INFO] Results:
[INFO] 
[ERROR] Failures: 
[ERROR]   ScoreControllerDeleteTest.deleteScore_InvalidId_Returns400:83 Status expected:<400 BAD_REQUEST> but was:<500 INTERNAL_SERVER_ERROR>
[ERROR]   ScoreControllerDownloadTest.downloadScorePdf_InvalidId_Returns400:156 Status expected:<400 BAD_REQUEST> but was:<500 INTERNAL_SERVER_ERROR>
[ERROR]   ScoreControllerUpdateTest.updateScore_InvalidId_Returns400:176 Status expected:<400 BAD_REQUEST> but was:<500 INTERNAL_SERVER_ERROR>
[ERROR]   ScoreControllerValidationTest.uploadScore_EmptyFile_Returns400:94 Status expected:<400 BAD_REQUEST> but was:<500 INTERNAL_SERVER_ERROR>
[ERROR]   ScoreControllerValidationTest.uploadScore_FileTooLarge_Returns413:73 Status expected:<413 PAYLOAD_TOO_LARGE> but was:<500 INTERNAL_SERVER_ERROR>
[ERROR]   ScoreControllerValidationTest.uploadScore_InvalidFormat_Returns415:49 Status expected:<415 UNSUPPORTED_MEDIA_TYPE> but was:<500 INTERNAL_SERVER_ERROR>
[INFO] 
[ERROR] Tests run: 66, Failures: 6, Errors: 0, Skipped: 0
[INFO] 
[INFO] ------------------------------------------------------------------------
[INFO] BUILD FAILURE
[INFO] ------------------------------------------------------------------------
[INFO] Total time:  10.586 s
[INFO] Finished at: 2025-11-16T14:23:39+01:00
[INFO] ------------------------------------------------------------------------
[ERROR] Failed to execute goal org.apache.maven.plugins:maven-surefire-plugin:3.5.4:test (default-test) on project pdgigs: There are test failures.
[ERROR] 
[ERROR] See /Users/adol/IdeaProjects/pdgigs/target/surefire-reports for the individual test results.
[ERROR] See dump files (if any exist) [date].dump, [date]-jvmRun[N].dump and [date].dumpstream.
[ERROR] -> [Help 1]
org.apache.maven.lifecycle.LifecycleExecutionException: Failed to execute goal org.apache.maven.plugins:maven-surefire-plugin:3.5.4:test (default-test) on project pdgigs: There are test failures.

See /Users/adol/IdeaProjects/pdgigs/target/surefire-reports for the individual test results.
See dump files (if any exist) [date].dump, [date]-jvmRun[N].dump and [date].dumpstream.
    at org.apache.maven.lifecycle.internal.MojoExecutor.doExecute2 (MojoExecutor.java:333)
    at org.apache.maven.lifecycle.internal.MojoExecutor.doExecute (MojoExecutor.java:316)
    at org.apache.maven.lifecycle.internal.MojoExecutor.execute (MojoExecutor.java:212)
    at org.apache.maven.lifecycle.internal.MojoExecutor.execute (MojoExecutor.java:174)
    at org.apache.maven.lifecycle.internal.MojoExecutor.access$000 (MojoExecutor.java:75)
    at org.apache.maven.lifecycle.internal.MojoExecutor$1.run (MojoExecutor.java:162)
    at org.apache.maven.plugin.DefaultMojosExecutionStrategy.execute (DefaultMojosExecutionStrategy.java:39)
    at org.apache.maven.lifecycle.internal.MojoExecutor.execute (MojoExecutor.java:159)
    at org.apache.maven.lifecycle.internal.LifecycleModuleBuilder.buildProject (LifecycleModuleBuilder.java:105)
    at org.apache.maven.lifecycle.internal.LifecycleModuleBuilder.buildProject (LifecycleModuleBuilder.java:73)
    at org.apache.maven.lifecycle.internal.builder.singlethreaded.SingleThreadedBuilder.build (SingleThreadedBuilder.java:53)
    at org.apache.maven.lifecycle.internal.LifecycleStarter.execute (LifecycleStarter.java:118)
    at org.apache.maven.DefaultMaven.doExecute (DefaultMaven.java:261)
    at org.apache.maven.DefaultMaven.doExecute (DefaultMaven.java:173)
    at org.apache.maven.DefaultMaven.execute (DefaultMaven.java:101)
    at org.apache.maven.cli.MavenCli.execute (MavenCli.java:906)
    at org.apache.maven.cli.MavenCli.doMain (MavenCli.java:283)
    at org.apache.maven.cli.MavenCli.main (MavenCli.java:206)
    at jdk.internal.reflect.DirectMethodHandleAccessor.invoke (DirectMethodHandleAccessor.java:104)
    at java.lang.reflect.Method.invoke (Method.java:565)
    at org.codehaus.plexus.classworlds.launcher.Launcher.launchEnhanced (Launcher.java:255)
    at org.codehaus.plexus.classworlds.launcher.Launcher.launch (Launcher.java:201)
    at org.codehaus.plexus.classworlds.launcher.Launcher.mainWithExitCode (Launcher.java:361)
    at org.codehaus.plexus.classworlds.launcher.Launcher.main (Launcher.java:314)
Caused by: org.apache.maven.plugin.MojoFailureException: There are test failures.

See /Users/adol/IdeaProjects/pdgigs/target/surefire-reports for the individual test results.
See dump files (if any exist) [date].dump, [date]-jvmRun[N].dump and [date].dumpstream.
    at org.apache.maven.plugin.surefire.SurefireHelper.throwException (SurefireHelper.java:247)
    at org.apache.maven.plugin.surefire.SurefireHelper.reportExecution (SurefireHelper.java:159)
    at org.apache.maven.plugin.surefire.SurefireMojo.handleSummary (SurefireMojo.java:547)
    at org.apache.maven.plugin.surefire.AbstractSurefireMojo.executeAfterPreconditionsChecked (AbstractSurefireMojo.java:1147)
    at org.apache.maven.plugin.surefire.AbstractSurefireMojo.execute (AbstractSurefireMojo.java:969)
    at org.apache.maven.plugin.DefaultBuildPluginManager.executeMojo (DefaultBuildPluginManager.java:126)
    at org.apache.maven.lifecycle.internal.MojoExecutor.doExecute2 (MojoExecutor.java:328)
    at org.apache.maven.lifecycle.internal.MojoExecutor.doExecute (MojoExecutor.java:316)
    at org.apache.maven.lifecycle.internal.MojoExecutor.execute (MojoExecutor.java:212)
    at org.apache.maven.lifecycle.internal.MojoExecutor.execute (MojoExecutor.java:174)
    at org.apache.maven.lifecycle.internal.MojoExecutor.access$000 (MojoExecutor.java:75)
    at org.apache.maven.lifecycle.internal.MojoExecutor$1.run (MojoExecutor.java:162)
    at org.apache.maven.plugin.DefaultMojosExecutionStrategy.execute (DefaultMojosExecutionStrategy.java:39)
    at org.apache.maven.lifecycle.internal.MojoExecutor.execute (MojoExecutor.java:159)
    at org.apache.maven.lifecycle.internal.LifecycleModuleBuilder.buildProject (LifecycleModuleBuilder.java:105)
    at org.apache.maven.lifecycle.internal.LifecycleModuleBuilder.buildProject (LifecycleModuleBuilder.java:73)
    at org.apache.maven.lifecycle.internal.builder.singlethreaded.SingleThreadedBuilder.build (SingleThreadedBuilder.java:53)
    at org.apache.maven.lifecycle.internal.LifecycleStarter.execute (LifecycleStarter.java:118)
    at org.apache.maven.DefaultMaven.doExecute (DefaultMaven.java:261)
    at org.apache.maven.DefaultMaven.doExecute (DefaultMaven.java:173)
    at org.apache.maven.DefaultMaven.execute (DefaultMaven.java:101)
    at org.apache.maven.cli.MavenCli.execute (MavenCli.java:906)
    at org.apache.maven.cli.MavenCli.doMain (MavenCli.java:283)
    at org.apache.maven.cli.MavenCli.main (MavenCli.java:206)
    at jdk.internal.reflect.DirectMethodHandleAccessor.invoke (DirectMethodHandleAccessor.java:104)
    at java.lang.reflect.Method.invoke (Method.java:565)
    at org.codehaus.plexus.classworlds.launcher.Launcher.launchEnhanced (Launcher.java:255)
    at org.codehaus.plexus.classworlds.launcher.Launcher.launch (Launcher.java:201)
    at org.codehaus.plexus.classworlds.launcher.Launcher.mainWithExitCode (Launcher.java:361)
    at org.codehaus.plexus.classworlds.launcher.Launcher.main (Launcher.java:314)
[ERROR] 
[ERROR] 
[ERROR] For more information about the errors and possible solutions, please read the following articles:
[ERROR] [Help 1] http://cwiki.apache.org/confluence/display/MAVEN/MojoFailureException
[DEBUG] Shutting down adapter factory; available factories [file-lock, rwlock-local, semaphore-local, noop]; available name mappers [discriminating, file-gav, file-hgav, file-static, gav, static]
[DEBUG] Shutting down 'file-lock' factory
[DEBUG] Shutting down 'rwlock-local' factory
[DEBUG] Shutting down 'semaphore-local' factory
[DEBUG] Shutting down 'noop' factory
